<!DOCTYPE HTML PUBLIC "-//W3C//DTD HTML 4.01 Transitional//EN" "http://www.w3.org/TR/html4/loose.dtd">
<!--NewPage-->
<HTML>
<HEAD>
<!-- Generated by javadoc (build 1.5.0_09) on Wed Oct 15 18:09:51 ART 2008 -->
<META http-equiv="Content-Type" content="text/html; charset=UTF-8">
<TITLE>
PreciseCollisionGroup
</TITLE>

<META NAME="keywords" CONTENT="com.golden.gamedev.object.collision.PreciseCollisionGroup class">

<LINK REL ="stylesheet" TYPE="text/css" HREF="../../../../../stylesheet.css" TITLE="Style">

<SCRIPT type="text/javascript">
function windowTitle()
{
    parent.document.title="PreciseCollisionGroup";
}
</SCRIPT>
<NOSCRIPT>
</NOSCRIPT>

</HEAD>

<BODY BGCOLOR="white" onload="windowTitle();">


<!-- ========= START OF TOP NAVBAR ======= -->
<A NAME="navbar_top"><!-- --></A>
<A HREF="#skip-navbar_top" title="Skip navigation links"></A>
<TABLE BORDER="0" WIDTH="100%" CELLPADDING="1" CELLSPACING="0" SUMMARY="">
<TR>
<TD COLSPAN=2 BGCOLOR="#EEEEFF" CLASS="NavBarCell1">
<A NAME="navbar_top_firstrow"><!-- --></A>
<TABLE BORDER="0" CELLPADDING="0" CELLSPACING="3" SUMMARY="">
  <TR ALIGN="center" VALIGN="top">
  <TD BGCOLOR="#EEEEFF" CLASS="NavBarCell1">    <A HREF="../../../../../overview-summary.html"><FONT CLASS="NavBarFont1"><B>Overview</B></FONT></A>&nbsp;</TD>
  <TD BGCOLOR="#EEEEFF" CLASS="NavBarCell1">    <A HREF="package-summary.html"><FONT CLASS="NavBarFont1"><B>Package</B></FONT></A>&nbsp;</TD>
  <TD BGCOLOR="#FFFFFF" CLASS="NavBarCell1Rev"> &nbsp;<FONT CLASS="NavBarFont1Rev"><B>Class</B></FONT>&nbsp;</TD>
  <TD BGCOLOR="#EEEEFF" CLASS="NavBarCell1">    <A HREF="class-use/PreciseCollisionGroup.html"><FONT CLASS="NavBarFont1"><B>Use</B></FONT></A>&nbsp;</TD>
  <TD BGCOLOR="#EEEEFF" CLASS="NavBarCell1">    <A HREF="package-tree.html"><FONT CLASS="NavBarFont1"><B>Tree</B></FONT></A>&nbsp;</TD>
  <TD BGCOLOR="#EEEEFF" CLASS="NavBarCell1">    <A HREF="../../../../../deprecated-list.html"><FONT CLASS="NavBarFont1"><B>Deprecated</B></FONT></A>&nbsp;</TD>
  <TD BGCOLOR="#EEEEFF" CLASS="NavBarCell1">    <A HREF="../../../../../index-files/index-1.html"><FONT CLASS="NavBarFont1"><B>Index</B></FONT></A>&nbsp;</TD>
  <TD BGCOLOR="#EEEEFF" CLASS="NavBarCell1">    <A HREF="../../../../../help-doc.html"><FONT CLASS="NavBarFont1"><B>Help</B></FONT></A>&nbsp;</TD>
  </TR>
</TABLE>
</TD>
<TD ALIGN="right" VALIGN="top" ROWSPAN=3><EM>
</EM>
</TD>
</TR>

<TR>
<TD BGCOLOR="white" CLASS="NavBarCell2"><FONT SIZE="-2">
&nbsp;<A HREF="../../../../../com/golden/gamedev/object/collision/CollisionShape.html" title="interface in com.golden.gamedev.object.collision"><B>PREV CLASS</B></A>&nbsp;
&nbsp;NEXT CLASS</FONT></TD>
<TD BGCOLOR="white" CLASS="NavBarCell2"><FONT SIZE="-2">
  <A HREF="../../../../../index.html?com/golden/gamedev/object/collision/PreciseCollisionGroup.html" target="_top"><B>FRAMES</B></A>  &nbsp;
&nbsp;<A HREF="PreciseCollisionGroup.html" target="_top"><B>NO FRAMES</B></A>  &nbsp;
&nbsp;<SCRIPT type="text/javascript">
  <!--
  if(window==top) {
    document.writeln('<A HREF="../../../../../allclasses-noframe.html"><B>All Classes</B></A>');
  }
  //-->
</SCRIPT>
<NOSCRIPT>
  <A HREF="../../../../../allclasses-noframe.html"><B>All Classes</B></A>
</NOSCRIPT>


</FONT></TD>
</TR>
<TR>
<TD VALIGN="top" CLASS="NavBarCell3"><FONT SIZE="-2">
  SUMMARY:&nbsp;NESTED&nbsp;|&nbsp;<A HREF="#field_summary">FIELD</A>&nbsp;|&nbsp;<A HREF="#constructor_summary">CONSTR</A>&nbsp;|&nbsp;<A HREF="#method_summary">METHOD</A></FONT></TD>
<TD VALIGN="top" CLASS="NavBarCell3"><FONT SIZE="-2">
DETAIL:&nbsp;<A HREF="#field_detail">FIELD</A>&nbsp;|&nbsp;<A HREF="#constructor_detail">CONSTR</A>&nbsp;|&nbsp;<A HREF="#method_detail">METHOD</A></FONT></TD>
</TR>
</TABLE>
<A NAME="skip-navbar_top"></A>
<!-- ========= END OF TOP NAVBAR ========= -->

<HR>
<!-- ======== START OF CLASS DATA ======== -->
<H2>
<FONT SIZE="-1">
com.golden.gamedev.object.collision</FONT>
<BR>
Class PreciseCollisionGroup</H2>
<PRE>
java.lang.Object
  <IMG SRC="../../../../../resources/inherit.gif" ALT="extended by "><A HREF="../../../../../com/golden/gamedev/object/CollisionManager.html" title="class in com.golden.gamedev.object">com.golden.gamedev.object.CollisionManager</A>
      <IMG SRC="../../../../../resources/inherit.gif" ALT="extended by "><A HREF="../../../../../com/golden/gamedev/object/collision/BasicCollisionGroup.html" title="class in com.golden.gamedev.object.collision">com.golden.gamedev.object.collision.BasicCollisionGroup</A>
          <IMG SRC="../../../../../resources/inherit.gif" ALT="extended by "><A HREF="../../../../../com/golden/gamedev/object/collision/CollisionGroup.html" title="class in com.golden.gamedev.object.collision">com.golden.gamedev.object.collision.CollisionGroup</A>
              <IMG SRC="../../../../../resources/inherit.gif" ALT="extended by "><B>com.golden.gamedev.object.collision.PreciseCollisionGroup</B>
</PRE>
<DL>
<DT><B>Direct Known Subclasses:</B> <DD><A HREF="../../../../../com/golden/gamedev/object/collision/AdvanceCollisionGroup.html" title="class in com.golden.gamedev.object.collision">AdvanceCollisionGroup</A></DD>
</DL>
<HR>
<DL>
<DT><PRE>public abstract class <B>PreciseCollisionGroup</B><DT>extends <A HREF="../../../../../com/golden/gamedev/object/collision/CollisionGroup.html" title="class in com.golden.gamedev.object.collision">CollisionGroup</A></DL>
</PRE>

<P>
<p>
 Subclass of <code>CollisionGroup</code> that calculates the precise
 positions of the <code>Sprite</code>s at the moment of collision. It is
 suitable for collisions that need the colliding objects to stop rather than
 vanish.
 </p>
 
 <p>
 For example:
 <ul>
 <li>Collisions between balls that need to stop or bounce precisely off each
 other.</li>
 <li>An object falling to the ground and stopping.</li>
 <li>Objects that are replaced by something else (such as an explosion
 effect).</li> &
 </ul>
 </p>
 
 <p>
 This class may not work as expected with concave sprites- such as L-shapes.
 The position of the collision will be found accurately, but the direction may
 not be as anticipated as it is based on the <code>CollisionRect</code>s
 rather than pixel collisions or custom <code>CollisionShape</code>s
 defined in subclasses of <code>PreciseCollisionGroup</code> If concave
 sprites are necessary, it might be advisable to break them into groups of
 smaller convex <code>Sprite</code>s.
 </p>
<P>

<P>
<DL>
<DT><B>See Also:</B><DD><A HREF="../../../../../com/golden/gamedev/object/PlayField.html#addCollisionGroup(com.golden.gamedev.object.SpriteGroup, com.golden.gamedev.object.SpriteGroup, com.golden.gamedev.object.CollisionManager)"><CODE>PlayField.addCollisionGroup(SpriteGroup, SpriteGroup, CollisionManager)</CODE></A></DL>
<HR>

<P>
<!-- =========== FIELD SUMMARY =========== -->

<A NAME="field_summary"><!-- --></A>
<TABLE BORDER="1" WIDTH="100%" CELLPADDING="3" CELLSPACING="0" SUMMARY="">
<TR BGCOLOR="#CCCCFF" CLASS="TableHeadingColor">
<TH ALIGN="left" COLSPAN="2"><FONT SIZE="+2">
<B>Field Summary</B></FONT></TH>
</TR>
<TR BGCOLOR="white" CLASS="TableRowColor">
<TD ALIGN="right" VALIGN="top" WIDTH="1%"><FONT SIZE="-1">
<CODE>protected static&nbsp;double</CODE></FONT></TD>
<TD><CODE><B><A HREF="../../../../../com/golden/gamedev/object/collision/PreciseCollisionGroup.html#ADJACENCY_TOLERANCE">ADJACENCY_TOLERANCE</A></B></CODE>

<BR>
&nbsp;&nbsp;&nbsp;&nbsp;&nbsp;&nbsp;&nbsp;&nbsp;&nbsp;&nbsp;This is the distance that two objects must be within to be considered
 adjacent.</TD>
</TR>
<TR BGCOLOR="white" CLASS="TableRowColor">
<TD ALIGN="right" VALIGN="top" WIDTH="1%"><FONT SIZE="-1">
<CODE>protected static&nbsp;double</CODE></FONT></TD>
<TD><CODE><B><A HREF="../../../../../com/golden/gamedev/object/collision/PreciseCollisionGroup.html#ITERATIVE_BAILOUT">ITERATIVE_BAILOUT</A></B></CODE>

<BR>
&nbsp;&nbsp;&nbsp;&nbsp;&nbsp;&nbsp;&nbsp;&nbsp;&nbsp;&nbsp;This is used to test for non-convergence in pixel perfect collision, or
 when unusual <code>CollisionShape</code>s are used.</TD>
</TR>
<TR BGCOLOR="white" CLASS="TableRowColor">
<TD ALIGN="right" VALIGN="top" WIDTH="1%"><FONT SIZE="-1">
<CODE>protected &nbsp;boolean</CODE></FONT></TD>
<TD><CODE><B><A HREF="../../../../../com/golden/gamedev/object/collision/PreciseCollisionGroup.html#log">log</A></B></CODE>

<BR>
&nbsp;&nbsp;&nbsp;&nbsp;&nbsp;&nbsp;&nbsp;&nbsp;&nbsp;&nbsp;When set true, this <code>PreciseCollisionGroup</code> will send
 debugging information to the console.</TD>
</TR>
</TABLE>
&nbsp;<A NAME="fields_inherited_from_class_com.golden.gamedev.object.collision.CollisionGroup"><!-- --></A>
<TABLE BORDER="1" WIDTH="100%" CELLPADDING="3" CELLSPACING="0" SUMMARY="">
<TR BGCOLOR="#EEEEFF" CLASS="TableSubHeadingColor">
<TH ALIGN="left"><B>Fields inherited from class com.golden.gamedev.object.collision.<A HREF="../../../../../com/golden/gamedev/object/collision/CollisionGroup.html" title="class in com.golden.gamedev.object.collision">CollisionGroup</A></B></TH>
</TR>
<TR BGCOLOR="white" CLASS="TableRowColor">
<TD><CODE><A HREF="../../../../../com/golden/gamedev/object/collision/CollisionGroup.html#BOTTOM_TOP_COLLISION">BOTTOM_TOP_COLLISION</A>, <A HREF="../../../../../com/golden/gamedev/object/collision/CollisionGroup.html#collisionSide">collisionSide</A>, <A HREF="../../../../../com/golden/gamedev/object/collision/CollisionGroup.html#collisionX1">collisionX1</A>, <A HREF="../../../../../com/golden/gamedev/object/collision/CollisionGroup.html#collisionX2">collisionX2</A>, <A HREF="../../../../../com/golden/gamedev/object/collision/CollisionGroup.html#collisionY1">collisionY1</A>, <A HREF="../../../../../com/golden/gamedev/object/collision/CollisionGroup.html#collisionY2">collisionY2</A>, <A HREF="../../../../../com/golden/gamedev/object/collision/CollisionGroup.html#LEFT_RIGHT_COLLISION">LEFT_RIGHT_COLLISION</A>, <A HREF="../../../../../com/golden/gamedev/object/collision/CollisionGroup.html#RIGHT_LEFT_COLLISION">RIGHT_LEFT_COLLISION</A>, <A HREF="../../../../../com/golden/gamedev/object/collision/CollisionGroup.html#sprite1">sprite1</A>, <A HREF="../../../../../com/golden/gamedev/object/collision/CollisionGroup.html#sprite2">sprite2</A>, <A HREF="../../../../../com/golden/gamedev/object/collision/CollisionGroup.html#TOP_BOTTOM_COLLISION">TOP_BOTTOM_COLLISION</A></CODE></TD>
</TR>
</TABLE>
&nbsp;<A NAME="fields_inherited_from_class_com.golden.gamedev.object.collision.BasicCollisionGroup"><!-- --></A>
<TABLE BORDER="1" WIDTH="100%" CELLPADDING="3" CELLSPACING="0" SUMMARY="">
<TR BGCOLOR="#EEEEFF" CLASS="TableSubHeadingColor">
<TH ALIGN="left"><B>Fields inherited from class com.golden.gamedev.object.collision.<A HREF="../../../../../com/golden/gamedev/object/collision/BasicCollisionGroup.html" title="class in com.golden.gamedev.object.collision">BasicCollisionGroup</A></B></TH>
</TR>
<TR BGCOLOR="white" CLASS="TableRowColor">
<TD><CODE><A HREF="../../../../../com/golden/gamedev/object/collision/BasicCollisionGroup.html#pixelPerfectCollision">pixelPerfectCollision</A>, <A HREF="../../../../../com/golden/gamedev/object/collision/BasicCollisionGroup.html#rect1">rect1</A>, <A HREF="../../../../../com/golden/gamedev/object/collision/BasicCollisionGroup.html#rect2">rect2</A></CODE></TD>
</TR>
</TABLE>
&nbsp;
<!-- ======== CONSTRUCTOR SUMMARY ======== -->

<A NAME="constructor_summary"><!-- --></A>
<TABLE BORDER="1" WIDTH="100%" CELLPADDING="3" CELLSPACING="0" SUMMARY="">
<TR BGCOLOR="#CCCCFF" CLASS="TableHeadingColor">
<TH ALIGN="left" COLSPAN="2"><FONT SIZE="+2">
<B>Constructor Summary</B></FONT></TH>
</TR>
<TR BGCOLOR="white" CLASS="TableRowColor">
<TD><CODE><B><A HREF="../../../../../com/golden/gamedev/object/collision/PreciseCollisionGroup.html#PreciseCollisionGroup()">PreciseCollisionGroup</A></B>()</CODE>

<BR>
&nbsp;&nbsp;&nbsp;&nbsp;&nbsp;&nbsp;&nbsp;&nbsp;&nbsp;&nbsp;Default constructor.</TD>
</TR>
</TABLE>
&nbsp;
<!-- ========== METHOD SUMMARY =========== -->

<A NAME="method_summary"><!-- --></A>
<TABLE BORDER="1" WIDTH="100%" CELLPADDING="3" CELLSPACING="0" SUMMARY="">
<TR BGCOLOR="#CCCCFF" CLASS="TableHeadingColor">
<TH ALIGN="left" COLSPAN="2"><FONT SIZE="+2">
<B>Method Summary</B></FONT></TH>
</TR>
<TR BGCOLOR="white" CLASS="TableRowColor">
<TD ALIGN="right" VALIGN="top" WIDTH="1%"><FONT SIZE="-1">
<CODE>protected &nbsp;boolean</CODE></FONT></TD>
<TD><CODE><B><A HREF="../../../../../com/golden/gamedev/object/collision/PreciseCollisionGroup.html#checkAdjacencyHelper(com.golden.gamedev.object.Sprite, com.golden.gamedev.object.Sprite, double, double, double, double, double, double, double, double, boolean)">checkAdjacencyHelper</A></B>(<A HREF="../../../../../com/golden/gamedev/object/Sprite.html" title="class in com.golden.gamedev.object">Sprite</A>&nbsp;s1,
                     <A HREF="../../../../../com/golden/gamedev/object/Sprite.html" title="class in com.golden.gamedev.object">Sprite</A>&nbsp;s2,
                     double&nbsp;x1,
                     double&nbsp;y1,
                     double&nbsp;x2,
                     double&nbsp;y2,
                     double&nbsp;dx1,
                     double&nbsp;dy1,
                     double&nbsp;dx2,
                     double&nbsp;dy2,
                     boolean&nbsp;includePixelPerfect)</CODE>

<BR>
&nbsp;&nbsp;&nbsp;&nbsp;&nbsp;&nbsp;&nbsp;&nbsp;&nbsp;&nbsp;&nbsp;</TD>
</TR>
<TR BGCOLOR="white" CLASS="TableRowColor">
<TD ALIGN="right" VALIGN="top" WIDTH="1%"><FONT SIZE="-1">
<CODE>protected &nbsp;boolean</CODE></FONT></TD>
<TD><CODE><B><A HREF="../../../../../com/golden/gamedev/object/collision/PreciseCollisionGroup.html#checkCollisionHelper(com.golden.gamedev.object.Sprite, com.golden.gamedev.object.Sprite, double, double, double, double, boolean)">checkCollisionHelper</A></B>(<A HREF="../../../../../com/golden/gamedev/object/Sprite.html" title="class in com.golden.gamedev.object">Sprite</A>&nbsp;s1,
                     <A HREF="../../../../../com/golden/gamedev/object/Sprite.html" title="class in com.golden.gamedev.object">Sprite</A>&nbsp;s2,
                     double&nbsp;x1,
                     double&nbsp;y1,
                     double&nbsp;x2,
                     double&nbsp;y2,
                     boolean&nbsp;includePixelPerfect)</CODE>

<BR>
&nbsp;&nbsp;&nbsp;&nbsp;&nbsp;&nbsp;&nbsp;&nbsp;&nbsp;&nbsp;&nbsp;</TD>
</TR>
<TR BGCOLOR="white" CLASS="TableRowColor">
<TD ALIGN="right" VALIGN="top" WIDTH="1%"><FONT SIZE="-1">
<CODE>&nbsp;boolean</CODE></FONT></TD>
<TD><CODE><B><A HREF="../../../../../com/golden/gamedev/object/collision/PreciseCollisionGroup.html#isCollide(com.golden.gamedev.object.Sprite, com.golden.gamedev.object.Sprite, com.golden.gamedev.object.collision.CollisionShape, com.golden.gamedev.object.collision.CollisionShape)">isCollide</A></B>(<A HREF="../../../../../com/golden/gamedev/object/Sprite.html" title="class in com.golden.gamedev.object">Sprite</A>&nbsp;s1,
          <A HREF="../../../../../com/golden/gamedev/object/Sprite.html" title="class in com.golden.gamedev.object">Sprite</A>&nbsp;s2,
          <A HREF="../../../../../com/golden/gamedev/object/collision/CollisionShape.html" title="interface in com.golden.gamedev.object.collision">CollisionShape</A>&nbsp;shape1,
          <A HREF="../../../../../com/golden/gamedev/object/collision/CollisionShape.html" title="interface in com.golden.gamedev.object.collision">CollisionShape</A>&nbsp;shape2)</CODE>

<BR>
&nbsp;&nbsp;&nbsp;&nbsp;&nbsp;&nbsp;&nbsp;&nbsp;&nbsp;&nbsp;Performs collision check between Sprite <code>s1</code> and Sprite
 <code>s2</code>, and returns true if the sprites (<code>shape1</code>,
 <code>shape2</code>) collided.</TD>
</TR>
<TR BGCOLOR="white" CLASS="TableRowColor">
<TD ALIGN="right" VALIGN="top" WIDTH="1%"><FONT SIZE="-1">
<CODE>protected &nbsp;boolean</CODE></FONT></TD>
<TD><CODE><B><A HREF="../../../../../com/golden/gamedev/object/collision/PreciseCollisionGroup.html#iterativeMethod(com.golden.gamedev.object.Sprite, com.golden.gamedev.object.Sprite, double, double, double, double, double, double, double, double, double, double)">iterativeMethod</A></B>(<A HREF="../../../../../com/golden/gamedev/object/Sprite.html" title="class in com.golden.gamedev.object">Sprite</A>&nbsp;s1,
                <A HREF="../../../../../com/golden/gamedev/object/Sprite.html" title="class in com.golden.gamedev.object">Sprite</A>&nbsp;s2,
                double&nbsp;lowerT,
                double&nbsp;higherT,
                double&nbsp;oldX1,
                double&nbsp;oldY1,
                double&nbsp;oldX2,
                double&nbsp;oldY2,
                double&nbsp;speedX1,
                double&nbsp;speedY1,
                double&nbsp;speedX2,
                double&nbsp;speedY2)</CODE>

<BR>
&nbsp;&nbsp;&nbsp;&nbsp;&nbsp;&nbsp;&nbsp;&nbsp;&nbsp;&nbsp;&nbsp;</TD>
</TR>
</TABLE>
&nbsp;<A NAME="methods_inherited_from_class_com.golden.gamedev.object.collision.CollisionGroup"><!-- --></A>
<TABLE BORDER="1" WIDTH="100%" CELLPADDING="3" CELLSPACING="0" SUMMARY="">
<TR BGCOLOR="#EEEEFF" CLASS="TableSubHeadingColor">
<TH ALIGN="left"><B>Methods inherited from class com.golden.gamedev.object.collision.<A HREF="../../../../../com/golden/gamedev/object/collision/CollisionGroup.html" title="class in com.golden.gamedev.object.collision">CollisionGroup</A></B></TH>
</TR>
<TR BGCOLOR="white" CLASS="TableRowColor">
<TD><CODE><A HREF="../../../../../com/golden/gamedev/object/collision/CollisionGroup.html#getCollisionSide()">getCollisionSide</A>, <A HREF="../../../../../com/golden/gamedev/object/collision/CollisionGroup.html#getSprite1()">getSprite1</A>, <A HREF="../../../../../com/golden/gamedev/object/collision/CollisionGroup.html#getSprite2()">getSprite2</A>, <A HREF="../../../../../com/golden/gamedev/object/collision/CollisionGroup.html#printCollisionSide()">printCollisionSide</A>, <A HREF="../../../../../com/golden/gamedev/object/collision/CollisionGroup.html#revertPosition1()">revertPosition1</A>, <A HREF="../../../../../com/golden/gamedev/object/collision/CollisionGroup.html#revertPosition2()">revertPosition2</A></CODE></TD>
</TR>
</TABLE>
&nbsp;<A NAME="methods_inherited_from_class_com.golden.gamedev.object.collision.BasicCollisionGroup"><!-- --></A>
<TABLE BORDER="1" WIDTH="100%" CELLPADDING="3" CELLSPACING="0" SUMMARY="">
<TR BGCOLOR="#EEEEFF" CLASS="TableSubHeadingColor">
<TH ALIGN="left"><B>Methods inherited from class com.golden.gamedev.object.collision.<A HREF="../../../../../com/golden/gamedev/object/collision/BasicCollisionGroup.html" title="class in com.golden.gamedev.object.collision">BasicCollisionGroup</A></B></TH>
</TR>
<TR BGCOLOR="white" CLASS="TableRowColor">
<TD><CODE><A HREF="../../../../../com/golden/gamedev/object/collision/BasicCollisionGroup.html#checkCollision()">checkCollision</A>, <A HREF="../../../../../com/golden/gamedev/object/collision/BasicCollisionGroup.html#collided(com.golden.gamedev.object.Sprite, com.golden.gamedev.object.Sprite)">collided</A>, <A HREF="../../../../../com/golden/gamedev/object/collision/BasicCollisionGroup.html#getCollisionShape1(com.golden.gamedev.object.Sprite)">getCollisionShape1</A>, <A HREF="../../../../../com/golden/gamedev/object/collision/BasicCollisionGroup.html#getCollisionShape2(com.golden.gamedev.object.Sprite)">getCollisionShape2</A></CODE></TD>
</TR>
</TABLE>
&nbsp;<A NAME="methods_inherited_from_class_com.golden.gamedev.object.CollisionManager"><!-- --></A>
<TABLE BORDER="1" WIDTH="100%" CELLPADDING="3" CELLSPACING="0" SUMMARY="">
<TR BGCOLOR="#EEEEFF" CLASS="TableSubHeadingColor">
<TH ALIGN="left"><B>Methods inherited from class com.golden.gamedev.object.<A HREF="../../../../../com/golden/gamedev/object/CollisionManager.html" title="class in com.golden.gamedev.object">CollisionManager</A></B></TH>
</TR>
<TR BGCOLOR="white" CLASS="TableRowColor">
<TD><CODE><A HREF="../../../../../com/golden/gamedev/object/CollisionManager.html#getGroup1()">getGroup1</A>, <A HREF="../../../../../com/golden/gamedev/object/CollisionManager.html#getGroup2()">getGroup2</A>, <A HREF="../../../../../com/golden/gamedev/object/CollisionManager.html#getIntersectionRect(double, double, int, int, double, double, int, int)">getIntersectionRect</A>, <A HREF="../../../../../com/golden/gamedev/object/CollisionManager.html#isActive()">isActive</A>, <A HREF="../../../../../com/golden/gamedev/object/CollisionManager.html#isPixelCollide(double, double, java.awt.image.BufferedImage, double, double, java.awt.image.BufferedImage)">isPixelCollide</A>, <A HREF="../../../../../com/golden/gamedev/object/CollisionManager.html#setActive(boolean)">setActive</A>, <A HREF="../../../../../com/golden/gamedev/object/CollisionManager.html#setCollisionGroup(com.golden.gamedev.object.SpriteGroup, com.golden.gamedev.object.SpriteGroup)">setCollisionGroup</A></CODE></TD>
</TR>
</TABLE>
&nbsp;<A NAME="methods_inherited_from_class_java.lang.Object"><!-- --></A>
<TABLE BORDER="1" WIDTH="100%" CELLPADDING="3" CELLSPACING="0" SUMMARY="">
<TR BGCOLOR="#EEEEFF" CLASS="TableSubHeadingColor">
<TH ALIGN="left"><B>Methods inherited from class java.lang.Object</B></TH>
</TR>
<TR BGCOLOR="white" CLASS="TableRowColor">
<TD><CODE>clone, equals, finalize, getClass, hashCode, notify, notifyAll, toString, wait, wait, wait</CODE></TD>
</TR>
</TABLE>
&nbsp;
<P>

<!-- ============ FIELD DETAIL =========== -->

<A NAME="field_detail"><!-- --></A>
<TABLE BORDER="1" WIDTH="100%" CELLPADDING="3" CELLSPACING="0" SUMMARY="">
<TR BGCOLOR="#CCCCFF" CLASS="TableHeadingColor">
<TH ALIGN="left" COLSPAN="1"><FONT SIZE="+2">
<B>Field Detail</B></FONT></TH>
</TR>
</TABLE>

<A NAME="ITERATIVE_BAILOUT"><!-- --></A><H3>
ITERATIVE_BAILOUT</H3>
<PRE>
protected static double <B>ITERATIVE_BAILOUT</B></PRE>
<DL>
<DD>This is used to test for non-convergence in pixel perfect collision, or
 when unusual <code>CollisionShape</code>s are used. The default value
 is 0.000001.
<P>
<DL>
</DL>
</DL>
<HR>

<A NAME="ADJACENCY_TOLERANCE"><!-- --></A><H3>
ADJACENCY_TOLERANCE</H3>
<PRE>
protected static double <B>ADJACENCY_TOLERANCE</B></PRE>
<DL>
<DD>This is the distance that two objects must be within to be considered
 adjacent. When a collision occurs, the <Sprite>s at their reverted
 positions are guaranteed to be at least this close. This should be larger
 than <code>ITERATIVE_BAILOUT</code>. The default value is 0.0001.
<P>
<DL>
</DL>
</DL>
<HR>

<A NAME="log"><!-- --></A><H3>
log</H3>
<PRE>
protected boolean <B>log</B></PRE>
<DL>
<DD>When set true, this <code>PreciseCollisionGroup</code> will send
 debugging information to the console.
<P>
<DL>
</DL>
</DL>

<!-- ========= CONSTRUCTOR DETAIL ======== -->

<A NAME="constructor_detail"><!-- --></A>
<TABLE BORDER="1" WIDTH="100%" CELLPADDING="3" CELLSPACING="0" SUMMARY="">
<TR BGCOLOR="#CCCCFF" CLASS="TableHeadingColor">
<TH ALIGN="left" COLSPAN="1"><FONT SIZE="+2">
<B>Constructor Detail</B></FONT></TH>
</TR>
</TABLE>

<A NAME="PreciseCollisionGroup()"><!-- --></A><H3>
PreciseCollisionGroup</H3>
<PRE>
public <B>PreciseCollisionGroup</B>()</PRE>
<DL>
<DD>Default constructor.
<P>
</DL>

<!-- ============ METHOD DETAIL ========== -->

<A NAME="method_detail"><!-- --></A>
<TABLE BORDER="1" WIDTH="100%" CELLPADDING="3" CELLSPACING="0" SUMMARY="">
<TR BGCOLOR="#CCCCFF" CLASS="TableHeadingColor">
<TH ALIGN="left" COLSPAN="1"><FONT SIZE="+2">
<B>Method Detail</B></FONT></TH>
</TR>
</TABLE>

<A NAME="isCollide(com.golden.gamedev.object.Sprite, com.golden.gamedev.object.Sprite, com.golden.gamedev.object.collision.CollisionShape, com.golden.gamedev.object.collision.CollisionShape)"><!-- --></A><H3>
isCollide</H3>
<PRE>
public boolean <B>isCollide</B>(<A HREF="../../../../../com/golden/gamedev/object/Sprite.html" title="class in com.golden.gamedev.object">Sprite</A>&nbsp;s1,
                         <A HREF="../../../../../com/golden/gamedev/object/Sprite.html" title="class in com.golden.gamedev.object">Sprite</A>&nbsp;s2,
                         <A HREF="../../../../../com/golden/gamedev/object/collision/CollisionShape.html" title="interface in com.golden.gamedev.object.collision">CollisionShape</A>&nbsp;shape1,
                         <A HREF="../../../../../com/golden/gamedev/object/collision/CollisionShape.html" title="interface in com.golden.gamedev.object.collision">CollisionShape</A>&nbsp;shape2)</PRE>
<DL>
<DD>Performs collision check between Sprite <code>s1</code> and Sprite
 <code>s2</code>, and returns true if the sprites (<code>shape1</code>,
 <code>shape2</code>) collided.
 <p>
 
 The revert positions are set precisely by this method.
<P>
<DD><DL>
<DT><B>Overrides:</B><DD><CODE><A HREF="../../../../../com/golden/gamedev/object/collision/CollisionGroup.html#isCollide(com.golden.gamedev.object.Sprite, com.golden.gamedev.object.Sprite, com.golden.gamedev.object.collision.CollisionShape, com.golden.gamedev.object.collision.CollisionShape)">isCollide</A></CODE> in class <CODE><A HREF="../../../../../com/golden/gamedev/object/collision/CollisionGroup.html" title="class in com.golden.gamedev.object.collision">CollisionGroup</A></CODE></DL>
</DD>
<DD><DL>
<DT><B>Parameters:</B><DD><CODE>s1</CODE> - sprite from group 1<DD><CODE>s2</CODE> - sprite from group 2<DD><CODE>shape1</CODE> - bounding box of sprite 1<DD><CODE>shape2</CODE> - bounding box of sprite 2
<DT><B>Returns:</B><DD><code>true</code> if the sprites is collided one another.<DT><B>See Also:</B><DD><A HREF="../../../../../com/golden/gamedev/object/collision/CollisionGroup.html#collisionSide"><CODE>CollisionGroup.collisionSide</CODE></A>, 
<A HREF="../../../../../com/golden/gamedev/object/collision/CollisionGroup.html#sprite1"><CODE>CollisionGroup.sprite1</CODE></A>, 
<A HREF="../../../../../com/golden/gamedev/object/collision/CollisionGroup.html#collisionX1"><CODE>CollisionGroup.collisionX1</CODE></A>, 
<A HREF="../../../../../com/golden/gamedev/object/collision/CollisionGroup.html#collisionY1"><CODE>CollisionGroup.collisionY1</CODE></A>, 
<A HREF="../../../../../com/golden/gamedev/object/collision/CollisionGroup.html#revertPosition1()"><CODE>CollisionGroup.revertPosition1()</CODE></A></DL>
</DD>
</DL>
<HR>

<A NAME="checkCollisionHelper(com.golden.gamedev.object.Sprite, com.golden.gamedev.object.Sprite, double, double, double, double, boolean)"><!-- --></A><H3>
checkCollisionHelper</H3>
<PRE>
protected boolean <B>checkCollisionHelper</B>(<A HREF="../../../../../com/golden/gamedev/object/Sprite.html" title="class in com.golden.gamedev.object">Sprite</A>&nbsp;s1,
                                       <A HREF="../../../../../com/golden/gamedev/object/Sprite.html" title="class in com.golden.gamedev.object">Sprite</A>&nbsp;s2,
                                       double&nbsp;x1,
                                       double&nbsp;y1,
                                       double&nbsp;x2,
                                       double&nbsp;y2,
                                       boolean&nbsp;includePixelPerfect)</PRE>
<DL>
<DD><DL>
</DL>
</DD>
</DL>
<HR>

<A NAME="checkAdjacencyHelper(com.golden.gamedev.object.Sprite, com.golden.gamedev.object.Sprite, double, double, double, double, double, double, double, double, boolean)"><!-- --></A><H3>
checkAdjacencyHelper</H3>
<PRE>
protected boolean <B>checkAdjacencyHelper</B>(<A HREF="../../../../../com/golden/gamedev/object/Sprite.html" title="class in com.golden.gamedev.object">Sprite</A>&nbsp;s1,
                                       <A HREF="../../../../../com/golden/gamedev/object/Sprite.html" title="class in com.golden.gamedev.object">Sprite</A>&nbsp;s2,
                                       double&nbsp;x1,
                                       double&nbsp;y1,
                                       double&nbsp;x2,
                                       double&nbsp;y2,
                                       double&nbsp;dx1,
                                       double&nbsp;dy1,
                                       double&nbsp;dx2,
                                       double&nbsp;dy2,
                                       boolean&nbsp;includePixelPerfect)</PRE>
<DL>
<DD><DL>
</DL>
</DD>
</DL>
<HR>

<A NAME="iterativeMethod(com.golden.gamedev.object.Sprite, com.golden.gamedev.object.Sprite, double, double, double, double, double, double, double, double, double, double)"><!-- --></A><H3>
iterativeMethod</H3>
<PRE>
protected boolean <B>iterativeMethod</B>(<A HREF="../../../../../com/golden/gamedev/object/Sprite.html" title="class in com.golden.gamedev.object">Sprite</A>&nbsp;s1,
                                  <A HREF="../../../../../com/golden/gamedev/object/Sprite.html" title="class in com.golden.gamedev.object">Sprite</A>&nbsp;s2,
                                  double&nbsp;lowerT,
                                  double&nbsp;higherT,
                                  double&nbsp;oldX1,
                                  double&nbsp;oldY1,
                                  double&nbsp;oldX2,
                                  double&nbsp;oldY2,
                                  double&nbsp;speedX1,
                                  double&nbsp;speedY1,
                                  double&nbsp;speedX2,
                                  double&nbsp;speedY2)</PRE>
<DL>
<DD><DL>
</DL>
</DD>
</DL>
<!-- ========= END OF CLASS DATA ========= -->
<HR>


<!-- ======= START OF BOTTOM NAVBAR ====== -->
<A NAME="navbar_bottom"><!-- --></A>
<A HREF="#skip-navbar_bottom" title="Skip navigation links"></A>
<TABLE BORDER="0" WIDTH="100%" CELLPADDING="1" CELLSPACING="0" SUMMARY="">
<TR>
<TD COLSPAN=2 BGCOLOR="#EEEEFF" CLASS="NavBarCell1">
<A NAME="navbar_bottom_firstrow"><!-- --></A>
<TABLE BORDER="0" CELLPADDING="0" CELLSPACING="3" SUMMARY="">
  <TR ALIGN="center" VALIGN="top">
  <TD BGCOLOR="#EEEEFF" CLASS="NavBarCell1">    <A HREF="../../../../../overview-summary.html"><FONT CLASS="NavBarFont1"><B>Overview</B></FONT></A>&nbsp;</TD>
  <TD BGCOLOR="#EEEEFF" CLASS="NavBarCell1">    <A HREF="package-summary.html"><FONT CLASS="NavBarFont1"><B>Package</B></FONT></A>&nbsp;</TD>
  <TD BGCOLOR="#FFFFFF" CLASS="NavBarCell1Rev"> &nbsp;<FONT CLASS="NavBarFont1Rev"><B>Class</B></FONT>&nbsp;</TD>
  <TD BGCOLOR="#EEEEFF" CLASS="NavBarCell1">    <A HREF="class-use/PreciseCollisionGroup.html"><FONT CLASS="NavBarFont1"><B>Use</B></FONT></A>&nbsp;</TD>
  <TD BGCOLOR="#EEEEFF" CLASS="NavBarCell1">    <A HREF="package-tree.html"><FONT CLASS="NavBarFont1"><B>Tree</B></FONT></A>&nbsp;</TD>
  <TD BGCOLOR="#EEEEFF" CLASS="NavBarCell1">    <A HREF="../../../../../deprecated-list.html"><FONT CLASS="NavBarFont1"><B>Deprecated</B></FONT></A>&nbsp;</TD>
  <TD BGCOLOR="#EEEEFF" CLASS="NavBarCell1">    <A HREF="../../../../../index-files/index-1.html"><FONT CLASS="NavBarFont1"><B>Index</B></FONT></A>&nbsp;</TD>
  <TD BGCOLOR="#EEEEFF" CLASS="NavBarCell1">    <A HREF="../../../../../help-doc.html"><FONT CLASS="NavBarFont1"><B>Help</B></FONT></A>&nbsp;</TD>
  </TR>
</TABLE>
</TD>
<TD ALIGN="right" VALIGN="top" ROWSPAN=3><EM>
</EM>
</TD>
</TR>

<TR>
<TD BGCOLOR="white" CLASS="NavBarCell2"><FONT SIZE="-2">
&nbsp;<A HREF="../../../../../com/golden/gamedev/object/collision/CollisionShape.html" title="interface in com.golden.gamedev.object.collision"><B>PREV CLASS</B></A>&nbsp;
&nbsp;NEXT CLASS</FONT></TD>
<TD BGCOLOR="white" CLASS="NavBarCell2"><FONT SIZE="-2">
  <A HREF="../../../../../index.html?com/golden/gamedev/object/collision/PreciseCollisionGroup.html" target="_top"><B>FRAMES</B></A>  &nbsp;
&nbsp;<A HREF="PreciseCollisionGroup.html" target="_top"><B>NO FRAMES</B></A>  &nbsp;
&nbsp;<SCRIPT type="text/javascript">
  <!--
  if(window==top) {
    document.writeln('<A HREF="../../../../../allclasses-noframe.html"><B>All Classes</B></A>');
  }
  //-->
</SCRIPT>
<NOSCRIPT>
  <A HREF="../../../../../allclasses-noframe.html"><B>All Classes</B></A>
</NOSCRIPT>


</FONT></TD>
</TR>
<TR>
<TD VALIGN="top" CLASS="NavBarCell3"><FONT SIZE="-2">
  SUMMARY:&nbsp;NESTED&nbsp;|&nbsp;<A HREF="#field_summary">FIELD</A>&nbsp;|&nbsp;<A HREF="#constructor_summary">CONSTR</A>&nbsp;|&nbsp;<A HREF="#method_summary">METHOD</A></FONT></TD>
<TD VALIGN="top" CLASS="NavBarCell3"><FONT SIZE="-2">
DETAIL:&nbsp;<A HREF="#field_detail">FIELD</A>&nbsp;|&nbsp;<A HREF="#constructor_detail">CONSTR</A>&nbsp;|&nbsp;<A HREF="#method_detail">METHOD</A></FONT></TD>
</TR>
</TABLE>
<A NAME="skip-navbar_bottom"></A>
<!-- ======== END OF BOTTOM NAVBAR ======= -->

<HR>

</BODY>
</HTML>
