<!DOCTYPE HTML PUBLIC "-//W3C//DTD HTML 4.01 Transitional//EN" "http://www.w3.org/TR/html4/loose.dtd">
<!--NewPage-->
<HTML>
<HEAD>
<!-- Generated by javadoc (build 1.5.0_09) on Wed Oct 15 18:15:39 ART 2008 -->
<META http-equiv="Content-Type" content="text/html; charset=UTF-8">
<TITLE>
NetworkConfig
</TITLE>

<META NAME="keywords" CONTENT="com.golden.gamedev.engine.network.NetworkConfig class">

<LINK REL ="stylesheet" TYPE="text/css" HREF="../../../../../stylesheet.css" TITLE="Style">

<SCRIPT type="text/javascript">
function windowTitle()
{
    parent.document.title="NetworkConfig";
}
</SCRIPT>
<NOSCRIPT>
</NOSCRIPT>

</HEAD>

<BODY BGCOLOR="white" onload="windowTitle();">


<!-- ========= START OF TOP NAVBAR ======= -->
<A NAME="navbar_top"><!-- --></A>
<A HREF="#skip-navbar_top" title="Skip navigation links"></A>
<TABLE BORDER="0" WIDTH="100%" CELLPADDING="1" CELLSPACING="0" SUMMARY="">
<TR>
<TD COLSPAN=2 BGCOLOR="#EEEEFF" CLASS="NavBarCell1">
<A NAME="navbar_top_firstrow"><!-- --></A>
<TABLE BORDER="0" CELLPADDING="0" CELLSPACING="3" SUMMARY="">
  <TR ALIGN="center" VALIGN="top">
  <TD BGCOLOR="#EEEEFF" CLASS="NavBarCell1">    <A HREF="../../../../../overview-summary.html"><FONT CLASS="NavBarFont1"><B>Overview</B></FONT></A>&nbsp;</TD>
  <TD BGCOLOR="#EEEEFF" CLASS="NavBarCell1">    <A HREF="package-summary.html"><FONT CLASS="NavBarFont1"><B>Package</B></FONT></A>&nbsp;</TD>
  <TD BGCOLOR="#FFFFFF" CLASS="NavBarCell1Rev"> &nbsp;<FONT CLASS="NavBarFont1Rev"><B>Class</B></FONT>&nbsp;</TD>
  <TD BGCOLOR="#EEEEFF" CLASS="NavBarCell1">    <A HREF="class-use/NetworkConfig.html"><FONT CLASS="NavBarFont1"><B>Use</B></FONT></A>&nbsp;</TD>
  <TD BGCOLOR="#EEEEFF" CLASS="NavBarCell1">    <A HREF="package-tree.html"><FONT CLASS="NavBarFont1"><B>Tree</B></FONT></A>&nbsp;</TD>
  <TD BGCOLOR="#EEEEFF" CLASS="NavBarCell1">    <A HREF="../../../../../deprecated-list.html"><FONT CLASS="NavBarFont1"><B>Deprecated</B></FONT></A>&nbsp;</TD>
  <TD BGCOLOR="#EEEEFF" CLASS="NavBarCell1">    <A HREF="../../../../../index-files/index-1.html"><FONT CLASS="NavBarFont1"><B>Index</B></FONT></A>&nbsp;</TD>
  <TD BGCOLOR="#EEEEFF" CLASS="NavBarCell1">    <A HREF="../../../../../help-doc.html"><FONT CLASS="NavBarFont1"><B>Help</B></FONT></A>&nbsp;</TD>
  </TR>
</TABLE>
</TD>
<TD ALIGN="right" VALIGN="top" ROWSPAN=3><EM>
</EM>
</TD>
</TR>

<TR>
<TD BGCOLOR="white" CLASS="NavBarCell2"><FONT SIZE="-2">
&nbsp;<A HREF="../../../../../com/golden/gamedev/engine/network/DataManipulator.html" title="interface in com.golden.gamedev.engine.network"><B>PREV CLASS</B></A>&nbsp;
&nbsp;<A HREF="../../../../../com/golden/gamedev/engine/network/NetworkException.html" title="class in com.golden.gamedev.engine.network"><B>NEXT CLASS</B></A></FONT></TD>
<TD BGCOLOR="white" CLASS="NavBarCell2"><FONT SIZE="-2">
  <A HREF="../../../../../index.html?com/golden/gamedev/engine/network/NetworkConfig.html" target="_top"><B>FRAMES</B></A>  &nbsp;
&nbsp;<A HREF="NetworkConfig.html" target="_top"><B>NO FRAMES</B></A>  &nbsp;
&nbsp;<SCRIPT type="text/javascript">
  <!--
  if(window==top) {
    document.writeln('<A HREF="../../../../../allclasses-noframe.html"><B>All Classes</B></A>');
  }
  //-->
</SCRIPT>
<NOSCRIPT>
  <A HREF="../../../../../allclasses-noframe.html"><B>All Classes</B></A>
</NOSCRIPT>


</FONT></TD>
</TR>
<TR>
<TD VALIGN="top" CLASS="NavBarCell3"><FONT SIZE="-2">
  SUMMARY:&nbsp;NESTED&nbsp;|&nbsp;<A HREF="#field_summary">FIELD</A>&nbsp;|&nbsp;CONSTR&nbsp;|&nbsp;<A HREF="#method_summary">METHOD</A></FONT></TD>
<TD VALIGN="top" CLASS="NavBarCell3"><FONT SIZE="-2">
DETAIL:&nbsp;<A HREF="#field_detail">FIELD</A>&nbsp;|&nbsp;CONSTR&nbsp;|&nbsp;<A HREF="#method_detail">METHOD</A></FONT></TD>
</TR>
</TABLE>
<A NAME="skip-navbar_top"></A>
<!-- ========= END OF TOP NAVBAR ========= -->

<HR>
<!-- ======== START OF CLASS DATA ======== -->
<H2>
<FONT SIZE="-1">
com.golden.gamedev.engine.network</FONT>
<BR>
Class NetworkConfig</H2>
<PRE>
java.lang.Object
  <IMG SRC="../../../../../resources/inherit.gif" ALT="extended by "><B>com.golden.gamedev.engine.network.NetworkConfig</B>
</PRE>
<HR>
<DL>
<DT><PRE>public final class <B>NetworkConfig</B><DT>extends java.lang.Object</DL>
</PRE>

<P>
Static class to configure commonly used network configuration.
<P>

<P>
<HR>

<P>
<!-- =========== FIELD SUMMARY =========== -->

<A NAME="field_summary"><!-- --></A>
<TABLE BORDER="1" WIDTH="100%" CELLPADDING="3" CELLSPACING="0" SUMMARY="">
<TR BGCOLOR="#CCCCFF" CLASS="TableHeadingColor">
<TH ALIGN="left" COLSPAN="2"><FONT SIZE="+2">
<B>Field Summary</B></FONT></TH>
</TR>
<TR BGCOLOR="white" CLASS="TableRowColor">
<TD ALIGN="right" VALIGN="top" WIDTH="1%"><FONT SIZE="-1">
<CODE>static&nbsp;boolean</CODE></FONT></TD>
<TD><CODE><B><A HREF="../../../../../com/golden/gamedev/engine/network/NetworkConfig.html#DEBUG">DEBUG</A></B></CODE>

<BR>
&nbsp;&nbsp;&nbsp;&nbsp;&nbsp;&nbsp;&nbsp;&nbsp;&nbsp;&nbsp;&nbsp;</TD>
</TR>
</TABLE>
&nbsp;
<!-- ========== METHOD SUMMARY =========== -->

<A NAME="method_summary"><!-- --></A>
<TABLE BORDER="1" WIDTH="100%" CELLPADDING="3" CELLSPACING="0" SUMMARY="">
<TR BGCOLOR="#CCCCFF" CLASS="TableHeadingColor">
<TH ALIGN="left" COLSPAN="2"><FONT SIZE="+2">
<B>Method Summary</B></FONT></TH>
</TR>
<TR BGCOLOR="white" CLASS="TableRowColor">
<TD ALIGN="right" VALIGN="top" WIDTH="1%"><FONT SIZE="-1">
<CODE>static&nbsp;int</CODE></FONT></TD>
<TD><CODE><B><A HREF="../../../../../com/golden/gamedev/engine/network/NetworkConfig.html#getDefaultExpiredTime()">getDefaultExpiredTime</A></B>()</CODE>

<BR>
&nbsp;&nbsp;&nbsp;&nbsp;&nbsp;&nbsp;&nbsp;&nbsp;&nbsp;&nbsp;&nbsp;</TD>
</TR>
<TR BGCOLOR="white" CLASS="TableRowColor">
<TD ALIGN="right" VALIGN="top" WIDTH="1%"><FONT SIZE="-1">
<CODE>static&nbsp;int</CODE></FONT></TD>
<TD><CODE><B><A HREF="../../../../../com/golden/gamedev/engine/network/NetworkConfig.html#getDefaultPingTime()">getDefaultPingTime</A></B>()</CODE>

<BR>
&nbsp;&nbsp;&nbsp;&nbsp;&nbsp;&nbsp;&nbsp;&nbsp;&nbsp;&nbsp;&nbsp;</TD>
</TR>
<TR BGCOLOR="white" CLASS="TableRowColor">
<TD ALIGN="right" VALIGN="top" WIDTH="1%"><FONT SIZE="-1">
<CODE>static&nbsp;<A HREF="../../../../../com/golden/gamedev/engine/network/PacketManager.html" title="class in com.golden.gamedev.engine.network">PacketManager</A></CODE></FONT></TD>
<TD><CODE><B><A HREF="../../../../../com/golden/gamedev/engine/network/NetworkConfig.html#getPacketManager()">getPacketManager</A></B>()</CODE>

<BR>
&nbsp;&nbsp;&nbsp;&nbsp;&nbsp;&nbsp;&nbsp;&nbsp;&nbsp;&nbsp;&nbsp;</TD>
</TR>
<TR BGCOLOR="white" CLASS="TableRowColor">
<TD ALIGN="right" VALIGN="top" WIDTH="1%"><FONT SIZE="-1">
<CODE>static&nbsp;boolean</CODE></FONT></TD>
<TD><CODE><B><A HREF="../../../../../com/golden/gamedev/engine/network/NetworkConfig.html#isAutoConsumed()">isAutoConsumed</A></B>()</CODE>

<BR>
&nbsp;&nbsp;&nbsp;&nbsp;&nbsp;&nbsp;&nbsp;&nbsp;&nbsp;&nbsp;&nbsp;</TD>
</TR>
<TR BGCOLOR="white" CLASS="TableRowColor">
<TD ALIGN="right" VALIGN="top" WIDTH="1%"><FONT SIZE="-1">
<CODE>static&nbsp;boolean</CODE></FONT></TD>
<TD><CODE><B><A HREF="../../../../../com/golden/gamedev/engine/network/NetworkConfig.html#isDefaultCompressed()">isDefaultCompressed</A></B>()</CODE>

<BR>
&nbsp;&nbsp;&nbsp;&nbsp;&nbsp;&nbsp;&nbsp;&nbsp;&nbsp;&nbsp;&nbsp;</TD>
</TR>
<TR BGCOLOR="white" CLASS="TableRowColor">
<TD ALIGN="right" VALIGN="top" WIDTH="1%"><FONT SIZE="-1">
<CODE>static&nbsp;boolean</CODE></FONT></TD>
<TD><CODE><B><A HREF="../../../../../com/golden/gamedev/engine/network/NetworkConfig.html#isDefaultSendCode()">isDefaultSendCode</A></B>()</CODE>

<BR>
&nbsp;&nbsp;&nbsp;&nbsp;&nbsp;&nbsp;&nbsp;&nbsp;&nbsp;&nbsp;&nbsp;</TD>
</TR>
<TR BGCOLOR="white" CLASS="TableRowColor">
<TD ALIGN="right" VALIGN="top" WIDTH="1%"><FONT SIZE="-1">
<CODE>static&nbsp;boolean</CODE></FONT></TD>
<TD><CODE><B><A HREF="../../../../../com/golden/gamedev/engine/network/NetworkConfig.html#isDefaultSendSender()">isDefaultSendSender</A></B>()</CODE>

<BR>
&nbsp;&nbsp;&nbsp;&nbsp;&nbsp;&nbsp;&nbsp;&nbsp;&nbsp;&nbsp;&nbsp;</TD>
</TR>
<TR BGCOLOR="white" CLASS="TableRowColor">
<TD ALIGN="right" VALIGN="top" WIDTH="1%"><FONT SIZE="-1">
<CODE>static&nbsp;void</CODE></FONT></TD>
<TD><CODE><B><A HREF="../../../../../com/golden/gamedev/engine/network/NetworkConfig.html#registerPacket(short, java.lang.Class)">registerPacket</A></B>(short&nbsp;id,
               java.lang.Class&nbsp;packetClass)</CODE>

<BR>
&nbsp;&nbsp;&nbsp;&nbsp;&nbsp;&nbsp;&nbsp;&nbsp;&nbsp;&nbsp;&nbsp;</TD>
</TR>
<TR BGCOLOR="white" CLASS="TableRowColor">
<TD ALIGN="right" VALIGN="top" WIDTH="1%"><FONT SIZE="-1">
<CODE>static&nbsp;void</CODE></FONT></TD>
<TD><CODE><B><A HREF="../../../../../com/golden/gamedev/engine/network/NetworkConfig.html#registerPacket(short, java.lang.Class, java.lang.String)">registerPacket</A></B>(short&nbsp;id,
               java.lang.Class&nbsp;type,
               java.lang.String&nbsp;description)</CODE>

<BR>
&nbsp;&nbsp;&nbsp;&nbsp;&nbsp;&nbsp;&nbsp;&nbsp;&nbsp;&nbsp;&nbsp;</TD>
</TR>
<TR BGCOLOR="white" CLASS="TableRowColor">
<TD ALIGN="right" VALIGN="top" WIDTH="1%"><FONT SIZE="-1">
<CODE>static&nbsp;void</CODE></FONT></TD>
<TD><CODE><B><A HREF="../../../../../com/golden/gamedev/engine/network/NetworkConfig.html#registerPacket(short, com.golden.gamedev.engine.network.NetworkPacket)">registerPacket</A></B>(short&nbsp;id,
               <A HREF="../../../../../com/golden/gamedev/engine/network/NetworkPacket.html" title="class in com.golden.gamedev.engine.network">NetworkPacket</A>&nbsp;packet)</CODE>

<BR>
&nbsp;&nbsp;&nbsp;&nbsp;&nbsp;&nbsp;&nbsp;&nbsp;&nbsp;&nbsp;&nbsp;</TD>
</TR>
<TR BGCOLOR="white" CLASS="TableRowColor">
<TD ALIGN="right" VALIGN="top" WIDTH="1%"><FONT SIZE="-1">
<CODE>static&nbsp;void</CODE></FONT></TD>
<TD><CODE><B><A HREF="../../../../../com/golden/gamedev/engine/network/NetworkConfig.html#registerPacket(short, java.lang.String)">registerPacket</A></B>(short&nbsp;id,
               java.lang.String&nbsp;description)</CODE>

<BR>
&nbsp;&nbsp;&nbsp;&nbsp;&nbsp;&nbsp;&nbsp;&nbsp;&nbsp;&nbsp;&nbsp;</TD>
</TR>
<TR BGCOLOR="white" CLASS="TableRowColor">
<TD ALIGN="right" VALIGN="top" WIDTH="1%"><FONT SIZE="-1">
<CODE>static&nbsp;void</CODE></FONT></TD>
<TD><CODE><B><A HREF="../../../../../com/golden/gamedev/engine/network/NetworkConfig.html#setAutoConsumed(boolean)">setAutoConsumed</A></B>(boolean&nbsp;aAutoConsumed)</CODE>

<BR>
&nbsp;&nbsp;&nbsp;&nbsp;&nbsp;&nbsp;&nbsp;&nbsp;&nbsp;&nbsp;&nbsp;</TD>
</TR>
<TR BGCOLOR="white" CLASS="TableRowColor">
<TD ALIGN="right" VALIGN="top" WIDTH="1%"><FONT SIZE="-1">
<CODE>static&nbsp;void</CODE></FONT></TD>
<TD><CODE><B><A HREF="../../../../../com/golden/gamedev/engine/network/NetworkConfig.html#setDefaultCompressed(boolean)">setDefaultCompressed</A></B>(boolean&nbsp;compressed)</CODE>

<BR>
&nbsp;&nbsp;&nbsp;&nbsp;&nbsp;&nbsp;&nbsp;&nbsp;&nbsp;&nbsp;&nbsp;</TD>
</TR>
<TR BGCOLOR="white" CLASS="TableRowColor">
<TD ALIGN="right" VALIGN="top" WIDTH="1%"><FONT SIZE="-1">
<CODE>static&nbsp;void</CODE></FONT></TD>
<TD><CODE><B><A HREF="../../../../../com/golden/gamedev/engine/network/NetworkConfig.html#setDefaultExpiredTime(int)">setDefaultExpiredTime</A></B>(int&nbsp;aDefaultExpiredTime)</CODE>

<BR>
&nbsp;&nbsp;&nbsp;&nbsp;&nbsp;&nbsp;&nbsp;&nbsp;&nbsp;&nbsp;&nbsp;</TD>
</TR>
<TR BGCOLOR="white" CLASS="TableRowColor">
<TD ALIGN="right" VALIGN="top" WIDTH="1%"><FONT SIZE="-1">
<CODE>static&nbsp;void</CODE></FONT></TD>
<TD><CODE><B><A HREF="../../../../../com/golden/gamedev/engine/network/NetworkConfig.html#setDefaultPingTime(int)">setDefaultPingTime</A></B>(int&nbsp;aDefaultPingTime)</CODE>

<BR>
&nbsp;&nbsp;&nbsp;&nbsp;&nbsp;&nbsp;&nbsp;&nbsp;&nbsp;&nbsp;&nbsp;</TD>
</TR>
<TR BGCOLOR="white" CLASS="TableRowColor">
<TD ALIGN="right" VALIGN="top" WIDTH="1%"><FONT SIZE="-1">
<CODE>static&nbsp;void</CODE></FONT></TD>
<TD><CODE><B><A HREF="../../../../../com/golden/gamedev/engine/network/NetworkConfig.html#setDefaultSendCode(boolean)">setDefaultSendCode</A></B>(boolean&nbsp;aDefaultSendCode)</CODE>

<BR>
&nbsp;&nbsp;&nbsp;&nbsp;&nbsp;&nbsp;&nbsp;&nbsp;&nbsp;&nbsp;&nbsp;</TD>
</TR>
<TR BGCOLOR="white" CLASS="TableRowColor">
<TD ALIGN="right" VALIGN="top" WIDTH="1%"><FONT SIZE="-1">
<CODE>static&nbsp;void</CODE></FONT></TD>
<TD><CODE><B><A HREF="../../../../../com/golden/gamedev/engine/network/NetworkConfig.html#setDefaultSendSender(boolean)">setDefaultSendSender</A></B>(boolean&nbsp;aDefaultSendSender)</CODE>

<BR>
&nbsp;&nbsp;&nbsp;&nbsp;&nbsp;&nbsp;&nbsp;&nbsp;&nbsp;&nbsp;&nbsp;</TD>
</TR>
<TR BGCOLOR="white" CLASS="TableRowColor">
<TD ALIGN="right" VALIGN="top" WIDTH="1%"><FONT SIZE="-1">
<CODE>static&nbsp;void</CODE></FONT></TD>
<TD><CODE><B><A HREF="../../../../../com/golden/gamedev/engine/network/NetworkConfig.html#setPacketManager(com.golden.gamedev.engine.network.PacketManager)">setPacketManager</A></B>(<A HREF="../../../../../com/golden/gamedev/engine/network/PacketManager.html" title="class in com.golden.gamedev.engine.network">PacketManager</A>&nbsp;manager)</CODE>

<BR>
&nbsp;&nbsp;&nbsp;&nbsp;&nbsp;&nbsp;&nbsp;&nbsp;&nbsp;&nbsp;&nbsp;</TD>
</TR>
</TABLE>
&nbsp;<A NAME="methods_inherited_from_class_java.lang.Object"><!-- --></A>
<TABLE BORDER="1" WIDTH="100%" CELLPADDING="3" CELLSPACING="0" SUMMARY="">
<TR BGCOLOR="#EEEEFF" CLASS="TableSubHeadingColor">
<TH ALIGN="left"><B>Methods inherited from class java.lang.Object</B></TH>
</TR>
<TR BGCOLOR="white" CLASS="TableRowColor">
<TD><CODE>clone, equals, finalize, getClass, hashCode, notify, notifyAll, toString, wait, wait, wait</CODE></TD>
</TR>
</TABLE>
&nbsp;
<P>

<!-- ============ FIELD DETAIL =========== -->

<A NAME="field_detail"><!-- --></A>
<TABLE BORDER="1" WIDTH="100%" CELLPADDING="3" CELLSPACING="0" SUMMARY="">
<TR BGCOLOR="#CCCCFF" CLASS="TableHeadingColor">
<TH ALIGN="left" COLSPAN="1"><FONT SIZE="+2">
<B>Field Detail</B></FONT></TH>
</TR>
</TABLE>

<A NAME="DEBUG"><!-- --></A><H3>
DEBUG</H3>
<PRE>
public static boolean <B>DEBUG</B></PRE>
<DL>
<DL>
</DL>
</DL>

<!-- ============ METHOD DETAIL ========== -->

<A NAME="method_detail"><!-- --></A>
<TABLE BORDER="1" WIDTH="100%" CELLPADDING="3" CELLSPACING="0" SUMMARY="">
<TR BGCOLOR="#CCCCFF" CLASS="TableHeadingColor">
<TH ALIGN="left" COLSPAN="1"><FONT SIZE="+2">
<B>Method Detail</B></FONT></TH>
</TR>
</TABLE>

<A NAME="getPacketManager()"><!-- --></A><H3>
getPacketManager</H3>
<PRE>
public static <A HREF="../../../../../com/golden/gamedev/engine/network/PacketManager.html" title="class in com.golden.gamedev.engine.network">PacketManager</A> <B>getPacketManager</B>()</PRE>
<DL>
<DD><DL>
</DL>
</DD>
</DL>
<HR>

<A NAME="setPacketManager(com.golden.gamedev.engine.network.PacketManager)"><!-- --></A><H3>
setPacketManager</H3>
<PRE>
public static void <B>setPacketManager</B>(<A HREF="../../../../../com/golden/gamedev/engine/network/PacketManager.html" title="class in com.golden.gamedev.engine.network">PacketManager</A>&nbsp;manager)</PRE>
<DL>
<DD><DL>
</DL>
</DD>
</DL>
<HR>

<A NAME="registerPacket(short, java.lang.Class)"><!-- --></A><H3>
registerPacket</H3>
<PRE>
public static void <B>registerPacket</B>(short&nbsp;id,
                                  java.lang.Class&nbsp;packetClass)</PRE>
<DL>
<DD><DL>
</DL>
</DD>
</DL>
<HR>

<A NAME="registerPacket(short, com.golden.gamedev.engine.network.NetworkPacket)"><!-- --></A><H3>
registerPacket</H3>
<PRE>
public static void <B>registerPacket</B>(short&nbsp;id,
                                  <A HREF="../../../../../com/golden/gamedev/engine/network/NetworkPacket.html" title="class in com.golden.gamedev.engine.network">NetworkPacket</A>&nbsp;packet)</PRE>
<DL>
<DD><DL>
</DL>
</DD>
</DL>
<HR>

<A NAME="registerPacket(short, java.lang.Class, java.lang.String)"><!-- --></A><H3>
registerPacket</H3>
<PRE>
public static void <B>registerPacket</B>(short&nbsp;id,
                                  java.lang.Class&nbsp;type,
                                  java.lang.String&nbsp;description)</PRE>
<DL>
<DD><DL>
</DL>
</DD>
</DL>
<HR>

<A NAME="registerPacket(short, java.lang.String)"><!-- --></A><H3>
registerPacket</H3>
<PRE>
public static void <B>registerPacket</B>(short&nbsp;id,
                                  java.lang.String&nbsp;description)</PRE>
<DL>
<DD><DL>
</DL>
</DD>
</DL>
<HR>

<A NAME="isDefaultCompressed()"><!-- --></A><H3>
isDefaultCompressed</H3>
<PRE>
public static boolean <B>isDefaultCompressed</B>()</PRE>
<DL>
<DD><DL>
</DL>
</DD>
</DL>
<HR>

<A NAME="setDefaultCompressed(boolean)"><!-- --></A><H3>
setDefaultCompressed</H3>
<PRE>
public static void <B>setDefaultCompressed</B>(boolean&nbsp;compressed)</PRE>
<DL>
<DD><DL>
</DL>
</DD>
</DL>
<HR>

<A NAME="getDefaultPingTime()"><!-- --></A><H3>
getDefaultPingTime</H3>
<PRE>
public static int <B>getDefaultPingTime</B>()</PRE>
<DL>
<DD><DL>
</DL>
</DD>
</DL>
<HR>

<A NAME="setDefaultPingTime(int)"><!-- --></A><H3>
setDefaultPingTime</H3>
<PRE>
public static void <B>setDefaultPingTime</B>(int&nbsp;aDefaultPingTime)</PRE>
<DL>
<DD><DL>
</DL>
</DD>
</DL>
<HR>

<A NAME="isDefaultSendCode()"><!-- --></A><H3>
isDefaultSendCode</H3>
<PRE>
public static boolean <B>isDefaultSendCode</B>()</PRE>
<DL>
<DD><DL>
</DL>
</DD>
</DL>
<HR>

<A NAME="setDefaultSendCode(boolean)"><!-- --></A><H3>
setDefaultSendCode</H3>
<PRE>
public static void <B>setDefaultSendCode</B>(boolean&nbsp;aDefaultSendCode)</PRE>
<DL>
<DD><DL>
</DL>
</DD>
</DL>
<HR>

<A NAME="isDefaultSendSender()"><!-- --></A><H3>
isDefaultSendSender</H3>
<PRE>
public static boolean <B>isDefaultSendSender</B>()</PRE>
<DL>
<DD><DL>
</DL>
</DD>
</DL>
<HR>

<A NAME="setDefaultSendSender(boolean)"><!-- --></A><H3>
setDefaultSendSender</H3>
<PRE>
public static void <B>setDefaultSendSender</B>(boolean&nbsp;aDefaultSendSender)</PRE>
<DL>
<DD><DL>
</DL>
</DD>
</DL>
<HR>

<A NAME="isAutoConsumed()"><!-- --></A><H3>
isAutoConsumed</H3>
<PRE>
public static boolean <B>isAutoConsumed</B>()</PRE>
<DL>
<DD><DL>
</DL>
</DD>
</DL>
<HR>

<A NAME="setAutoConsumed(boolean)"><!-- --></A><H3>
setAutoConsumed</H3>
<PRE>
public static void <B>setAutoConsumed</B>(boolean&nbsp;aAutoConsumed)</PRE>
<DL>
<DD><DL>
</DL>
</DD>
</DL>
<HR>

<A NAME="getDefaultExpiredTime()"><!-- --></A><H3>
getDefaultExpiredTime</H3>
<PRE>
public static int <B>getDefaultExpiredTime</B>()</PRE>
<DL>
<DD><DL>
</DL>
</DD>
</DL>
<HR>

<A NAME="setDefaultExpiredTime(int)"><!-- --></A><H3>
setDefaultExpiredTime</H3>
<PRE>
public static void <B>setDefaultExpiredTime</B>(int&nbsp;aDefaultExpiredTime)</PRE>
<DL>
<DD><DL>
</DL>
</DD>
</DL>
<!-- ========= END OF CLASS DATA ========= -->
<HR>


<!-- ======= START OF BOTTOM NAVBAR ====== -->
<A NAME="navbar_bottom"><!-- --></A>
<A HREF="#skip-navbar_bottom" title="Skip navigation links"></A>
<TABLE BORDER="0" WIDTH="100%" CELLPADDING="1" CELLSPACING="0" SUMMARY="">
<TR>
<TD COLSPAN=2 BGCOLOR="#EEEEFF" CLASS="NavBarCell1">
<A NAME="navbar_bottom_firstrow"><!-- --></A>
<TABLE BORDER="0" CELLPADDING="0" CELLSPACING="3" SUMMARY="">
  <TR ALIGN="center" VALIGN="top">
  <TD BGCOLOR="#EEEEFF" CLASS="NavBarCell1">    <A HREF="../../../../../overview-summary.html"><FONT CLASS="NavBarFont1"><B>Overview</B></FONT></A>&nbsp;</TD>
  <TD BGCOLOR="#EEEEFF" CLASS="NavBarCell1">    <A HREF="package-summary.html"><FONT CLASS="NavBarFont1"><B>Package</B></FONT></A>&nbsp;</TD>
  <TD BGCOLOR="#FFFFFF" CLASS="NavBarCell1Rev"> &nbsp;<FONT CLASS="NavBarFont1Rev"><B>Class</B></FONT>&nbsp;</TD>
  <TD BGCOLOR="#EEEEFF" CLASS="NavBarCell1">    <A HREF="class-use/NetworkConfig.html"><FONT CLASS="NavBarFont1"><B>Use</B></FONT></A>&nbsp;</TD>
  <TD BGCOLOR="#EEEEFF" CLASS="NavBarCell1">    <A HREF="package-tree.html"><FONT CLASS="NavBarFont1"><B>Tree</B></FONT></A>&nbsp;</TD>
  <TD BGCOLOR="#EEEEFF" CLASS="NavBarCell1">    <A HREF="../../../../../deprecated-list.html"><FONT CLASS="NavBarFont1"><B>Deprecated</B></FONT></A>&nbsp;</TD>
  <TD BGCOLOR="#EEEEFF" CLASS="NavBarCell1">    <A HREF="../../../../../index-files/index-1.html"><FONT CLASS="NavBarFont1"><B>Index</B></FONT></A>&nbsp;</TD>
  <TD BGCOLOR="#EEEEFF" CLASS="NavBarCell1">    <A HREF="../../../../../help-doc.html"><FONT CLASS="NavBarFont1"><B>Help</B></FONT></A>&nbsp;</TD>
  </TR>
</TABLE>
</TD>
<TD ALIGN="right" VALIGN="top" ROWSPAN=3><EM>
</EM>
</TD>
</TR>

<TR>
<TD BGCOLOR="white" CLASS="NavBarCell2"><FONT SIZE="-2">
&nbsp;<A HREF="../../../../../com/golden/gamedev/engine/network/DataManipulator.html" title="interface in com.golden.gamedev.engine.network"><B>PREV CLASS</B></A>&nbsp;
&nbsp;<A HREF="../../../../../com/golden/gamedev/engine/network/NetworkException.html" title="class in com.golden.gamedev.engine.network"><B>NEXT CLASS</B></A></FONT></TD>
<TD BGCOLOR="white" CLASS="NavBarCell2"><FONT SIZE="-2">
  <A HREF="../../../../../index.html?com/golden/gamedev/engine/network/NetworkConfig.html" target="_top"><B>FRAMES</B></A>  &nbsp;
&nbsp;<A HREF="NetworkConfig.html" target="_top"><B>NO FRAMES</B></A>  &nbsp;
&nbsp;<SCRIPT type="text/javascript">
  <!--
  if(window==top) {
    document.writeln('<A HREF="../../../../../allclasses-noframe.html"><B>All Classes</B></A>');
  }
  //-->
</SCRIPT>
<NOSCRIPT>
  <A HREF="../../../../../allclasses-noframe.html"><B>All Classes</B></A>
</NOSCRIPT>


</FONT></TD>
</TR>
<TR>
<TD VALIGN="top" CLASS="NavBarCell3"><FONT SIZE="-2">
  SUMMARY:&nbsp;NESTED&nbsp;|&nbsp;<A HREF="#field_summary">FIELD</A>&nbsp;|&nbsp;CONSTR&nbsp;|&nbsp;<A HREF="#method_summary">METHOD</A></FONT></TD>
<TD VALIGN="top" CLASS="NavBarCell3"><FONT SIZE="-2">
DETAIL:&nbsp;<A HREF="#field_detail">FIELD</A>&nbsp;|&nbsp;CONSTR&nbsp;|&nbsp;<A HREF="#method_detail">METHOD</A></FONT></TD>
</TR>
</TABLE>
<A NAME="skip-navbar_bottom"></A>
<!-- ======== END OF BOTTOM NAVBAR ======= -->

<HR>

</BODY>
</HTML>
