<!DOCTYPE HTML PUBLIC "-//W3C//DTD HTML 4.01 Transitional//EN" "http://www.w3.org/TR/html4/loose.dtd">
<!--NewPage-->
<HTML>
<HEAD>
<!-- Generated by javadoc (build 1.5.0_15) on Wed Oct 08 14:37:40 GMT-03:00 2008 -->
<META http-equiv="Content-Type" content="text/html; charset=UTF-8">
<TITLE>
ImageUtil
</TITLE>

<META NAME="keywords" CONTENT="com.golden.gamedev.util.ImageUtil class">

<LINK REL ="stylesheet" TYPE="text/css" HREF="../../../../stylesheet.css" TITLE="Style">

<SCRIPT type="text/javascript">
function windowTitle()
{
    parent.document.title="ImageUtil";
}
</SCRIPT>
<NOSCRIPT>
</NOSCRIPT>

</HEAD>

<BODY BGCOLOR="white" onload="windowTitle();">


<!-- ========= START OF TOP NAVBAR ======= -->
<A NAME="navbar_top"><!-- --></A>
<A HREF="#skip-navbar_top" title="Skip navigation links"></A>
<TABLE BORDER="0" WIDTH="100%" CELLPADDING="1" CELLSPACING="0" SUMMARY="">
<TR>
<TD COLSPAN=2 BGCOLOR="#EEEEFF" CLASS="NavBarCell1">
<A NAME="navbar_top_firstrow"><!-- --></A>
<TABLE BORDER="0" CELLPADDING="0" CELLSPACING="3" SUMMARY="">
  <TR ALIGN="center" VALIGN="top">
  <TD BGCOLOR="#EEEEFF" CLASS="NavBarCell1">    <A HREF="../../../../overview-summary.html"><FONT CLASS="NavBarFont1"><B>Overview</B></FONT></A>&nbsp;</TD>
  <TD BGCOLOR="#EEEEFF" CLASS="NavBarCell1">    <A HREF="package-summary.html"><FONT CLASS="NavBarFont1"><B>Package</B></FONT></A>&nbsp;</TD>
  <TD BGCOLOR="#FFFFFF" CLASS="NavBarCell1Rev"> &nbsp;<FONT CLASS="NavBarFont1Rev"><B>Class</B></FONT>&nbsp;</TD>
  <TD BGCOLOR="#EEEEFF" CLASS="NavBarCell1">    <A HREF="class-use/ImageUtil.html"><FONT CLASS="NavBarFont1"><B>Use</B></FONT></A>&nbsp;</TD>
  <TD BGCOLOR="#EEEEFF" CLASS="NavBarCell1">    <A HREF="package-tree.html"><FONT CLASS="NavBarFont1"><B>Tree</B></FONT></A>&nbsp;</TD>
  <TD BGCOLOR="#EEEEFF" CLASS="NavBarCell1">    <A HREF="../../../../deprecated-list.html"><FONT CLASS="NavBarFont1"><B>Deprecated</B></FONT></A>&nbsp;</TD>
  <TD BGCOLOR="#EEEEFF" CLASS="NavBarCell1">    <A HREF="../../../../index-files/index-1.html"><FONT CLASS="NavBarFont1"><B>Index</B></FONT></A>&nbsp;</TD>
  <TD BGCOLOR="#EEEEFF" CLASS="NavBarCell1">    <A HREF="../../../../help-doc.html"><FONT CLASS="NavBarFont1"><B>Help</B></FONT></A>&nbsp;</TD>
  </TR>
</TABLE>
</TD>
<TD ALIGN="right" VALIGN="top" ROWSPAN=3><EM>
</EM>
</TD>
</TR>

<TR>
<TD BGCOLOR="white" CLASS="NavBarCell2"><FONT SIZE="-2">
&nbsp;<A HREF="../../../../com/golden/gamedev/util/FontUtil.html" title="class in com.golden.gamedev.util"><B>PREV CLASS</B></A>&nbsp;
&nbsp;<A HREF="../../../../com/golden/gamedev/util/Utility.html" title="class in com.golden.gamedev.util"><B>NEXT CLASS</B></A></FONT></TD>
<TD BGCOLOR="white" CLASS="NavBarCell2"><FONT SIZE="-2">
  <A HREF="../../../../index.html?com/golden/gamedev/util/ImageUtil.html" target="_top"><B>FRAMES</B></A>  &nbsp;
&nbsp;<A HREF="ImageUtil.html" target="_top"><B>NO FRAMES</B></A>  &nbsp;
&nbsp;<SCRIPT type="text/javascript">
  <!--
  if(window==top) {
    document.writeln('<A HREF="../../../../allclasses-noframe.html"><B>All Classes</B></A>');
  }
  //-->
</SCRIPT>
<NOSCRIPT>
  <A HREF="../../../../allclasses-noframe.html"><B>All Classes</B></A>
</NOSCRIPT>


</FONT></TD>
</TR>
<TR>
<TD VALIGN="top" CLASS="NavBarCell3"><FONT SIZE="-2">
  SUMMARY:&nbsp;NESTED&nbsp;|&nbsp;<A HREF="#field_summary">FIELD</A>&nbsp;|&nbsp;CONSTR&nbsp;|&nbsp;<A HREF="#method_summary">METHOD</A></FONT></TD>
<TD VALIGN="top" CLASS="NavBarCell3"><FONT SIZE="-2">
DETAIL:&nbsp;<A HREF="#field_detail">FIELD</A>&nbsp;|&nbsp;CONSTR&nbsp;|&nbsp;<A HREF="#method_detail">METHOD</A></FONT></TD>
</TR>
</TABLE>
<A NAME="skip-navbar_top"></A>
<!-- ========= END OF TOP NAVBAR ========= -->

<HR>
<!-- ======== START OF CLASS DATA ======== -->
<H2>
<FONT SIZE="-1">
com.golden.gamedev.util</FONT>
<BR>
Class ImageUtil</H2>
<PRE>
java.lang.Object
  <IMG SRC="../../../../resources/inherit.gif" ALT="extended by "><B>com.golden.gamedev.util.ImageUtil</B>
</PRE>
<HR>
<DL>
<DT><PRE>public class <B>ImageUtil</B><DT>extends java.lang.Object</DL>
</PRE>

<P>
Utility class for creating, loading, and manipulating image.
<P>

<P>
<HR>

<P>
<!-- =========== FIELD SUMMARY =========== -->

<A NAME="field_summary"><!-- --></A>
<TABLE BORDER="1" WIDTH="100%" CELLPADDING="3" CELLSPACING="0" SUMMARY="">
<TR BGCOLOR="#CCCCFF" CLASS="TableHeadingColor">
<TH ALIGN="left" COLSPAN="2"><FONT SIZE="+2">
<B>Field Summary</B></FONT></TH>
</TR>
<TR BGCOLOR="white" CLASS="TableRowColor">
<TD ALIGN="right" VALIGN="top" WIDTH="1%"><FONT SIZE="-1">
<CODE>static&nbsp;java.awt.GraphicsConfiguration</CODE></FONT></TD>
<TD><CODE><B><A HREF="../../../../com/golden/gamedev/util/ImageUtil.html#CONFIG">CONFIG</A></B></CODE>

<BR>
&nbsp;&nbsp;&nbsp;&nbsp;&nbsp;&nbsp;&nbsp;&nbsp;&nbsp;&nbsp;&nbsp;</TD>
</TR>
</TABLE>
&nbsp;
<!-- ========== METHOD SUMMARY =========== -->

<A NAME="method_summary"><!-- --></A>
<TABLE BORDER="1" WIDTH="100%" CELLPADDING="3" CELLSPACING="0" SUMMARY="">
<TR BGCOLOR="#CCCCFF" CLASS="TableHeadingColor">
<TH ALIGN="left" COLSPAN="2"><FONT SIZE="+2">
<B>Method Summary</B></FONT></TH>
</TR>
<TR BGCOLOR="white" CLASS="TableRowColor">
<TD ALIGN="right" VALIGN="top" WIDTH="1%"><FONT SIZE="-1">
<CODE>static&nbsp;java.awt.image.BufferedImage</CODE></FONT></TD>
<TD><CODE><B><A HREF="../../../../com/golden/gamedev/util/ImageUtil.html#applyMask(java.awt.Image, java.awt.Color)">applyMask</A></B>(java.awt.Image&nbsp;img,
          java.awt.Color&nbsp;keyColor)</CODE>

<BR>
&nbsp;&nbsp;&nbsp;&nbsp;&nbsp;&nbsp;&nbsp;&nbsp;&nbsp;&nbsp;Applying mask into image using specified masking color.</TD>
</TR>
<TR BGCOLOR="white" CLASS="TableRowColor">
<TD ALIGN="right" VALIGN="top" WIDTH="1%"><FONT SIZE="-1">
<CODE>static&nbsp;java.awt.image.BufferedImage</CODE></FONT></TD>
<TD><CODE><B><A HREF="../../../../com/golden/gamedev/util/ImageUtil.html#createImage(int, int)">createImage</A></B>(int&nbsp;width,
            int&nbsp;height)</CODE>

<BR>
&nbsp;&nbsp;&nbsp;&nbsp;&nbsp;&nbsp;&nbsp;&nbsp;&nbsp;&nbsp;Creates blank image with specified width, height, without transparency
 (opaque).</TD>
</TR>
<TR BGCOLOR="white" CLASS="TableRowColor">
<TD ALIGN="right" VALIGN="top" WIDTH="1%"><FONT SIZE="-1">
<CODE>static&nbsp;java.awt.image.BufferedImage</CODE></FONT></TD>
<TD><CODE><B><A HREF="../../../../com/golden/gamedev/util/ImageUtil.html#createImage(int, int, int)">createImage</A></B>(int&nbsp;width,
            int&nbsp;height,
            int&nbsp;transparency)</CODE>

<BR>
&nbsp;&nbsp;&nbsp;&nbsp;&nbsp;&nbsp;&nbsp;&nbsp;&nbsp;&nbsp;Creates blank image with specified width, height, and transparency.</TD>
</TR>
<TR BGCOLOR="white" CLASS="TableRowColor">
<TD ALIGN="right" VALIGN="top" WIDTH="1%"><FONT SIZE="-1">
<CODE>static&nbsp;java.awt.image.BufferedImage</CODE></FONT></TD>
<TD><CODE><B><A HREF="../../../../com/golden/gamedev/util/ImageUtil.html#flipHorizontal(java.awt.image.BufferedImage)">flipHorizontal</A></B>(java.awt.image.BufferedImage&nbsp;src)</CODE>

<BR>
&nbsp;&nbsp;&nbsp;&nbsp;&nbsp;&nbsp;&nbsp;&nbsp;&nbsp;&nbsp;Flips an image horizontally.</TD>
</TR>
<TR BGCOLOR="white" CLASS="TableRowColor">
<TD ALIGN="right" VALIGN="top" WIDTH="1%"><FONT SIZE="-1">
<CODE>static&nbsp;java.awt.image.BufferedImage</CODE></FONT></TD>
<TD><CODE><B><A HREF="../../../../com/golden/gamedev/util/ImageUtil.html#flipVertical(java.awt.image.BufferedImage)">flipVertical</A></B>(java.awt.image.BufferedImage&nbsp;src)</CODE>

<BR>
&nbsp;&nbsp;&nbsp;&nbsp;&nbsp;&nbsp;&nbsp;&nbsp;&nbsp;&nbsp;Flips an image vertically.</TD>
</TR>
<TR BGCOLOR="white" CLASS="TableRowColor">
<TD ALIGN="right" VALIGN="top" WIDTH="1%"><FONT SIZE="-1">
<CODE>static&nbsp;java.awt.image.BufferedImage</CODE></FONT></TD>
<TD><CODE><B><A HREF="../../../../com/golden/gamedev/util/ImageUtil.html#fromByteArray(byte[])">fromByteArray</A></B>(byte[]&nbsp;imagebytes)</CODE>

<BR>
&nbsp;&nbsp;&nbsp;&nbsp;&nbsp;&nbsp;&nbsp;&nbsp;&nbsp;&nbsp;Constructs image from byte array.</TD>
</TR>
<TR BGCOLOR="white" CLASS="TableRowColor">
<TD ALIGN="right" VALIGN="top" WIDTH="1%"><FONT SIZE="-1">
<CODE>static&nbsp;java.awt.image.BufferedImage</CODE></FONT></TD>
<TD><CODE><B><A HREF="../../../../com/golden/gamedev/util/ImageUtil.html#getImage(java.net.URL)">getImage</A></B>(java.net.URL&nbsp;url)</CODE>

<BR>
&nbsp;&nbsp;&nbsp;&nbsp;&nbsp;&nbsp;&nbsp;&nbsp;&nbsp;&nbsp;Loads an image from URL without transparency (completely opaque).</TD>
</TR>
<TR BGCOLOR="white" CLASS="TableRowColor">
<TD ALIGN="right" VALIGN="top" WIDTH="1%"><FONT SIZE="-1">
<CODE>static&nbsp;java.awt.image.BufferedImage</CODE></FONT></TD>
<TD><CODE><B><A HREF="../../../../com/golden/gamedev/util/ImageUtil.html#getImage(java.net.URL, java.awt.Color)">getImage</A></B>(java.net.URL&nbsp;url,
         java.awt.Color&nbsp;keyColor)</CODE>

<BR>
&nbsp;&nbsp;&nbsp;&nbsp;&nbsp;&nbsp;&nbsp;&nbsp;&nbsp;&nbsp;Loads an image using the specified URL and masking color.</TD>
</TR>
<TR BGCOLOR="white" CLASS="TableRowColor">
<TD ALIGN="right" VALIGN="top" WIDTH="1%"><FONT SIZE="-1">
<CODE>static&nbsp;java.awt.image.BufferedImage</CODE></FONT></TD>
<TD><CODE><B><A HREF="../../../../com/golden/gamedev/util/ImageUtil.html#getImage(java.net.URL, int)">getImage</A></B>(java.net.URL&nbsp;url,
         int&nbsp;transparency)</CODE>

<BR>
&nbsp;&nbsp;&nbsp;&nbsp;&nbsp;&nbsp;&nbsp;&nbsp;&nbsp;&nbsp;Loads an image from URL and specified transparency.</TD>
</TR>
<TR BGCOLOR="white" CLASS="TableRowColor">
<TD ALIGN="right" VALIGN="top" WIDTH="1%"><FONT SIZE="-1">
<CODE>static&nbsp;java.awt.image.BufferedImage[]</CODE></FONT></TD>
<TD><CODE><B><A HREF="../../../../com/golden/gamedev/util/ImageUtil.html#getImages(java.net.URL, int, int)">getImages</A></B>(java.net.URL&nbsp;url,
          int&nbsp;col,
          int&nbsp;row)</CODE>

<BR>
&nbsp;&nbsp;&nbsp;&nbsp;&nbsp;&nbsp;&nbsp;&nbsp;&nbsp;&nbsp;Loads and splits image from URL, without transparency.</TD>
</TR>
<TR BGCOLOR="white" CLASS="TableRowColor">
<TD ALIGN="right" VALIGN="top" WIDTH="1%"><FONT SIZE="-1">
<CODE>static&nbsp;java.awt.image.BufferedImage[]</CODE></FONT></TD>
<TD><CODE><B><A HREF="../../../../com/golden/gamedev/util/ImageUtil.html#getImages(java.net.URL, int, int, java.awt.Color)">getImages</A></B>(java.net.URL&nbsp;url,
          int&nbsp;col,
          int&nbsp;row,
          java.awt.Color&nbsp;keyColor)</CODE>

<BR>
&nbsp;&nbsp;&nbsp;&nbsp;&nbsp;&nbsp;&nbsp;&nbsp;&nbsp;&nbsp;Loads and splits image from URL with specified masking color.</TD>
</TR>
<TR BGCOLOR="white" CLASS="TableRowColor">
<TD ALIGN="right" VALIGN="top" WIDTH="1%"><FONT SIZE="-1">
<CODE>static&nbsp;java.awt.image.BufferedImage[]</CODE></FONT></TD>
<TD><CODE><B><A HREF="../../../../com/golden/gamedev/util/ImageUtil.html#getImages(java.net.URL, int, int, int)">getImages</A></B>(java.net.URL&nbsp;url,
          int&nbsp;col,
          int&nbsp;row,
          int&nbsp;transparency)</CODE>

<BR>
&nbsp;&nbsp;&nbsp;&nbsp;&nbsp;&nbsp;&nbsp;&nbsp;&nbsp;&nbsp;Loads and splits image from URL and transparency.</TD>
</TR>
<TR BGCOLOR="white" CLASS="TableRowColor">
<TD ALIGN="right" VALIGN="top" WIDTH="1%"><FONT SIZE="-1">
<CODE>static&nbsp;void</CODE></FONT></TD>
<TD><CODE><B><A HREF="../../../../com/golden/gamedev/util/ImageUtil.html#loadComposite(java.awt.Graphics2D)">loadComposite</A></B>(java.awt.Graphics2D&nbsp;g)</CODE>

<BR>
&nbsp;&nbsp;&nbsp;&nbsp;&nbsp;&nbsp;&nbsp;&nbsp;&nbsp;&nbsp;&nbsp;</TD>
</TR>
<TR BGCOLOR="white" CLASS="TableRowColor">
<TD ALIGN="right" VALIGN="top" WIDTH="1%"><FONT SIZE="-1">
<CODE>static&nbsp;java.awt.image.BufferedImage</CODE></FONT></TD>
<TD><CODE><B><A HREF="../../../../com/golden/gamedev/util/ImageUtil.html#resize(java.awt.image.BufferedImage, int, int)">resize</A></B>(java.awt.image.BufferedImage&nbsp;src,
       int&nbsp;w,
       int&nbsp;h)</CODE>

<BR>
&nbsp;&nbsp;&nbsp;&nbsp;&nbsp;&nbsp;&nbsp;&nbsp;&nbsp;&nbsp;Resizes an image into specified size.</TD>
</TR>
<TR BGCOLOR="white" CLASS="TableRowColor">
<TD ALIGN="right" VALIGN="top" WIDTH="1%"><FONT SIZE="-1">
<CODE>static&nbsp;java.awt.image.BufferedImage</CODE></FONT></TD>
<TD><CODE><B><A HREF="../../../../com/golden/gamedev/util/ImageUtil.html#rotate(java.awt.image.BufferedImage, int)">rotate</A></B>(java.awt.image.BufferedImage&nbsp;src,
       int&nbsp;angle)</CODE>

<BR>
&nbsp;&nbsp;&nbsp;&nbsp;&nbsp;&nbsp;&nbsp;&nbsp;&nbsp;&nbsp;Rotates an image by specified angle (clockwise).</TD>
</TR>
<TR BGCOLOR="white" CLASS="TableRowColor">
<TD ALIGN="right" VALIGN="top" WIDTH="1%"><FONT SIZE="-1">
<CODE>static&nbsp;void</CODE></FONT></TD>
<TD><CODE><B><A HREF="../../../../com/golden/gamedev/util/ImageUtil.html#saveComposite(java.awt.Graphics2D)">saveComposite</A></B>(java.awt.Graphics2D&nbsp;g)</CODE>

<BR>
&nbsp;&nbsp;&nbsp;&nbsp;&nbsp;&nbsp;&nbsp;&nbsp;&nbsp;&nbsp;&nbsp;</TD>
</TR>
<TR BGCOLOR="white" CLASS="TableRowColor">
<TD ALIGN="right" VALIGN="top" WIDTH="1%"><FONT SIZE="-1">
<CODE>static&nbsp;void</CODE></FONT></TD>
<TD><CODE><B><A HREF="../../../../com/golden/gamedev/util/ImageUtil.html#saveImage(java.awt.image.BufferedImage, java.io.File)">saveImage</A></B>(java.awt.image.BufferedImage&nbsp;image,
          java.io.File&nbsp;imagefile)</CODE>

<BR>
&nbsp;&nbsp;&nbsp;&nbsp;&nbsp;&nbsp;&nbsp;&nbsp;&nbsp;&nbsp;Saves image into specified file.</TD>
</TR>
<TR BGCOLOR="white" CLASS="TableRowColor">
<TD ALIGN="right" VALIGN="top" WIDTH="1%"><FONT SIZE="-1">
<CODE>static&nbsp;void</CODE></FONT></TD>
<TD><CODE><B><A HREF="../../../../com/golden/gamedev/util/ImageUtil.html#setTransparent(java.awt.Graphics2D, float)">setTransparent</A></B>(java.awt.Graphics2D&nbsp;g,
               float&nbsp;alpha)</CODE>

<BR>
&nbsp;&nbsp;&nbsp;&nbsp;&nbsp;&nbsp;&nbsp;&nbsp;&nbsp;&nbsp;&nbsp;</TD>
</TR>
<TR BGCOLOR="white" CLASS="TableRowColor">
<TD ALIGN="right" VALIGN="top" WIDTH="1%"><FONT SIZE="-1">
<CODE>static&nbsp;java.awt.image.BufferedImage[]</CODE></FONT></TD>
<TD><CODE><B><A HREF="../../../../com/golden/gamedev/util/ImageUtil.html#splitImages(java.awt.image.BufferedImage, int, int)">splitImages</A></B>(java.awt.image.BufferedImage&nbsp;image,
            int&nbsp;col,
            int&nbsp;row)</CODE>

<BR>
&nbsp;&nbsp;&nbsp;&nbsp;&nbsp;&nbsp;&nbsp;&nbsp;&nbsp;&nbsp;Splits a single image into an array of images.</TD>
</TR>
<TR BGCOLOR="white" CLASS="TableRowColor">
<TD ALIGN="right" VALIGN="top" WIDTH="1%"><FONT SIZE="-1">
<CODE>static&nbsp;byte[]</CODE></FONT></TD>
<TD><CODE><B><A HREF="../../../../com/golden/gamedev/util/ImageUtil.html#toByteArray(java.awt.image.BufferedImage, java.lang.String)">toByteArray</A></B>(java.awt.image.BufferedImage&nbsp;image,
            java.lang.String&nbsp;extension)</CODE>

<BR>
&nbsp;&nbsp;&nbsp;&nbsp;&nbsp;&nbsp;&nbsp;&nbsp;&nbsp;&nbsp;Saves image into byte array.</TD>
</TR>
</TABLE>
&nbsp;<A NAME="methods_inherited_from_class_java.lang.Object"><!-- --></A>
<TABLE BORDER="1" WIDTH="100%" CELLPADDING="3" CELLSPACING="0" SUMMARY="">
<TR BGCOLOR="#EEEEFF" CLASS="TableSubHeadingColor">
<TH ALIGN="left"><B>Methods inherited from class java.lang.Object</B></TH>
</TR>
<TR BGCOLOR="white" CLASS="TableRowColor">
<TD><CODE>clone, equals, finalize, getClass, hashCode, notify, notifyAll, toString, wait, wait, wait</CODE></TD>
</TR>
</TABLE>
&nbsp;
<P>

<!-- ============ FIELD DETAIL =========== -->

<A NAME="field_detail"><!-- --></A>
<TABLE BORDER="1" WIDTH="100%" CELLPADDING="3" CELLSPACING="0" SUMMARY="">
<TR BGCOLOR="#CCCCFF" CLASS="TableHeadingColor">
<TH ALIGN="left" COLSPAN="1"><FONT SIZE="+2">
<B>Field Detail</B></FONT></TH>
</TR>
</TABLE>

<A NAME="CONFIG"><!-- --></A><H3>
CONFIG</H3>
<PRE>
public static final java.awt.GraphicsConfiguration <B>CONFIG</B></PRE>
<DL>
<DL>
</DL>
</DL>

<!-- ============ METHOD DETAIL ========== -->

<A NAME="method_detail"><!-- --></A>
<TABLE BORDER="1" WIDTH="100%" CELLPADDING="3" CELLSPACING="0" SUMMARY="">
<TR BGCOLOR="#CCCCFF" CLASS="TableHeadingColor">
<TH ALIGN="left" COLSPAN="1"><FONT SIZE="+2">
<B>Method Detail</B></FONT></TH>
</TR>
</TABLE>

<A NAME="getImage(java.net.URL, int)"><!-- --></A><H3>
getImage</H3>
<PRE>
public static java.awt.image.BufferedImage <B>getImage</B>(java.net.URL&nbsp;url,
                                                    int&nbsp;transparency)</PRE>
<DL>
<DD>Loads an image from URL and specified transparency.
<P>
<DD><DL>
<DT><B>Parameters:</B><DD><CODE>url</CODE> - image url<DD><CODE>transparency</CODE> - image transparency
<DT><B>Returns:</B><DD>Loaded image.<DT><B>See Also:</B><DD><CODE>Transparency.OPAQUE</CODE>, 
<CODE>Transparency.BITMASK</CODE>, 
<CODE>Transparency.TRANSLUCENT</CODE></DL>
</DD>
</DL>
<HR>

<A NAME="getImage(java.net.URL)"><!-- --></A><H3>
getImage</H3>
<PRE>
public static java.awt.image.BufferedImage <B>getImage</B>(java.net.URL&nbsp;url)</PRE>
<DL>
<DD>Loads an image from URL without transparency (completely opaque).
<P>
<DD><DL>
<DT><B>Parameters:</B><DD><CODE>url</CODE> - image url
<DT><B>Returns:</B><DD>Loaded image.</DL>
</DD>
</DL>
<HR>

<A NAME="getImage(java.net.URL, java.awt.Color)"><!-- --></A><H3>
getImage</H3>
<PRE>
public static java.awt.image.BufferedImage <B>getImage</B>(java.net.URL&nbsp;url,
                                                    java.awt.Color&nbsp;keyColor)</PRE>
<DL>
<DD>Loads an image using the specified URL and masking color. This function
 will wait until the image has been loaded from file. Note: Using this
 function will always return a a new image loaded from file.
<P>
<DD><DL>
<DT><B>Parameters:</B><DD><CODE>url</CODE> - image url<DD><CODE>keyColor</CODE> - masking color
<DT><B>Returns:</B><DD>Loaded image.</DL>
</DD>
</DL>
<HR>

<A NAME="getImages(java.net.URL, int, int, int)"><!-- --></A><H3>
getImages</H3>
<PRE>
public static java.awt.image.BufferedImage[] <B>getImages</B>(java.net.URL&nbsp;url,
                                                       int&nbsp;col,
                                                       int&nbsp;row,
                                                       int&nbsp;transparency)</PRE>
<DL>
<DD>Loads and splits image from URL and transparency. The images will be
 splitted by specified column and row.
<P>
<DD><DL>
<DT><B>Parameters:</B><DD><CODE>url</CODE> - image url<DD><CODE>col</CODE> - column<DD><CODE>row</CODE> - row<DD><CODE>transparency</CODE> - image transparency
<DT><B>Returns:</B><DD>Loaded and splitted images.<DT><B>See Also:</B><DD><CODE>Transparency.OPAQUE</CODE>, 
<CODE>Transparency.BITMASK</CODE>, 
<CODE>Transparency.TRANSLUCENT</CODE></DL>
</DD>
</DL>
<HR>

<A NAME="getImages(java.net.URL, int, int)"><!-- --></A><H3>
getImages</H3>
<PRE>
public static java.awt.image.BufferedImage[] <B>getImages</B>(java.net.URL&nbsp;url,
                                                       int&nbsp;col,
                                                       int&nbsp;row)</PRE>
<DL>
<DD>Loads and splits image from URL, without transparency. The images will be
 splitted by specified column and row.
<P>
<DD><DL>
<DT><B>Parameters:</B><DD><CODE>url</CODE> - image url<DD><CODE>col</CODE> - column<DD><CODE>row</CODE> - row
<DT><B>Returns:</B><DD>Loaded and splitted images.</DL>
</DD>
</DL>
<HR>

<A NAME="getImages(java.net.URL, int, int, java.awt.Color)"><!-- --></A><H3>
getImages</H3>
<PRE>
public static java.awt.image.BufferedImage[] <B>getImages</B>(java.net.URL&nbsp;url,
                                                       int&nbsp;col,
                                                       int&nbsp;row,
                                                       java.awt.Color&nbsp;keyColor)</PRE>
<DL>
<DD>Loads and splits image from URL with specified masking color. The images
 will be split by specified column and row.
<P>
<DD><DL>
<DT><B>Parameters:</B><DD><CODE>url</CODE> - image url<DD><CODE>col</CODE> - column<DD><CODE>row</CODE> - row<DD><CODE>keyColor</CODE> - masking color
<DT><B>Returns:</B><DD>Loaded and splitted images.</DL>
</DD>
</DL>
<HR>

<A NAME="createImage(int, int, int)"><!-- --></A><H3>
createImage</H3>
<PRE>
public static java.awt.image.BufferedImage <B>createImage</B>(int&nbsp;width,
                                                       int&nbsp;height,
                                                       int&nbsp;transparency)</PRE>
<DL>
<DD>Creates blank image with specified width, height, and transparency.
<P>
<DD><DL>
<DT><B>Parameters:</B><DD><CODE>width</CODE> - image width<DD><CODE>height</CODE> - image height<DD><CODE>transparency</CODE> - image transparency
<DT><B>Returns:</B><DD>Blank image.<DT><B>See Also:</B><DD><CODE>Transparency.OPAQUE</CODE>, 
<CODE>Transparency.BITMASK</CODE>, 
<CODE>Transparency.TRANSLUCENT</CODE></DL>
</DD>
</DL>
<HR>

<A NAME="createImage(int, int)"><!-- --></A><H3>
createImage</H3>
<PRE>
public static java.awt.image.BufferedImage <B>createImage</B>(int&nbsp;width,
                                                       int&nbsp;height)</PRE>
<DL>
<DD>Creates blank image with specified width, height, without transparency
 (opaque).
<P>
<DD><DL>
<DT><B>Parameters:</B><DD><CODE>width</CODE> - image width<DD><CODE>height</CODE> - image height
<DT><B>Returns:</B><DD>Blank image.</DL>
</DD>
</DL>
<HR>

<A NAME="applyMask(java.awt.Image, java.awt.Color)"><!-- --></A><H3>
applyMask</H3>
<PRE>
public static java.awt.image.BufferedImage <B>applyMask</B>(java.awt.Image&nbsp;img,
                                                     java.awt.Color&nbsp;keyColor)</PRE>
<DL>
<DD>Applying mask into image using specified masking color. Any Color in the
 image that matches the masking color will be converted to transparent.
<P>
<DD><DL>
<DT><B>Parameters:</B><DD><CODE>img</CODE> - The source image<DD><CODE>keyColor</CODE> - Masking color
<DT><B>Returns:</B><DD>Masked image</DL>
</DD>
</DL>
<HR>

<A NAME="splitImages(java.awt.image.BufferedImage, int, int)"><!-- --></A><H3>
splitImages</H3>
<PRE>
public static java.awt.image.BufferedImage[] <B>splitImages</B>(java.awt.image.BufferedImage&nbsp;image,
                                                         int&nbsp;col,
                                                         int&nbsp;row)</PRE>
<DL>
<DD>Splits a single image into an array of images. The image is cut by
 specified column and row.
<P>
<DD><DL>
<DT><B>Parameters:</B><DD><CODE>image</CODE> - the source image<DD><CODE>col</CODE> - image column<DD><CODE>row</CODE> - image row
<DT><B>Returns:</B><DD>Array of images cutted by specified column and row.</DL>
</DD>
</DL>
<HR>

<A NAME="rotate(java.awt.image.BufferedImage, int)"><!-- --></A><H3>
rotate</H3>
<PRE>
public static java.awt.image.BufferedImage <B>rotate</B>(java.awt.image.BufferedImage&nbsp;src,
                                                  int&nbsp;angle)</PRE>
<DL>
<DD>Rotates an image by specified angle (clockwise).
 <p>
 
 For example: <br>
 
 <pre>
 BufferedImage image;
 // rotate the image by 90 degree clockwise
 BufferedImage rotated = ImageUtil.rotate(image, 90);
 </pre>
<P>
<DD><DL>
<DT><B>Parameters:</B><DD><CODE>src</CODE> - the source image<DD><CODE>angle</CODE> - angle rotation
<DT><B>Returns:</B><DD>Rotated image.</DL>
</DD>
</DL>
<HR>

<A NAME="resize(java.awt.image.BufferedImage, int, int)"><!-- --></A><H3>
resize</H3>
<PRE>
public static java.awt.image.BufferedImage <B>resize</B>(java.awt.image.BufferedImage&nbsp;src,
                                                  int&nbsp;w,
                                                  int&nbsp;h)</PRE>
<DL>
<DD>Resizes an image into specified size.
 <p>
 
 For example: <br>
 
 <pre>
 BufferedImage image;
 // resize the image to 200x300 size
 BufferedImage resized = ImageUtil.resize(image, 200, 300);
 // double the size of the image
 BufferedImage doubleResize = ImageUtil.resize(image, image.getWidth() * 2,
         image.getHeight() * 2);
 </pre>
<P>
<DD><DL>
<DT><B>Parameters:</B><DD><CODE>src</CODE> - the source image<DD><CODE>w</CODE> - width of the resized image<DD><CODE>h</CODE> - height of the resized image
<DT><B>Returns:</B><DD>Resized image.</DL>
</DD>
</DL>
<HR>

<A NAME="flipHorizontal(java.awt.image.BufferedImage)"><!-- --></A><H3>
flipHorizontal</H3>
<PRE>
public static java.awt.image.BufferedImage <B>flipHorizontal</B>(java.awt.image.BufferedImage&nbsp;src)</PRE>
<DL>
<DD>Flips an image horizontally.
<P>
<DD><DL>
<DT><B>Parameters:</B><DD><CODE>src</CODE> - the source image
<DT><B>Returns:</B><DD>Horizontally flipped image.</DL>
</DD>
</DL>
<HR>

<A NAME="flipVertical(java.awt.image.BufferedImage)"><!-- --></A><H3>
flipVertical</H3>
<PRE>
public static java.awt.image.BufferedImage <B>flipVertical</B>(java.awt.image.BufferedImage&nbsp;src)</PRE>
<DL>
<DD>Flips an image vertically.
<P>
<DD><DL>
<DT><B>Parameters:</B><DD><CODE>src</CODE> - the source image
<DT><B>Returns:</B><DD>Vertically flipped image.</DL>
</DD>
</DL>
<HR>

<A NAME="saveImage(java.awt.image.BufferedImage, java.io.File)"><!-- --></A><H3>
saveImage</H3>
<PRE>
public static void <B>saveImage</B>(java.awt.image.BufferedImage&nbsp;image,
                             java.io.File&nbsp;imagefile)</PRE>
<DL>
<DD>Saves image into specified file.
<P>
<DD><DL>
<DT><B>Parameters:</B><DD><CODE>image</CODE> - image to be saved<DD><CODE>imagefile</CODE> - file where the image will be saved</DL>
</DD>
</DL>
<HR>

<A NAME="toByteArray(java.awt.image.BufferedImage, java.lang.String)"><!-- --></A><H3>
toByteArray</H3>
<PRE>
public static byte[] <B>toByteArray</B>(java.awt.image.BufferedImage&nbsp;image,
                                 java.lang.String&nbsp;extension)</PRE>
<DL>
<DD>Saves image into byte array.
<P>
<DD><DL>
<DT><B>Parameters:</B><DD><CODE>image</CODE> - image to be saved<DD><CODE>extension</CODE> - the image extension (png)
<DT><B>Returns:</B><DD>Image in byte array.<DT><B>See Also:</B><DD><A HREF="../../../../com/golden/gamedev/util/ImageUtil.html#fromByteArray(byte[])"><CODE>fromByteArray(byte[])</CODE></A></DL>
</DD>
</DL>
<HR>

<A NAME="fromByteArray(byte[])"><!-- --></A><H3>
fromByteArray</H3>
<PRE>
public static java.awt.image.BufferedImage <B>fromByteArray</B>(byte[]&nbsp;imagebytes)</PRE>
<DL>
<DD>Constructs image from byte array.
<P>
<DD><DL>
<DT><B>Parameters:</B><DD><CODE>imagebytes</CODE> - image in byte array
<DT><B>Returns:</B><DD>Image object.<DT><B>See Also:</B><DD><A HREF="../../../../com/golden/gamedev/util/ImageUtil.html#toByteArray(java.awt.image.BufferedImage, java.lang.String)"><CODE>toByteArray(BufferedImage, String)</CODE></A></DL>
</DD>
</DL>
<HR>

<A NAME="saveComposite(java.awt.Graphics2D)"><!-- --></A><H3>
saveComposite</H3>
<PRE>
public static void <B>saveComposite</B>(java.awt.Graphics2D&nbsp;g)</PRE>
<DL>
<DD><DL>
</DL>
</DD>
</DL>
<HR>

<A NAME="loadComposite(java.awt.Graphics2D)"><!-- --></A><H3>
loadComposite</H3>
<PRE>
public static void <B>loadComposite</B>(java.awt.Graphics2D&nbsp;g)</PRE>
<DL>
<DD><DL>
</DL>
</DD>
</DL>
<HR>

<A NAME="setTransparent(java.awt.Graphics2D, float)"><!-- --></A><H3>
setTransparent</H3>
<PRE>
public static void <B>setTransparent</B>(java.awt.Graphics2D&nbsp;g,
                                  float&nbsp;alpha)</PRE>
<DL>
<DD><DL>
</DL>
</DD>
</DL>
<!-- ========= END OF CLASS DATA ========= -->
<HR>


<!-- ======= START OF BOTTOM NAVBAR ====== -->
<A NAME="navbar_bottom"><!-- --></A>
<A HREF="#skip-navbar_bottom" title="Skip navigation links"></A>
<TABLE BORDER="0" WIDTH="100%" CELLPADDING="1" CELLSPACING="0" SUMMARY="">
<TR>
<TD COLSPAN=2 BGCOLOR="#EEEEFF" CLASS="NavBarCell1">
<A NAME="navbar_bottom_firstrow"><!-- --></A>
<TABLE BORDER="0" CELLPADDING="0" CELLSPACING="3" SUMMARY="">
  <TR ALIGN="center" VALIGN="top">
  <TD BGCOLOR="#EEEEFF" CLASS="NavBarCell1">    <A HREF="../../../../overview-summary.html"><FONT CLASS="NavBarFont1"><B>Overview</B></FONT></A>&nbsp;</TD>
  <TD BGCOLOR="#EEEEFF" CLASS="NavBarCell1">    <A HREF="package-summary.html"><FONT CLASS="NavBarFont1"><B>Package</B></FONT></A>&nbsp;</TD>
  <TD BGCOLOR="#FFFFFF" CLASS="NavBarCell1Rev"> &nbsp;<FONT CLASS="NavBarFont1Rev"><B>Class</B></FONT>&nbsp;</TD>
  <TD BGCOLOR="#EEEEFF" CLASS="NavBarCell1">    <A HREF="class-use/ImageUtil.html"><FONT CLASS="NavBarFont1"><B>Use</B></FONT></A>&nbsp;</TD>
  <TD BGCOLOR="#EEEEFF" CLASS="NavBarCell1">    <A HREF="package-tree.html"><FONT CLASS="NavBarFont1"><B>Tree</B></FONT></A>&nbsp;</TD>
  <TD BGCOLOR="#EEEEFF" CLASS="NavBarCell1">    <A HREF="../../../../deprecated-list.html"><FONT CLASS="NavBarFont1"><B>Deprecated</B></FONT></A>&nbsp;</TD>
  <TD BGCOLOR="#EEEEFF" CLASS="NavBarCell1">    <A HREF="../../../../index-files/index-1.html"><FONT CLASS="NavBarFont1"><B>Index</B></FONT></A>&nbsp;</TD>
  <TD BGCOLOR="#EEEEFF" CLASS="NavBarCell1">    <A HREF="../../../../help-doc.html"><FONT CLASS="NavBarFont1"><B>Help</B></FONT></A>&nbsp;</TD>
  </TR>
</TABLE>
</TD>
<TD ALIGN="right" VALIGN="top" ROWSPAN=3><EM>
</EM>
</TD>
</TR>

<TR>
<TD BGCOLOR="white" CLASS="NavBarCell2"><FONT SIZE="-2">
&nbsp;<A HREF="../../../../com/golden/gamedev/util/FontUtil.html" title="class in com.golden.gamedev.util"><B>PREV CLASS</B></A>&nbsp;
&nbsp;<A HREF="../../../../com/golden/gamedev/util/Utility.html" title="class in com.golden.gamedev.util"><B>NEXT CLASS</B></A></FONT></TD>
<TD BGCOLOR="white" CLASS="NavBarCell2"><FONT SIZE="-2">
  <A HREF="../../../../index.html?com/golden/gamedev/util/ImageUtil.html" target="_top"><B>FRAMES</B></A>  &nbsp;
&nbsp;<A HREF="ImageUtil.html" target="_top"><B>NO FRAMES</B></A>  &nbsp;
&nbsp;<SCRIPT type="text/javascript">
  <!--
  if(window==top) {
    document.writeln('<A HREF="../../../../allclasses-noframe.html"><B>All Classes</B></A>');
  }
  //-->
</SCRIPT>
<NOSCRIPT>
  <A HREF="../../../../allclasses-noframe.html"><B>All Classes</B></A>
</NOSCRIPT>


</FONT></TD>
</TR>
<TR>
<TD VALIGN="top" CLASS="NavBarCell3"><FONT SIZE="-2">
  SUMMARY:&nbsp;NESTED&nbsp;|&nbsp;<A HREF="#field_summary">FIELD</A>&nbsp;|&nbsp;CONSTR&nbsp;|&nbsp;<A HREF="#method_summary">METHOD</A></FONT></TD>
<TD VALIGN="top" CLASS="NavBarCell3"><FONT SIZE="-2">
DETAIL:&nbsp;<A HREF="#field_detail">FIELD</A>&nbsp;|&nbsp;CONSTR&nbsp;|&nbsp;<A HREF="#method_detail">METHOD</A></FONT></TD>
</TR>
</TABLE>
<A NAME="skip-navbar_bottom"></A>
<!-- ======== END OF BOTTOM NAVBAR ======= -->

<HR>

</BODY>
</HTML>
