<!DOCTYPE HTML PUBLIC "-//W3C//DTD HTML 4.01 Transitional//EN" "http://www.w3.org/TR/html4/loose.dtd">
<!--NewPage-->
<HTML>
<HEAD>
<!-- Generated by javadoc (build 1.5.0_09) on Wed Oct 15 18:15:43 ART 2008 -->
<META http-equiv="Content-Type" content="text/html; charset=UTF-8">
<TITLE>
com.golden.gamedev.engine.network
</TITLE>

<META NAME="keywords" CONTENT="com.golden.gamedev.engine.network package">

<LINK REL ="stylesheet" TYPE="text/css" HREF="../../../../../stylesheet.css" TITLE="Style">


</HEAD>

<BODY BGCOLOR="white">
<FONT size="+1" CLASS="FrameTitleFont">
<A HREF="../../../../../com/golden/gamedev/engine/network/package-summary.html" target="classFrame">com.golden.gamedev.engine.network</A></FONT>
<TABLE BORDER="0" WIDTH="100%" SUMMARY="">
<TR>
<TD NOWRAP><FONT size="+1" CLASS="FrameHeadingFont">
Interfaces</FONT>&nbsp;
<FONT CLASS="FrameItemFont">
<BR>
<A HREF="DataManipulator.html" title="interface in com.golden.gamedev.engine.network" target="classFrame"><I>DataManipulator</I></A></FONT></TD>
</TR>
</TABLE>


<TABLE BORDER="0" WIDTH="100%" SUMMARY="">
<TR>
<TD NOWRAP><FONT size="+1" CLASS="FrameHeadingFont">
Classes</FONT>&nbsp;
<FONT CLASS="FrameItemFont">
<BR>
<A HREF="NetworkConfig.html" title="class in com.golden.gamedev.engine.network" target="classFrame">NetworkConfig</A>
<BR>
<A HREF="NetworkPacket.html" title="class in com.golden.gamedev.engine.network" target="classFrame">NetworkPacket</A>
<BR>
<A HREF="NetworkUtil.html" title="class in com.golden.gamedev.engine.network" target="classFrame">NetworkUtil</A>
<BR>
<A HREF="PacketManager.html" title="class in com.golden.gamedev.engine.network" target="classFrame">PacketManager</A></FONT></TD>
</TR>
</TABLE>


<TABLE BORDER="0" WIDTH="100%" SUMMARY="">
<TR>
<TD NOWRAP><FONT size="+1" CLASS="FrameHeadingFont">
Exceptions</FONT>&nbsp;
<FONT CLASS="FrameItemFont">
<BR>
<A HREF="NetworkException.html" title="class in com.golden.gamedev.engine.network" target="classFrame">NetworkException</A></FONT></TD>
</TR>
</TABLE>


</BODY>
</HTML>
