<!DOCTYPE HTML PUBLIC "-//W3C//DTD HTML 4.01 Transitional//EN" "http://www.w3.org/TR/html4/loose.dtd">
<!--NewPage-->
<HTML>
<HEAD>
<!-- Generated by javadoc (build 1.5.0_09) on Wed Oct 15 18:13:06 ART 2008 -->
<META http-equiv="Content-Type" content="text/html; charset=UTF-8">
<TITLE>
com.golden.gamedev.gui.toolkit
</TITLE>

<META NAME="keywords" CONTENT="com.golden.gamedev.gui.toolkit package">

<LINK REL ="stylesheet" TYPE="text/css" HREF="../../../../../stylesheet.css" TITLE="Style">


</HEAD>

<BODY BGCOLOR="white">
<FONT size="+1" CLASS="FrameTitleFont">
<A HREF="../../../../../com/golden/gamedev/gui/toolkit/package-summary.html" target="classFrame">com.golden.gamedev.gui.toolkit</A></FONT>
<TABLE BORDER="0" WIDTH="100%" SUMMARY="">
<TR>
<TD NOWRAP><FONT size="+1" CLASS="FrameHeadingFont">
Classes</FONT>&nbsp;
<FONT CLASS="FrameItemFont">
<BR>
<A HREF="FrameWork.html" title="class in com.golden.gamedev.gui.toolkit" target="classFrame">FrameWork</A>
<BR>
<A HREF="GraphicsUtil.html" title="class in com.golden.gamedev.gui.toolkit" target="classFrame">GraphicsUtil</A>
<BR>
<A HREF="TComponent.html" title="class in com.golden.gamedev.gui.toolkit" target="classFrame">TComponent</A>
<BR>
<A HREF="TContainer.html" title="class in com.golden.gamedev.gui.toolkit" target="classFrame">TContainer</A>
<BR>
<A HREF="TToolTip.html" title="class in com.golden.gamedev.gui.toolkit" target="classFrame">TToolTip</A>
<BR>
<A HREF="UIConstants.html" title="class in com.golden.gamedev.gui.toolkit" target="classFrame">UIConstants</A>
<BR>
<A HREF="UIRenderer.html" title="class in com.golden.gamedev.gui.toolkit" target="classFrame">UIRenderer</A>
<BR>
<A HREF="UITheme.html" title="class in com.golden.gamedev.gui.toolkit" target="classFrame">UITheme</A></FONT></TD>
</TR>
</TABLE>


</BODY>
</HTML>
