<!DOCTYPE HTML PUBLIC "-//W3C//DTD HTML 4.01 Transitional//EN" "http://www.w3.org/TR/html4/loose.dtd">
<!--NewPage-->
<HTML>
<HEAD>
<!-- Generated by javadoc (build 1.5.0_09) on Wed Oct 15 18:13:04 ART 2008 -->
<META http-equiv="Content-Type" content="text/html; charset=UTF-8">
<TITLE>
UIRenderer
</TITLE>

<META NAME="keywords" CONTENT="com.golden.gamedev.gui.toolkit.UIRenderer class">

<LINK REL ="stylesheet" TYPE="text/css" HREF="../../../../../stylesheet.css" TITLE="Style">

<SCRIPT type="text/javascript">
function windowTitle()
{
    parent.document.title="UIRenderer";
}
</SCRIPT>
<NOSCRIPT>
</NOSCRIPT>

</HEAD>

<BODY BGCOLOR="white" onload="windowTitle();">


<!-- ========= START OF TOP NAVBAR ======= -->
<A NAME="navbar_top"><!-- --></A>
<A HREF="#skip-navbar_top" title="Skip navigation links"></A>
<TABLE BORDER="0" WIDTH="100%" CELLPADDING="1" CELLSPACING="0" SUMMARY="">
<TR>
<TD COLSPAN=2 BGCOLOR="#EEEEFF" CLASS="NavBarCell1">
<A NAME="navbar_top_firstrow"><!-- --></A>
<TABLE BORDER="0" CELLPADDING="0" CELLSPACING="3" SUMMARY="">
  <TR ALIGN="center" VALIGN="top">
  <TD BGCOLOR="#EEEEFF" CLASS="NavBarCell1">    <A HREF="../../../../../overview-summary.html"><FONT CLASS="NavBarFont1"><B>Overview</B></FONT></A>&nbsp;</TD>
  <TD BGCOLOR="#EEEEFF" CLASS="NavBarCell1">    <A HREF="package-summary.html"><FONT CLASS="NavBarFont1"><B>Package</B></FONT></A>&nbsp;</TD>
  <TD BGCOLOR="#FFFFFF" CLASS="NavBarCell1Rev"> &nbsp;<FONT CLASS="NavBarFont1Rev"><B>Class</B></FONT>&nbsp;</TD>
  <TD BGCOLOR="#EEEEFF" CLASS="NavBarCell1">    <A HREF="class-use/UIRenderer.html"><FONT CLASS="NavBarFont1"><B>Use</B></FONT></A>&nbsp;</TD>
  <TD BGCOLOR="#EEEEFF" CLASS="NavBarCell1">    <A HREF="package-tree.html"><FONT CLASS="NavBarFont1"><B>Tree</B></FONT></A>&nbsp;</TD>
  <TD BGCOLOR="#EEEEFF" CLASS="NavBarCell1">    <A HREF="../../../../../deprecated-list.html"><FONT CLASS="NavBarFont1"><B>Deprecated</B></FONT></A>&nbsp;</TD>
  <TD BGCOLOR="#EEEEFF" CLASS="NavBarCell1">    <A HREF="../../../../../index-files/index-1.html"><FONT CLASS="NavBarFont1"><B>Index</B></FONT></A>&nbsp;</TD>
  <TD BGCOLOR="#EEEEFF" CLASS="NavBarCell1">    <A HREF="../../../../../help-doc.html"><FONT CLASS="NavBarFont1"><B>Help</B></FONT></A>&nbsp;</TD>
  </TR>
</TABLE>
</TD>
<TD ALIGN="right" VALIGN="top" ROWSPAN=3><EM>
</EM>
</TD>
</TR>

<TR>
<TD BGCOLOR="white" CLASS="NavBarCell2"><FONT SIZE="-2">
&nbsp;<A HREF="../../../../../com/golden/gamedev/gui/toolkit/UIConstants.html" title="class in com.golden.gamedev.gui.toolkit"><B>PREV CLASS</B></A>&nbsp;
&nbsp;<A HREF="../../../../../com/golden/gamedev/gui/toolkit/UITheme.html" title="class in com.golden.gamedev.gui.toolkit"><B>NEXT CLASS</B></A></FONT></TD>
<TD BGCOLOR="white" CLASS="NavBarCell2"><FONT SIZE="-2">
  <A HREF="../../../../../index.html?com/golden/gamedev/gui/toolkit/UIRenderer.html" target="_top"><B>FRAMES</B></A>  &nbsp;
&nbsp;<A HREF="UIRenderer.html" target="_top"><B>NO FRAMES</B></A>  &nbsp;
&nbsp;<SCRIPT type="text/javascript">
  <!--
  if(window==top) {
    document.writeln('<A HREF="../../../../../allclasses-noframe.html"><B>All Classes</B></A>');
  }
  //-->
</SCRIPT>
<NOSCRIPT>
  <A HREF="../../../../../allclasses-noframe.html"><B>All Classes</B></A>
</NOSCRIPT>


</FONT></TD>
</TR>
<TR>
<TD VALIGN="top" CLASS="NavBarCell3"><FONT SIZE="-2">
  SUMMARY:&nbsp;NESTED&nbsp;|&nbsp;<A HREF="#field_summary">FIELD</A>&nbsp;|&nbsp;<A HREF="#constructor_summary">CONSTR</A>&nbsp;|&nbsp;<A HREF="#method_summary">METHOD</A></FONT></TD>
<TD VALIGN="top" CLASS="NavBarCell3"><FONT SIZE="-2">
DETAIL:&nbsp;<A HREF="#field_detail">FIELD</A>&nbsp;|&nbsp;<A HREF="#constructor_detail">CONSTR</A>&nbsp;|&nbsp;<A HREF="#method_detail">METHOD</A></FONT></TD>
</TR>
</TABLE>
<A NAME="skip-navbar_top"></A>
<!-- ========= END OF TOP NAVBAR ========= -->

<HR>
<!-- ======== START OF CLASS DATA ======== -->
<H2>
<FONT SIZE="-1">
com.golden.gamedev.gui.toolkit</FONT>
<BR>
Class UIRenderer</H2>
<PRE>
java.lang.Object
  <IMG SRC="../../../../../resources/inherit.gif" ALT="extended by "><B>com.golden.gamedev.gui.toolkit.UIRenderer</B>
</PRE>
<DL>
<DT><B>Direct Known Subclasses:</B> <DD><A HREF="../../../../../com/golden/gamedev/gui/theme/basic/BButtonRenderer.html" title="class in com.golden.gamedev.gui.theme.basic">BButtonRenderer</A>, <A HREF="../../../../../com/golden/gamedev/gui/theme/basic/BLabelRenderer.html" title="class in com.golden.gamedev.gui.theme.basic">BLabelRenderer</A>, <A HREF="../../../../../com/golden/gamedev/gui/theme/basic/BPanelRenderer.html" title="class in com.golden.gamedev.gui.theme.basic">BPanelRenderer</A>, <A HREF="../../../../../com/golden/gamedev/gui/theme/basic/BTextFieldRenderer.html" title="class in com.golden.gamedev.gui.theme.basic">BTextFieldRenderer</A>, <A HREF="../../../../../com/golden/gamedev/gui/theme/basic/BToolTipRenderer.html" title="class in com.golden.gamedev.gui.theme.basic">BToolTipRenderer</A></DD>
</DL>
<HR>
<DL>
<DT><PRE>public abstract class <B>UIRenderer</B><DT>extends java.lang.Object</DL>
</PRE>

<P>
Component UI Renderer.
<P>

<P>
<HR>

<P>
<!-- =========== FIELD SUMMARY =========== -->

<A NAME="field_summary"><!-- --></A>
<TABLE BORDER="1" WIDTH="100%" CELLPADDING="3" CELLSPACING="0" SUMMARY="">
<TR BGCOLOR="#CCCCFF" CLASS="TableHeadingColor">
<TH ALIGN="left" COLSPAN="2"><FONT SIZE="+2">
<B>Field Summary</B></FONT></TH>
</TR>
<TR BGCOLOR="white" CLASS="TableRowColor">
<TD ALIGN="right" VALIGN="top" WIDTH="1%"><FONT SIZE="-1">
<CODE>&nbsp;boolean</CODE></FONT></TD>
<TD><CODE><B><A HREF="../../../../../com/golden/gamedev/gui/toolkit/UIRenderer.html#immutable">immutable</A></B></CODE>

<BR>
&nbsp;&nbsp;&nbsp;&nbsp;&nbsp;&nbsp;&nbsp;&nbsp;&nbsp;&nbsp;true, determines that this renderer can not be replaced by other UI
 Renderer in a UI Theme.</TD>
</TR>
</TABLE>
&nbsp;
<!-- ======== CONSTRUCTOR SUMMARY ======== -->

<A NAME="constructor_summary"><!-- --></A>
<TABLE BORDER="1" WIDTH="100%" CELLPADDING="3" CELLSPACING="0" SUMMARY="">
<TR BGCOLOR="#CCCCFF" CLASS="TableHeadingColor">
<TH ALIGN="left" COLSPAN="2"><FONT SIZE="+2">
<B>Constructor Summary</B></FONT></TH>
</TR>
<TR BGCOLOR="white" CLASS="TableRowColor">
<TD><CODE><B><A HREF="../../../../../com/golden/gamedev/gui/toolkit/UIRenderer.html#UIRenderer()">UIRenderer</A></B>()</CODE>

<BR>
&nbsp;&nbsp;&nbsp;&nbsp;&nbsp;&nbsp;&nbsp;&nbsp;&nbsp;&nbsp;&nbsp;</TD>
</TR>
</TABLE>
&nbsp;
<!-- ========== METHOD SUMMARY =========== -->

<A NAME="method_summary"><!-- --></A>
<TABLE BORDER="1" WIDTH="100%" CELLPADDING="3" CELLSPACING="0" SUMMARY="">
<TR BGCOLOR="#CCCCFF" CLASS="TableHeadingColor">
<TH ALIGN="left" COLSPAN="2"><FONT SIZE="+2">
<B>Method Summary</B></FONT></TH>
</TR>
<TR BGCOLOR="white" CLASS="TableRowColor">
<TD ALIGN="right" VALIGN="top" WIDTH="1%"><FONT SIZE="-1">
<CODE>abstract &nbsp;java.awt.image.BufferedImage[]</CODE></FONT></TD>
<TD><CODE><B><A HREF="../../../../../com/golden/gamedev/gui/toolkit/UIRenderer.html#createUI(com.golden.gamedev.gui.toolkit.TComponent, int, int)">createUI</A></B>(<A HREF="../../../../../com/golden/gamedev/gui/toolkit/TComponent.html" title="class in com.golden.gamedev.gui.toolkit">TComponent</A>&nbsp;component,
         int&nbsp;w,
         int&nbsp;h)</CODE>

<BR>
&nbsp;&nbsp;&nbsp;&nbsp;&nbsp;&nbsp;&nbsp;&nbsp;&nbsp;&nbsp;Creates component UI with specified size.</TD>
</TR>
<TR BGCOLOR="white" CLASS="TableRowColor">
<TD ALIGN="right" VALIGN="top" WIDTH="1%"><FONT SIZE="-1">
<CODE>&nbsp;java.lang.Object</CODE></FONT></TD>
<TD><CODE><B><A HREF="../../../../../com/golden/gamedev/gui/toolkit/UIRenderer.html#get(java.lang.String, com.golden.gamedev.gui.toolkit.TComponent)">get</A></B>(java.lang.String&nbsp;key,
    <A HREF="../../../../../com/golden/gamedev/gui/toolkit/TComponent.html" title="class in com.golden.gamedev.gui.toolkit">TComponent</A>&nbsp;component)</CODE>

<BR>
&nbsp;&nbsp;&nbsp;&nbsp;&nbsp;&nbsp;&nbsp;&nbsp;&nbsp;&nbsp;Returns UI Resource of specified key from this UI Renderer with specified
 component as object component.</TD>
</TR>
<TR BGCOLOR="white" CLASS="TableRowColor">
<TD ALIGN="right" VALIGN="top" WIDTH="1%"><FONT SIZE="-1">
<CODE>&nbsp;void</CODE></FONT></TD>
<TD><CODE><B><A HREF="../../../../../com/golden/gamedev/gui/toolkit/UIRenderer.html#printUIDescription()">printUIDescription</A></B>()</CODE>

<BR>
&nbsp;&nbsp;&nbsp;&nbsp;&nbsp;&nbsp;&nbsp;&nbsp;&nbsp;&nbsp;Prints UI Description to console output.</TD>
</TR>
<TR BGCOLOR="white" CLASS="TableRowColor">
<TD ALIGN="right" VALIGN="top" WIDTH="1%"><FONT SIZE="-1">
<CODE>&nbsp;void</CODE></FONT></TD>
<TD><CODE><B><A HREF="../../../../../com/golden/gamedev/gui/toolkit/UIRenderer.html#printUIResource()">printUIResource</A></B>()</CODE>

<BR>
&nbsp;&nbsp;&nbsp;&nbsp;&nbsp;&nbsp;&nbsp;&nbsp;&nbsp;&nbsp;Prints UI Resource mapping to console output.</TD>
</TR>
<TR BGCOLOR="white" CLASS="TableRowColor">
<TD ALIGN="right" VALIGN="top" WIDTH="1%"><FONT SIZE="-1">
<CODE>&nbsp;void</CODE></FONT></TD>
<TD><CODE><B><A HREF="../../../../../com/golden/gamedev/gui/toolkit/UIRenderer.html#printUIResource(com.golden.gamedev.gui.toolkit.TComponent)">printUIResource</A></B>(<A HREF="../../../../../com/golden/gamedev/gui/toolkit/TComponent.html" title="class in com.golden.gamedev.gui.toolkit">TComponent</A>&nbsp;component)</CODE>

<BR>
&nbsp;&nbsp;&nbsp;&nbsp;&nbsp;&nbsp;&nbsp;&nbsp;&nbsp;&nbsp;Prints UI Resource mapping to console output of the specified component
 UI Resource.</TD>
</TR>
<TR BGCOLOR="white" CLASS="TableRowColor">
<TD ALIGN="right" VALIGN="top" WIDTH="1%"><FONT SIZE="-1">
<CODE>abstract &nbsp;void</CODE></FONT></TD>
<TD><CODE><B><A HREF="../../../../../com/golden/gamedev/gui/toolkit/UIRenderer.html#processUI(com.golden.gamedev.gui.toolkit.TComponent, java.awt.image.BufferedImage[])">processUI</A></B>(<A HREF="../../../../../com/golden/gamedev/gui/toolkit/TComponent.html" title="class in com.golden.gamedev.gui.toolkit">TComponent</A>&nbsp;component,
          java.awt.image.BufferedImage[]&nbsp;ui)</CODE>

<BR>
&nbsp;&nbsp;&nbsp;&nbsp;&nbsp;&nbsp;&nbsp;&nbsp;&nbsp;&nbsp;Process component UI.</TD>
</TR>
<TR BGCOLOR="white" CLASS="TableRowColor">
<TD ALIGN="right" VALIGN="top" WIDTH="1%"><FONT SIZE="-1">
<CODE>&nbsp;void</CODE></FONT></TD>
<TD><CODE><B><A HREF="../../../../../com/golden/gamedev/gui/toolkit/UIRenderer.html#put(java.lang.String, java.lang.Object)">put</A></B>(java.lang.String&nbsp;key,
    java.lang.Object&nbsp;value)</CODE>

<BR>
&nbsp;&nbsp;&nbsp;&nbsp;&nbsp;&nbsp;&nbsp;&nbsp;&nbsp;&nbsp;Inserts UI Resource to this UI Renderer.</TD>
</TR>
<TR BGCOLOR="white" CLASS="TableRowColor">
<TD ALIGN="right" VALIGN="top" WIDTH="1%"><FONT SIZE="-1">
<CODE>protected &nbsp;java.lang.Object</CODE></FONT></TD>
<TD><CODE><B><A HREF="../../../../../com/golden/gamedev/gui/toolkit/UIRenderer.html#remove(java.lang.String)">remove</A></B>(java.lang.String&nbsp;key)</CODE>

<BR>
&nbsp;&nbsp;&nbsp;&nbsp;&nbsp;&nbsp;&nbsp;&nbsp;&nbsp;&nbsp;Removes installed UI Resource from this UI Renderer.</TD>
</TR>
<TR BGCOLOR="white" CLASS="TableRowColor">
<TD ALIGN="right" VALIGN="top" WIDTH="1%"><FONT SIZE="-1">
<CODE>abstract &nbsp;void</CODE></FONT></TD>
<TD><CODE><B><A HREF="../../../../../com/golden/gamedev/gui/toolkit/UIRenderer.html#renderUI(java.awt.Graphics2D, int, int, com.golden.gamedev.gui.toolkit.TComponent, java.awt.image.BufferedImage[])">renderUI</A></B>(java.awt.Graphics2D&nbsp;g,
         int&nbsp;x,
         int&nbsp;y,
         <A HREF="../../../../../com/golden/gamedev/gui/toolkit/TComponent.html" title="class in com.golden.gamedev.gui.toolkit">TComponent</A>&nbsp;component,
         java.awt.image.BufferedImage[]&nbsp;ui)</CODE>

<BR>
&nbsp;&nbsp;&nbsp;&nbsp;&nbsp;&nbsp;&nbsp;&nbsp;&nbsp;&nbsp;Renders component UI to specified location.</TD>
</TR>
<TR BGCOLOR="white" CLASS="TableRowColor">
<TD ALIGN="right" VALIGN="top" WIDTH="1%"><FONT SIZE="-1">
<CODE>&nbsp;java.lang.String</CODE></FONT></TD>
<TD><CODE><B><A HREF="../../../../../com/golden/gamedev/gui/toolkit/UIRenderer.html#toString()">toString</A></B>()</CODE>

<BR>
&nbsp;&nbsp;&nbsp;&nbsp;&nbsp;&nbsp;&nbsp;&nbsp;&nbsp;&nbsp;&nbsp;</TD>
</TR>
<TR BGCOLOR="white" CLASS="TableRowColor">
<TD ALIGN="right" VALIGN="top" WIDTH="1%"><FONT SIZE="-1">
<CODE>abstract &nbsp;java.lang.String[]</CODE></FONT></TD>
<TD><CODE><B><A HREF="../../../../../com/golden/gamedev/gui/toolkit/UIRenderer.html#UIDescription()">UIDescription</A></B>()</CODE>

<BR>
&nbsp;&nbsp;&nbsp;&nbsp;&nbsp;&nbsp;&nbsp;&nbsp;&nbsp;&nbsp;Description of UI created by this renderer.</TD>
</TR>
<TR BGCOLOR="white" CLASS="TableRowColor">
<TD ALIGN="right" VALIGN="top" WIDTH="1%"><FONT SIZE="-1">
<CODE>abstract &nbsp;java.lang.String</CODE></FONT></TD>
<TD><CODE><B><A HREF="../../../../../com/golden/gamedev/gui/toolkit/UIRenderer.html#UIName()">UIName</A></B>()</CODE>

<BR>
&nbsp;&nbsp;&nbsp;&nbsp;&nbsp;&nbsp;&nbsp;&nbsp;&nbsp;&nbsp;This renderer will only render components with name equal with this
 renderer name.</TD>
</TR>
<TR BGCOLOR="white" CLASS="TableRowColor">
<TD ALIGN="right" VALIGN="top" WIDTH="1%"><FONT SIZE="-1">
<CODE>&nbsp;java.lang.String[]</CODE></FONT></TD>
<TD><CODE><B><A HREF="../../../../../com/golden/gamedev/gui/toolkit/UIRenderer.html#UIResource()">UIResource</A></B>()</CODE>

<BR>
&nbsp;&nbsp;&nbsp;&nbsp;&nbsp;&nbsp;&nbsp;&nbsp;&nbsp;&nbsp;Returns UI Resource mapping of this renderer.</TD>
</TR>
</TABLE>
&nbsp;<A NAME="methods_inherited_from_class_java.lang.Object"><!-- --></A>
<TABLE BORDER="1" WIDTH="100%" CELLPADDING="3" CELLSPACING="0" SUMMARY="">
<TR BGCOLOR="#EEEEFF" CLASS="TableSubHeadingColor">
<TH ALIGN="left"><B>Methods inherited from class java.lang.Object</B></TH>
</TR>
<TR BGCOLOR="white" CLASS="TableRowColor">
<TD><CODE>clone, equals, finalize, getClass, hashCode, notify, notifyAll, wait, wait, wait</CODE></TD>
</TR>
</TABLE>
&nbsp;
<P>

<!-- ============ FIELD DETAIL =========== -->

<A NAME="field_detail"><!-- --></A>
<TABLE BORDER="1" WIDTH="100%" CELLPADDING="3" CELLSPACING="0" SUMMARY="">
<TR BGCOLOR="#CCCCFF" CLASS="TableHeadingColor">
<TH ALIGN="left" COLSPAN="1"><FONT SIZE="+2">
<B>Field Detail</B></FONT></TH>
</TR>
</TABLE>

<A NAME="immutable"><!-- --></A><H3>
immutable</H3>
<PRE>
public boolean <B>immutable</B></PRE>
<DL>
<DD>true, determines that this renderer can not be replaced by other UI
 Renderer in a UI Theme. Immutable renderer only can be replaced by other
 immutable UI Renderer too.
<P>
<DL>
</DL>
</DL>

<!-- ========= CONSTRUCTOR DETAIL ======== -->

<A NAME="constructor_detail"><!-- --></A>
<TABLE BORDER="1" WIDTH="100%" CELLPADDING="3" CELLSPACING="0" SUMMARY="">
<TR BGCOLOR="#CCCCFF" CLASS="TableHeadingColor">
<TH ALIGN="left" COLSPAN="1"><FONT SIZE="+2">
<B>Constructor Detail</B></FONT></TH>
</TR>
</TABLE>

<A NAME="UIRenderer()"><!-- --></A><H3>
UIRenderer</H3>
<PRE>
public <B>UIRenderer</B>()</PRE>
<DL>
</DL>

<!-- ============ METHOD DETAIL ========== -->

<A NAME="method_detail"><!-- --></A>
<TABLE BORDER="1" WIDTH="100%" CELLPADDING="3" CELLSPACING="0" SUMMARY="">
<TR BGCOLOR="#CCCCFF" CLASS="TableHeadingColor">
<TH ALIGN="left" COLSPAN="1"><FONT SIZE="+2">
<B>Method Detail</B></FONT></TH>
</TR>
</TABLE>

<A NAME="UIName()"><!-- --></A><H3>
UIName</H3>
<PRE>
public abstract java.lang.String <B>UIName</B>()</PRE>
<DL>
<DD>This renderer will only render components with name equal with this
 renderer name.
<P>
<DD><DL>
<DT><B>See Also:</B><DD><A HREF="../../../../../com/golden/gamedev/gui/toolkit/TComponent.html#UIName()"><CODE>TComponent.UIName()</CODE></A></DL>
</DD>
</DL>
<HR>

<A NAME="UIDescription()"><!-- --></A><H3>
UIDescription</H3>
<PRE>
public abstract java.lang.String[] <B>UIDescription</B>()</PRE>
<DL>
<DD>Description of UI created by this renderer. Component that used external
 UI must follow this UI description for proper rendering.
<P>
<DD><DL>
<DT><B>See Also:</B><DD><A HREF="../../../../../com/golden/gamedev/gui/toolkit/TComponent.html#setExternalUI(java.awt.image.BufferedImage[], boolean)"><CODE>TComponent.setExternalUI(BufferedImage[], boolean)</CODE></A></DL>
</DD>
</DL>
<HR>

<A NAME="createUI(com.golden.gamedev.gui.toolkit.TComponent, int, int)"><!-- --></A><H3>
createUI</H3>
<PRE>
public abstract java.awt.image.BufferedImage[] <B>createUI</B>(<A HREF="../../../../../com/golden/gamedev/gui/toolkit/TComponent.html" title="class in com.golden.gamedev.gui.toolkit">TComponent</A>&nbsp;component,
                                                        int&nbsp;w,
                                                        int&nbsp;h)</PRE>
<DL>
<DD>Creates component UI with specified size.
<P>
<DD><DL>
</DL>
</DD>
</DL>
<HR>

<A NAME="processUI(com.golden.gamedev.gui.toolkit.TComponent, java.awt.image.BufferedImage[])"><!-- --></A><H3>
processUI</H3>
<PRE>
public abstract void <B>processUI</B>(<A HREF="../../../../../com/golden/gamedev/gui/toolkit/TComponent.html" title="class in com.golden.gamedev.gui.toolkit">TComponent</A>&nbsp;component,
                               java.awt.image.BufferedImage[]&nbsp;ui)</PRE>
<DL>
<DD>Process component UI.
<P>
<DD><DL>
</DL>
</DD>
</DL>
<HR>

<A NAME="renderUI(java.awt.Graphics2D, int, int, com.golden.gamedev.gui.toolkit.TComponent, java.awt.image.BufferedImage[])"><!-- --></A><H3>
renderUI</H3>
<PRE>
public abstract void <B>renderUI</B>(java.awt.Graphics2D&nbsp;g,
                              int&nbsp;x,
                              int&nbsp;y,
                              <A HREF="../../../../../com/golden/gamedev/gui/toolkit/TComponent.html" title="class in com.golden.gamedev.gui.toolkit">TComponent</A>&nbsp;component,
                              java.awt.image.BufferedImage[]&nbsp;ui)</PRE>
<DL>
<DD>Renders component UI to specified location.
<P>
<DD><DL>
</DL>
</DD>
</DL>
<HR>

<A NAME="get(java.lang.String, com.golden.gamedev.gui.toolkit.TComponent)"><!-- --></A><H3>
get</H3>
<PRE>
public java.lang.Object <B>get</B>(java.lang.String&nbsp;key,
                            <A HREF="../../../../../com/golden/gamedev/gui/toolkit/TComponent.html" title="class in com.golden.gamedev.gui.toolkit">TComponent</A>&nbsp;component)</PRE>
<DL>
<DD>Returns UI Resource of specified key from this UI Renderer with specified
 component as object component.
<P>
<DD><DL>
</DL>
</DD>
</DL>
<HR>

<A NAME="put(java.lang.String, java.lang.Object)"><!-- --></A><H3>
put</H3>
<PRE>
public void <B>put</B>(java.lang.String&nbsp;key,
                java.lang.Object&nbsp;value)</PRE>
<DL>
<DD>Inserts UI Resource to this UI Renderer.
<P>
<DD><DL>
</DL>
</DD>
</DL>
<HR>

<A NAME="remove(java.lang.String)"><!-- --></A><H3>
remove</H3>
<PRE>
protected final java.lang.Object <B>remove</B>(java.lang.String&nbsp;key)</PRE>
<DL>
<DD>Removes installed UI Resource from this UI Renderer. Use this when
 override UI Renderer and the resource is not valid anymore.
<P>
<DD><DL>
</DL>
</DD>
</DL>
<HR>

<A NAME="UIResource()"><!-- --></A><H3>
UIResource</H3>
<PRE>
public final java.lang.String[] <B>UIResource</B>()</PRE>
<DL>
<DD>Returns UI Resource mapping of this renderer.
<P>
<DD><DL>
</DL>
</DD>
</DL>
<HR>

<A NAME="printUIResource(com.golden.gamedev.gui.toolkit.TComponent)"><!-- --></A><H3>
printUIResource</H3>
<PRE>
public final void <B>printUIResource</B>(<A HREF="../../../../../com/golden/gamedev/gui/toolkit/TComponent.html" title="class in com.golden.gamedev.gui.toolkit">TComponent</A>&nbsp;component)</PRE>
<DL>
<DD>Prints UI Resource mapping to console output of the specified component
 UI Resource.
<P>
<DD><DL>
</DL>
</DD>
</DL>
<HR>

<A NAME="printUIResource()"><!-- --></A><H3>
printUIResource</H3>
<PRE>
public final void <B>printUIResource</B>()</PRE>
<DL>
<DD>Prints UI Resource mapping to console output.
<P>
<DD><DL>
</DL>
</DD>
</DL>
<HR>

<A NAME="printUIDescription()"><!-- --></A><H3>
printUIDescription</H3>
<PRE>
public final void <B>printUIDescription</B>()</PRE>
<DL>
<DD>Prints UI Description to console output.
<P>
<DD><DL>
</DL>
</DD>
</DL>
<HR>

<A NAME="toString()"><!-- --></A><H3>
toString</H3>
<PRE>
public java.lang.String <B>toString</B>()</PRE>
<DL>
<DD><DL>
<DT><B>Overrides:</B><DD><CODE>toString</CODE> in class <CODE>java.lang.Object</CODE></DL>
</DD>
<DD><DL>
</DL>
</DD>
</DL>
<!-- ========= END OF CLASS DATA ========= -->
<HR>


<!-- ======= START OF BOTTOM NAVBAR ====== -->
<A NAME="navbar_bottom"><!-- --></A>
<A HREF="#skip-navbar_bottom" title="Skip navigation links"></A>
<TABLE BORDER="0" WIDTH="100%" CELLPADDING="1" CELLSPACING="0" SUMMARY="">
<TR>
<TD COLSPAN=2 BGCOLOR="#EEEEFF" CLASS="NavBarCell1">
<A NAME="navbar_bottom_firstrow"><!-- --></A>
<TABLE BORDER="0" CELLPADDING="0" CELLSPACING="3" SUMMARY="">
  <TR ALIGN="center" VALIGN="top">
  <TD BGCOLOR="#EEEEFF" CLASS="NavBarCell1">    <A HREF="../../../../../overview-summary.html"><FONT CLASS="NavBarFont1"><B>Overview</B></FONT></A>&nbsp;</TD>
  <TD BGCOLOR="#EEEEFF" CLASS="NavBarCell1">    <A HREF="package-summary.html"><FONT CLASS="NavBarFont1"><B>Package</B></FONT></A>&nbsp;</TD>
  <TD BGCOLOR="#FFFFFF" CLASS="NavBarCell1Rev"> &nbsp;<FONT CLASS="NavBarFont1Rev"><B>Class</B></FONT>&nbsp;</TD>
  <TD BGCOLOR="#EEEEFF" CLASS="NavBarCell1">    <A HREF="class-use/UIRenderer.html"><FONT CLASS="NavBarFont1"><B>Use</B></FONT></A>&nbsp;</TD>
  <TD BGCOLOR="#EEEEFF" CLASS="NavBarCell1">    <A HREF="package-tree.html"><FONT CLASS="NavBarFont1"><B>Tree</B></FONT></A>&nbsp;</TD>
  <TD BGCOLOR="#EEEEFF" CLASS="NavBarCell1">    <A HREF="../../../../../deprecated-list.html"><FONT CLASS="NavBarFont1"><B>Deprecated</B></FONT></A>&nbsp;</TD>
  <TD BGCOLOR="#EEEEFF" CLASS="NavBarCell1">    <A HREF="../../../../../index-files/index-1.html"><FONT CLASS="NavBarFont1"><B>Index</B></FONT></A>&nbsp;</TD>
  <TD BGCOLOR="#EEEEFF" CLASS="NavBarCell1">    <A HREF="../../../../../help-doc.html"><FONT CLASS="NavBarFont1"><B>Help</B></FONT></A>&nbsp;</TD>
  </TR>
</TABLE>
</TD>
<TD ALIGN="right" VALIGN="top" ROWSPAN=3><EM>
</EM>
</TD>
</TR>

<TR>
<TD BGCOLOR="white" CLASS="NavBarCell2"><FONT SIZE="-2">
&nbsp;<A HREF="../../../../../com/golden/gamedev/gui/toolkit/UIConstants.html" title="class in com.golden.gamedev.gui.toolkit"><B>PREV CLASS</B></A>&nbsp;
&nbsp;<A HREF="../../../../../com/golden/gamedev/gui/toolkit/UITheme.html" title="class in com.golden.gamedev.gui.toolkit"><B>NEXT CLASS</B></A></FONT></TD>
<TD BGCOLOR="white" CLASS="NavBarCell2"><FONT SIZE="-2">
  <A HREF="../../../../../index.html?com/golden/gamedev/gui/toolkit/UIRenderer.html" target="_top"><B>FRAMES</B></A>  &nbsp;
&nbsp;<A HREF="UIRenderer.html" target="_top"><B>NO FRAMES</B></A>  &nbsp;
&nbsp;<SCRIPT type="text/javascript">
  <!--
  if(window==top) {
    document.writeln('<A HREF="../../../../../allclasses-noframe.html"><B>All Classes</B></A>');
  }
  //-->
</SCRIPT>
<NOSCRIPT>
  <A HREF="../../../../../allclasses-noframe.html"><B>All Classes</B></A>
</NOSCRIPT>


</FONT></TD>
</TR>
<TR>
<TD VALIGN="top" CLASS="NavBarCell3"><FONT SIZE="-2">
  SUMMARY:&nbsp;NESTED&nbsp;|&nbsp;<A HREF="#field_summary">FIELD</A>&nbsp;|&nbsp;<A HREF="#constructor_summary">CONSTR</A>&nbsp;|&nbsp;<A HREF="#method_summary">METHOD</A></FONT></TD>
<TD VALIGN="top" CLASS="NavBarCell3"><FONT SIZE="-2">
DETAIL:&nbsp;<A HREF="#field_detail">FIELD</A>&nbsp;|&nbsp;<A HREF="#constructor_detail">CONSTR</A>&nbsp;|&nbsp;<A HREF="#method_detail">METHOD</A></FONT></TD>
</TR>
</TABLE>
<A NAME="skip-navbar_bottom"></A>
<!-- ======== END OF BOTTOM NAVBAR ======= -->

<HR>

</BODY>
</HTML>
