<!DOCTYPE HTML PUBLIC "-//W3C//DTD HTML 4.01 Transitional//EN" "http://www.w3.org/TR/html4/loose.dtd">
<!--NewPage-->
<HTML>
<HEAD>
<!-- Generated by javadoc (build 1.5.0_09) on Wed Oct 15 18:13:06 ART 2008 -->
<META http-equiv="Content-Type" content="text/html; charset=UTF-8">
<TITLE>
com.golden.gamedev.gui.theme.basic
</TITLE>

<META NAME="keywords" CONTENT="com.golden.gamedev.gui.theme.basic package">

<LINK REL ="stylesheet" TYPE="text/css" HREF="../../../../../../stylesheet.css" TITLE="Style">


</HEAD>

<BODY BGCOLOR="white">
<FONT size="+1" CLASS="FrameTitleFont">
<A HREF="../../../../../../com/golden/gamedev/gui/theme/basic/package-summary.html" target="classFrame">com.golden.gamedev.gui.theme.basic</A></FONT>
<TABLE BORDER="0" WIDTH="100%" SUMMARY="">
<TR>
<TD NOWRAP><FONT size="+1" CLASS="FrameHeadingFont">
Classes</FONT>&nbsp;
<FONT CLASS="FrameItemFont">
<BR>
<A HREF="BasicTheme.html" title="class in com.golden.gamedev.gui.theme.basic" target="classFrame">BasicTheme</A>
<BR>
<A HREF="BButtonRenderer.html" title="class in com.golden.gamedev.gui.theme.basic" target="classFrame">BButtonRenderer</A>
<BR>
<A HREF="BLabelRenderer.html" title="class in com.golden.gamedev.gui.theme.basic" target="classFrame">BLabelRenderer</A>
<BR>
<A HREF="BPanelRenderer.html" title="class in com.golden.gamedev.gui.theme.basic" target="classFrame">BPanelRenderer</A>
<BR>
<A HREF="BTextFieldRenderer.html" title="class in com.golden.gamedev.gui.theme.basic" target="classFrame">BTextFieldRenderer</A>
<BR>
<A HREF="BTitleBarButtonRenderer.html" title="class in com.golden.gamedev.gui.theme.basic" target="classFrame">BTitleBarButtonRenderer</A>
<BR>
<A HREF="BTitleBarRenderer.html" title="class in com.golden.gamedev.gui.theme.basic" target="classFrame">BTitleBarRenderer</A>
<BR>
<A HREF="BToolTipRenderer.html" title="class in com.golden.gamedev.gui.theme.basic" target="classFrame">BToolTipRenderer</A></FONT></TD>
</TR>
</TABLE>


</BODY>
</HTML>
