<!DOCTYPE HTML PUBLIC "-//W3C//DTD HTML 4.01 Transitional//EN" "http://www.w3.org/TR/html4/loose.dtd">
<!--NewPage-->
<HTML>
<HEAD>
<!-- Generated by javadoc (build 1.5.0_15) on Wed Oct 08 14:37:39 GMT-03:00 2008 -->
<META http-equiv="Content-Type" content="text/html; charset=UTF-8">
<TITLE>
InvisibleSprite
</TITLE>

<META NAME="keywords" CONTENT="com.golden.gamedev.object.sprite.InvisibleSprite class">

<LINK REL ="stylesheet" TYPE="text/css" HREF="../../../../../stylesheet.css" TITLE="Style">

<SCRIPT type="text/javascript">
function windowTitle()
{
    parent.document.title="InvisibleSprite";
}
</SCRIPT>
<NOSCRIPT>
</NOSCRIPT>

</HEAD>

<BODY BGCOLOR="white" onload="windowTitle();">


<!-- ========= START OF TOP NAVBAR ======= -->
<A NAME="navbar_top"><!-- --></A>
<A HREF="#skip-navbar_top" title="Skip navigation links"></A>
<TABLE BORDER="0" WIDTH="100%" CELLPADDING="1" CELLSPACING="0" SUMMARY="">
<TR>
<TD COLSPAN=2 BGCOLOR="#EEEEFF" CLASS="NavBarCell1">
<A NAME="navbar_top_firstrow"><!-- --></A>
<TABLE BORDER="0" CELLPADDING="0" CELLSPACING="3" SUMMARY="">
  <TR ALIGN="center" VALIGN="top">
  <TD BGCOLOR="#EEEEFF" CLASS="NavBarCell1">    <A HREF="../../../../../overview-summary.html"><FONT CLASS="NavBarFont1"><B>Overview</B></FONT></A>&nbsp;</TD>
  <TD BGCOLOR="#EEEEFF" CLASS="NavBarCell1">    <A HREF="package-summary.html"><FONT CLASS="NavBarFont1"><B>Package</B></FONT></A>&nbsp;</TD>
  <TD BGCOLOR="#FFFFFF" CLASS="NavBarCell1Rev"> &nbsp;<FONT CLASS="NavBarFont1Rev"><B>Class</B></FONT>&nbsp;</TD>
  <TD BGCOLOR="#EEEEFF" CLASS="NavBarCell1">    <A HREF="class-use/InvisibleSprite.html"><FONT CLASS="NavBarFont1"><B>Use</B></FONT></A>&nbsp;</TD>
  <TD BGCOLOR="#EEEEFF" CLASS="NavBarCell1">    <A HREF="package-tree.html"><FONT CLASS="NavBarFont1"><B>Tree</B></FONT></A>&nbsp;</TD>
  <TD BGCOLOR="#EEEEFF" CLASS="NavBarCell1">    <A HREF="../../../../../deprecated-list.html"><FONT CLASS="NavBarFont1"><B>Deprecated</B></FONT></A>&nbsp;</TD>
  <TD BGCOLOR="#EEEEFF" CLASS="NavBarCell1">    <A HREF="../../../../../index-files/index-1.html"><FONT CLASS="NavBarFont1"><B>Index</B></FONT></A>&nbsp;</TD>
  <TD BGCOLOR="#EEEEFF" CLASS="NavBarCell1">    <A HREF="../../../../../help-doc.html"><FONT CLASS="NavBarFont1"><B>Help</B></FONT></A>&nbsp;</TD>
  </TR>
</TABLE>
</TD>
<TD ALIGN="right" VALIGN="top" ROWSPAN=3><EM>
</EM>
</TD>
</TR>

<TR>
<TD BGCOLOR="white" CLASS="NavBarCell2"><FONT SIZE="-2">
&nbsp;<A HREF="../../../../../com/golden/gamedev/object/sprite/AdvanceSprite.html" title="class in com.golden.gamedev.object.sprite"><B>PREV CLASS</B></A>&nbsp;
&nbsp;<A HREF="../../../../../com/golden/gamedev/object/sprite/PatternSprite.html" title="class in com.golden.gamedev.object.sprite"><B>NEXT CLASS</B></A></FONT></TD>
<TD BGCOLOR="white" CLASS="NavBarCell2"><FONT SIZE="-2">
  <A HREF="../../../../../index.html?com/golden/gamedev/object/sprite/InvisibleSprite.html" target="_top"><B>FRAMES</B></A>  &nbsp;
&nbsp;<A HREF="InvisibleSprite.html" target="_top"><B>NO FRAMES</B></A>  &nbsp;
&nbsp;<SCRIPT type="text/javascript">
  <!--
  if(window==top) {
    document.writeln('<A HREF="../../../../../allclasses-noframe.html"><B>All Classes</B></A>');
  }
  //-->
</SCRIPT>
<NOSCRIPT>
  <A HREF="../../../../../allclasses-noframe.html"><B>All Classes</B></A>
</NOSCRIPT>


</FONT></TD>
</TR>
<TR>
<TD VALIGN="top" CLASS="NavBarCell3"><FONT SIZE="-2">
  SUMMARY:&nbsp;NESTED&nbsp;|&nbsp;<A HREF="#fields_inherited_from_class_com.golden.gamedev.object.Sprite">FIELD</A>&nbsp;|&nbsp;<A HREF="#constructor_summary">CONSTR</A>&nbsp;|&nbsp;<A HREF="#method_summary">METHOD</A></FONT></TD>
<TD VALIGN="top" CLASS="NavBarCell3"><FONT SIZE="-2">
DETAIL:&nbsp;FIELD&nbsp;|&nbsp;<A HREF="#constructor_detail">CONSTR</A>&nbsp;|&nbsp;<A HREF="#method_detail">METHOD</A></FONT></TD>
</TR>
</TABLE>
<A NAME="skip-navbar_top"></A>
<!-- ========= END OF TOP NAVBAR ========= -->

<HR>
<!-- ======== START OF CLASS DATA ======== -->
<H2>
<FONT SIZE="-1">
com.golden.gamedev.object.sprite</FONT>
<BR>
Class InvisibleSprite</H2>
<PRE>
java.lang.Object
  <IMG SRC="../../../../../resources/inherit.gif" ALT="extended by "><A HREF="../../../../../com/golden/gamedev/object/Sprite.html" title="class in com.golden.gamedev.object">com.golden.gamedev.object.Sprite</A>
      <IMG SRC="../../../../../resources/inherit.gif" ALT="extended by "><B>com.golden.gamedev.object.sprite.InvisibleSprite</B>
</PRE>
<DL>
<DT><B>All Implemented Interfaces:</B> <DD>java.io.Serializable</DD>
</DL>
<HR>
<DL>
<DT><PRE>public class <B>InvisibleSprite</B><DT>extends <A HREF="../../../../../com/golden/gamedev/object/Sprite.html" title="class in com.golden.gamedev.object">Sprite</A></DL>
</PRE>

<P>
<code>InvisibleSprite</code> is sprite that has no graphical image,
 generally used in collision to make invisible block.
<P>

<P>
<DL>
<DT><B>See Also:</B><DD><A HREF="../../../../../serialized-form.html#com.golden.gamedev.object.sprite.InvisibleSprite">Serialized Form</A></DL>
<HR>

<P>
<!-- =========== FIELD SUMMARY =========== -->

<A NAME="field_summary"><!-- --></A>
<TABLE BORDER="1" WIDTH="100%" CELLPADDING="3" CELLSPACING="0" SUMMARY="">
<TR BGCOLOR="#CCCCFF" CLASS="TableHeadingColor">
<TH ALIGN="left" COLSPAN="2"><FONT SIZE="+2">
<B>Field Summary</B></FONT></TH>
</TR>
</TABLE>
&nbsp;<A NAME="fields_inherited_from_class_com.golden.gamedev.object.Sprite"><!-- --></A>
<TABLE BORDER="1" WIDTH="100%" CELLPADDING="3" CELLSPACING="0" SUMMARY="">
<TR BGCOLOR="#EEEEFF" CLASS="TableSubHeadingColor">
<TH ALIGN="left"><B>Fields inherited from class com.golden.gamedev.object.<A HREF="../../../../../com/golden/gamedev/object/Sprite.html" title="class in com.golden.gamedev.object">Sprite</A></B></TH>
</TR>
<TR BGCOLOR="white" CLASS="TableRowColor">
<TD><CODE><A HREF="../../../../../com/golden/gamedev/object/Sprite.html#defaultCollisionShape">defaultCollisionShape</A>, <A HREF="../../../../../com/golden/gamedev/object/Sprite.html#height">height</A>, <A HREF="../../../../../com/golden/gamedev/object/Sprite.html#width">width</A></CODE></TD>
</TR>
</TABLE>
&nbsp;
<!-- ======== CONSTRUCTOR SUMMARY ======== -->

<A NAME="constructor_summary"><!-- --></A>
<TABLE BORDER="1" WIDTH="100%" CELLPADDING="3" CELLSPACING="0" SUMMARY="">
<TR BGCOLOR="#CCCCFF" CLASS="TableHeadingColor">
<TH ALIGN="left" COLSPAN="2"><FONT SIZE="+2">
<B>Constructor Summary</B></FONT></TH>
</TR>
<TR BGCOLOR="white" CLASS="TableRowColor">
<TD><CODE><B><A HREF="../../../../../com/golden/gamedev/object/sprite/InvisibleSprite.html#InvisibleSprite(double, double, int, int)">InvisibleSprite</A></B>(double&nbsp;x,
                double&nbsp;y,
                int&nbsp;width,
                int&nbsp;height)</CODE>

<BR>
&nbsp;&nbsp;&nbsp;&nbsp;&nbsp;&nbsp;&nbsp;&nbsp;&nbsp;&nbsp;Creates new <code>InvisibleSprite</code> at specified position and
 specified size.</TD>
</TR>
</TABLE>
&nbsp;
<!-- ========== METHOD SUMMARY =========== -->

<A NAME="method_summary"><!-- --></A>
<TABLE BORDER="1" WIDTH="100%" CELLPADDING="3" CELLSPACING="0" SUMMARY="">
<TR BGCOLOR="#CCCCFF" CLASS="TableHeadingColor">
<TH ALIGN="left" COLSPAN="2"><FONT SIZE="+2">
<B>Method Summary</B></FONT></TH>
</TR>
<TR BGCOLOR="white" CLASS="TableRowColor">
<TD ALIGN="right" VALIGN="top" WIDTH="1%"><FONT SIZE="-1">
<CODE>&nbsp;void</CODE></FONT></TD>
<TD><CODE><B><A HREF="../../../../../com/golden/gamedev/object/sprite/InvisibleSprite.html#render(java.awt.Graphics2D)">render</A></B>(java.awt.Graphics2D&nbsp;g)</CODE>

<BR>
&nbsp;&nbsp;&nbsp;&nbsp;&nbsp;&nbsp;&nbsp;&nbsp;&nbsp;&nbsp;Renders nothing, the implementation of this method is blank.</TD>
</TR>
<TR BGCOLOR="white" CLASS="TableRowColor">
<TD ALIGN="right" VALIGN="top" WIDTH="1%"><FONT SIZE="-1">
<CODE>&nbsp;void</CODE></FONT></TD>
<TD><CODE><B><A HREF="../../../../../com/golden/gamedev/object/sprite/InvisibleSprite.html#render(java.awt.Graphics2D, int, int)">render</A></B>(java.awt.Graphics2D&nbsp;g,
       int&nbsp;x,
       int&nbsp;y)</CODE>

<BR>
&nbsp;&nbsp;&nbsp;&nbsp;&nbsp;&nbsp;&nbsp;&nbsp;&nbsp;&nbsp;Renders nothing, the implementation of this method is blank.</TD>
</TR>
</TABLE>
&nbsp;<A NAME="methods_inherited_from_class_com.golden.gamedev.object.Sprite"><!-- --></A>
<TABLE BORDER="1" WIDTH="100%" CELLPADDING="3" CELLSPACING="0" SUMMARY="">
<TR BGCOLOR="#EEEEFF" CLASS="TableSubHeadingColor">
<TH ALIGN="left"><B>Methods inherited from class com.golden.gamedev.object.<A HREF="../../../../../com/golden/gamedev/object/Sprite.html" title="class in com.golden.gamedev.object">Sprite</A></B></TH>
</TR>
<TR BGCOLOR="white" CLASS="TableRowColor">
<TD><CODE><A HREF="../../../../../com/golden/gamedev/object/Sprite.html#addHorizontalSpeed(long, double, double)">addHorizontalSpeed</A>, <A HREF="../../../../../com/golden/gamedev/object/Sprite.html#addVerticalSpeed(long, double, double)">addVerticalSpeed</A>, <A HREF="../../../../../com/golden/gamedev/object/Sprite.html#forceX(double)">forceX</A>, <A HREF="../../../../../com/golden/gamedev/object/Sprite.html#forceY(double)">forceY</A>, <A HREF="../../../../../com/golden/gamedev/object/Sprite.html#getBackground()">getBackground</A>, <A HREF="../../../../../com/golden/gamedev/object/Sprite.html#getCenterX()">getCenterX</A>, <A HREF="../../../../../com/golden/gamedev/object/Sprite.html#getCenterY()">getCenterY</A>, <A HREF="../../../../../com/golden/gamedev/object/Sprite.html#getDataID()">getDataID</A>, <A HREF="../../../../../com/golden/gamedev/object/Sprite.html#getDefaultCollisionShape()">getDefaultCollisionShape</A>, <A HREF="../../../../../com/golden/gamedev/object/Sprite.html#getDistance(com.golden.gamedev.object.Sprite)">getDistance</A>, <A HREF="../../../../../com/golden/gamedev/object/Sprite.html#getHeight()">getHeight</A>, <A HREF="../../../../../com/golden/gamedev/object/Sprite.html#getHorizontalSpeed()">getHorizontalSpeed</A>, <A HREF="../../../../../com/golden/gamedev/object/Sprite.html#getID()">getID</A>, <A HREF="../../../../../com/golden/gamedev/object/Sprite.html#getImage()">getImage</A>, <A HREF="../../../../../com/golden/gamedev/object/Sprite.html#getLayer()">getLayer</A>, <A HREF="../../../../../com/golden/gamedev/object/Sprite.html#getOldX()">getOldX</A>, <A HREF="../../../../../com/golden/gamedev/object/Sprite.html#getOldY()">getOldY</A>, <A HREF="../../../../../com/golden/gamedev/object/Sprite.html#getScreenX()">getScreenX</A>, <A HREF="../../../../../com/golden/gamedev/object/Sprite.html#getScreenY()">getScreenY</A>, <A HREF="../../../../../com/golden/gamedev/object/Sprite.html#getVerticalSpeed()">getVerticalSpeed</A>, <A HREF="../../../../../com/golden/gamedev/object/Sprite.html#getWidth()">getWidth</A>, <A HREF="../../../../../com/golden/gamedev/object/Sprite.html#getX()">getX</A>, <A HREF="../../../../../com/golden/gamedev/object/Sprite.html#getY()">getY</A>, <A HREF="../../../../../com/golden/gamedev/object/Sprite.html#isActive()">isActive</A>, <A HREF="../../../../../com/golden/gamedev/object/Sprite.html#isImmutable()">isImmutable</A>, <A HREF="../../../../../com/golden/gamedev/object/Sprite.html#isOnScreen()">isOnScreen</A>, <A HREF="../../../../../com/golden/gamedev/object/Sprite.html#isOnScreen(int, int, int, int)">isOnScreen</A>, <A HREF="../../../../../com/golden/gamedev/object/Sprite.html#move(double, double)">move</A>, <A HREF="../../../../../com/golden/gamedev/object/Sprite.html#moveTo(long, double, double, double)">moveTo</A>, <A HREF="../../../../../com/golden/gamedev/object/Sprite.html#moveX(double)">moveX</A>, <A HREF="../../../../../com/golden/gamedev/object/Sprite.html#moveY(double)">moveY</A>, <A HREF="../../../../../com/golden/gamedev/object/Sprite.html#setActive(boolean)">setActive</A>, <A HREF="../../../../../com/golden/gamedev/object/Sprite.html#setBackground(com.golden.gamedev.object.Background)">setBackground</A>, <A HREF="../../../../../com/golden/gamedev/object/Sprite.html#setDataID(java.lang.Object)">setDataID</A>, <A HREF="../../../../../com/golden/gamedev/object/Sprite.html#setHorizontalSpeed(double)">setHorizontalSpeed</A>, <A HREF="../../../../../com/golden/gamedev/object/Sprite.html#setID(int)">setID</A>, <A HREF="../../../../../com/golden/gamedev/object/Sprite.html#setImage(java.awt.image.BufferedImage)">setImage</A>, <A HREF="../../../../../com/golden/gamedev/object/Sprite.html#setImmutable(boolean)">setImmutable</A>, <A HREF="../../../../../com/golden/gamedev/object/Sprite.html#setLayer(int)">setLayer</A>, <A HREF="../../../../../com/golden/gamedev/object/Sprite.html#setLocation(double, double)">setLocation</A>, <A HREF="../../../../../com/golden/gamedev/object/Sprite.html#setMovement(double, double)">setMovement</A>, <A HREF="../../../../../com/golden/gamedev/object/Sprite.html#setSpeed(double, double)">setSpeed</A>, <A HREF="../../../../../com/golden/gamedev/object/Sprite.html#setVerticalSpeed(double)">setVerticalSpeed</A>, <A HREF="../../../../../com/golden/gamedev/object/Sprite.html#setX(double)">setX</A>, <A HREF="../../../../../com/golden/gamedev/object/Sprite.html#setY(double)">setY</A>, <A HREF="../../../../../com/golden/gamedev/object/Sprite.html#update(long)">update</A>, <A HREF="../../../../../com/golden/gamedev/object/Sprite.html#updateMovement(long)">updateMovement</A></CODE></TD>
</TR>
</TABLE>
&nbsp;<A NAME="methods_inherited_from_class_java.lang.Object"><!-- --></A>
<TABLE BORDER="1" WIDTH="100%" CELLPADDING="3" CELLSPACING="0" SUMMARY="">
<TR BGCOLOR="#EEEEFF" CLASS="TableSubHeadingColor">
<TH ALIGN="left"><B>Methods inherited from class java.lang.Object</B></TH>
</TR>
<TR BGCOLOR="white" CLASS="TableRowColor">
<TD><CODE>clone, equals, finalize, getClass, hashCode, notify, notifyAll, toString, wait, wait, wait</CODE></TD>
</TR>
</TABLE>
&nbsp;
<P>

<!-- ========= CONSTRUCTOR DETAIL ======== -->

<A NAME="constructor_detail"><!-- --></A>
<TABLE BORDER="1" WIDTH="100%" CELLPADDING="3" CELLSPACING="0" SUMMARY="">
<TR BGCOLOR="#CCCCFF" CLASS="TableHeadingColor">
<TH ALIGN="left" COLSPAN="1"><FONT SIZE="+2">
<B>Constructor Detail</B></FONT></TH>
</TR>
</TABLE>

<A NAME="InvisibleSprite(double, double, int, int)"><!-- --></A><H3>
InvisibleSprite</H3>
<PRE>
public <B>InvisibleSprite</B>(double&nbsp;x,
                       double&nbsp;y,
                       int&nbsp;width,
                       int&nbsp;height)</PRE>
<DL>
<DD>Creates new <code>InvisibleSprite</code> at specified position and
 specified size.
<P>
</DL>

<!-- ============ METHOD DETAIL ========== -->

<A NAME="method_detail"><!-- --></A>
<TABLE BORDER="1" WIDTH="100%" CELLPADDING="3" CELLSPACING="0" SUMMARY="">
<TR BGCOLOR="#CCCCFF" CLASS="TableHeadingColor">
<TH ALIGN="left" COLSPAN="1"><FONT SIZE="+2">
<B>Method Detail</B></FONT></TH>
</TR>
</TABLE>

<A NAME="render(java.awt.Graphics2D)"><!-- --></A><H3>
render</H3>
<PRE>
public void <B>render</B>(java.awt.Graphics2D&nbsp;g)</PRE>
<DL>
<DD>Renders nothing, the implementation of this method is blank.
<P>
<DD><DL>
<DT><B>Overrides:</B><DD><CODE><A HREF="../../../../../com/golden/gamedev/object/Sprite.html#render(java.awt.Graphics2D)">render</A></CODE> in class <CODE><A HREF="../../../../../com/golden/gamedev/object/Sprite.html" title="class in com.golden.gamedev.object">Sprite</A></CODE></DL>
</DD>
<DD><DL>
<DT><B>Parameters:</B><DD><CODE>g</CODE> - graphics context</DL>
</DD>
</DL>
<HR>

<A NAME="render(java.awt.Graphics2D, int, int)"><!-- --></A><H3>
render</H3>
<PRE>
public void <B>render</B>(java.awt.Graphics2D&nbsp;g,
                   int&nbsp;x,
                   int&nbsp;y)</PRE>
<DL>
<DD>Renders nothing, the implementation of this method is blank.
<P>
<DD><DL>
<DT><B>Overrides:</B><DD><CODE><A HREF="../../../../../com/golden/gamedev/object/Sprite.html#render(java.awt.Graphics2D, int, int)">render</A></CODE> in class <CODE><A HREF="../../../../../com/golden/gamedev/object/Sprite.html" title="class in com.golden.gamedev.object">Sprite</A></CODE></DL>
</DD>
<DD><DL>
<DT><B>Parameters:</B><DD><CODE>g</CODE> - graphics context<DD><CODE>x</CODE> - screen x-coordinate<DD><CODE>y</CODE> - screen y-coordinate</DL>
</DD>
</DL>
<!-- ========= END OF CLASS DATA ========= -->
<HR>


<!-- ======= START OF BOTTOM NAVBAR ====== -->
<A NAME="navbar_bottom"><!-- --></A>
<A HREF="#skip-navbar_bottom" title="Skip navigation links"></A>
<TABLE BORDER="0" WIDTH="100%" CELLPADDING="1" CELLSPACING="0" SUMMARY="">
<TR>
<TD COLSPAN=2 BGCOLOR="#EEEEFF" CLASS="NavBarCell1">
<A NAME="navbar_bottom_firstrow"><!-- --></A>
<TABLE BORDER="0" CELLPADDING="0" CELLSPACING="3" SUMMARY="">
  <TR ALIGN="center" VALIGN="top">
  <TD BGCOLOR="#EEEEFF" CLASS="NavBarCell1">    <A HREF="../../../../../overview-summary.html"><FONT CLASS="NavBarFont1"><B>Overview</B></FONT></A>&nbsp;</TD>
  <TD BGCOLOR="#EEEEFF" CLASS="NavBarCell1">    <A HREF="package-summary.html"><FONT CLASS="NavBarFont1"><B>Package</B></FONT></A>&nbsp;</TD>
  <TD BGCOLOR="#FFFFFF" CLASS="NavBarCell1Rev"> &nbsp;<FONT CLASS="NavBarFont1Rev"><B>Class</B></FONT>&nbsp;</TD>
  <TD BGCOLOR="#EEEEFF" CLASS="NavBarCell1">    <A HREF="class-use/InvisibleSprite.html"><FONT CLASS="NavBarFont1"><B>Use</B></FONT></A>&nbsp;</TD>
  <TD BGCOLOR="#EEEEFF" CLASS="NavBarCell1">    <A HREF="package-tree.html"><FONT CLASS="NavBarFont1"><B>Tree</B></FONT></A>&nbsp;</TD>
  <TD BGCOLOR="#EEEEFF" CLASS="NavBarCell1">    <A HREF="../../../../../deprecated-list.html"><FONT CLASS="NavBarFont1"><B>Deprecated</B></FONT></A>&nbsp;</TD>
  <TD BGCOLOR="#EEEEFF" CLASS="NavBarCell1">    <A HREF="../../../../../index-files/index-1.html"><FONT CLASS="NavBarFont1"><B>Index</B></FONT></A>&nbsp;</TD>
  <TD BGCOLOR="#EEEEFF" CLASS="NavBarCell1">    <A HREF="../../../../../help-doc.html"><FONT CLASS="NavBarFont1"><B>Help</B></FONT></A>&nbsp;</TD>
  </TR>
</TABLE>
</TD>
<TD ALIGN="right" VALIGN="top" ROWSPAN=3><EM>
</EM>
</TD>
</TR>

<TR>
<TD BGCOLOR="white" CLASS="NavBarCell2"><FONT SIZE="-2">
&nbsp;<A HREF="../../../../../com/golden/gamedev/object/sprite/AdvanceSprite.html" title="class in com.golden.gamedev.object.sprite"><B>PREV CLASS</B></A>&nbsp;
&nbsp;<A HREF="../../../../../com/golden/gamedev/object/sprite/PatternSprite.html" title="class in com.golden.gamedev.object.sprite"><B>NEXT CLASS</B></A></FONT></TD>
<TD BGCOLOR="white" CLASS="NavBarCell2"><FONT SIZE="-2">
  <A HREF="../../../../../index.html?com/golden/gamedev/object/sprite/InvisibleSprite.html" target="_top"><B>FRAMES</B></A>  &nbsp;
&nbsp;<A HREF="InvisibleSprite.html" target="_top"><B>NO FRAMES</B></A>  &nbsp;
&nbsp;<SCRIPT type="text/javascript">
  <!--
  if(window==top) {
    document.writeln('<A HREF="../../../../../allclasses-noframe.html"><B>All Classes</B></A>');
  }
  //-->
</SCRIPT>
<NOSCRIPT>
  <A HREF="../../../../../allclasses-noframe.html"><B>All Classes</B></A>
</NOSCRIPT>


</FONT></TD>
</TR>
<TR>
<TD VALIGN="top" CLASS="NavBarCell3"><FONT SIZE="-2">
  SUMMARY:&nbsp;NESTED&nbsp;|&nbsp;<A HREF="#fields_inherited_from_class_com.golden.gamedev.object.Sprite">FIELD</A>&nbsp;|&nbsp;<A HREF="#constructor_summary">CONSTR</A>&nbsp;|&nbsp;<A HREF="#method_summary">METHOD</A></FONT></TD>
<TD VALIGN="top" CLASS="NavBarCell3"><FONT SIZE="-2">
DETAIL:&nbsp;FIELD&nbsp;|&nbsp;<A HREF="#constructor_detail">CONSTR</A>&nbsp;|&nbsp;<A HREF="#method_detail">METHOD</A></FONT></TD>
</TR>
</TABLE>
<A NAME="skip-navbar_bottom"></A>
<!-- ======== END OF BOTTOM NAVBAR ======= -->

<HR>

</BODY>
</HTML>
