<!DOCTYPE HTML PUBLIC "-//W3C//DTD HTML 4.01 Transitional//EN" "http://www.w3.org/TR/html4/loose.dtd">
<!--NewPage-->
<HTML>
<HEAD>
<!-- Generated by javadoc (build 1.5.0_09) on Wed Oct 15 18:13:03 ART 2008 -->
<META http-equiv="Content-Type" content="text/html; charset=UTF-8">
<TITLE>
BToolTipRenderer
</TITLE>

<META NAME="keywords" CONTENT="com.golden.gamedev.gui.theme.basic.BToolTipRenderer class">

<LINK REL ="stylesheet" TYPE="text/css" HREF="../../../../../../stylesheet.css" TITLE="Style">

<SCRIPT type="text/javascript">
function windowTitle()
{
    parent.document.title="BToolTipRenderer";
}
</SCRIPT>
<NOSCRIPT>
</NOSCRIPT>

</HEAD>

<BODY BGCOLOR="white" onload="windowTitle();">


<!-- ========= START OF TOP NAVBAR ======= -->
<A NAME="navbar_top"><!-- --></A>
<A HREF="#skip-navbar_top" title="Skip navigation links"></A>
<TABLE BORDER="0" WIDTH="100%" CELLPADDING="1" CELLSPACING="0" SUMMARY="">
<TR>
<TD COLSPAN=2 BGCOLOR="#EEEEFF" CLASS="NavBarCell1">
<A NAME="navbar_top_firstrow"><!-- --></A>
<TABLE BORDER="0" CELLPADDING="0" CELLSPACING="3" SUMMARY="">
  <TR ALIGN="center" VALIGN="top">
  <TD BGCOLOR="#EEEEFF" CLASS="NavBarCell1">    <A HREF="../../../../../../overview-summary.html"><FONT CLASS="NavBarFont1"><B>Overview</B></FONT></A>&nbsp;</TD>
  <TD BGCOLOR="#EEEEFF" CLASS="NavBarCell1">    <A HREF="package-summary.html"><FONT CLASS="NavBarFont1"><B>Package</B></FONT></A>&nbsp;</TD>
  <TD BGCOLOR="#FFFFFF" CLASS="NavBarCell1Rev"> &nbsp;<FONT CLASS="NavBarFont1Rev"><B>Class</B></FONT>&nbsp;</TD>
  <TD BGCOLOR="#EEEEFF" CLASS="NavBarCell1">    <A HREF="class-use/BToolTipRenderer.html"><FONT CLASS="NavBarFont1"><B>Use</B></FONT></A>&nbsp;</TD>
  <TD BGCOLOR="#EEEEFF" CLASS="NavBarCell1">    <A HREF="package-tree.html"><FONT CLASS="NavBarFont1"><B>Tree</B></FONT></A>&nbsp;</TD>
  <TD BGCOLOR="#EEEEFF" CLASS="NavBarCell1">    <A HREF="../../../../../../deprecated-list.html"><FONT CLASS="NavBarFont1"><B>Deprecated</B></FONT></A>&nbsp;</TD>
  <TD BGCOLOR="#EEEEFF" CLASS="NavBarCell1">    <A HREF="../../../../../../index-files/index-1.html"><FONT CLASS="NavBarFont1"><B>Index</B></FONT></A>&nbsp;</TD>
  <TD BGCOLOR="#EEEEFF" CLASS="NavBarCell1">    <A HREF="../../../../../../help-doc.html"><FONT CLASS="NavBarFont1"><B>Help</B></FONT></A>&nbsp;</TD>
  </TR>
</TABLE>
</TD>
<TD ALIGN="right" VALIGN="top" ROWSPAN=3><EM>
</EM>
</TD>
</TR>

<TR>
<TD BGCOLOR="white" CLASS="NavBarCell2"><FONT SIZE="-2">
&nbsp;<A HREF="../../../../../../com/golden/gamedev/gui/theme/basic/BTitleBarRenderer.html" title="class in com.golden.gamedev.gui.theme.basic"><B>PREV CLASS</B></A>&nbsp;
&nbsp;NEXT CLASS</FONT></TD>
<TD BGCOLOR="white" CLASS="NavBarCell2"><FONT SIZE="-2">
  <A HREF="../../../../../../index.html?com/golden/gamedev/gui/theme/basic/BToolTipRenderer.html" target="_top"><B>FRAMES</B></A>  &nbsp;
&nbsp;<A HREF="BToolTipRenderer.html" target="_top"><B>NO FRAMES</B></A>  &nbsp;
&nbsp;<SCRIPT type="text/javascript">
  <!--
  if(window==top) {
    document.writeln('<A HREF="../../../../../../allclasses-noframe.html"><B>All Classes</B></A>');
  }
  //-->
</SCRIPT>
<NOSCRIPT>
  <A HREF="../../../../../../allclasses-noframe.html"><B>All Classes</B></A>
</NOSCRIPT>


</FONT></TD>
</TR>
<TR>
<TD VALIGN="top" CLASS="NavBarCell3"><FONT SIZE="-2">
  SUMMARY:&nbsp;NESTED&nbsp;|&nbsp;<A HREF="#fields_inherited_from_class_com.golden.gamedev.gui.toolkit.UIRenderer">FIELD</A>&nbsp;|&nbsp;<A HREF="#constructor_summary">CONSTR</A>&nbsp;|&nbsp;<A HREF="#method_summary">METHOD</A></FONT></TD>
<TD VALIGN="top" CLASS="NavBarCell3"><FONT SIZE="-2">
DETAIL:&nbsp;FIELD&nbsp;|&nbsp;<A HREF="#constructor_detail">CONSTR</A>&nbsp;|&nbsp;<A HREF="#method_detail">METHOD</A></FONT></TD>
</TR>
</TABLE>
<A NAME="skip-navbar_top"></A>
<!-- ========= END OF TOP NAVBAR ========= -->

<HR>
<!-- ======== START OF CLASS DATA ======== -->
<H2>
<FONT SIZE="-1">
com.golden.gamedev.gui.theme.basic</FONT>
<BR>
Class BToolTipRenderer</H2>
<PRE>
java.lang.Object
  <IMG SRC="../../../../../../resources/inherit.gif" ALT="extended by "><A HREF="../../../../../../com/golden/gamedev/gui/toolkit/UIRenderer.html" title="class in com.golden.gamedev.gui.toolkit">com.golden.gamedev.gui.toolkit.UIRenderer</A>
      <IMG SRC="../../../../../../resources/inherit.gif" ALT="extended by "><B>com.golden.gamedev.gui.theme.basic.BToolTipRenderer</B>
</PRE>
<HR>
<DL>
<DT><PRE>public class <B>BToolTipRenderer</B><DT>extends <A HREF="../../../../../../com/golden/gamedev/gui/toolkit/UIRenderer.html" title="class in com.golden.gamedev.gui.toolkit">UIRenderer</A></DL>
</PRE>

<P>
<HR>

<P>
<!-- =========== FIELD SUMMARY =========== -->

<A NAME="field_summary"><!-- --></A>
<TABLE BORDER="1" WIDTH="100%" CELLPADDING="3" CELLSPACING="0" SUMMARY="">
<TR BGCOLOR="#CCCCFF" CLASS="TableHeadingColor">
<TH ALIGN="left" COLSPAN="2"><FONT SIZE="+2">
<B>Field Summary</B></FONT></TH>
</TR>
</TABLE>
&nbsp;<A NAME="fields_inherited_from_class_com.golden.gamedev.gui.toolkit.UIRenderer"><!-- --></A>
<TABLE BORDER="1" WIDTH="100%" CELLPADDING="3" CELLSPACING="0" SUMMARY="">
<TR BGCOLOR="#EEEEFF" CLASS="TableSubHeadingColor">
<TH ALIGN="left"><B>Fields inherited from class com.golden.gamedev.gui.toolkit.<A HREF="../../../../../../com/golden/gamedev/gui/toolkit/UIRenderer.html" title="class in com.golden.gamedev.gui.toolkit">UIRenderer</A></B></TH>
</TR>
<TR BGCOLOR="white" CLASS="TableRowColor">
<TD><CODE><A HREF="../../../../../../com/golden/gamedev/gui/toolkit/UIRenderer.html#immutable">immutable</A></CODE></TD>
</TR>
</TABLE>
&nbsp;
<!-- ======== CONSTRUCTOR SUMMARY ======== -->

<A NAME="constructor_summary"><!-- --></A>
<TABLE BORDER="1" WIDTH="100%" CELLPADDING="3" CELLSPACING="0" SUMMARY="">
<TR BGCOLOR="#CCCCFF" CLASS="TableHeadingColor">
<TH ALIGN="left" COLSPAN="2"><FONT SIZE="+2">
<B>Constructor Summary</B></FONT></TH>
</TR>
<TR BGCOLOR="white" CLASS="TableRowColor">
<TD><CODE><B><A HREF="../../../../../../com/golden/gamedev/gui/theme/basic/BToolTipRenderer.html#BToolTipRenderer()">BToolTipRenderer</A></B>()</CODE>

<BR>
&nbsp;&nbsp;&nbsp;&nbsp;&nbsp;&nbsp;&nbsp;&nbsp;&nbsp;&nbsp;&nbsp;</TD>
</TR>
</TABLE>
&nbsp;
<!-- ========== METHOD SUMMARY =========== -->

<A NAME="method_summary"><!-- --></A>
<TABLE BORDER="1" WIDTH="100%" CELLPADDING="3" CELLSPACING="0" SUMMARY="">
<TR BGCOLOR="#CCCCFF" CLASS="TableHeadingColor">
<TH ALIGN="left" COLSPAN="2"><FONT SIZE="+2">
<B>Method Summary</B></FONT></TH>
</TR>
<TR BGCOLOR="white" CLASS="TableRowColor">
<TD ALIGN="right" VALIGN="top" WIDTH="1%"><FONT SIZE="-1">
<CODE>&nbsp;java.awt.image.BufferedImage[]</CODE></FONT></TD>
<TD><CODE><B><A HREF="../../../../../../com/golden/gamedev/gui/theme/basic/BToolTipRenderer.html#createUI(com.golden.gamedev.gui.toolkit.TComponent, int, int)">createUI</A></B>(<A HREF="../../../../../../com/golden/gamedev/gui/toolkit/TComponent.html" title="class in com.golden.gamedev.gui.toolkit">TComponent</A>&nbsp;component,
         int&nbsp;w,
         int&nbsp;h)</CODE>

<BR>
&nbsp;&nbsp;&nbsp;&nbsp;&nbsp;&nbsp;&nbsp;&nbsp;&nbsp;&nbsp;Creates component UI with specified size.</TD>
</TR>
<TR BGCOLOR="white" CLASS="TableRowColor">
<TD ALIGN="right" VALIGN="top" WIDTH="1%"><FONT SIZE="-1">
<CODE>&nbsp;void</CODE></FONT></TD>
<TD><CODE><B><A HREF="../../../../../../com/golden/gamedev/gui/theme/basic/BToolTipRenderer.html#processUI(com.golden.gamedev.gui.toolkit.TComponent, java.awt.image.BufferedImage[])">processUI</A></B>(<A HREF="../../../../../../com/golden/gamedev/gui/toolkit/TComponent.html" title="class in com.golden.gamedev.gui.toolkit">TComponent</A>&nbsp;component,
          java.awt.image.BufferedImage[]&nbsp;ui)</CODE>

<BR>
&nbsp;&nbsp;&nbsp;&nbsp;&nbsp;&nbsp;&nbsp;&nbsp;&nbsp;&nbsp;Process component UI.</TD>
</TR>
<TR BGCOLOR="white" CLASS="TableRowColor">
<TD ALIGN="right" VALIGN="top" WIDTH="1%"><FONT SIZE="-1">
<CODE>&nbsp;void</CODE></FONT></TD>
<TD><CODE><B><A HREF="../../../../../../com/golden/gamedev/gui/theme/basic/BToolTipRenderer.html#renderUI(java.awt.Graphics2D, int, int, com.golden.gamedev.gui.toolkit.TComponent, java.awt.image.BufferedImage[])">renderUI</A></B>(java.awt.Graphics2D&nbsp;g,
         int&nbsp;x,
         int&nbsp;y,
         <A HREF="../../../../../../com/golden/gamedev/gui/toolkit/TComponent.html" title="class in com.golden.gamedev.gui.toolkit">TComponent</A>&nbsp;component,
         java.awt.image.BufferedImage[]&nbsp;ui)</CODE>

<BR>
&nbsp;&nbsp;&nbsp;&nbsp;&nbsp;&nbsp;&nbsp;&nbsp;&nbsp;&nbsp;Renders component UI to specified location.</TD>
</TR>
<TR BGCOLOR="white" CLASS="TableRowColor">
<TD ALIGN="right" VALIGN="top" WIDTH="1%"><FONT SIZE="-1">
<CODE>&nbsp;java.lang.String[]</CODE></FONT></TD>
<TD><CODE><B><A HREF="../../../../../../com/golden/gamedev/gui/theme/basic/BToolTipRenderer.html#UIDescription()">UIDescription</A></B>()</CODE>

<BR>
&nbsp;&nbsp;&nbsp;&nbsp;&nbsp;&nbsp;&nbsp;&nbsp;&nbsp;&nbsp;Description of UI created by this renderer.</TD>
</TR>
<TR BGCOLOR="white" CLASS="TableRowColor">
<TD ALIGN="right" VALIGN="top" WIDTH="1%"><FONT SIZE="-1">
<CODE>&nbsp;java.lang.String</CODE></FONT></TD>
<TD><CODE><B><A HREF="../../../../../../com/golden/gamedev/gui/theme/basic/BToolTipRenderer.html#UIName()">UIName</A></B>()</CODE>

<BR>
&nbsp;&nbsp;&nbsp;&nbsp;&nbsp;&nbsp;&nbsp;&nbsp;&nbsp;&nbsp;This renderer will only render components with name equal with this
 renderer name.</TD>
</TR>
</TABLE>
&nbsp;<A NAME="methods_inherited_from_class_com.golden.gamedev.gui.toolkit.UIRenderer"><!-- --></A>
<TABLE BORDER="1" WIDTH="100%" CELLPADDING="3" CELLSPACING="0" SUMMARY="">
<TR BGCOLOR="#EEEEFF" CLASS="TableSubHeadingColor">
<TH ALIGN="left"><B>Methods inherited from class com.golden.gamedev.gui.toolkit.<A HREF="../../../../../../com/golden/gamedev/gui/toolkit/UIRenderer.html" title="class in com.golden.gamedev.gui.toolkit">UIRenderer</A></B></TH>
</TR>
<TR BGCOLOR="white" CLASS="TableRowColor">
<TD><CODE><A HREF="../../../../../../com/golden/gamedev/gui/toolkit/UIRenderer.html#get(java.lang.String, com.golden.gamedev.gui.toolkit.TComponent)">get</A>, <A HREF="../../../../../../com/golden/gamedev/gui/toolkit/UIRenderer.html#printUIDescription()">printUIDescription</A>, <A HREF="../../../../../../com/golden/gamedev/gui/toolkit/UIRenderer.html#printUIResource()">printUIResource</A>, <A HREF="../../../../../../com/golden/gamedev/gui/toolkit/UIRenderer.html#printUIResource(com.golden.gamedev.gui.toolkit.TComponent)">printUIResource</A>, <A HREF="../../../../../../com/golden/gamedev/gui/toolkit/UIRenderer.html#put(java.lang.String, java.lang.Object)">put</A>, <A HREF="../../../../../../com/golden/gamedev/gui/toolkit/UIRenderer.html#remove(java.lang.String)">remove</A>, <A HREF="../../../../../../com/golden/gamedev/gui/toolkit/UIRenderer.html#toString()">toString</A>, <A HREF="../../../../../../com/golden/gamedev/gui/toolkit/UIRenderer.html#UIResource()">UIResource</A></CODE></TD>
</TR>
</TABLE>
&nbsp;<A NAME="methods_inherited_from_class_java.lang.Object"><!-- --></A>
<TABLE BORDER="1" WIDTH="100%" CELLPADDING="3" CELLSPACING="0" SUMMARY="">
<TR BGCOLOR="#EEEEFF" CLASS="TableSubHeadingColor">
<TH ALIGN="left"><B>Methods inherited from class java.lang.Object</B></TH>
</TR>
<TR BGCOLOR="white" CLASS="TableRowColor">
<TD><CODE>clone, equals, finalize, getClass, hashCode, notify, notifyAll, wait, wait, wait</CODE></TD>
</TR>
</TABLE>
&nbsp;
<P>

<!-- ========= CONSTRUCTOR DETAIL ======== -->

<A NAME="constructor_detail"><!-- --></A>
<TABLE BORDER="1" WIDTH="100%" CELLPADDING="3" CELLSPACING="0" SUMMARY="">
<TR BGCOLOR="#CCCCFF" CLASS="TableHeadingColor">
<TH ALIGN="left" COLSPAN="1"><FONT SIZE="+2">
<B>Constructor Detail</B></FONT></TH>
</TR>
</TABLE>

<A NAME="BToolTipRenderer()"><!-- --></A><H3>
BToolTipRenderer</H3>
<PRE>
public <B>BToolTipRenderer</B>()</PRE>
<DL>
</DL>

<!-- ============ METHOD DETAIL ========== -->

<A NAME="method_detail"><!-- --></A>
<TABLE BORDER="1" WIDTH="100%" CELLPADDING="3" CELLSPACING="0" SUMMARY="">
<TR BGCOLOR="#CCCCFF" CLASS="TableHeadingColor">
<TH ALIGN="left" COLSPAN="1"><FONT SIZE="+2">
<B>Method Detail</B></FONT></TH>
</TR>
</TABLE>

<A NAME="UIName()"><!-- --></A><H3>
UIName</H3>
<PRE>
public java.lang.String <B>UIName</B>()</PRE>
<DL>
<DD><B>Description copied from class: <CODE><A HREF="../../../../../../com/golden/gamedev/gui/toolkit/UIRenderer.html#UIName()">UIRenderer</A></CODE></B></DD>
<DD>This renderer will only render components with name equal with this
 renderer name.
<P>
<DD><DL>
<DT><B>Specified by:</B><DD><CODE><A HREF="../../../../../../com/golden/gamedev/gui/toolkit/UIRenderer.html#UIName()">UIName</A></CODE> in class <CODE><A HREF="../../../../../../com/golden/gamedev/gui/toolkit/UIRenderer.html" title="class in com.golden.gamedev.gui.toolkit">UIRenderer</A></CODE></DL>
</DD>
<DD><DL>
<DT><B>See Also:</B><DD><A HREF="../../../../../../com/golden/gamedev/gui/toolkit/TComponent.html#UIName()"><CODE>TComponent.UIName()</CODE></A></DL>
</DD>
</DL>
<HR>

<A NAME="UIDescription()"><!-- --></A><H3>
UIDescription</H3>
<PRE>
public java.lang.String[] <B>UIDescription</B>()</PRE>
<DL>
<DD><B>Description copied from class: <CODE><A HREF="../../../../../../com/golden/gamedev/gui/toolkit/UIRenderer.html#UIDescription()">UIRenderer</A></CODE></B></DD>
<DD>Description of UI created by this renderer. Component that used external
 UI must follow this UI description for proper rendering.
<P>
<DD><DL>
<DT><B>Specified by:</B><DD><CODE><A HREF="../../../../../../com/golden/gamedev/gui/toolkit/UIRenderer.html#UIDescription()">UIDescription</A></CODE> in class <CODE><A HREF="../../../../../../com/golden/gamedev/gui/toolkit/UIRenderer.html" title="class in com.golden.gamedev.gui.toolkit">UIRenderer</A></CODE></DL>
</DD>
<DD><DL>
<DT><B>See Also:</B><DD><A HREF="../../../../../../com/golden/gamedev/gui/toolkit/TComponent.html#setExternalUI(java.awt.image.BufferedImage[], boolean)"><CODE>TComponent.setExternalUI(BufferedImage[], boolean)</CODE></A></DL>
</DD>
</DL>
<HR>

<A NAME="createUI(com.golden.gamedev.gui.toolkit.TComponent, int, int)"><!-- --></A><H3>
createUI</H3>
<PRE>
public java.awt.image.BufferedImage[] <B>createUI</B>(<A HREF="../../../../../../com/golden/gamedev/gui/toolkit/TComponent.html" title="class in com.golden.gamedev.gui.toolkit">TComponent</A>&nbsp;component,
                                               int&nbsp;w,
                                               int&nbsp;h)</PRE>
<DL>
<DD><B>Description copied from class: <CODE><A HREF="../../../../../../com/golden/gamedev/gui/toolkit/UIRenderer.html#createUI(com.golden.gamedev.gui.toolkit.TComponent, int, int)">UIRenderer</A></CODE></B></DD>
<DD>Creates component UI with specified size.
<P>
<DD><DL>
<DT><B>Specified by:</B><DD><CODE><A HREF="../../../../../../com/golden/gamedev/gui/toolkit/UIRenderer.html#createUI(com.golden.gamedev.gui.toolkit.TComponent, int, int)">createUI</A></CODE> in class <CODE><A HREF="../../../../../../com/golden/gamedev/gui/toolkit/UIRenderer.html" title="class in com.golden.gamedev.gui.toolkit">UIRenderer</A></CODE></DL>
</DD>
<DD><DL>
</DL>
</DD>
</DL>
<HR>

<A NAME="processUI(com.golden.gamedev.gui.toolkit.TComponent, java.awt.image.BufferedImage[])"><!-- --></A><H3>
processUI</H3>
<PRE>
public void <B>processUI</B>(<A HREF="../../../../../../com/golden/gamedev/gui/toolkit/TComponent.html" title="class in com.golden.gamedev.gui.toolkit">TComponent</A>&nbsp;component,
                      java.awt.image.BufferedImage[]&nbsp;ui)</PRE>
<DL>
<DD><B>Description copied from class: <CODE><A HREF="../../../../../../com/golden/gamedev/gui/toolkit/UIRenderer.html#processUI(com.golden.gamedev.gui.toolkit.TComponent, java.awt.image.BufferedImage[])">UIRenderer</A></CODE></B></DD>
<DD>Process component UI.
<P>
<DD><DL>
<DT><B>Specified by:</B><DD><CODE><A HREF="../../../../../../com/golden/gamedev/gui/toolkit/UIRenderer.html#processUI(com.golden.gamedev.gui.toolkit.TComponent, java.awt.image.BufferedImage[])">processUI</A></CODE> in class <CODE><A HREF="../../../../../../com/golden/gamedev/gui/toolkit/UIRenderer.html" title="class in com.golden.gamedev.gui.toolkit">UIRenderer</A></CODE></DL>
</DD>
<DD><DL>
</DL>
</DD>
</DL>
<HR>

<A NAME="renderUI(java.awt.Graphics2D, int, int, com.golden.gamedev.gui.toolkit.TComponent, java.awt.image.BufferedImage[])"><!-- --></A><H3>
renderUI</H3>
<PRE>
public void <B>renderUI</B>(java.awt.Graphics2D&nbsp;g,
                     int&nbsp;x,
                     int&nbsp;y,
                     <A HREF="../../../../../../com/golden/gamedev/gui/toolkit/TComponent.html" title="class in com.golden.gamedev.gui.toolkit">TComponent</A>&nbsp;component,
                     java.awt.image.BufferedImage[]&nbsp;ui)</PRE>
<DL>
<DD><B>Description copied from class: <CODE><A HREF="../../../../../../com/golden/gamedev/gui/toolkit/UIRenderer.html#renderUI(java.awt.Graphics2D, int, int, com.golden.gamedev.gui.toolkit.TComponent, java.awt.image.BufferedImage[])">UIRenderer</A></CODE></B></DD>
<DD>Renders component UI to specified location.
<P>
<DD><DL>
<DT><B>Specified by:</B><DD><CODE><A HREF="../../../../../../com/golden/gamedev/gui/toolkit/UIRenderer.html#renderUI(java.awt.Graphics2D, int, int, com.golden.gamedev.gui.toolkit.TComponent, java.awt.image.BufferedImage[])">renderUI</A></CODE> in class <CODE><A HREF="../../../../../../com/golden/gamedev/gui/toolkit/UIRenderer.html" title="class in com.golden.gamedev.gui.toolkit">UIRenderer</A></CODE></DL>
</DD>
<DD><DL>
</DL>
</DD>
</DL>
<!-- ========= END OF CLASS DATA ========= -->
<HR>


<!-- ======= START OF BOTTOM NAVBAR ====== -->
<A NAME="navbar_bottom"><!-- --></A>
<A HREF="#skip-navbar_bottom" title="Skip navigation links"></A>
<TABLE BORDER="0" WIDTH="100%" CELLPADDING="1" CELLSPACING="0" SUMMARY="">
<TR>
<TD COLSPAN=2 BGCOLOR="#EEEEFF" CLASS="NavBarCell1">
<A NAME="navbar_bottom_firstrow"><!-- --></A>
<TABLE BORDER="0" CELLPADDING="0" CELLSPACING="3" SUMMARY="">
  <TR ALIGN="center" VALIGN="top">
  <TD BGCOLOR="#EEEEFF" CLASS="NavBarCell1">    <A HREF="../../../../../../overview-summary.html"><FONT CLASS="NavBarFont1"><B>Overview</B></FONT></A>&nbsp;</TD>
  <TD BGCOLOR="#EEEEFF" CLASS="NavBarCell1">    <A HREF="package-summary.html"><FONT CLASS="NavBarFont1"><B>Package</B></FONT></A>&nbsp;</TD>
  <TD BGCOLOR="#FFFFFF" CLASS="NavBarCell1Rev"> &nbsp;<FONT CLASS="NavBarFont1Rev"><B>Class</B></FONT>&nbsp;</TD>
  <TD BGCOLOR="#EEEEFF" CLASS="NavBarCell1">    <A HREF="class-use/BToolTipRenderer.html"><FONT CLASS="NavBarFont1"><B>Use</B></FONT></A>&nbsp;</TD>
  <TD BGCOLOR="#EEEEFF" CLASS="NavBarCell1">    <A HREF="package-tree.html"><FONT CLASS="NavBarFont1"><B>Tree</B></FONT></A>&nbsp;</TD>
  <TD BGCOLOR="#EEEEFF" CLASS="NavBarCell1">    <A HREF="../../../../../../deprecated-list.html"><FONT CLASS="NavBarFont1"><B>Deprecated</B></FONT></A>&nbsp;</TD>
  <TD BGCOLOR="#EEEEFF" CLASS="NavBarCell1">    <A HREF="../../../../../../index-files/index-1.html"><FONT CLASS="NavBarFont1"><B>Index</B></FONT></A>&nbsp;</TD>
  <TD BGCOLOR="#EEEEFF" CLASS="NavBarCell1">    <A HREF="../../../../../../help-doc.html"><FONT CLASS="NavBarFont1"><B>Help</B></FONT></A>&nbsp;</TD>
  </TR>
</TABLE>
</TD>
<TD ALIGN="right" VALIGN="top" ROWSPAN=3><EM>
</EM>
</TD>
</TR>

<TR>
<TD BGCOLOR="white" CLASS="NavBarCell2"><FONT SIZE="-2">
&nbsp;<A HREF="../../../../../../com/golden/gamedev/gui/theme/basic/BTitleBarRenderer.html" title="class in com.golden.gamedev.gui.theme.basic"><B>PREV CLASS</B></A>&nbsp;
&nbsp;NEXT CLASS</FONT></TD>
<TD BGCOLOR="white" CLASS="NavBarCell2"><FONT SIZE="-2">
  <A HREF="../../../../../../index.html?com/golden/gamedev/gui/theme/basic/BToolTipRenderer.html" target="_top"><B>FRAMES</B></A>  &nbsp;
&nbsp;<A HREF="BToolTipRenderer.html" target="_top"><B>NO FRAMES</B></A>  &nbsp;
&nbsp;<SCRIPT type="text/javascript">
  <!--
  if(window==top) {
    document.writeln('<A HREF="../../../../../../allclasses-noframe.html"><B>All Classes</B></A>');
  }
  //-->
</SCRIPT>
<NOSCRIPT>
  <A HREF="../../../../../../allclasses-noframe.html"><B>All Classes</B></A>
</NOSCRIPT>


</FONT></TD>
</TR>
<TR>
<TD VALIGN="top" CLASS="NavBarCell3"><FONT SIZE="-2">
  SUMMARY:&nbsp;NESTED&nbsp;|&nbsp;<A HREF="#fields_inherited_from_class_com.golden.gamedev.gui.toolkit.UIRenderer">FIELD</A>&nbsp;|&nbsp;<A HREF="#constructor_summary">CONSTR</A>&nbsp;|&nbsp;<A HREF="#method_summary">METHOD</A></FONT></TD>
<TD VALIGN="top" CLASS="NavBarCell3"><FONT SIZE="-2">
DETAIL:&nbsp;FIELD&nbsp;|&nbsp;<A HREF="#constructor_detail">CONSTR</A>&nbsp;|&nbsp;<A HREF="#method_detail">METHOD</A></FONT></TD>
</TR>
</TABLE>
<A NAME="skip-navbar_bottom"></A>
<!-- ======== END OF BOTTOM NAVBAR ======= -->

<HR>

</BODY>
</HTML>
