<!DOCTYPE HTML PUBLIC "-//W3C//DTD HTML 4.01 Transitional//EN" "http://www.w3.org/TR/html4/loose.dtd">
<!--NewPage-->
<HTML>
<HEAD>
<!-- Generated by javadoc (build 1.5.0_09) on Wed Oct 15 17:35:35 ART 2008 -->
<META http-equiv="Content-Type" content="text/html; charset=UTF-8">
<TITLE>
OpenGLGameLoader
</TITLE>

<META NAME="keywords" CONTENT="com.golden.gamedev.OpenGLGameLoader class">

<LINK REL ="stylesheet" TYPE="text/css" HREF="../../../stylesheet.css" TITLE="Style">

<SCRIPT type="text/javascript">
function windowTitle()
{
    parent.document.title="OpenGLGameLoader";
}
</SCRIPT>
<NOSCRIPT>
</NOSCRIPT>

</HEAD>

<BODY BGCOLOR="white" onload="windowTitle();">


<!-- ========= START OF TOP NAVBAR ======= -->
<A NAME="navbar_top"><!-- --></A>
<A HREF="#skip-navbar_top" title="Skip navigation links"></A>
<TABLE BORDER="0" WIDTH="100%" CELLPADDING="1" CELLSPACING="0" SUMMARY="">
<TR>
<TD COLSPAN=2 BGCOLOR="#EEEEFF" CLASS="NavBarCell1">
<A NAME="navbar_top_firstrow"><!-- --></A>
<TABLE BORDER="0" CELLPADDING="0" CELLSPACING="3" SUMMARY="">
  <TR ALIGN="center" VALIGN="top">
  <TD BGCOLOR="#EEEEFF" CLASS="NavBarCell1">    <A HREF="../../../overview-summary.html"><FONT CLASS="NavBarFont1"><B>Overview</B></FONT></A>&nbsp;</TD>
  <TD BGCOLOR="#EEEEFF" CLASS="NavBarCell1">    <A HREF="package-summary.html"><FONT CLASS="NavBarFont1"><B>Package</B></FONT></A>&nbsp;</TD>
  <TD BGCOLOR="#FFFFFF" CLASS="NavBarCell1Rev"> &nbsp;<FONT CLASS="NavBarFont1Rev"><B>Class</B></FONT>&nbsp;</TD>
  <TD BGCOLOR="#EEEEFF" CLASS="NavBarCell1">    <A HREF="class-use/OpenGLGameLoader.html"><FONT CLASS="NavBarFont1"><B>Use</B></FONT></A>&nbsp;</TD>
  <TD BGCOLOR="#EEEEFF" CLASS="NavBarCell1">    <A HREF="package-tree.html"><FONT CLASS="NavBarFont1"><B>Tree</B></FONT></A>&nbsp;</TD>
  <TD BGCOLOR="#EEEEFF" CLASS="NavBarCell1">    <A HREF="../../../deprecated-list.html"><FONT CLASS="NavBarFont1"><B>Deprecated</B></FONT></A>&nbsp;</TD>
  <TD BGCOLOR="#EEEEFF" CLASS="NavBarCell1">    <A HREF="../../../index-files/index-1.html"><FONT CLASS="NavBarFont1"><B>Index</B></FONT></A>&nbsp;</TD>
  <TD BGCOLOR="#EEEEFF" CLASS="NavBarCell1">    <A HREF="../../../help-doc.html"><FONT CLASS="NavBarFont1"><B>Help</B></FONT></A>&nbsp;</TD>
  </TR>
</TABLE>
</TD>
<TD ALIGN="right" VALIGN="top" ROWSPAN=3><EM>
</EM>
</TD>
</TR>

<TR>
<TD BGCOLOR="white" CLASS="NavBarCell2"><FONT SIZE="-2">
&nbsp;PREV CLASS&nbsp;
&nbsp;NEXT CLASS</FONT></TD>
<TD BGCOLOR="white" CLASS="NavBarCell2"><FONT SIZE="-2">
  <A HREF="../../../index.html?com/golden/gamedev/OpenGLGameLoader.html" target="_top"><B>FRAMES</B></A>  &nbsp;
&nbsp;<A HREF="OpenGLGameLoader.html" target="_top"><B>NO FRAMES</B></A>  &nbsp;
&nbsp;<SCRIPT type="text/javascript">
  <!--
  if(window==top) {
    document.writeln('<A HREF="../../../allclasses-noframe.html"><B>All Classes</B></A>');
  }
  //-->
</SCRIPT>
<NOSCRIPT>
  <A HREF="../../../allclasses-noframe.html"><B>All Classes</B></A>
</NOSCRIPT>


</FONT></TD>
</TR>
<TR>
<TD VALIGN="top" CLASS="NavBarCell3"><FONT SIZE="-2">
  SUMMARY:&nbsp;<A HREF="#nested_classes_inherited_from_class_com.golden.gamedev.GameLoader">NESTED</A>&nbsp;|&nbsp;<A HREF="#fields_inherited_from_class_com.golden.gamedev.GameLoader">FIELD</A>&nbsp;|&nbsp;<A HREF="#constructor_summary">CONSTR</A>&nbsp;|&nbsp;<A HREF="#method_summary">METHOD</A></FONT></TD>
<TD VALIGN="top" CLASS="NavBarCell3"><FONT SIZE="-2">
DETAIL:&nbsp;FIELD&nbsp;|&nbsp;<A HREF="#constructor_detail">CONSTR</A>&nbsp;|&nbsp;<A HREF="#method_detail">METHOD</A></FONT></TD>
</TR>
</TABLE>
<A NAME="skip-navbar_top"></A>
<!-- ========= END OF TOP NAVBAR ========= -->

<HR>
<!-- ======== START OF CLASS DATA ======== -->
<H2>
<FONT SIZE="-1">
com.golden.gamedev</FONT>
<BR>
Class OpenGLGameLoader</H2>
<PRE>
java.lang.Object
  <IMG SRC="../../../resources/inherit.gif" ALT="extended by ">java.awt.Component
      <IMG SRC="../../../resources/inherit.gif" ALT="extended by ">java.awt.Container
          <IMG SRC="../../../resources/inherit.gif" ALT="extended by ">java.awt.Panel
              <IMG SRC="../../../resources/inherit.gif" ALT="extended by ">java.applet.Applet
                  <IMG SRC="../../../resources/inherit.gif" ALT="extended by ">com.golden.gamedev.engine.graphics.AppletMode
                      <IMG SRC="../../../resources/inherit.gif" ALT="extended by ">com.golden.gamedev.GameLoader
                          <IMG SRC="../../../resources/inherit.gif" ALT="extended by "><B>com.golden.gamedev.OpenGLGameLoader</B>
</PRE>
<DL>
<DT><B>All Implemented Interfaces:</B> <DD>com.golden.gamedev.engine.BaseGraphics, java.awt.event.WindowListener, java.awt.image.ImageObserver, java.awt.MenuContainer, java.io.Serializable, java.lang.Runnable, java.util.EventListener, javax.accessibility.Accessible</DD>
</DL>
<HR>
<DL>
<DT><PRE>public class <B>OpenGLGameLoader</B><DT>extends com.golden.gamedev.GameLoader</DL>
</PRE>

<P>
Extending <code>GameLoader</code> class for loading game with the support
 of OpenGL renderer using LWJGL or JOGL.
 <p>
 
 You must download LWJGL and/or JOGL library from its official site to use
 this class. <br>
 Download LWJGL library if you want to use OpenGL via LWJGL. <br>
 Download JOGL library if you want to use OpenGL via JOGL. <br>
 Or download both libraries if you want your game can be running in both mode.
 <p>
 
 LWJGL is available to download at <a href="http://lwjgl.org/"
 target="_blank">http://lwjgl.org/</a>. <br>
 JOGL is available to download at <a href="https://jogl.dev.java.net/"
 target="_blank">https://jogl.dev.java.net/</a>.
 <p>
 
 Make sure the downloaded library is included into your game classpath before
 using this class.
 <p>
 
 <b>Note: GTGE is not associated in any way with LWJGL and JOGL, this class is
 only interfacing LWJGL and JOGL to be used in GTGE. <br>
 This class is created and has been tested to be working properly using
 <em>LWJGL v0.95</em> and <em>JOGL v1.1b-08</em>.</b>
 <p>
 
 Example how-to-use <code>OpenGLGameLoader</code> :
 
 <pre>
 public class YourGame extends Game {
        
        public static void main(String[] args) {
          &lt;b&gt;OpenGLGameLoader&lt;/b&gt; game = new OpenGLGameLoader();
          // init game with OpenGL LWJGL fullscreen mode
          // 640x480 screen resolution
          game.setupLWJGL(&lt;b&gt;new YourGame()&lt;/b&gt;, new Dimension(640,480), true);
          // init game with OpenGL JOGL fullscreen mode
          // 640x480 screen resolution
          //game.setupJOGL(&lt;b&gt;new YourGame()&lt;/b&gt;, new Dimension(640,480), true);
          // init game with Java2D fullscreen mode
          // 640x480 screen resolution
          //game.setup(&lt;b&gt;new YourGame()&lt;/b&gt;, new Dimension(640,480), true);
          // pick the graphics engine you like
          // in this example we pick OpenGL via LWJGL
          game.start();
       }
 }
 </pre>
<P>

<P>
<DL>
<DT><B>See Also:</B><DD><a href="http://lwjgl.org/" target="_blank">LWJGL official site</a>, 
<a href="https://jogl.dev.java.net/" target="_blank">JOGL official site</a>, 
<A HREF="../../../serialized-form.html#com.golden.gamedev.OpenGLGameLoader">Serialized Form</A></DL>
<HR>

<P>
<!-- ======== NESTED CLASS SUMMARY ======== -->

<A NAME="nested_class_summary"><!-- --></A>
<TABLE BORDER="1" WIDTH="100%" CELLPADDING="3" CELLSPACING="0" SUMMARY="">
<TR BGCOLOR="#CCCCFF" CLASS="TableHeadingColor">
<TH ALIGN="left" COLSPAN="2"><FONT SIZE="+2">
<B>Nested Class Summary</B></FONT></TH>
</TR>
</TABLE>
&nbsp;<A NAME="nested_classes_inherited_from_class_com.golden.gamedev.GameLoader"><!-- --></A>
<TABLE BORDER="1" WIDTH="100%" CELLPADDING="3" CELLSPACING="0" SUMMARY="">
<TR BGCOLOR="#EEEEFF" CLASS="TableSubHeadingColor">
<TH ALIGN="left"><B>Nested classes/interfaces inherited from class com.golden.gamedev.GameLoader</B></TH>
</TR>
<TR BGCOLOR="white" CLASS="TableRowColor">
<TD><CODE>com.golden.gamedev.GameLoader.ScreenMode</CODE></TD>
</TR>
</TABLE>
&nbsp;
<A NAME="nested_classes_inherited_from_class_java.applet.Applet"><!-- --></A>
<TABLE BORDER="1" WIDTH="100%" CELLPADDING="3" CELLSPACING="0" SUMMARY="">
<TR BGCOLOR="#EEEEFF" CLASS="TableSubHeadingColor">
<TH ALIGN="left"><B>Nested classes/interfaces inherited from class java.applet.Applet</B></TH>
</TR>
<TR BGCOLOR="white" CLASS="TableRowColor">
<TD><CODE>java.applet.Applet.AccessibleApplet</CODE></TD>
</TR>
</TABLE>
&nbsp;
<A NAME="nested_classes_inherited_from_class_java.awt.Panel"><!-- --></A>
<TABLE BORDER="1" WIDTH="100%" CELLPADDING="3" CELLSPACING="0" SUMMARY="">
<TR BGCOLOR="#EEEEFF" CLASS="TableSubHeadingColor">
<TH ALIGN="left"><B>Nested classes/interfaces inherited from class java.awt.Panel</B></TH>
</TR>
<TR BGCOLOR="white" CLASS="TableRowColor">
<TD><CODE>java.awt.Panel.AccessibleAWTPanel</CODE></TD>
</TR>
</TABLE>
&nbsp;
<A NAME="nested_classes_inherited_from_class_java.awt.Container"><!-- --></A>
<TABLE BORDER="1" WIDTH="100%" CELLPADDING="3" CELLSPACING="0" SUMMARY="">
<TR BGCOLOR="#EEEEFF" CLASS="TableSubHeadingColor">
<TH ALIGN="left"><B>Nested classes/interfaces inherited from class java.awt.Container</B></TH>
</TR>
<TR BGCOLOR="white" CLASS="TableRowColor">
<TD><CODE>java.awt.Container.AccessibleAWTContainer</CODE></TD>
</TR>
</TABLE>
&nbsp;
<A NAME="nested_classes_inherited_from_class_java.awt.Component"><!-- --></A>
<TABLE BORDER="1" WIDTH="100%" CELLPADDING="3" CELLSPACING="0" SUMMARY="">
<TR BGCOLOR="#EEEEFF" CLASS="TableSubHeadingColor">
<TH ALIGN="left"><B>Nested classes/interfaces inherited from class java.awt.Component</B></TH>
</TR>
<TR BGCOLOR="white" CLASS="TableRowColor">
<TD><CODE>java.awt.Component.AccessibleAWTComponent, java.awt.Component.BltBufferStrategy, java.awt.Component.FlipBufferStrategy</CODE></TD>
</TR>
</TABLE>
&nbsp;
<!-- =========== FIELD SUMMARY =========== -->

<A NAME="field_summary"><!-- --></A>
<TABLE BORDER="1" WIDTH="100%" CELLPADDING="3" CELLSPACING="0" SUMMARY="">
<TR BGCOLOR="#CCCCFF" CLASS="TableHeadingColor">
<TH ALIGN="left" COLSPAN="2"><FONT SIZE="+2">
<B>Field Summary</B></FONT></TH>
</TR>
</TABLE>
&nbsp;<A NAME="fields_inherited_from_class_com.golden.gamedev.GameLoader"><!-- --></A>
<TABLE BORDER="1" WIDTH="100%" CELLPADDING="3" CELLSPACING="0" SUMMARY="">
<TR BGCOLOR="#EEEEFF" CLASS="TableSubHeadingColor">
<TH ALIGN="left"><B>Fields inherited from class com.golden.gamedev.GameLoader</B></TH>
</TR>
<TR BGCOLOR="white" CLASS="TableRowColor">
<TD><CODE>game, gfx, JAVA_VERSION, MINIMUM_VERSION</CODE></TD>
</TR>
</TABLE>
&nbsp;<A NAME="fields_inherited_from_class_com.golden.gamedev.engine.graphics.AppletMode"><!-- --></A>
<TABLE BORDER="1" WIDTH="100%" CELLPADDING="3" CELLSPACING="0" SUMMARY="">
<TR BGCOLOR="#EEEEFF" CLASS="TableSubHeadingColor">
<TH ALIGN="left"><B>Fields inherited from class com.golden.gamedev.engine.graphics.AppletMode</B></TH>
</TR>
<TR BGCOLOR="white" CLASS="TableRowColor">
<TD><CODE>CONFIG, DEVICE</CODE></TD>
</TR>
</TABLE>
&nbsp;<A NAME="fields_inherited_from_class_java.awt.Component"><!-- --></A>
<TABLE BORDER="1" WIDTH="100%" CELLPADDING="3" CELLSPACING="0" SUMMARY="">
<TR BGCOLOR="#EEEEFF" CLASS="TableSubHeadingColor">
<TH ALIGN="left"><B>Fields inherited from class java.awt.Component</B></TH>
</TR>
<TR BGCOLOR="white" CLASS="TableRowColor">
<TD><CODE>BOTTOM_ALIGNMENT, CENTER_ALIGNMENT, LEFT_ALIGNMENT, RIGHT_ALIGNMENT, TOP_ALIGNMENT</CODE></TD>
</TR>
</TABLE>
&nbsp;<A NAME="fields_inherited_from_class_java.awt.image.ImageObserver"><!-- --></A>
<TABLE BORDER="1" WIDTH="100%" CELLPADDING="3" CELLSPACING="0" SUMMARY="">
<TR BGCOLOR="#EEEEFF" CLASS="TableSubHeadingColor">
<TH ALIGN="left"><B>Fields inherited from interface java.awt.image.ImageObserver</B></TH>
</TR>
<TR BGCOLOR="white" CLASS="TableRowColor">
<TD><CODE>ABORT, ALLBITS, ERROR, FRAMEBITS, HEIGHT, PROPERTIES, SOMEBITS, WIDTH</CODE></TD>
</TR>
</TABLE>
&nbsp;
<!-- ======== CONSTRUCTOR SUMMARY ======== -->

<A NAME="constructor_summary"><!-- --></A>
<TABLE BORDER="1" WIDTH="100%" CELLPADDING="3" CELLSPACING="0" SUMMARY="">
<TR BGCOLOR="#CCCCFF" CLASS="TableHeadingColor">
<TH ALIGN="left" COLSPAN="2"><FONT SIZE="+2">
<B>Constructor Summary</B></FONT></TH>
</TR>
<TR BGCOLOR="white" CLASS="TableRowColor">
<TD><CODE><B><A HREF="../../../com/golden/gamedev/OpenGLGameLoader.html#OpenGLGameLoader()">OpenGLGameLoader</A></B>()</CODE>

<BR>
&nbsp;&nbsp;&nbsp;&nbsp;&nbsp;&nbsp;&nbsp;&nbsp;&nbsp;&nbsp;Constructs new <code>OpenGLGameLoader</code>.</TD>
</TR>
</TABLE>
&nbsp;
<!-- ========== METHOD SUMMARY =========== -->

<A NAME="method_summary"><!-- --></A>
<TABLE BORDER="1" WIDTH="100%" CELLPADDING="3" CELLSPACING="0" SUMMARY="">
<TR BGCOLOR="#CCCCFF" CLASS="TableHeadingColor">
<TH ALIGN="left" COLSPAN="2"><FONT SIZE="+2">
<B>Method Summary</B></FONT></TH>
</TR>
<TR BGCOLOR="white" CLASS="TableRowColor">
<TD ALIGN="right" VALIGN="top" WIDTH="1%"><FONT SIZE="-1">
<CODE>&nbsp;void</CODE></FONT></TD>
<TD><CODE><B><A HREF="../../../com/golden/gamedev/OpenGLGameLoader.html#setupJOGL(com.golden.gamedev.Game, java.awt.Dimension, com.golden.gamedev.GameLoader.ScreenMode)">setupJOGL</A></B>(com.golden.gamedev.Game&nbsp;game,
          java.awt.Dimension&nbsp;d,
          com.golden.gamedev.GameLoader.ScreenMode&nbsp;screenMode)</CODE>

<BR>
&nbsp;&nbsp;&nbsp;&nbsp;&nbsp;&nbsp;&nbsp;&nbsp;&nbsp;&nbsp;Initializes OpenGL JOGL graphics engine with specified size, ScreenMode, using
 vsync and window decorations by default, and associates 
 it with specified <code>Game</code> object.</TD>
</TR>
<TR BGCOLOR="white" CLASS="TableRowColor">
<TD ALIGN="right" VALIGN="top" WIDTH="1%"><FONT SIZE="-1">
<CODE>&nbsp;void</CODE></FONT></TD>
<TD><CODE><B><A HREF="../../../com/golden/gamedev/OpenGLGameLoader.html#setupJOGL(com.golden.gamedev.Game, java.awt.Dimension, com.golden.gamedev.GameLoader.ScreenMode, boolean)">setupJOGL</A></B>(com.golden.gamedev.Game&nbsp;game,
          java.awt.Dimension&nbsp;d,
          com.golden.gamedev.GameLoader.ScreenMode&nbsp;screenMode,
          boolean&nbsp;drawdecorations)</CODE>

<BR>
&nbsp;&nbsp;&nbsp;&nbsp;&nbsp;&nbsp;&nbsp;&nbsp;&nbsp;&nbsp;Initializes OpenGL JOGL graphics engine with specified size, ScreenMode, using
 vsync by default, and associates it with specified <code>Game</code> object.</TD>
</TR>
<TR BGCOLOR="white" CLASS="TableRowColor">
<TD ALIGN="right" VALIGN="top" WIDTH="1%"><FONT SIZE="-1">
<CODE>&nbsp;void</CODE></FONT></TD>
<TD><CODE><B><A HREF="../../../com/golden/gamedev/OpenGLGameLoader.html#setupJOGL(com.golden.gamedev.Game, java.awt.Dimension, com.golden.gamedev.GameLoader.ScreenMode, boolean, boolean)">setupJOGL</A></B>(com.golden.gamedev.Game&nbsp;game,
          java.awt.Dimension&nbsp;d,
          com.golden.gamedev.GameLoader.ScreenMode&nbsp;screenMode,
          boolean&nbsp;vsync,
          boolean&nbsp;drawdecorations)</CODE>

<BR>
&nbsp;&nbsp;&nbsp;&nbsp;&nbsp;&nbsp;&nbsp;&nbsp;&nbsp;&nbsp;Initializes OpenGL JOGL graphics engine with specified size, ScreenMode, and
 associates it with specified <code>Game</code> object.</TD>
</TR>
<TR BGCOLOR="white" CLASS="TableRowColor">
<TD ALIGN="right" VALIGN="top" WIDTH="1%"><FONT SIZE="-1">
<CODE>&nbsp;void</CODE></FONT></TD>
<TD><CODE><B><A HREF="../../../com/golden/gamedev/OpenGLGameLoader.html#setupLWJGL(com.golden.gamedev.Game, java.awt.Dimension, com.golden.gamedev.GameLoader.ScreenMode)">setupLWJGL</A></B>(com.golden.gamedev.Game&nbsp;game,
           java.awt.Dimension&nbsp;d,
           com.golden.gamedev.GameLoader.ScreenMode&nbsp;screenMode)</CODE>

<BR>
&nbsp;&nbsp;&nbsp;&nbsp;&nbsp;&nbsp;&nbsp;&nbsp;&nbsp;&nbsp;Initializes OpenGL LWJGL graphics engine with specified size, mode, using
 vsync by default, and associates it with specified <code>Game</code>
 object.</TD>
</TR>
<TR BGCOLOR="white" CLASS="TableRowColor">
<TD ALIGN="right" VALIGN="top" WIDTH="1%"><FONT SIZE="-1">
<CODE>&nbsp;void</CODE></FONT></TD>
<TD><CODE><B><A HREF="../../../com/golden/gamedev/OpenGLGameLoader.html#setupLWJGL(com.golden.gamedev.Game, java.awt.Dimension, com.golden.gamedev.GameLoader.ScreenMode, boolean)">setupLWJGL</A></B>(com.golden.gamedev.Game&nbsp;game,
           java.awt.Dimension&nbsp;d,
           com.golden.gamedev.GameLoader.ScreenMode&nbsp;screenMode,
           boolean&nbsp;vsync)</CODE>

<BR>
&nbsp;&nbsp;&nbsp;&nbsp;&nbsp;&nbsp;&nbsp;&nbsp;&nbsp;&nbsp;Initializes OpenGL LWJGL graphics engine with specified size, mode, and
 associates it with specified <code>Game</code> object.</TD>
</TR>
</TABLE>
&nbsp;<A NAME="methods_inherited_from_class_com.golden.gamedev.GameLoader"><!-- --></A>
<TABLE BORDER="1" WIDTH="100%" CELLPADDING="3" CELLSPACING="0" SUMMARY="">
<TR BGCOLOR="#EEEEFF" CLASS="TableSubHeadingColor">
<TH ALIGN="left"><B>Methods inherited from class com.golden.gamedev.GameLoader</B></TH>
</TR>
<TR BGCOLOR="white" CLASS="TableRowColor">
<TD><CODE>createAppletGame, getGame, getGraphicsDescription, paint, run, setup, setup, setup, start, stop, validJavaVersion, windowActivated, windowClosed, windowClosing, windowDeactivated, windowDeiconified, windowIconified, windowOpened</CODE></TD>
</TR>
</TABLE>
&nbsp;<A NAME="methods_inherited_from_class_com.golden.gamedev.engine.graphics.AppletMode"><!-- --></A>
<TABLE BORDER="1" WIDTH="100%" CELLPADDING="3" CELLSPACING="0" SUMMARY="">
<TR BGCOLOR="#EEEEFF" CLASS="TableSubHeadingColor">
<TH ALIGN="left"><B>Methods inherited from class com.golden.gamedev.engine.graphics.AppletMode</B></TH>
</TR>
<TR BGCOLOR="white" CLASS="TableRowColor">
<TD><CODE>cleanup, destroy, flip, getBackBuffer, getComponent, getSize, getWindowIcon, getWindowTitle, setWindowIcon, setWindowTitle</CODE></TD>
</TR>
</TABLE>
&nbsp;<A NAME="methods_inherited_from_class_java.applet.Applet"><!-- --></A>
<TABLE BORDER="1" WIDTH="100%" CELLPADDING="3" CELLSPACING="0" SUMMARY="">
<TR BGCOLOR="#EEEEFF" CLASS="TableSubHeadingColor">
<TH ALIGN="left"><B>Methods inherited from class java.applet.Applet</B></TH>
</TR>
<TR BGCOLOR="white" CLASS="TableRowColor">
<TD><CODE>getAccessibleContext, getAppletContext, getAppletInfo, getAudioClip, getAudioClip, getCodeBase, getDocumentBase, getImage, getImage, getLocale, getParameter, getParameterInfo, init, isActive, newAudioClip, play, play, resize, resize, setStub, showStatus</CODE></TD>
</TR>
</TABLE>
&nbsp;<A NAME="methods_inherited_from_class_java.awt.Panel"><!-- --></A>
<TABLE BORDER="1" WIDTH="100%" CELLPADDING="3" CELLSPACING="0" SUMMARY="">
<TR BGCOLOR="#EEEEFF" CLASS="TableSubHeadingColor">
<TH ALIGN="left"><B>Methods inherited from class java.awt.Panel</B></TH>
</TR>
<TR BGCOLOR="white" CLASS="TableRowColor">
<TD><CODE>addNotify</CODE></TD>
</TR>
</TABLE>
&nbsp;<A NAME="methods_inherited_from_class_java.awt.Container"><!-- --></A>
<TABLE BORDER="1" WIDTH="100%" CELLPADDING="3" CELLSPACING="0" SUMMARY="">
<TR BGCOLOR="#EEEEFF" CLASS="TableSubHeadingColor">
<TH ALIGN="left"><B>Methods inherited from class java.awt.Container</B></TH>
</TR>
<TR BGCOLOR="white" CLASS="TableRowColor">
<TD><CODE>add, add, add, add, add, addContainerListener, addImpl, addPropertyChangeListener, addPropertyChangeListener, applyComponentOrientation, areFocusTraversalKeysSet, countComponents, deliverEvent, doLayout, findComponentAt, findComponentAt, getAlignmentX, getAlignmentY, getComponent, getComponentAt, getComponentAt, getComponentCount, getComponents, getComponentZOrder, getContainerListeners, getFocusTraversalKeys, getFocusTraversalPolicy, getInsets, getLayout, getListeners, getMaximumSize, getMinimumSize, getMousePosition, getPreferredSize, insets, invalidate, isAncestorOf, isFocusCycleRoot, isFocusCycleRoot, isFocusTraversalPolicyProvider, isFocusTraversalPolicySet, layout, list, list, locate, minimumSize, paintComponents, paramString, preferredSize, print, printComponents, processContainerEvent, processEvent, remove, remove, removeAll, removeContainerListener, removeNotify, setComponentZOrder, setFocusCycleRoot, setFocusTraversalKeys, setFocusTraversalPolicy, setFocusTraversalPolicyProvider, setFont, setLayout, transferFocusBackward, transferFocusDownCycle, update, validate, validateTree</CODE></TD>
</TR>
</TABLE>
&nbsp;<A NAME="methods_inherited_from_class_java.awt.Component"><!-- --></A>
<TABLE BORDER="1" WIDTH="100%" CELLPADDING="3" CELLSPACING="0" SUMMARY="">
<TR BGCOLOR="#EEEEFF" CLASS="TableSubHeadingColor">
<TH ALIGN="left"><B>Methods inherited from class java.awt.Component</B></TH>
</TR>
<TR BGCOLOR="white" CLASS="TableRowColor">
<TD><CODE>action, add, addComponentListener, addFocusListener, addHierarchyBoundsListener, addHierarchyListener, addInputMethodListener, addKeyListener, addMouseListener, addMouseMotionListener, addMouseWheelListener, bounds, checkImage, checkImage, coalesceEvents, contains, contains, createImage, createImage, createVolatileImage, createVolatileImage, disable, disableEvents, dispatchEvent, enable, enable, enableEvents, enableInputMethods, firePropertyChange, firePropertyChange, firePropertyChange, firePropertyChange, firePropertyChange, firePropertyChange, firePropertyChange, firePropertyChange, firePropertyChange, getBackground, getBounds, getBounds, getColorModel, getComponentListeners, getComponentOrientation, getCursor, getDropTarget, getFocusCycleRootAncestor, getFocusListeners, getFocusTraversalKeysEnabled, getFont, getFontMetrics, getForeground, getGraphics, getGraphicsConfiguration, getHeight, getHierarchyBoundsListeners, getHierarchyListeners, getIgnoreRepaint, getInputContext, getInputMethodListeners, getInputMethodRequests, getKeyListeners, getLocation, getLocation, getLocationOnScreen, getMouseListeners, getMouseMotionListeners, getMousePosition, getMouseWheelListeners, getName, getParent, getPeer, getPropertyChangeListeners, getPropertyChangeListeners, getSize, getToolkit, getTreeLock, getWidth, getX, getY, gotFocus, handleEvent, hasFocus, hide, imageUpdate, inside, isBackgroundSet, isCursorSet, isDisplayable, isDoubleBuffered, isEnabled, isFocusable, isFocusOwner, isFocusTraversable, isFontSet, isForegroundSet, isLightweight, isMaximumSizeSet, isMinimumSizeSet, isOpaque, isPreferredSizeSet, isShowing, isValid, isVisible, keyDown, keyUp, list, list, list, location, lostFocus, mouseDown, mouseDrag, mouseEnter, mouseExit, mouseMove, mouseUp, move, nextFocus, paintAll, postEvent, prepareImage, prepareImage, printAll, processComponentEvent, processFocusEvent, processHierarchyBoundsEvent, processHierarchyEvent, processInputMethodEvent, processKeyEvent, processMouseEvent, processMouseMotionEvent, processMouseWheelEvent, remove, removeComponentListener, removeFocusListener, removeHierarchyBoundsListener, removeHierarchyListener, removeInputMethodListener, removeKeyListener, removeMouseListener, removeMouseMotionListener, removeMouseWheelListener, removePropertyChangeListener, removePropertyChangeListener, repaint, repaint, repaint, repaint, requestFocus, requestFocus, requestFocusInWindow, requestFocusInWindow, reshape, setBackground, setBounds, setBounds, setComponentOrientation, setCursor, setDropTarget, setEnabled, setFocusable, setFocusTraversalKeysEnabled, setForeground, setIgnoreRepaint, setLocale, setLocation, setLocation, setMaximumSize, setMinimumSize, setName, setPreferredSize, setSize, setSize, setVisible, show, show, size, toString, transferFocus, transferFocusUpCycle</CODE></TD>
</TR>
</TABLE>
&nbsp;<A NAME="methods_inherited_from_class_java.lang.Object"><!-- --></A>
<TABLE BORDER="1" WIDTH="100%" CELLPADDING="3" CELLSPACING="0" SUMMARY="">
<TR BGCOLOR="#EEEEFF" CLASS="TableSubHeadingColor">
<TH ALIGN="left"><B>Methods inherited from class java.lang.Object</B></TH>
</TR>
<TR BGCOLOR="white" CLASS="TableRowColor">
<TD><CODE>clone, equals, finalize, getClass, hashCode, notify, notifyAll, wait, wait, wait</CODE></TD>
</TR>
</TABLE>
&nbsp;
<P>

<!-- ========= CONSTRUCTOR DETAIL ======== -->

<A NAME="constructor_detail"><!-- --></A>
<TABLE BORDER="1" WIDTH="100%" CELLPADDING="3" CELLSPACING="0" SUMMARY="">
<TR BGCOLOR="#CCCCFF" CLASS="TableHeadingColor">
<TH ALIGN="left" COLSPAN="1"><FONT SIZE="+2">
<B>Constructor Detail</B></FONT></TH>
</TR>
</TABLE>

<A NAME="OpenGLGameLoader()"><!-- --></A><H3>
OpenGLGameLoader</H3>
<PRE>
public <B>OpenGLGameLoader</B>()</PRE>
<DL>
<DD>Constructs new <code>OpenGLGameLoader</code>.
<P>
<DL>
<DT><B>See Also:</B><DD><CODE>#setupLWJGL(Game, Dimension, boolean, boolean)</CODE>, 
<CODE>#setupJOGL(Game, Dimension, boolean, boolean)</CODE></DL>
</DL>

<!-- ============ METHOD DETAIL ========== -->

<A NAME="method_detail"><!-- --></A>
<TABLE BORDER="1" WIDTH="100%" CELLPADDING="3" CELLSPACING="0" SUMMARY="">
<TR BGCOLOR="#CCCCFF" CLASS="TableHeadingColor">
<TH ALIGN="left" COLSPAN="1"><FONT SIZE="+2">
<B>Method Detail</B></FONT></TH>
</TR>
</TABLE>

<A NAME="setupLWJGL(com.golden.gamedev.Game, java.awt.Dimension, com.golden.gamedev.GameLoader.ScreenMode, boolean)"><!-- --></A><H3>
setupLWJGL</H3>
<PRE>
public void <B>setupLWJGL</B>(com.golden.gamedev.Game&nbsp;game,
                       java.awt.Dimension&nbsp;d,
                       com.golden.gamedev.GameLoader.ScreenMode&nbsp;screenMode,
                       boolean&nbsp;vsync)</PRE>
<DL>
<DD>Initializes OpenGL LWJGL graphics engine with specified size, mode, and
 associates it with specified <code>Game</code> object.
<P>
<DD><DL>
</DL>
</DD>
</DL>
<HR>

<A NAME="setupLWJGL(com.golden.gamedev.Game, java.awt.Dimension, com.golden.gamedev.GameLoader.ScreenMode)"><!-- --></A><H3>
setupLWJGL</H3>
<PRE>
public void <B>setupLWJGL</B>(com.golden.gamedev.Game&nbsp;game,
                       java.awt.Dimension&nbsp;d,
                       com.golden.gamedev.GameLoader.ScreenMode&nbsp;screenMode)</PRE>
<DL>
<DD>Initializes OpenGL LWJGL graphics engine with specified size, mode, using
 vsync by default, and associates it with specified <code>Game</code>
 object.
<P>
<DD><DL>
</DL>
</DD>
</DL>
<HR>

<A NAME="setupJOGL(com.golden.gamedev.Game, java.awt.Dimension, com.golden.gamedev.GameLoader.ScreenMode, boolean, boolean)"><!-- --></A><H3>
setupJOGL</H3>
<PRE>
public void <B>setupJOGL</B>(com.golden.gamedev.Game&nbsp;game,
                      java.awt.Dimension&nbsp;d,
                      com.golden.gamedev.GameLoader.ScreenMode&nbsp;screenMode,
                      boolean&nbsp;vsync,
                      boolean&nbsp;drawdecorations)</PRE>
<DL>
<DD>Initializes OpenGL JOGL graphics engine with specified size, ScreenMode, and
 associates it with specified <code>Game</code> object.
<P>
<DD><DL>
</DL>
</DD>
</DL>
<HR>

<A NAME="setupJOGL(com.golden.gamedev.Game, java.awt.Dimension, com.golden.gamedev.GameLoader.ScreenMode)"><!-- --></A><H3>
setupJOGL</H3>
<PRE>
public void <B>setupJOGL</B>(com.golden.gamedev.Game&nbsp;game,
                      java.awt.Dimension&nbsp;d,
                      com.golden.gamedev.GameLoader.ScreenMode&nbsp;screenMode)</PRE>
<DL>
<DD>Initializes OpenGL JOGL graphics engine with specified size, ScreenMode, using
 vsync and window decorations by default, and associates 
 it with specified <code>Game</code> object.
 Initializes graphics engine with specified
<P>
<DD><DL>
<DT><B>Parameters:</B><DD><CODE>ScreenMode</CODE> - If it is equal to 0, the game runs in full screen.
                   If it is equal to 1, the game runs in Window mode.
                   If it is equal to 2, the game runs in Dialog mode.</DL>
</DD>
</DL>
<HR>

<A NAME="setupJOGL(com.golden.gamedev.Game, java.awt.Dimension, com.golden.gamedev.GameLoader.ScreenMode, boolean)"><!-- --></A><H3>
setupJOGL</H3>
<PRE>
public void <B>setupJOGL</B>(com.golden.gamedev.Game&nbsp;game,
                      java.awt.Dimension&nbsp;d,
                      com.golden.gamedev.GameLoader.ScreenMode&nbsp;screenMode,
                      boolean&nbsp;drawdecorations)</PRE>
<DL>
<DD>Initializes OpenGL JOGL graphics engine with specified size, ScreenMode, using
 vsync by default, and associates it with specified <code>Game</code> object.
<P>
<DD><DL>
<DT><B>Parameters:</B><DD><CODE>ScreenMode</CODE> - If it is equal to 0, the game runs in full screen.
                   If it is equal to 1, the game runs in Window mode.
                   If it is equal to 2, the game runs in Dialog mode.</DL>
</DD>
</DL>
<!-- ========= END OF CLASS DATA ========= -->
<HR>


<!-- ======= START OF BOTTOM NAVBAR ====== -->
<A NAME="navbar_bottom"><!-- --></A>
<A HREF="#skip-navbar_bottom" title="Skip navigation links"></A>
<TABLE BORDER="0" WIDTH="100%" CELLPADDING="1" CELLSPACING="0" SUMMARY="">
<TR>
<TD COLSPAN=2 BGCOLOR="#EEEEFF" CLASS="NavBarCell1">
<A NAME="navbar_bottom_firstrow"><!-- --></A>
<TABLE BORDER="0" CELLPADDING="0" CELLSPACING="3" SUMMARY="">
  <TR ALIGN="center" VALIGN="top">
  <TD BGCOLOR="#EEEEFF" CLASS="NavBarCell1">    <A HREF="../../../overview-summary.html"><FONT CLASS="NavBarFont1"><B>Overview</B></FONT></A>&nbsp;</TD>
  <TD BGCOLOR="#EEEEFF" CLASS="NavBarCell1">    <A HREF="package-summary.html"><FONT CLASS="NavBarFont1"><B>Package</B></FONT></A>&nbsp;</TD>
  <TD BGCOLOR="#FFFFFF" CLASS="NavBarCell1Rev"> &nbsp;<FONT CLASS="NavBarFont1Rev"><B>Class</B></FONT>&nbsp;</TD>
  <TD BGCOLOR="#EEEEFF" CLASS="NavBarCell1">    <A HREF="class-use/OpenGLGameLoader.html"><FONT CLASS="NavBarFont1"><B>Use</B></FONT></A>&nbsp;</TD>
  <TD BGCOLOR="#EEEEFF" CLASS="NavBarCell1">    <A HREF="package-tree.html"><FONT CLASS="NavBarFont1"><B>Tree</B></FONT></A>&nbsp;</TD>
  <TD BGCOLOR="#EEEEFF" CLASS="NavBarCell1">    <A HREF="../../../deprecated-list.html"><FONT CLASS="NavBarFont1"><B>Deprecated</B></FONT></A>&nbsp;</TD>
  <TD BGCOLOR="#EEEEFF" CLASS="NavBarCell1">    <A HREF="../../../index-files/index-1.html"><FONT CLASS="NavBarFont1"><B>Index</B></FONT></A>&nbsp;</TD>
  <TD BGCOLOR="#EEEEFF" CLASS="NavBarCell1">    <A HREF="../../../help-doc.html"><FONT CLASS="NavBarFont1"><B>Help</B></FONT></A>&nbsp;</TD>
  </TR>
</TABLE>
</TD>
<TD ALIGN="right" VALIGN="top" ROWSPAN=3><EM>
</EM>
</TD>
</TR>

<TR>
<TD BGCOLOR="white" CLASS="NavBarCell2"><FONT SIZE="-2">
&nbsp;PREV CLASS&nbsp;
&nbsp;NEXT CLASS</FONT></TD>
<TD BGCOLOR="white" CLASS="NavBarCell2"><FONT SIZE="-2">
  <A HREF="../../../index.html?com/golden/gamedev/OpenGLGameLoader.html" target="_top"><B>FRAMES</B></A>  &nbsp;
&nbsp;<A HREF="OpenGLGameLoader.html" target="_top"><B>NO FRAMES</B></A>  &nbsp;
&nbsp;<SCRIPT type="text/javascript">
  <!--
  if(window==top) {
    document.writeln('<A HREF="../../../allclasses-noframe.html"><B>All Classes</B></A>');
  }
  //-->
</SCRIPT>
<NOSCRIPT>
  <A HREF="../../../allclasses-noframe.html"><B>All Classes</B></A>
</NOSCRIPT>


</FONT></TD>
</TR>
<TR>
<TD VALIGN="top" CLASS="NavBarCell3"><FONT SIZE="-2">
  SUMMARY:&nbsp;<A HREF="#nested_classes_inherited_from_class_com.golden.gamedev.GameLoader">NESTED</A>&nbsp;|&nbsp;<A HREF="#fields_inherited_from_class_com.golden.gamedev.GameLoader">FIELD</A>&nbsp;|&nbsp;<A HREF="#constructor_summary">CONSTR</A>&nbsp;|&nbsp;<A HREF="#method_summary">METHOD</A></FONT></TD>
<TD VALIGN="top" CLASS="NavBarCell3"><FONT SIZE="-2">
DETAIL:&nbsp;FIELD&nbsp;|&nbsp;<A HREF="#constructor_detail">CONSTR</A>&nbsp;|&nbsp;<A HREF="#method_detail">METHOD</A></FONT></TD>
</TR>
</TABLE>
<A NAME="skip-navbar_bottom"></A>
<!-- ======== END OF BOTTOM NAVBAR ======= -->

<HR>

</BODY>
</HTML>
