<!DOCTYPE HTML PUBLIC "-//W3C//DTD HTML 4.01 Transitional//EN" "http://www.w3.org/TR/html4/loose.dtd">
<!--NewPage-->
<HTML>
<HEAD>
<!-- Generated by javadoc (build 1.5.0_09) on Wed Oct 15 17:35:36 ART 2008 -->
<META http-equiv="Content-Type" content="text/html; charset=UTF-8">
<TITLE>
JOGLWindowedMode
</TITLE>

<META NAME="keywords" CONTENT="com.golden.gamedev.engine.jogl.JOGLWindowedMode class">

<LINK REL ="stylesheet" TYPE="text/css" HREF="../../../../../stylesheet.css" TITLE="Style">

<SCRIPT type="text/javascript">
function windowTitle()
{
    parent.document.title="JOGLWindowedMode";
}
</SCRIPT>
<NOSCRIPT>
</NOSCRIPT>

</HEAD>

<BODY BGCOLOR="white" onload="windowTitle();">


<!-- ========= START OF TOP NAVBAR ======= -->
<A NAME="navbar_top"><!-- --></A>
<A HREF="#skip-navbar_top" title="Skip navigation links"></A>
<TABLE BORDER="0" WIDTH="100%" CELLPADDING="1" CELLSPACING="0" SUMMARY="">
<TR>
<TD COLSPAN=2 BGCOLOR="#EEEEFF" CLASS="NavBarCell1">
<A NAME="navbar_top_firstrow"><!-- --></A>
<TABLE BORDER="0" CELLPADDING="0" CELLSPACING="3" SUMMARY="">
  <TR ALIGN="center" VALIGN="top">
  <TD BGCOLOR="#EEEEFF" CLASS="NavBarCell1">    <A HREF="../../../../../overview-summary.html"><FONT CLASS="NavBarFont1"><B>Overview</B></FONT></A>&nbsp;</TD>
  <TD BGCOLOR="#EEEEFF" CLASS="NavBarCell1">    <A HREF="package-summary.html"><FONT CLASS="NavBarFont1"><B>Package</B></FONT></A>&nbsp;</TD>
  <TD BGCOLOR="#FFFFFF" CLASS="NavBarCell1Rev"> &nbsp;<FONT CLASS="NavBarFont1Rev"><B>Class</B></FONT>&nbsp;</TD>
  <TD BGCOLOR="#EEEEFF" CLASS="NavBarCell1">    <A HREF="class-use/JOGLWindowedMode.html"><FONT CLASS="NavBarFont1"><B>Use</B></FONT></A>&nbsp;</TD>
  <TD BGCOLOR="#EEEEFF" CLASS="NavBarCell1">    <A HREF="package-tree.html"><FONT CLASS="NavBarFont1"><B>Tree</B></FONT></A>&nbsp;</TD>
  <TD BGCOLOR="#EEEEFF" CLASS="NavBarCell1">    <A HREF="../../../../../deprecated-list.html"><FONT CLASS="NavBarFont1"><B>Deprecated</B></FONT></A>&nbsp;</TD>
  <TD BGCOLOR="#EEEEFF" CLASS="NavBarCell1">    <A HREF="../../../../../index-files/index-1.html"><FONT CLASS="NavBarFont1"><B>Index</B></FONT></A>&nbsp;</TD>
  <TD BGCOLOR="#EEEEFF" CLASS="NavBarCell1">    <A HREF="../../../../../help-doc.html"><FONT CLASS="NavBarFont1"><B>Help</B></FONT></A>&nbsp;</TD>
  </TR>
</TABLE>
</TD>
<TD ALIGN="right" VALIGN="top" ROWSPAN=3><EM>
</EM>
</TD>
</TR>

<TR>
<TD BGCOLOR="white" CLASS="NavBarCell2"><FONT SIZE="-2">
&nbsp;<A HREF="../../../../../com/golden/gamedev/engine/jogl/JOGLRenderer.html" title="class in com.golden.gamedev.engine.jogl"><B>PREV CLASS</B></A>&nbsp;
&nbsp;<A HREF="../../../../../com/golden/gamedev/engine/jogl/Texture.html" title="class in com.golden.gamedev.engine.jogl"><B>NEXT CLASS</B></A></FONT></TD>
<TD BGCOLOR="white" CLASS="NavBarCell2"><FONT SIZE="-2">
  <A HREF="../../../../../index.html?com/golden/gamedev/engine/jogl/JOGLWindowedMode.html" target="_top"><B>FRAMES</B></A>  &nbsp;
&nbsp;<A HREF="JOGLWindowedMode.html" target="_top"><B>NO FRAMES</B></A>  &nbsp;
&nbsp;<SCRIPT type="text/javascript">
  <!--
  if(window==top) {
    document.writeln('<A HREF="../../../../../allclasses-noframe.html"><B>All Classes</B></A>');
  }
  //-->
</SCRIPT>
<NOSCRIPT>
  <A HREF="../../../../../allclasses-noframe.html"><B>All Classes</B></A>
</NOSCRIPT>


</FONT></TD>
</TR>
<TR>
<TD VALIGN="top" CLASS="NavBarCell3"><FONT SIZE="-2">
  SUMMARY:&nbsp;NESTED&nbsp;|&nbsp;<A HREF="#field_summary">FIELD</A>&nbsp;|&nbsp;<A HREF="#constructor_summary">CONSTR</A>&nbsp;|&nbsp;<A HREF="#method_summary">METHOD</A></FONT></TD>
<TD VALIGN="top" CLASS="NavBarCell3"><FONT SIZE="-2">
DETAIL:&nbsp;<A HREF="#field_detail">FIELD</A>&nbsp;|&nbsp;<A HREF="#constructor_detail">CONSTR</A>&nbsp;|&nbsp;<A HREF="#method_detail">METHOD</A></FONT></TD>
</TR>
</TABLE>
<A NAME="skip-navbar_top"></A>
<!-- ========= END OF TOP NAVBAR ========= -->

<HR>
<!-- ======== START OF CLASS DATA ======== -->
<H2>
<FONT SIZE="-1">
com.golden.gamedev.engine.jogl</FONT>
<BR>
Class JOGLWindowedMode</H2>
<PRE>
java.lang.Object
  <IMG SRC="../../../../../resources/inherit.gif" ALT="extended by "><B>com.golden.gamedev.engine.jogl.JOGLWindowedMode</B>
</PRE>
<DL>
<DT><B>All Implemented Interfaces:</B> <DD>com.golden.gamedev.engine.BaseGraphics</DD>
</DL>
<DL>
<DT><B>Direct Known Subclasses:</B> <DD><A HREF="../../../../../com/golden/gamedev/engine/jogl/JOGLDialogMode.html" title="class in com.golden.gamedev.engine.jogl">JOGLDialogMode</A></DD>
</DL>
<HR>
<DL>
<DT><PRE>public class <B>JOGLWindowedMode</B><DT>extends java.lang.Object<DT>implements com.golden.gamedev.engine.BaseGraphics</DL>
</PRE>

<P>
Graphics engine for OpenGL JOGL Windowed Environment, <br>
 JOGL is available to download at <a href="https://jogl.dev.java.net/"
 target="_blank">https://jogl.dev.java.net/</a>.
 <p>
 
 Make sure the downloaded library is included into your game classpath before
 using this graphics engine.
 <p>
 
 <b>Note: GTGE is not associated in any way with JOGL, this class is only
 interfacing JOGL to be used in GTGE. <br>
 This class is created and has been tested to be working properly using
 <em>JOGL v1.1b-08</em>.</b>
 <p>
 
 Use <A HREF="../../../../../com/golden/gamedev/OpenGLGameLoader.html" title="class in com.golden.gamedev"><CODE>OpenGLGameLoader</CODE></A> to load the game in OpenGL
 JOGL graphics engine environment.
<P>

<P>
<DL>
<DT><B>See Also:</B><DD><A HREF="../../../../../com/golden/gamedev/OpenGLGameLoader.html" title="class in com.golden.gamedev"><CODE>OpenGLGameLoader</CODE></A>, 
<a href="https://jogl.dev.java.net/" target="_blank">JOGL official site</a></DL>
<HR>

<P>
<!-- =========== FIELD SUMMARY =========== -->

<A NAME="field_summary"><!-- --></A>
<TABLE BORDER="1" WIDTH="100%" CELLPADDING="3" CELLSPACING="0" SUMMARY="">
<TR BGCOLOR="#CCCCFF" CLASS="TableHeadingColor">
<TH ALIGN="left" COLSPAN="2"><FONT SIZE="+2">
<B>Field Summary</B></FONT></TH>
</TR>
<TR BGCOLOR="white" CLASS="TableRowColor">
<TD ALIGN="right" VALIGN="top" WIDTH="1%"><FONT SIZE="-1">
<CODE>protected &nbsp;net.java.games.jogl.GLCanvas</CODE></FONT></TD>
<TD><CODE><B><A HREF="../../../../../com/golden/gamedev/engine/jogl/JOGLWindowedMode.html#canvas">canvas</A></B></CODE>

<BR>
&nbsp;&nbsp;&nbsp;&nbsp;&nbsp;&nbsp;&nbsp;&nbsp;&nbsp;&nbsp;JOGL COMPONENT ******************************</TD>
</TR>
<TR BGCOLOR="white" CLASS="TableRowColor">
<TD ALIGN="right" VALIGN="top" WIDTH="1%"><FONT SIZE="-1">
<CODE>protected &nbsp;<A HREF="../../../../../com/golden/gamedev/engine/jogl/JOGLRenderer.html" title="class in com.golden.gamedev.engine.jogl">JOGLRenderer</A></CODE></FONT></TD>
<TD><CODE><B><A HREF="../../../../../com/golden/gamedev/engine/jogl/JOGLWindowedMode.html#renderer">renderer</A></B></CODE>

<BR>
&nbsp;&nbsp;&nbsp;&nbsp;&nbsp;&nbsp;&nbsp;&nbsp;&nbsp;&nbsp;JOGL RENDERER *******************************</TD>
</TR>
<TR BGCOLOR="white" CLASS="TableRowColor">
<TD ALIGN="right" VALIGN="top" WIDTH="1%"><FONT SIZE="-1">
<CODE>protected &nbsp;java.awt.Dimension</CODE></FONT></TD>
<TD><CODE><B><A HREF="../../../../../com/golden/gamedev/engine/jogl/JOGLWindowedMode.html#size">size</A></B></CODE>

<BR>
&nbsp;&nbsp;&nbsp;&nbsp;&nbsp;&nbsp;&nbsp;&nbsp;&nbsp;&nbsp;&nbsp;</TD>
</TR>
</TABLE>
&nbsp;
<!-- ======== CONSTRUCTOR SUMMARY ======== -->

<A NAME="constructor_summary"><!-- --></A>
<TABLE BORDER="1" WIDTH="100%" CELLPADDING="3" CELLSPACING="0" SUMMARY="">
<TR BGCOLOR="#CCCCFF" CLASS="TableHeadingColor">
<TH ALIGN="left" COLSPAN="2"><FONT SIZE="+2">
<B>Constructor Summary</B></FONT></TH>
</TR>
<TR BGCOLOR="white" CLASS="TableRowColor">
<TD><CODE><B><A HREF="../../../../../com/golden/gamedev/engine/jogl/JOGLWindowedMode.html#JOGLWindowedMode(java.awt.Dimension, boolean, boolean)">JOGLWindowedMode</A></B>(java.awt.Dimension&nbsp;d,
                 boolean&nbsp;vsync,
                 boolean&nbsp;drawdecorations)</CODE>

<BR>
&nbsp;&nbsp;&nbsp;&nbsp;&nbsp;&nbsp;&nbsp;&nbsp;&nbsp;&nbsp;Creates new instance of Windowed Graphics Engine with specified size, and
 bufferstrategy.</TD>
</TR>
</TABLE>
&nbsp;
<!-- ========== METHOD SUMMARY =========== -->

<A NAME="method_summary"><!-- --></A>
<TABLE BORDER="1" WIDTH="100%" CELLPADDING="3" CELLSPACING="0" SUMMARY="">
<TR BGCOLOR="#CCCCFF" CLASS="TableHeadingColor">
<TH ALIGN="left" COLSPAN="2"><FONT SIZE="+2">
<B>Method Summary</B></FONT></TH>
</TR>
<TR BGCOLOR="white" CLASS="TableRowColor">
<TD ALIGN="right" VALIGN="top" WIDTH="1%"><FONT SIZE="-1">
<CODE>&nbsp;void</CODE></FONT></TD>
<TD><CODE><B><A HREF="../../../../../com/golden/gamedev/engine/jogl/JOGLWindowedMode.html#addWindowListener(java.awt.event.WindowListener)">addWindowListener</A></B>(java.awt.event.WindowListener&nbsp;wl)</CODE>

<BR>
&nbsp;&nbsp;&nbsp;&nbsp;&nbsp;&nbsp;&nbsp;&nbsp;&nbsp;&nbsp;&nbsp;</TD>
</TR>
<TR BGCOLOR="white" CLASS="TableRowColor">
<TD ALIGN="right" VALIGN="top" WIDTH="1%"><FONT SIZE="-1">
<CODE>&nbsp;void</CODE></FONT></TD>
<TD><CODE><B><A HREF="../../../../../com/golden/gamedev/engine/jogl/JOGLWindowedMode.html#cleanup()">cleanup</A></B>()</CODE>

<BR>
&nbsp;&nbsp;&nbsp;&nbsp;&nbsp;&nbsp;&nbsp;&nbsp;&nbsp;&nbsp;<i>Please refer to super class method documentation.</TD>
</TR>
<TR BGCOLOR="white" CLASS="TableRowColor">
<TD ALIGN="right" VALIGN="top" WIDTH="1%"><FONT SIZE="-1">
<CODE>&nbsp;boolean</CODE></FONT></TD>
<TD><CODE><B><A HREF="../../../../../com/golden/gamedev/engine/jogl/JOGLWindowedMode.html#flip()">flip</A></B>()</CODE>

<BR>
&nbsp;&nbsp;&nbsp;&nbsp;&nbsp;&nbsp;&nbsp;&nbsp;&nbsp;&nbsp;<i>Please refer to super class method documentation.</TD>
</TR>
<TR BGCOLOR="white" CLASS="TableRowColor">
<TD ALIGN="right" VALIGN="top" WIDTH="1%"><FONT SIZE="-1">
<CODE>&nbsp;java.awt.Graphics2D</CODE></FONT></TD>
<TD><CODE><B><A HREF="../../../../../com/golden/gamedev/engine/jogl/JOGLWindowedMode.html#getBackBuffer()">getBackBuffer</A></B>()</CODE>

<BR>
&nbsp;&nbsp;&nbsp;&nbsp;&nbsp;&nbsp;&nbsp;&nbsp;&nbsp;&nbsp;<i>Please refer to super class method documentation.</TD>
</TR>
<TR BGCOLOR="white" CLASS="TableRowColor">
<TD ALIGN="right" VALIGN="top" WIDTH="1%"><FONT SIZE="-1">
<CODE>&nbsp;java.awt.Component</CODE></FONT></TD>
<TD><CODE><B><A HREF="../../../../../com/golden/gamedev/engine/jogl/JOGLWindowedMode.html#getComponent()">getComponent</A></B>()</CODE>

<BR>
&nbsp;&nbsp;&nbsp;&nbsp;&nbsp;&nbsp;&nbsp;&nbsp;&nbsp;&nbsp;<i>Please refer to super class method documentation.</TD>
</TR>
<TR BGCOLOR="white" CLASS="TableRowColor">
<TD ALIGN="right" VALIGN="top" WIDTH="1%"><FONT SIZE="-1">
<CODE>&nbsp;java.lang.String</CODE></FONT></TD>
<TD><CODE><B><A HREF="../../../../../com/golden/gamedev/engine/jogl/JOGLWindowedMode.html#getGraphicsDescription()">getGraphicsDescription</A></B>()</CODE>

<BR>
&nbsp;&nbsp;&nbsp;&nbsp;&nbsp;&nbsp;&nbsp;&nbsp;&nbsp;&nbsp;<i>Please refer to super class method documentation.</TD>
</TR>
<TR BGCOLOR="white" CLASS="TableRowColor">
<TD ALIGN="right" VALIGN="top" WIDTH="1%"><FONT SIZE="-1">
<CODE>&nbsp;<A HREF="../../../../../com/golden/gamedev/engine/jogl/JOGLRenderer.html" title="class in com.golden.gamedev.engine.jogl">JOGLRenderer</A></CODE></FONT></TD>
<TD><CODE><B><A HREF="../../../../../com/golden/gamedev/engine/jogl/JOGLWindowedMode.html#getRenderer()">getRenderer</A></B>()</CODE>

<BR>
&nbsp;&nbsp;&nbsp;&nbsp;&nbsp;&nbsp;&nbsp;&nbsp;&nbsp;&nbsp;Returns JOGL event listener and renderer.</TD>
</TR>
<TR BGCOLOR="white" CLASS="TableRowColor">
<TD ALIGN="right" VALIGN="top" WIDTH="1%"><FONT SIZE="-1">
<CODE>&nbsp;java.awt.Dimension</CODE></FONT></TD>
<TD><CODE><B><A HREF="../../../../../com/golden/gamedev/engine/jogl/JOGLWindowedMode.html#getSize()">getSize</A></B>()</CODE>

<BR>
&nbsp;&nbsp;&nbsp;&nbsp;&nbsp;&nbsp;&nbsp;&nbsp;&nbsp;&nbsp;<i>Please refer to super class method documentation.</TD>
</TR>
<TR BGCOLOR="white" CLASS="TableRowColor">
<TD ALIGN="right" VALIGN="top" WIDTH="1%"><FONT SIZE="-1">
<CODE>&nbsp;java.awt.Image</CODE></FONT></TD>
<TD><CODE><B><A HREF="../../../../../com/golden/gamedev/engine/jogl/JOGLWindowedMode.html#getWindowIcon()">getWindowIcon</A></B>()</CODE>

<BR>
&nbsp;&nbsp;&nbsp;&nbsp;&nbsp;&nbsp;&nbsp;&nbsp;&nbsp;&nbsp;<i>Please refer to super class method documentation.</TD>
</TR>
<TR BGCOLOR="white" CLASS="TableRowColor">
<TD ALIGN="right" VALIGN="top" WIDTH="1%"><FONT SIZE="-1">
<CODE>&nbsp;java.lang.String</CODE></FONT></TD>
<TD><CODE><B><A HREF="../../../../../com/golden/gamedev/engine/jogl/JOGLWindowedMode.html#getWindowTitle()">getWindowTitle</A></B>()</CODE>

<BR>
&nbsp;&nbsp;&nbsp;&nbsp;&nbsp;&nbsp;&nbsp;&nbsp;&nbsp;&nbsp;<i>Please refer to super class method documentation.</TD>
</TR>
<TR BGCOLOR="white" CLASS="TableRowColor">
<TD ALIGN="right" VALIGN="top" WIDTH="1%"><FONT SIZE="-1">
<CODE>protected &nbsp;void</CODE></FONT></TD>
<TD><CODE><B><A HREF="../../../../../com/golden/gamedev/engine/jogl/JOGLWindowedMode.html#initialize(boolean, boolean)">initialize</A></B>(boolean&nbsp;vsync,
           boolean&nbsp;drawdecorations)</CODE>

<BR>
&nbsp;&nbsp;&nbsp;&nbsp;&nbsp;&nbsp;&nbsp;&nbsp;&nbsp;&nbsp;&nbsp;</TD>
</TR>
<TR BGCOLOR="white" CLASS="TableRowColor">
<TD ALIGN="right" VALIGN="top" WIDTH="1%"><FONT SIZE="-1">
<CODE>&nbsp;boolean</CODE></FONT></TD>
<TD><CODE><B><A HREF="../../../../../com/golden/gamedev/engine/jogl/JOGLWindowedMode.html#isVSync()">isVSync</A></B>()</CODE>

<BR>
&nbsp;&nbsp;&nbsp;&nbsp;&nbsp;&nbsp;&nbsp;&nbsp;&nbsp;&nbsp;Returns whether this graphics engine is vsync to display refresh rate or
 not.</TD>
</TR>
<TR BGCOLOR="white" CLASS="TableRowColor">
<TD ALIGN="right" VALIGN="top" WIDTH="1%"><FONT SIZE="-1">
<CODE>&nbsp;void</CODE></FONT></TD>
<TD><CODE><B><A HREF="../../../../../com/golden/gamedev/engine/jogl/JOGLWindowedMode.html#removeWindowListener(java.awt.event.WindowListener)">removeWindowListener</A></B>(java.awt.event.WindowListener&nbsp;wl)</CODE>

<BR>
&nbsp;&nbsp;&nbsp;&nbsp;&nbsp;&nbsp;&nbsp;&nbsp;&nbsp;&nbsp;&nbsp;</TD>
</TR>
<TR BGCOLOR="white" CLASS="TableRowColor">
<TD ALIGN="right" VALIGN="top" WIDTH="1%"><FONT SIZE="-1">
<CODE>&nbsp;void</CODE></FONT></TD>
<TD><CODE><B><A HREF="../../../../../com/golden/gamedev/engine/jogl/JOGLWindowedMode.html#setWindowIcon(java.awt.Image)">setWindowIcon</A></B>(java.awt.Image&nbsp;icon)</CODE>

<BR>
&nbsp;&nbsp;&nbsp;&nbsp;&nbsp;&nbsp;&nbsp;&nbsp;&nbsp;&nbsp;<i>Please refer to super class method documentation.</TD>
</TR>
<TR BGCOLOR="white" CLASS="TableRowColor">
<TD ALIGN="right" VALIGN="top" WIDTH="1%"><FONT SIZE="-1">
<CODE>&nbsp;void</CODE></FONT></TD>
<TD><CODE><B><A HREF="../../../../../com/golden/gamedev/engine/jogl/JOGLWindowedMode.html#setWindowTitle(java.lang.String)">setWindowTitle</A></B>(java.lang.String&nbsp;st)</CODE>

<BR>
&nbsp;&nbsp;&nbsp;&nbsp;&nbsp;&nbsp;&nbsp;&nbsp;&nbsp;&nbsp;<i>Please refer to super class method documentation.</TD>
</TR>
</TABLE>
&nbsp;<A NAME="methods_inherited_from_class_java.lang.Object"><!-- --></A>
<TABLE BORDER="1" WIDTH="100%" CELLPADDING="3" CELLSPACING="0" SUMMARY="">
<TR BGCOLOR="#EEEEFF" CLASS="TableSubHeadingColor">
<TH ALIGN="left"><B>Methods inherited from class java.lang.Object</B></TH>
</TR>
<TR BGCOLOR="white" CLASS="TableRowColor">
<TD><CODE>clone, equals, finalize, getClass, hashCode, notify, notifyAll, toString, wait, wait, wait</CODE></TD>
</TR>
</TABLE>
&nbsp;
<P>

<!-- ============ FIELD DETAIL =========== -->

<A NAME="field_detail"><!-- --></A>
<TABLE BORDER="1" WIDTH="100%" CELLPADDING="3" CELLSPACING="0" SUMMARY="">
<TR BGCOLOR="#CCCCFF" CLASS="TableHeadingColor">
<TH ALIGN="left" COLSPAN="1"><FONT SIZE="+2">
<B>Field Detail</B></FONT></TH>
</TR>
</TABLE>

<A NAME="size"><!-- --></A><H3>
size</H3>
<PRE>
protected java.awt.Dimension <B>size</B></PRE>
<DL>
<DL>
</DL>
</DL>
<HR>

<A NAME="canvas"><!-- --></A><H3>
canvas</H3>
<PRE>
protected net.java.games.jogl.GLCanvas <B>canvas</B></PRE>
<DL>
<DD>JOGL COMPONENT ******************************
<P>
<DL>
</DL>
</DL>
<HR>

<A NAME="renderer"><!-- --></A><H3>
renderer</H3>
<PRE>
protected <A HREF="../../../../../com/golden/gamedev/engine/jogl/JOGLRenderer.html" title="class in com.golden.gamedev.engine.jogl">JOGLRenderer</A> <B>renderer</B></PRE>
<DL>
<DD>JOGL RENDERER *******************************
<P>
<DL>
</DL>
</DL>

<!-- ========= CONSTRUCTOR DETAIL ======== -->

<A NAME="constructor_detail"><!-- --></A>
<TABLE BORDER="1" WIDTH="100%" CELLPADDING="3" CELLSPACING="0" SUMMARY="">
<TR BGCOLOR="#CCCCFF" CLASS="TableHeadingColor">
<TH ALIGN="left" COLSPAN="1"><FONT SIZE="+2">
<B>Constructor Detail</B></FONT></TH>
</TR>
</TABLE>

<A NAME="JOGLWindowedMode(java.awt.Dimension, boolean, boolean)"><!-- --></A><H3>
JOGLWindowedMode</H3>
<PRE>
public <B>JOGLWindowedMode</B>(java.awt.Dimension&nbsp;d,
                        boolean&nbsp;vsync,
                        boolean&nbsp;drawdecorations)</PRE>
<DL>
<DD>Creates new instance of Windowed Graphics Engine with specified size, and
 bufferstrategy.
<P>
</DL>

<!-- ============ METHOD DETAIL ========== -->

<A NAME="method_detail"><!-- --></A>
<TABLE BORDER="1" WIDTH="100%" CELLPADDING="3" CELLSPACING="0" SUMMARY="">
<TR BGCOLOR="#CCCCFF" CLASS="TableHeadingColor">
<TH ALIGN="left" COLSPAN="1"><FONT SIZE="+2">
<B>Method Detail</B></FONT></TH>
</TR>
</TABLE>

<A NAME="initialize(boolean, boolean)"><!-- --></A><H3>
initialize</H3>
<PRE>
protected void <B>initialize</B>(boolean&nbsp;vsync,
                          boolean&nbsp;drawdecorations)</PRE>
<DL>
<DD><DL>
</DL>
</DD>
<DD><DL>
</DL>
</DD>
</DL>
<HR>

<A NAME="getBackBuffer()"><!-- --></A><H3>
getBackBuffer</H3>
<PRE>
public java.awt.Graphics2D <B>getBackBuffer</B>()</PRE>
<DL>
<DD><i>Please refer to super class method documentation.</i>
<P>
<DD><DL>
<DT><B>Specified by:</B><DD><CODE>getBackBuffer</CODE> in interface <CODE>com.golden.gamedev.engine.BaseGraphics</CODE></DL>
</DD>
<DD><DL>
</DL>
</DD>
</DL>
<HR>

<A NAME="flip()"><!-- --></A><H3>
flip</H3>
<PRE>
public boolean <B>flip</B>()</PRE>
<DL>
<DD><i>Please refer to super class method documentation.</i>
<P>
<DD><DL>
<DT><B>Specified by:</B><DD><CODE>flip</CODE> in interface <CODE>com.golden.gamedev.engine.BaseGraphics</CODE></DL>
</DD>
<DD><DL>
</DL>
</DD>
</DL>
<HR>

<A NAME="cleanup()"><!-- --></A><H3>
cleanup</H3>
<PRE>
public void <B>cleanup</B>()</PRE>
<DL>
<DD><i>Please refer to super class method documentation.</i>
<P>
<DD><DL>
<DT><B>Specified by:</B><DD><CODE>cleanup</CODE> in interface <CODE>com.golden.gamedev.engine.BaseGraphics</CODE></DL>
</DD>
<DD><DL>
</DL>
</DD>
</DL>
<HR>

<A NAME="getSize()"><!-- --></A><H3>
getSize</H3>
<PRE>
public java.awt.Dimension <B>getSize</B>()</PRE>
<DL>
<DD><i>Please refer to super class method documentation.</i>
<P>
<DD><DL>
<DT><B>Specified by:</B><DD><CODE>getSize</CODE> in interface <CODE>com.golden.gamedev.engine.BaseGraphics</CODE></DL>
</DD>
<DD><DL>
</DL>
</DD>
</DL>
<HR>

<A NAME="getComponent()"><!-- --></A><H3>
getComponent</H3>
<PRE>
public java.awt.Component <B>getComponent</B>()</PRE>
<DL>
<DD><i>Please refer to super class method documentation.</i>
<P>
<DD><DL>
<DT><B>Specified by:</B><DD><CODE>getComponent</CODE> in interface <CODE>com.golden.gamedev.engine.BaseGraphics</CODE></DL>
</DD>
<DD><DL>
</DL>
</DD>
</DL>
<HR>

<A NAME="getGraphicsDescription()"><!-- --></A><H3>
getGraphicsDescription</H3>
<PRE>
public java.lang.String <B>getGraphicsDescription</B>()</PRE>
<DL>
<DD><i>Please refer to super class method documentation.</i>
<P>
<DD><DL>
<DT><B>Specified by:</B><DD><CODE>getGraphicsDescription</CODE> in interface <CODE>com.golden.gamedev.engine.BaseGraphics</CODE></DL>
</DD>
<DD><DL>
</DL>
</DD>
</DL>
<HR>

<A NAME="setWindowTitle(java.lang.String)"><!-- --></A><H3>
setWindowTitle</H3>
<PRE>
public void <B>setWindowTitle</B>(java.lang.String&nbsp;st)</PRE>
<DL>
<DD><i>Please refer to super class method documentation.</i>
<P>
<DD><DL>
<DT><B>Specified by:</B><DD><CODE>setWindowTitle</CODE> in interface <CODE>com.golden.gamedev.engine.BaseGraphics</CODE></DL>
</DD>
<DD><DL>
</DL>
</DD>
</DL>
<HR>

<A NAME="getWindowTitle()"><!-- --></A><H3>
getWindowTitle</H3>
<PRE>
public java.lang.String <B>getWindowTitle</B>()</PRE>
<DL>
<DD><i>Please refer to super class method documentation.</i>
<P>
<DD><DL>
<DT><B>Specified by:</B><DD><CODE>getWindowTitle</CODE> in interface <CODE>com.golden.gamedev.engine.BaseGraphics</CODE></DL>
</DD>
<DD><DL>
</DL>
</DD>
</DL>
<HR>

<A NAME="setWindowIcon(java.awt.Image)"><!-- --></A><H3>
setWindowIcon</H3>
<PRE>
public void <B>setWindowIcon</B>(java.awt.Image&nbsp;icon)</PRE>
<DL>
<DD><i>Please refer to super class method documentation.</i>
<P>
<DD><DL>
<DT><B>Specified by:</B><DD><CODE>setWindowIcon</CODE> in interface <CODE>com.golden.gamedev.engine.BaseGraphics</CODE></DL>
</DD>
<DD><DL>
</DL>
</DD>
</DL>
<HR>

<A NAME="getWindowIcon()"><!-- --></A><H3>
getWindowIcon</H3>
<PRE>
public java.awt.Image <B>getWindowIcon</B>()</PRE>
<DL>
<DD><i>Please refer to super class method documentation.</i>
<P>
<DD><DL>
<DT><B>Specified by:</B><DD><CODE>getWindowIcon</CODE> in interface <CODE>com.golden.gamedev.engine.BaseGraphics</CODE></DL>
</DD>
<DD><DL>
</DL>
</DD>
</DL>
<HR>

<A NAME="isVSync()"><!-- --></A><H3>
isVSync</H3>
<PRE>
public boolean <B>isVSync</B>()</PRE>
<DL>
<DD>Returns whether this graphics engine is vsync to display refresh rate or
 not.
<P>
<DD><DL>
</DL>
</DD>
<DD><DL>
</DL>
</DD>
</DL>
<HR>

<A NAME="getRenderer()"><!-- --></A><H3>
getRenderer</H3>
<PRE>
public <A HREF="../../../../../com/golden/gamedev/engine/jogl/JOGLRenderer.html" title="class in com.golden.gamedev.engine.jogl">JOGLRenderer</A> <B>getRenderer</B>()</PRE>
<DL>
<DD>Returns JOGL event listener and renderer.
<P>
<DD><DL>
</DL>
</DD>
<DD><DL>
</DL>
</DD>
</DL>
<HR>

<A NAME="addWindowListener(java.awt.event.WindowListener)"><!-- --></A><H3>
addWindowListener</H3>
<PRE>
public void <B>addWindowListener</B>(java.awt.event.WindowListener&nbsp;wl)</PRE>
<DL>
<DD><DL>
</DL>
</DD>
<DD><DL>
</DL>
</DD>
</DL>
<HR>

<A NAME="removeWindowListener(java.awt.event.WindowListener)"><!-- --></A><H3>
removeWindowListener</H3>
<PRE>
public void <B>removeWindowListener</B>(java.awt.event.WindowListener&nbsp;wl)</PRE>
<DL>
<DD><DL>
</DL>
</DD>
<DD><DL>
</DL>
</DD>
</DL>
<!-- ========= END OF CLASS DATA ========= -->
<HR>


<!-- ======= START OF BOTTOM NAVBAR ====== -->
<A NAME="navbar_bottom"><!-- --></A>
<A HREF="#skip-navbar_bottom" title="Skip navigation links"></A>
<TABLE BORDER="0" WIDTH="100%" CELLPADDING="1" CELLSPACING="0" SUMMARY="">
<TR>
<TD COLSPAN=2 BGCOLOR="#EEEEFF" CLASS="NavBarCell1">
<A NAME="navbar_bottom_firstrow"><!-- --></A>
<TABLE BORDER="0" CELLPADDING="0" CELLSPACING="3" SUMMARY="">
  <TR ALIGN="center" VALIGN="top">
  <TD BGCOLOR="#EEEEFF" CLASS="NavBarCell1">    <A HREF="../../../../../overview-summary.html"><FONT CLASS="NavBarFont1"><B>Overview</B></FONT></A>&nbsp;</TD>
  <TD BGCOLOR="#EEEEFF" CLASS="NavBarCell1">    <A HREF="package-summary.html"><FONT CLASS="NavBarFont1"><B>Package</B></FONT></A>&nbsp;</TD>
  <TD BGCOLOR="#FFFFFF" CLASS="NavBarCell1Rev"> &nbsp;<FONT CLASS="NavBarFont1Rev"><B>Class</B></FONT>&nbsp;</TD>
  <TD BGCOLOR="#EEEEFF" CLASS="NavBarCell1">    <A HREF="class-use/JOGLWindowedMode.html"><FONT CLASS="NavBarFont1"><B>Use</B></FONT></A>&nbsp;</TD>
  <TD BGCOLOR="#EEEEFF" CLASS="NavBarCell1">    <A HREF="package-tree.html"><FONT CLASS="NavBarFont1"><B>Tree</B></FONT></A>&nbsp;</TD>
  <TD BGCOLOR="#EEEEFF" CLASS="NavBarCell1">    <A HREF="../../../../../deprecated-list.html"><FONT CLASS="NavBarFont1"><B>Deprecated</B></FONT></A>&nbsp;</TD>
  <TD BGCOLOR="#EEEEFF" CLASS="NavBarCell1">    <A HREF="../../../../../index-files/index-1.html"><FONT CLASS="NavBarFont1"><B>Index</B></FONT></A>&nbsp;</TD>
  <TD BGCOLOR="#EEEEFF" CLASS="NavBarCell1">    <A HREF="../../../../../help-doc.html"><FONT CLASS="NavBarFont1"><B>Help</B></FONT></A>&nbsp;</TD>
  </TR>
</TABLE>
</TD>
<TD ALIGN="right" VALIGN="top" ROWSPAN=3><EM>
</EM>
</TD>
</TR>

<TR>
<TD BGCOLOR="white" CLASS="NavBarCell2"><FONT SIZE="-2">
&nbsp;<A HREF="../../../../../com/golden/gamedev/engine/jogl/JOGLRenderer.html" title="class in com.golden.gamedev.engine.jogl"><B>PREV CLASS</B></A>&nbsp;
&nbsp;<A HREF="../../../../../com/golden/gamedev/engine/jogl/Texture.html" title="class in com.golden.gamedev.engine.jogl"><B>NEXT CLASS</B></A></FONT></TD>
<TD BGCOLOR="white" CLASS="NavBarCell2"><FONT SIZE="-2">
  <A HREF="../../../../../index.html?com/golden/gamedev/engine/jogl/JOGLWindowedMode.html" target="_top"><B>FRAMES</B></A>  &nbsp;
&nbsp;<A HREF="JOGLWindowedMode.html" target="_top"><B>NO FRAMES</B></A>  &nbsp;
&nbsp;<SCRIPT type="text/javascript">
  <!--
  if(window==top) {
    document.writeln('<A HREF="../../../../../allclasses-noframe.html"><B>All Classes</B></A>');
  }
  //-->
</SCRIPT>
<NOSCRIPT>
  <A HREF="../../../../../allclasses-noframe.html"><B>All Classes</B></A>
</NOSCRIPT>


</FONT></TD>
</TR>
<TR>
<TD VALIGN="top" CLASS="NavBarCell3"><FONT SIZE="-2">
  SUMMARY:&nbsp;NESTED&nbsp;|&nbsp;<A HREF="#field_summary">FIELD</A>&nbsp;|&nbsp;<A HREF="#constructor_summary">CONSTR</A>&nbsp;|&nbsp;<A HREF="#method_summary">METHOD</A></FONT></TD>
<TD VALIGN="top" CLASS="NavBarCell3"><FONT SIZE="-2">
DETAIL:&nbsp;<A HREF="#field_detail">FIELD</A>&nbsp;|&nbsp;<A HREF="#constructor_detail">CONSTR</A>&nbsp;|&nbsp;<A HREF="#method_detail">METHOD</A></FONT></TD>
</TR>
</TABLE>
<A NAME="skip-navbar_bottom"></A>
<!-- ======== END OF BOTTOM NAVBAR ======= -->

<HR>

</BODY>
</HTML>
