<!DOCTYPE HTML PUBLIC "-//W3C//DTD HTML 4.01 Transitional//EN" "http://www.w3.org/TR/html4/loose.dtd">
<!--NewPage-->
<HTML>
<HEAD>
<!-- Generated by javadoc (build 1.5.0_15) on Wed Oct 08 14:37:40 GMT-03:00 2008 -->
<META http-equiv="Content-Type" content="text/html; charset=UTF-8">
<TITLE>
Utility
</TITLE>

<META NAME="keywords" CONTENT="com.golden.gamedev.util.Utility class">

<LINK REL ="stylesheet" TYPE="text/css" HREF="../../../../stylesheet.css" TITLE="Style">

<SCRIPT type="text/javascript">
function windowTitle()
{
    parent.document.title="Utility";
}
</SCRIPT>
<NOSCRIPT>
</NOSCRIPT>

</HEAD>

<BODY BGCOLOR="white" onload="windowTitle();">


<!-- ========= START OF TOP NAVBAR ======= -->
<A NAME="navbar_top"><!-- --></A>
<A HREF="#skip-navbar_top" title="Skip navigation links"></A>
<TABLE BORDER="0" WIDTH="100%" CELLPADDING="1" CELLSPACING="0" SUMMARY="">
<TR>
<TD COLSPAN=2 BGCOLOR="#EEEEFF" CLASS="NavBarCell1">
<A NAME="navbar_top_firstrow"><!-- --></A>
<TABLE BORDER="0" CELLPADDING="0" CELLSPACING="3" SUMMARY="">
  <TR ALIGN="center" VALIGN="top">
  <TD BGCOLOR="#EEEEFF" CLASS="NavBarCell1">    <A HREF="../../../../overview-summary.html"><FONT CLASS="NavBarFont1"><B>Overview</B></FONT></A>&nbsp;</TD>
  <TD BGCOLOR="#EEEEFF" CLASS="NavBarCell1">    <A HREF="package-summary.html"><FONT CLASS="NavBarFont1"><B>Package</B></FONT></A>&nbsp;</TD>
  <TD BGCOLOR="#FFFFFF" CLASS="NavBarCell1Rev"> &nbsp;<FONT CLASS="NavBarFont1Rev"><B>Class</B></FONT>&nbsp;</TD>
  <TD BGCOLOR="#EEEEFF" CLASS="NavBarCell1">    <A HREF="class-use/Utility.html"><FONT CLASS="NavBarFont1"><B>Use</B></FONT></A>&nbsp;</TD>
  <TD BGCOLOR="#EEEEFF" CLASS="NavBarCell1">    <A HREF="package-tree.html"><FONT CLASS="NavBarFont1"><B>Tree</B></FONT></A>&nbsp;</TD>
  <TD BGCOLOR="#EEEEFF" CLASS="NavBarCell1">    <A HREF="../../../../deprecated-list.html"><FONT CLASS="NavBarFont1"><B>Deprecated</B></FONT></A>&nbsp;</TD>
  <TD BGCOLOR="#EEEEFF" CLASS="NavBarCell1">    <A HREF="../../../../index-files/index-1.html"><FONT CLASS="NavBarFont1"><B>Index</B></FONT></A>&nbsp;</TD>
  <TD BGCOLOR="#EEEEFF" CLASS="NavBarCell1">    <A HREF="../../../../help-doc.html"><FONT CLASS="NavBarFont1"><B>Help</B></FONT></A>&nbsp;</TD>
  </TR>
</TABLE>
</TD>
<TD ALIGN="right" VALIGN="top" ROWSPAN=3><EM>
</EM>
</TD>
</TR>

<TR>
<TD BGCOLOR="white" CLASS="NavBarCell2"><FONT SIZE="-2">
&nbsp;<A HREF="../../../../com/golden/gamedev/util/ImageUtil.html" title="class in com.golden.gamedev.util"><B>PREV CLASS</B></A>&nbsp;
&nbsp;NEXT CLASS</FONT></TD>
<TD BGCOLOR="white" CLASS="NavBarCell2"><FONT SIZE="-2">
  <A HREF="../../../../index.html?com/golden/gamedev/util/Utility.html" target="_top"><B>FRAMES</B></A>  &nbsp;
&nbsp;<A HREF="Utility.html" target="_top"><B>NO FRAMES</B></A>  &nbsp;
&nbsp;<SCRIPT type="text/javascript">
  <!--
  if(window==top) {
    document.writeln('<A HREF="../../../../allclasses-noframe.html"><B>All Classes</B></A>');
  }
  //-->
</SCRIPT>
<NOSCRIPT>
  <A HREF="../../../../allclasses-noframe.html"><B>All Classes</B></A>
</NOSCRIPT>


</FONT></TD>
</TR>
<TR>
<TD VALIGN="top" CLASS="NavBarCell3"><FONT SIZE="-2">
  SUMMARY:&nbsp;NESTED&nbsp;|&nbsp;FIELD&nbsp;|&nbsp;CONSTR&nbsp;|&nbsp;<A HREF="#method_summary">METHOD</A></FONT></TD>
<TD VALIGN="top" CLASS="NavBarCell3"><FONT SIZE="-2">
DETAIL:&nbsp;FIELD&nbsp;|&nbsp;CONSTR&nbsp;|&nbsp;<A HREF="#method_detail">METHOD</A></FONT></TD>
</TR>
</TABLE>
<A NAME="skip-navbar_top"></A>
<!-- ========= END OF TOP NAVBAR ========= -->

<HR>
<!-- ======== START OF CLASS DATA ======== -->
<H2>
<FONT SIZE="-1">
com.golden.gamedev.util</FONT>
<BR>
Class Utility</H2>
<PRE>
java.lang.Object
  <IMG SRC="../../../../resources/inherit.gif" ALT="extended by "><B>com.golden.gamedev.util.Utility</B>
</PRE>
<HR>
<DL>
<DT><PRE>public class <B>Utility</B><DT>extends java.lang.Object</DL>
</PRE>

<P>
Utility class provides general functions, such as array
 enlargement/shrinkment operation, array mixed, randomize, and other functions
 that categorized as common functions.
<P>

<P>
<HR>

<P>

<!-- ========== METHOD SUMMARY =========== -->

<A NAME="method_summary"><!-- --></A>
<TABLE BORDER="1" WIDTH="100%" CELLPADDING="3" CELLSPACING="0" SUMMARY="">
<TR BGCOLOR="#CCCCFF" CLASS="TableHeadingColor">
<TH ALIGN="left" COLSPAN="2"><FONT SIZE="+2">
<B>Method Summary</B></FONT></TH>
</TR>
<TR BGCOLOR="white" CLASS="TableRowColor">
<TD ALIGN="right" VALIGN="top" WIDTH="1%"><FONT SIZE="-1">
<CODE>static&nbsp;java.lang.String[]</CODE></FONT></TD>
<TD><CODE><B><A HREF="../../../../com/golden/gamedev/util/Utility.html#compactStrings(java.lang.String[])">compactStrings</A></B>(java.lang.String[]&nbsp;s)</CODE>

<BR>
&nbsp;&nbsp;&nbsp;&nbsp;&nbsp;&nbsp;&nbsp;&nbsp;&nbsp;&nbsp;Compacting String <code>s</code> to occupy less memory.</TD>
</TR>
<TR BGCOLOR="white" CLASS="TableRowColor">
<TD ALIGN="right" VALIGN="top" WIDTH="1%"><FONT SIZE="-1">
<CODE>static&nbsp;java.lang.Object</CODE></FONT></TD>
<TD><CODE><B><A HREF="../../../../com/golden/gamedev/util/Utility.html#cut(java.lang.Object, int)">cut</A></B>(java.lang.Object&nbsp;src,
    int&nbsp;position)</CODE>

<BR>
&nbsp;&nbsp;&nbsp;&nbsp;&nbsp;&nbsp;&nbsp;&nbsp;&nbsp;&nbsp;Cuts an array of object from specified position.</TD>
</TR>
<TR BGCOLOR="white" CLASS="TableRowColor">
<TD ALIGN="right" VALIGN="top" WIDTH="1%"><FONT SIZE="-1">
<CODE>static&nbsp;java.lang.Object</CODE></FONT></TD>
<TD><CODE><B><A HREF="../../../../com/golden/gamedev/util/Utility.html#expand(java.lang.Object, int)">expand</A></B>(java.lang.Object&nbsp;src,
       int&nbsp;increase)</CODE>

<BR>
&nbsp;&nbsp;&nbsp;&nbsp;&nbsp;&nbsp;&nbsp;&nbsp;&nbsp;&nbsp;Expands an array of object by specified size, <code>src</code> can not
 be <code>null</code>.</TD>
</TR>
<TR BGCOLOR="white" CLASS="TableRowColor">
<TD ALIGN="right" VALIGN="top" WIDTH="1%"><FONT SIZE="-1">
<CODE>static&nbsp;java.lang.Object</CODE></FONT></TD>
<TD><CODE><B><A HREF="../../../../com/golden/gamedev/util/Utility.html#expand(java.lang.Object, int, boolean)">expand</A></B>(java.lang.Object&nbsp;src,
       int&nbsp;increase,
       boolean&nbsp;bottom)</CODE>

<BR>
&nbsp;&nbsp;&nbsp;&nbsp;&nbsp;&nbsp;&nbsp;&nbsp;&nbsp;&nbsp;Expands an array of object by specified size, <code>src</code> can not
 be <code>null</code>.</TD>
</TR>
<TR BGCOLOR="white" CLASS="TableRowColor">
<TD ALIGN="right" VALIGN="top" WIDTH="1%"><FONT SIZE="-1">
<CODE>static&nbsp;java.lang.Object</CODE></FONT></TD>
<TD><CODE><B><A HREF="../../../../com/golden/gamedev/util/Utility.html#expand(java.lang.Object, int, boolean, java.lang.Class)">expand</A></B>(java.lang.Object&nbsp;src,
       int&nbsp;increase,
       boolean&nbsp;bottom,
       java.lang.Class&nbsp;type)</CODE>

<BR>
&nbsp;&nbsp;&nbsp;&nbsp;&nbsp;&nbsp;&nbsp;&nbsp;&nbsp;&nbsp;Expands an array of <code>Class type</code> object by specified size,
 <code>src</code> can be <code>null</code>.</TD>
</TR>
<TR BGCOLOR="white" CLASS="TableRowColor">
<TD ALIGN="right" VALIGN="top" WIDTH="1%"><FONT SIZE="-1">
<CODE>static&nbsp;int</CODE></FONT></TD>
<TD><CODE><B><A HREF="../../../../com/golden/gamedev/util/Utility.html#getRandom(int, int)">getRandom</A></B>(int&nbsp;lowerBound,
          int&nbsp;upperBound)</CODE>

<BR>
&nbsp;&nbsp;&nbsp;&nbsp;&nbsp;&nbsp;&nbsp;&nbsp;&nbsp;&nbsp;Returns a random number, range from lowerbound (inclusive) to upperbound
 (inclusive).</TD>
</TR>
<TR BGCOLOR="white" CLASS="TableRowColor">
<TD ALIGN="right" VALIGN="top" WIDTH="1%"><FONT SIZE="-1">
<CODE>static&nbsp;java.util.Random</CODE></FONT></TD>
<TD><CODE><B><A HREF="../../../../com/golden/gamedev/util/Utility.html#getRandomObject()">getRandomObject</A></B>()</CODE>

<BR>
&nbsp;&nbsp;&nbsp;&nbsp;&nbsp;&nbsp;&nbsp;&nbsp;&nbsp;&nbsp;Returns pre-defined Random object.</TD>
</TR>
<TR BGCOLOR="white" CLASS="TableRowColor">
<TD ALIGN="right" VALIGN="top" WIDTH="1%"><FONT SIZE="-1">
<CODE>static&nbsp;void</CODE></FONT></TD>
<TD><CODE><B><A HREF="../../../../com/golden/gamedev/util/Utility.html#mixElements(java.lang.Object)">mixElements</A></B>(java.lang.Object&nbsp;src)</CODE>

<BR>
&nbsp;&nbsp;&nbsp;&nbsp;&nbsp;&nbsp;&nbsp;&nbsp;&nbsp;&nbsp;Shuffles elements in an array.</TD>
</TR>
</TABLE>
&nbsp;<A NAME="methods_inherited_from_class_java.lang.Object"><!-- --></A>
<TABLE BORDER="1" WIDTH="100%" CELLPADDING="3" CELLSPACING="0" SUMMARY="">
<TR BGCOLOR="#EEEEFF" CLASS="TableSubHeadingColor">
<TH ALIGN="left"><B>Methods inherited from class java.lang.Object</B></TH>
</TR>
<TR BGCOLOR="white" CLASS="TableRowColor">
<TD><CODE>clone, equals, finalize, getClass, hashCode, notify, notifyAll, toString, wait, wait, wait</CODE></TD>
</TR>
</TABLE>
&nbsp;
<P>

<!-- ============ METHOD DETAIL ========== -->

<A NAME="method_detail"><!-- --></A>
<TABLE BORDER="1" WIDTH="100%" CELLPADDING="3" CELLSPACING="0" SUMMARY="">
<TR BGCOLOR="#CCCCFF" CLASS="TableHeadingColor">
<TH ALIGN="left" COLSPAN="1"><FONT SIZE="+2">
<B>Method Detail</B></FONT></TH>
</TR>
</TABLE>

<A NAME="expand(java.lang.Object, int, boolean)"><!-- --></A><H3>
expand</H3>
<PRE>
public static java.lang.Object <B>expand</B>(java.lang.Object&nbsp;src,
                                      int&nbsp;increase,
                                      boolean&nbsp;bottom)</PRE>
<DL>
<DD>Expands an array of object by specified size, <code>src</code> can not
 be <code>null</code>.
 <p>
 
 The original array is not changed, this method creates and returns a new
 expanded array.
<P>
<DD><DL>
<DT><B>Parameters:</B><DD><CODE>src</CODE> - the array to be expanded, could be an array of primitive or an
        array of Object<DD><CODE>increase</CODE> - array size increment<DD><CODE>bottom</CODE> - true, the expanded array is at the bottom
<DT><B>Returns:</B><DD>The expanded array.</DL>
</DD>
</DL>
<HR>

<A NAME="expand(java.lang.Object, int)"><!-- --></A><H3>
expand</H3>
<PRE>
public static java.lang.Object <B>expand</B>(java.lang.Object&nbsp;src,
                                      int&nbsp;increase)</PRE>
<DL>
<DD>Expands an array of object by specified size, <code>src</code> can not
 be <code>null</code>.
 <p>
 
 The new expanded object will be at the bottom of the returned array (<b>last
 index</b>).
<P>
<DD><DL>
<DT><B>Parameters:</B><DD><CODE>src</CODE> - the array to be expanded, could be an array of primitive or an
        array of Object<DD><CODE>increase</CODE> - array size increment
<DT><B>Returns:</B><DD>The expanded array.</DL>
</DD>
</DL>
<HR>

<A NAME="expand(java.lang.Object, int, boolean, java.lang.Class)"><!-- --></A><H3>
expand</H3>
<PRE>
public static java.lang.Object <B>expand</B>(java.lang.Object&nbsp;src,
                                      int&nbsp;increase,
                                      boolean&nbsp;bottom,
                                      java.lang.Class&nbsp;type)</PRE>
<DL>
<DD>Expands an array of <code>Class type</code> object by specified size,
 <code>src</code> can be <code>null</code>.
<P>
<DD><DL>
<DT><B>Parameters:</B><DD><CODE>src</CODE> - the array to be expanded, could be an array of primitive or an
        array of Object<DD><CODE>increase</CODE> - array size increment<DD><CODE>bottom</CODE> - true, the expanded array is at the bottom<DD><CODE>type</CODE> - array class
<DT><B>Returns:</B><DD>The expanded array.</DL>
</DD>
</DL>
<HR>

<A NAME="cut(java.lang.Object, int)"><!-- --></A><H3>
cut</H3>
<PRE>
public static java.lang.Object <B>cut</B>(java.lang.Object&nbsp;src,
                                   int&nbsp;position)</PRE>
<DL>
<DD>Cuts an array of object from specified position.
 <p>
 
 The original array is not changed, this method creates and returns a new
 shrinked array.
<P>
<DD><DL>
<DT><B>Parameters:</B><DD><CODE>src</CODE> - the array to be cut, could be an array of primitive or an
        array of Object<DD><CODE>position</CODE> - index position to be cut
<DT><B>Returns:</B><DD>The shrinked array.</DL>
</DD>
</DL>
<HR>

<A NAME="mixElements(java.lang.Object)"><!-- --></A><H3>
mixElements</H3>
<PRE>
public static void <B>mixElements</B>(java.lang.Object&nbsp;src)</PRE>
<DL>
<DD>Shuffles elements in an array.
<P>
<DD><DL>
<DT><B>Parameters:</B><DD><CODE>src</CODE> - the array to be mixed, could be an array of primitive or an
        array of Object</DL>
</DD>
</DL>
<HR>

<A NAME="getRandomObject()"><!-- --></A><H3>
getRandomObject</H3>
<PRE>
public static java.util.Random <B>getRandomObject</B>()</PRE>
<DL>
<DD>Returns pre-defined Random object.
<P>
<DD><DL>
</DL>
</DD>
</DL>
<HR>

<A NAME="getRandom(int, int)"><!-- --></A><H3>
getRandom</H3>
<PRE>
public static int <B>getRandom</B>(int&nbsp;lowerBound,
                            int&nbsp;upperBound)</PRE>
<DL>
<DD>Returns a random number, range from lowerbound (inclusive) to upperbound
 (inclusive).
 <p>
 
 For example :
 
 <pre>
 // to return random number from 0 to 10
 int rand = Utility.getRandom(0, 10);
 </pre>
<P>
<DD><DL>
<DT><B>Parameters:</B><DD><CODE>lowerBound</CODE> - the lowest random number<DD><CODE>upperBound</CODE> - the highest random number
<DT><B>Returns:</B><DD>Random number range from lowerbound to upperbound.</DL>
</DD>
</DL>
<HR>

<A NAME="compactStrings(java.lang.String[])"><!-- --></A><H3>
compactStrings</H3>
<PRE>
public static java.lang.String[] <B>compactStrings</B>(java.lang.String[]&nbsp;s)</PRE>
<DL>
<DD>Compacting String <code>s</code> to occupy less memory. Use this with a
 big array of String to save up memory.
 <p>
 
 For example <A HREF="../../../../com/golden/gamedev/util/FileUtil.html#fileRead(java.io.File)"><CODE>FileUtil.fileRead(File)</CODE></A> method is using this method
 to returned a compact string.
<P>
<DD><DL>
<DT><B>Parameters:</B><DD><CODE>s</CODE> - an array of String to be compacted.
<DT><B>Returns:</B><DD>Compacted String.</DL>
</DD>
</DL>
<!-- ========= END OF CLASS DATA ========= -->
<HR>


<!-- ======= START OF BOTTOM NAVBAR ====== -->
<A NAME="navbar_bottom"><!-- --></A>
<A HREF="#skip-navbar_bottom" title="Skip navigation links"></A>
<TABLE BORDER="0" WIDTH="100%" CELLPADDING="1" CELLSPACING="0" SUMMARY="">
<TR>
<TD COLSPAN=2 BGCOLOR="#EEEEFF" CLASS="NavBarCell1">
<A NAME="navbar_bottom_firstrow"><!-- --></A>
<TABLE BORDER="0" CELLPADDING="0" CELLSPACING="3" SUMMARY="">
  <TR ALIGN="center" VALIGN="top">
  <TD BGCOLOR="#EEEEFF" CLASS="NavBarCell1">    <A HREF="../../../../overview-summary.html"><FONT CLASS="NavBarFont1"><B>Overview</B></FONT></A>&nbsp;</TD>
  <TD BGCOLOR="#EEEEFF" CLASS="NavBarCell1">    <A HREF="package-summary.html"><FONT CLASS="NavBarFont1"><B>Package</B></FONT></A>&nbsp;</TD>
  <TD BGCOLOR="#FFFFFF" CLASS="NavBarCell1Rev"> &nbsp;<FONT CLASS="NavBarFont1Rev"><B>Class</B></FONT>&nbsp;</TD>
  <TD BGCOLOR="#EEEEFF" CLASS="NavBarCell1">    <A HREF="class-use/Utility.html"><FONT CLASS="NavBarFont1"><B>Use</B></FONT></A>&nbsp;</TD>
  <TD BGCOLOR="#EEEEFF" CLASS="NavBarCell1">    <A HREF="package-tree.html"><FONT CLASS="NavBarFont1"><B>Tree</B></FONT></A>&nbsp;</TD>
  <TD BGCOLOR="#EEEEFF" CLASS="NavBarCell1">    <A HREF="../../../../deprecated-list.html"><FONT CLASS="NavBarFont1"><B>Deprecated</B></FONT></A>&nbsp;</TD>
  <TD BGCOLOR="#EEEEFF" CLASS="NavBarCell1">    <A HREF="../../../../index-files/index-1.html"><FONT CLASS="NavBarFont1"><B>Index</B></FONT></A>&nbsp;</TD>
  <TD BGCOLOR="#EEEEFF" CLASS="NavBarCell1">    <A HREF="../../../../help-doc.html"><FONT CLASS="NavBarFont1"><B>Help</B></FONT></A>&nbsp;</TD>
  </TR>
</TABLE>
</TD>
<TD ALIGN="right" VALIGN="top" ROWSPAN=3><EM>
</EM>
</TD>
</TR>

<TR>
<TD BGCOLOR="white" CLASS="NavBarCell2"><FONT SIZE="-2">
&nbsp;<A HREF="../../../../com/golden/gamedev/util/ImageUtil.html" title="class in com.golden.gamedev.util"><B>PREV CLASS</B></A>&nbsp;
&nbsp;NEXT CLASS</FONT></TD>
<TD BGCOLOR="white" CLASS="NavBarCell2"><FONT SIZE="-2">
  <A HREF="../../../../index.html?com/golden/gamedev/util/Utility.html" target="_top"><B>FRAMES</B></A>  &nbsp;
&nbsp;<A HREF="Utility.html" target="_top"><B>NO FRAMES</B></A>  &nbsp;
&nbsp;<SCRIPT type="text/javascript">
  <!--
  if(window==top) {
    document.writeln('<A HREF="../../../../allclasses-noframe.html"><B>All Classes</B></A>');
  }
  //-->
</SCRIPT>
<NOSCRIPT>
  <A HREF="../../../../allclasses-noframe.html"><B>All Classes</B></A>
</NOSCRIPT>


</FONT></TD>
</TR>
<TR>
<TD VALIGN="top" CLASS="NavBarCell3"><FONT SIZE="-2">
  SUMMARY:&nbsp;NESTED&nbsp;|&nbsp;FIELD&nbsp;|&nbsp;CONSTR&nbsp;|&nbsp;<A HREF="#method_summary">METHOD</A></FONT></TD>
<TD VALIGN="top" CLASS="NavBarCell3"><FONT SIZE="-2">
DETAIL:&nbsp;FIELD&nbsp;|&nbsp;CONSTR&nbsp;|&nbsp;<A HREF="#method_detail">METHOD</A></FONT></TD>
</TR>
</TABLE>
<A NAME="skip-navbar_bottom"></A>
<!-- ======== END OF BOTTOM NAVBAR ======= -->

<HR>

</BODY>
</HTML>
