<!DOCTYPE HTML PUBLIC "-//W3C//DTD HTML 4.01 Transitional//EN" "http://www.w3.org/TR/html4/loose.dtd">
<!--NewPage-->
<HTML>
<HEAD>
<!-- Generated by javadoc (build 1.5.0_09) on Wed Oct 15 18:09:56 ART 2008 -->
<META http-equiv="Content-Type" content="text/html; charset=UTF-8">
<TITLE>
KeyTyped
</TITLE>

<META NAME="keywords" CONTENT="com.golden.gamedev.engine.input.KeyTyped class">

<LINK REL ="stylesheet" TYPE="text/css" HREF="../../../../../stylesheet.css" TITLE="Style">

<SCRIPT type="text/javascript">
function windowTitle()
{
    parent.document.title="KeyTyped";
}
</SCRIPT>
<NOSCRIPT>
</NOSCRIPT>

</HEAD>

<BODY BGCOLOR="white" onload="windowTitle();">


<!-- ========= START OF TOP NAVBAR ======= -->
<A NAME="navbar_top"><!-- --></A>
<A HREF="#skip-navbar_top" title="Skip navigation links"></A>
<TABLE BORDER="0" WIDTH="100%" CELLPADDING="1" CELLSPACING="0" SUMMARY="">
<TR>
<TD COLSPAN=2 BGCOLOR="#EEEEFF" CLASS="NavBarCell1">
<A NAME="navbar_top_firstrow"><!-- --></A>
<TABLE BORDER="0" CELLPADDING="0" CELLSPACING="3" SUMMARY="">
  <TR ALIGN="center" VALIGN="top">
  <TD BGCOLOR="#EEEEFF" CLASS="NavBarCell1">    <A HREF="../../../../../overview-summary.html"><FONT CLASS="NavBarFont1"><B>Overview</B></FONT></A>&nbsp;</TD>
  <TD BGCOLOR="#EEEEFF" CLASS="NavBarCell1">    <A HREF="package-summary.html"><FONT CLASS="NavBarFont1"><B>Package</B></FONT></A>&nbsp;</TD>
  <TD BGCOLOR="#FFFFFF" CLASS="NavBarCell1Rev"> &nbsp;<FONT CLASS="NavBarFont1Rev"><B>Class</B></FONT>&nbsp;</TD>
  <TD BGCOLOR="#EEEEFF" CLASS="NavBarCell1">    <A HREF="class-use/KeyTyped.html"><FONT CLASS="NavBarFont1"><B>Use</B></FONT></A>&nbsp;</TD>
  <TD BGCOLOR="#EEEEFF" CLASS="NavBarCell1">    <A HREF="package-tree.html"><FONT CLASS="NavBarFont1"><B>Tree</B></FONT></A>&nbsp;</TD>
  <TD BGCOLOR="#EEEEFF" CLASS="NavBarCell1">    <A HREF="../../../../../deprecated-list.html"><FONT CLASS="NavBarFont1"><B>Deprecated</B></FONT></A>&nbsp;</TD>
  <TD BGCOLOR="#EEEEFF" CLASS="NavBarCell1">    <A HREF="../../../../../index-files/index-1.html"><FONT CLASS="NavBarFont1"><B>Index</B></FONT></A>&nbsp;</TD>
  <TD BGCOLOR="#EEEEFF" CLASS="NavBarCell1">    <A HREF="../../../../../help-doc.html"><FONT CLASS="NavBarFont1"><B>Help</B></FONT></A>&nbsp;</TD>
  </TR>
</TABLE>
</TD>
<TD ALIGN="right" VALIGN="top" ROWSPAN=3><EM>
</EM>
</TD>
</TR>

<TR>
<TD BGCOLOR="white" CLASS="NavBarCell2"><FONT SIZE="-2">
&nbsp;<A HREF="../../../../../com/golden/gamedev/engine/input/EnhancedAWTInput.EnhancedInputListener.html" title="class in com.golden.gamedev.engine.input"><B>PREV CLASS</B></A>&nbsp;
&nbsp;NEXT CLASS</FONT></TD>
<TD BGCOLOR="white" CLASS="NavBarCell2"><FONT SIZE="-2">
  <A HREF="../../../../../index.html?com/golden/gamedev/engine/input/KeyTyped.html" target="_top"><B>FRAMES</B></A>  &nbsp;
&nbsp;<A HREF="KeyTyped.html" target="_top"><B>NO FRAMES</B></A>  &nbsp;
&nbsp;<SCRIPT type="text/javascript">
  <!--
  if(window==top) {
    document.writeln('<A HREF="../../../../../allclasses-noframe.html"><B>All Classes</B></A>');
  }
  //-->
</SCRIPT>
<NOSCRIPT>
  <A HREF="../../../../../allclasses-noframe.html"><B>All Classes</B></A>
</NOSCRIPT>


</FONT></TD>
</TR>
<TR>
<TD VALIGN="top" CLASS="NavBarCell3"><FONT SIZE="-2">
  SUMMARY:&nbsp;NESTED&nbsp;|&nbsp;FIELD&nbsp;|&nbsp;<A HREF="#constructor_summary">CONSTR</A>&nbsp;|&nbsp;<A HREF="#method_summary">METHOD</A></FONT></TD>
<TD VALIGN="top" CLASS="NavBarCell3"><FONT SIZE="-2">
DETAIL:&nbsp;FIELD&nbsp;|&nbsp;<A HREF="#constructor_detail">CONSTR</A>&nbsp;|&nbsp;<A HREF="#method_detail">METHOD</A></FONT></TD>
</TR>
</TABLE>
<A NAME="skip-navbar_top"></A>
<!-- ========= END OF TOP NAVBAR ========= -->

<HR>
<!-- ======== START OF CLASS DATA ======== -->
<H2>
<FONT SIZE="-1">
com.golden.gamedev.engine.input</FONT>
<BR>
Class KeyTyped</H2>
<PRE>
java.lang.Object
  <IMG SRC="../../../../../resources/inherit.gif" ALT="extended by "><B>com.golden.gamedev.engine.input.KeyTyped</B>
</PRE>
<HR>
<DL>
<DT><PRE>public class <B>KeyTyped</B><DT>extends java.lang.Object</DL>
</PRE>

<P>
<code>KeyTyped</code> class is a class to simulate key typing. Key typed is
 a key that pressed for some time and the key event is fired following
 <A HREF="../../../../../com/golden/gamedev/engine/input/KeyTyped.html#getRepeatDelay()"><CODE>initial repeat delay</CODE></A> and
 <A HREF="../../../../../com/golden/gamedev/engine/input/KeyTyped.html#getRepeatRate()"><CODE>repeat rate delay</CODE></A>.
<P>

<P>
<DL>
<DT><B>See Also:</B><DD><A HREF="../../../../../com/golden/gamedev/engine/input/KeyTyped.html#update(long)"><CODE>update(long)</CODE></A>, 
<A HREF="../../../../../com/golden/gamedev/engine/input/KeyTyped.html#getKeyTyped()"><CODE>getKeyTyped()</CODE></A></DL>
<HR>

<P>

<!-- ======== CONSTRUCTOR SUMMARY ======== -->

<A NAME="constructor_summary"><!-- --></A>
<TABLE BORDER="1" WIDTH="100%" CELLPADDING="3" CELLSPACING="0" SUMMARY="">
<TR BGCOLOR="#CCCCFF" CLASS="TableHeadingColor">
<TH ALIGN="left" COLSPAN="2"><FONT SIZE="+2">
<B>Constructor Summary</B></FONT></TH>
</TR>
<TR BGCOLOR="white" CLASS="TableRowColor">
<TD><CODE><B><A HREF="../../../../../com/golden/gamedev/engine/input/KeyTyped.html#KeyTyped(com.golden.gamedev.engine.BaseInput)">KeyTyped</A></B>(<A HREF="../../../../../com/golden/gamedev/engine/BaseInput.html" title="interface in com.golden.gamedev.engine">BaseInput</A>&nbsp;bsInput)</CODE>

<BR>
&nbsp;&nbsp;&nbsp;&nbsp;&nbsp;&nbsp;&nbsp;&nbsp;&nbsp;&nbsp;Constructs new <code>KeyTyped</code> with 450 ms repeat delay and 40 ms
 repeat rate.</TD>
</TR>
<TR BGCOLOR="white" CLASS="TableRowColor">
<TD><CODE><B><A HREF="../../../../../com/golden/gamedev/engine/input/KeyTyped.html#KeyTyped(com.golden.gamedev.engine.BaseInput, int, int)">KeyTyped</A></B>(<A HREF="../../../../../com/golden/gamedev/engine/BaseInput.html" title="interface in com.golden.gamedev.engine">BaseInput</A>&nbsp;bsInput,
         int&nbsp;repeatDelay,
         int&nbsp;repeatRate)</CODE>

<BR>
&nbsp;&nbsp;&nbsp;&nbsp;&nbsp;&nbsp;&nbsp;&nbsp;&nbsp;&nbsp;Constructs new <code>KeyTyped</code> using following input engine, and
 specified initial repeat delay and repeat rate delay.</TD>
</TR>
</TABLE>
&nbsp;
<!-- ========== METHOD SUMMARY =========== -->

<A NAME="method_summary"><!-- --></A>
<TABLE BORDER="1" WIDTH="100%" CELLPADDING="3" CELLSPACING="0" SUMMARY="">
<TR BGCOLOR="#CCCCFF" CLASS="TableHeadingColor">
<TH ALIGN="left" COLSPAN="2"><FONT SIZE="+2">
<B>Method Summary</B></FONT></TH>
</TR>
<TR BGCOLOR="white" CLASS="TableRowColor">
<TD ALIGN="right" VALIGN="top" WIDTH="1%"><FONT SIZE="-1">
<CODE>&nbsp;int</CODE></FONT></TD>
<TD><CODE><B><A HREF="../../../../../com/golden/gamedev/engine/input/KeyTyped.html#getKeyTyped()">getKeyTyped</A></B>()</CODE>

<BR>
&nbsp;&nbsp;&nbsp;&nbsp;&nbsp;&nbsp;&nbsp;&nbsp;&nbsp;&nbsp;Returns key typed or <A HREF="../../../../../com/golden/gamedev/engine/BaseInput.html#NO_KEY"><CODE>BaseInput.NO_KEY</CODE></A> if no key is being typed.</TD>
</TR>
<TR BGCOLOR="white" CLASS="TableRowColor">
<TD ALIGN="right" VALIGN="top" WIDTH="1%"><FONT SIZE="-1">
<CODE>&nbsp;long</CODE></FONT></TD>
<TD><CODE><B><A HREF="../../../../../com/golden/gamedev/engine/input/KeyTyped.html#getRepeatDelay()">getRepeatDelay</A></B>()</CODE>

<BR>
&nbsp;&nbsp;&nbsp;&nbsp;&nbsp;&nbsp;&nbsp;&nbsp;&nbsp;&nbsp;Returns the key typed initial delay.</TD>
</TR>
<TR BGCOLOR="white" CLASS="TableRowColor">
<TD ALIGN="right" VALIGN="top" WIDTH="1%"><FONT SIZE="-1">
<CODE>&nbsp;long</CODE></FONT></TD>
<TD><CODE><B><A HREF="../../../../../com/golden/gamedev/engine/input/KeyTyped.html#getRepeatRate()">getRepeatRate</A></B>()</CODE>

<BR>
&nbsp;&nbsp;&nbsp;&nbsp;&nbsp;&nbsp;&nbsp;&nbsp;&nbsp;&nbsp;Returns the key typed repeat rate delay.</TD>
</TR>
<TR BGCOLOR="white" CLASS="TableRowColor">
<TD ALIGN="right" VALIGN="top" WIDTH="1%"><FONT SIZE="-1">
<CODE>&nbsp;boolean</CODE></FONT></TD>
<TD><CODE><B><A HREF="../../../../../com/golden/gamedev/engine/input/KeyTyped.html#isKeyTyped(int)">isKeyTyped</A></B>(int&nbsp;keyCode)</CODE>

<BR>
&nbsp;&nbsp;&nbsp;&nbsp;&nbsp;&nbsp;&nbsp;&nbsp;&nbsp;&nbsp;Returns true if the specified key is being typed.</TD>
</TR>
<TR BGCOLOR="white" CLASS="TableRowColor">
<TD ALIGN="right" VALIGN="top" WIDTH="1%"><FONT SIZE="-1">
<CODE>&nbsp;void</CODE></FONT></TD>
<TD><CODE><B><A HREF="../../../../../com/golden/gamedev/engine/input/KeyTyped.html#refresh()">refresh</A></B>()</CODE>

<BR>
&nbsp;&nbsp;&nbsp;&nbsp;&nbsp;&nbsp;&nbsp;&nbsp;&nbsp;&nbsp;Refresh and clears key typing input.</TD>
</TR>
<TR BGCOLOR="white" CLASS="TableRowColor">
<TD ALIGN="right" VALIGN="top" WIDTH="1%"><FONT SIZE="-1">
<CODE>&nbsp;void</CODE></FONT></TD>
<TD><CODE><B><A HREF="../../../../../com/golden/gamedev/engine/input/KeyTyped.html#setRepeatDelay(long)">setRepeatDelay</A></B>(long&nbsp;delay)</CODE>

<BR>
&nbsp;&nbsp;&nbsp;&nbsp;&nbsp;&nbsp;&nbsp;&nbsp;&nbsp;&nbsp;Sets the key typed initial delay.</TD>
</TR>
<TR BGCOLOR="white" CLASS="TableRowColor">
<TD ALIGN="right" VALIGN="top" WIDTH="1%"><FONT SIZE="-1">
<CODE>&nbsp;void</CODE></FONT></TD>
<TD><CODE><B><A HREF="../../../../../com/golden/gamedev/engine/input/KeyTyped.html#setRepeatRate(long)">setRepeatRate</A></B>(long&nbsp;rate)</CODE>

<BR>
&nbsp;&nbsp;&nbsp;&nbsp;&nbsp;&nbsp;&nbsp;&nbsp;&nbsp;&nbsp;Sets the key typed repeat rate delay.</TD>
</TR>
<TR BGCOLOR="white" CLASS="TableRowColor">
<TD ALIGN="right" VALIGN="top" WIDTH="1%"><FONT SIZE="-1">
<CODE>&nbsp;void</CODE></FONT></TD>
<TD><CODE><B><A HREF="../../../../../com/golden/gamedev/engine/input/KeyTyped.html#update(long)">update</A></B>(long&nbsp;elapsedTime)</CODE>

<BR>
&nbsp;&nbsp;&nbsp;&nbsp;&nbsp;&nbsp;&nbsp;&nbsp;&nbsp;&nbsp;Updates key typing.</TD>
</TR>
</TABLE>
&nbsp;<A NAME="methods_inherited_from_class_java.lang.Object"><!-- --></A>
<TABLE BORDER="1" WIDTH="100%" CELLPADDING="3" CELLSPACING="0" SUMMARY="">
<TR BGCOLOR="#EEEEFF" CLASS="TableSubHeadingColor">
<TH ALIGN="left"><B>Methods inherited from class java.lang.Object</B></TH>
</TR>
<TR BGCOLOR="white" CLASS="TableRowColor">
<TD><CODE>clone, equals, finalize, getClass, hashCode, notify, notifyAll, toString, wait, wait, wait</CODE></TD>
</TR>
</TABLE>
&nbsp;
<P>

<!-- ========= CONSTRUCTOR DETAIL ======== -->

<A NAME="constructor_detail"><!-- --></A>
<TABLE BORDER="1" WIDTH="100%" CELLPADDING="3" CELLSPACING="0" SUMMARY="">
<TR BGCOLOR="#CCCCFF" CLASS="TableHeadingColor">
<TH ALIGN="left" COLSPAN="1"><FONT SIZE="+2">
<B>Constructor Detail</B></FONT></TH>
</TR>
</TABLE>

<A NAME="KeyTyped(com.golden.gamedev.engine.BaseInput, int, int)"><!-- --></A><H3>
KeyTyped</H3>
<PRE>
public <B>KeyTyped</B>(<A HREF="../../../../../com/golden/gamedev/engine/BaseInput.html" title="interface in com.golden.gamedev.engine">BaseInput</A>&nbsp;bsInput,
                int&nbsp;repeatDelay,
                int&nbsp;repeatRate)</PRE>
<DL>
<DD>Constructs new <code>KeyTyped</code> using following input engine, and
 specified initial repeat delay and repeat rate delay.
<P>
<DL>
<DT><B>Parameters:</B><DD><CODE>bsInput</CODE> - The <A HREF="../../../../../com/golden/gamedev/engine/BaseInput.html" title="interface in com.golden.gamedev.engine"><CODE>BaseInput</CODE></A> to use.<DD><CODE>repeatDelay</CODE> - The repeat delay.<DD><CODE>repeatRate</CODE> - The repeat rate.</DL>
</DL>
<HR>

<A NAME="KeyTyped(com.golden.gamedev.engine.BaseInput)"><!-- --></A><H3>
KeyTyped</H3>
<PRE>
public <B>KeyTyped</B>(<A HREF="../../../../../com/golden/gamedev/engine/BaseInput.html" title="interface in com.golden.gamedev.engine">BaseInput</A>&nbsp;bsInput)</PRE>
<DL>
<DD>Constructs new <code>KeyTyped</code> with 450 ms repeat delay and 40 ms
 repeat rate.
<P>
<DL>
<DT><B>Parameters:</B><DD><CODE>bsInput</CODE> - The <A HREF="../../../../../com/golden/gamedev/engine/BaseInput.html" title="interface in com.golden.gamedev.engine"><CODE>BaseInput</CODE></A> to use.</DL>
</DL>

<!-- ============ METHOD DETAIL ========== -->

<A NAME="method_detail"><!-- --></A>
<TABLE BORDER="1" WIDTH="100%" CELLPADDING="3" CELLSPACING="0" SUMMARY="">
<TR BGCOLOR="#CCCCFF" CLASS="TableHeadingColor">
<TH ALIGN="left" COLSPAN="1"><FONT SIZE="+2">
<B>Method Detail</B></FONT></TH>
</TR>
</TABLE>

<A NAME="update(long)"><!-- --></A><H3>
update</H3>
<PRE>
public void <B>update</B>(long&nbsp;elapsedTime)</PRE>
<DL>
<DD>Updates key typing.
<P>
<DD><DL>
<DT><B>Parameters:</B><DD><CODE>elapsedTime</CODE> - The elapsed time since last update.</DL>
</DD>
</DL>
<HR>

<A NAME="refresh()"><!-- --></A><H3>
refresh</H3>
<PRE>
public void <B>refresh</B>()</PRE>
<DL>
<DD>Refresh and clears key typing input.
<P>
<DD><DL>
</DL>
</DD>
</DL>
<HR>

<A NAME="getKeyTyped()"><!-- --></A><H3>
getKeyTyped</H3>
<PRE>
public int <B>getKeyTyped</B>()</PRE>
<DL>
<DD>Returns key typed or <A HREF="../../../../../com/golden/gamedev/engine/BaseInput.html#NO_KEY"><CODE>BaseInput.NO_KEY</CODE></A> if no key is being typed.
<P>
<DD><DL>

<DT><B>Returns:</B><DD>The typed key or <A HREF="../../../../../com/golden/gamedev/engine/BaseInput.html#NO_KEY"><CODE>BaseInput.NO_KEY</CODE></A>.<DT><B>See Also:</B><DD><CODE>KeyEvent.VK_1</CODE></DL>
</DD>
</DL>
<HR>

<A NAME="isKeyTyped(int)"><!-- --></A><H3>
isKeyTyped</H3>
<PRE>
public boolean <B>isKeyTyped</B>(int&nbsp;keyCode)</PRE>
<DL>
<DD>Returns true if the specified key is being typed.
<P>
<DD><DL>
<DT><B>Parameters:</B><DD><CODE>keyCode</CODE> - The code of the key to check.
<DT><B>Returns:</B><DD>If the given key is pressed.<DT><B>See Also:</B><DD><CODE>KeyEvent.VK_1</CODE></DL>
</DD>
</DL>
<HR>

<A NAME="getRepeatDelay()"><!-- --></A><H3>
getRepeatDelay</H3>
<PRE>
public long <B>getRepeatDelay</B>()</PRE>
<DL>
<DD>Returns the key typed initial delay.
<P>
<DD><DL>

<DT><B>Returns:</B><DD>The repeat delay.<DT><B>See Also:</B><DD><A HREF="../../../../../com/golden/gamedev/engine/input/KeyTyped.html#getKeyTyped()"><CODE>getKeyTyped()</CODE></A></DL>
</DD>
</DL>
<HR>

<A NAME="setRepeatDelay(long)"><!-- --></A><H3>
setRepeatDelay</H3>
<PRE>
public void <B>setRepeatDelay</B>(long&nbsp;delay)</PRE>
<DL>
<DD>Sets the key typed initial delay.
<P>
<DD><DL>
<DT><B>Parameters:</B><DD><CODE>delay</CODE> - The repeat delay.<DT><B>See Also:</B><DD><A HREF="../../../../../com/golden/gamedev/engine/input/KeyTyped.html#getKeyTyped()"><CODE>getKeyTyped()</CODE></A></DL>
</DD>
</DL>
<HR>

<A NAME="getRepeatRate()"><!-- --></A><H3>
getRepeatRate</H3>
<PRE>
public long <B>getRepeatRate</B>()</PRE>
<DL>
<DD>Returns the key typed repeat rate delay.
<P>
<DD><DL>

<DT><B>Returns:</B><DD>The repeat rate.<DT><B>See Also:</B><DD><A HREF="../../../../../com/golden/gamedev/engine/input/KeyTyped.html#getKeyTyped()"><CODE>getKeyTyped()</CODE></A></DL>
</DD>
</DL>
<HR>

<A NAME="setRepeatRate(long)"><!-- --></A><H3>
setRepeatRate</H3>
<PRE>
public void <B>setRepeatRate</B>(long&nbsp;rate)</PRE>
<DL>
<DD>Sets the key typed repeat rate delay.
<P>
<DD><DL>
<DT><B>Parameters:</B><DD><CODE>rate</CODE> - The repat rate.<DT><B>See Also:</B><DD><A HREF="../../../../../com/golden/gamedev/engine/input/KeyTyped.html#getKeyTyped()"><CODE>getKeyTyped()</CODE></A></DL>
</DD>
</DL>
<!-- ========= END OF CLASS DATA ========= -->
<HR>


<!-- ======= START OF BOTTOM NAVBAR ====== -->
<A NAME="navbar_bottom"><!-- --></A>
<A HREF="#skip-navbar_bottom" title="Skip navigation links"></A>
<TABLE BORDER="0" WIDTH="100%" CELLPADDING="1" CELLSPACING="0" SUMMARY="">
<TR>
<TD COLSPAN=2 BGCOLOR="#EEEEFF" CLASS="NavBarCell1">
<A NAME="navbar_bottom_firstrow"><!-- --></A>
<TABLE BORDER="0" CELLPADDING="0" CELLSPACING="3" SUMMARY="">
  <TR ALIGN="center" VALIGN="top">
  <TD BGCOLOR="#EEEEFF" CLASS="NavBarCell1">    <A HREF="../../../../../overview-summary.html"><FONT CLASS="NavBarFont1"><B>Overview</B></FONT></A>&nbsp;</TD>
  <TD BGCOLOR="#EEEEFF" CLASS="NavBarCell1">    <A HREF="package-summary.html"><FONT CLASS="NavBarFont1"><B>Package</B></FONT></A>&nbsp;</TD>
  <TD BGCOLOR="#FFFFFF" CLASS="NavBarCell1Rev"> &nbsp;<FONT CLASS="NavBarFont1Rev"><B>Class</B></FONT>&nbsp;</TD>
  <TD BGCOLOR="#EEEEFF" CLASS="NavBarCell1">    <A HREF="class-use/KeyTyped.html"><FONT CLASS="NavBarFont1"><B>Use</B></FONT></A>&nbsp;</TD>
  <TD BGCOLOR="#EEEEFF" CLASS="NavBarCell1">    <A HREF="package-tree.html"><FONT CLASS="NavBarFont1"><B>Tree</B></FONT></A>&nbsp;</TD>
  <TD BGCOLOR="#EEEEFF" CLASS="NavBarCell1">    <A HREF="../../../../../deprecated-list.html"><FONT CLASS="NavBarFont1"><B>Deprecated</B></FONT></A>&nbsp;</TD>
  <TD BGCOLOR="#EEEEFF" CLASS="NavBarCell1">    <A HREF="../../../../../index-files/index-1.html"><FONT CLASS="NavBarFont1"><B>Index</B></FONT></A>&nbsp;</TD>
  <TD BGCOLOR="#EEEEFF" CLASS="NavBarCell1">    <A HREF="../../../../../help-doc.html"><FONT CLASS="NavBarFont1"><B>Help</B></FONT></A>&nbsp;</TD>
  </TR>
</TABLE>
</TD>
<TD ALIGN="right" VALIGN="top" ROWSPAN=3><EM>
</EM>
</TD>
</TR>

<TR>
<TD BGCOLOR="white" CLASS="NavBarCell2"><FONT SIZE="-2">
&nbsp;<A HREF="../../../../../com/golden/gamedev/engine/input/EnhancedAWTInput.EnhancedInputListener.html" title="class in com.golden.gamedev.engine.input"><B>PREV CLASS</B></A>&nbsp;
&nbsp;NEXT CLASS</FONT></TD>
<TD BGCOLOR="white" CLASS="NavBarCell2"><FONT SIZE="-2">
  <A HREF="../../../../../index.html?com/golden/gamedev/engine/input/KeyTyped.html" target="_top"><B>FRAMES</B></A>  &nbsp;
&nbsp;<A HREF="KeyTyped.html" target="_top"><B>NO FRAMES</B></A>  &nbsp;
&nbsp;<SCRIPT type="text/javascript">
  <!--
  if(window==top) {
    document.writeln('<A HREF="../../../../../allclasses-noframe.html"><B>All Classes</B></A>');
  }
  //-->
</SCRIPT>
<NOSCRIPT>
  <A HREF="../../../../../allclasses-noframe.html"><B>All Classes</B></A>
</NOSCRIPT>


</FONT></TD>
</TR>
<TR>
<TD VALIGN="top" CLASS="NavBarCell3"><FONT SIZE="-2">
  SUMMARY:&nbsp;NESTED&nbsp;|&nbsp;FIELD&nbsp;|&nbsp;<A HREF="#constructor_summary">CONSTR</A>&nbsp;|&nbsp;<A HREF="#method_summary">METHOD</A></FONT></TD>
<TD VALIGN="top" CLASS="NavBarCell3"><FONT SIZE="-2">
DETAIL:&nbsp;FIELD&nbsp;|&nbsp;<A HREF="#constructor_detail">CONSTR</A>&nbsp;|&nbsp;<A HREF="#method_detail">METHOD</A></FONT></TD>
</TR>
</TABLE>
<A NAME="skip-navbar_bottom"></A>
<!-- ======== END OF BOTTOM NAVBAR ======= -->

<HR>

</BODY>
</HTML>
