<!DOCTYPE HTML PUBLIC "-//W3C//DTD HTML 4.01 Transitional//EN" "http://www.w3.org/TR/html4/loose.dtd">
<!--NewPage-->
<HTML>
<HEAD>
<!-- Generated by javadoc (build 1.5.0_09) on Wed Oct 15 18:15:44 ART 2008 -->
<META http-equiv="Content-Type" content="text/html; charset=UTF-8">
<TITLE>
Uses of Class com.golden.gamedev.engine.BaseClient
</TITLE>


<LINK REL ="stylesheet" TYPE="text/css" HREF="../../../../../stylesheet.css" TITLE="Style">

<SCRIPT type="text/javascript">
function windowTitle()
{
    parent.document.title="Uses of Class com.golden.gamedev.engine.BaseClient";
}
</SCRIPT>
<NOSCRIPT>
</NOSCRIPT>

</HEAD>

<BODY BGCOLOR="white" onload="windowTitle();">


<!-- ========= START OF TOP NAVBAR ======= -->
<A NAME="navbar_top"><!-- --></A>
<A HREF="#skip-navbar_top" title="Skip navigation links"></A>
<TABLE BORDER="0" WIDTH="100%" CELLPADDING="1" CELLSPACING="0" SUMMARY="">
<TR>
<TD COLSPAN=2 BGCOLOR="#EEEEFF" CLASS="NavBarCell1">
<A NAME="navbar_top_firstrow"><!-- --></A>
<TABLE BORDER="0" CELLPADDING="0" CELLSPACING="3" SUMMARY="">
  <TR ALIGN="center" VALIGN="top">
  <TD BGCOLOR="#EEEEFF" CLASS="NavBarCell1">    <A HREF="../../../../../overview-summary.html"><FONT CLASS="NavBarFont1"><B>Overview</B></FONT></A>&nbsp;</TD>
  <TD BGCOLOR="#EEEEFF" CLASS="NavBarCell1">    <A HREF="../package-summary.html"><FONT CLASS="NavBarFont1"><B>Package</B></FONT></A>&nbsp;</TD>
  <TD BGCOLOR="#EEEEFF" CLASS="NavBarCell1">    <A HREF="../../../../../com/golden/gamedev/engine/BaseClient.html" title="class in com.golden.gamedev.engine"><FONT CLASS="NavBarFont1"><B>Class</B></FONT></A>&nbsp;</TD>
  <TD BGCOLOR="#FFFFFF" CLASS="NavBarCell1Rev"> &nbsp;<FONT CLASS="NavBarFont1Rev"><B>Use</B></FONT>&nbsp;</TD>
  <TD BGCOLOR="#EEEEFF" CLASS="NavBarCell1">    <A HREF="../../../../../overview-tree.html"><FONT CLASS="NavBarFont1"><B>Tree</B></FONT></A>&nbsp;</TD>
  <TD BGCOLOR="#EEEEFF" CLASS="NavBarCell1">    <A HREF="../../../../../deprecated-list.html"><FONT CLASS="NavBarFont1"><B>Deprecated</B></FONT></A>&nbsp;</TD>
  <TD BGCOLOR="#EEEEFF" CLASS="NavBarCell1">    <A HREF="../../../../../index-files/index-1.html"><FONT CLASS="NavBarFont1"><B>Index</B></FONT></A>&nbsp;</TD>
  <TD BGCOLOR="#EEEEFF" CLASS="NavBarCell1">    <A HREF="../../../../../help-doc.html"><FONT CLASS="NavBarFont1"><B>Help</B></FONT></A>&nbsp;</TD>
  </TR>
</TABLE>
</TD>
<TD ALIGN="right" VALIGN="top" ROWSPAN=3><EM>
</EM>
</TD>
</TR>

<TR>
<TD BGCOLOR="white" CLASS="NavBarCell2"><FONT SIZE="-2">
&nbsp;PREV&nbsp;
&nbsp;NEXT</FONT></TD>
<TD BGCOLOR="white" CLASS="NavBarCell2"><FONT SIZE="-2">
  <A HREF="../../../../../index.html?com/golden/gamedev/engine/\class-useBaseClient.html" target="_top"><B>FRAMES</B></A>  &nbsp;
&nbsp;<A HREF="BaseClient.html" target="_top"><B>NO FRAMES</B></A>  &nbsp;
&nbsp;<SCRIPT type="text/javascript">
  <!--
  if(window==top) {
    document.writeln('<A HREF="../../../../../allclasses-noframe.html"><B>All Classes</B></A>');
  }
  //-->
</SCRIPT>
<NOSCRIPT>
  <A HREF="../../../../../allclasses-noframe.html"><B>All Classes</B></A>
</NOSCRIPT>


</FONT></TD>
</TR>
</TABLE>
<A NAME="skip-navbar_top"></A>
<!-- ========= END OF TOP NAVBAR ========= -->

<HR>
<CENTER>
<H2>
<B>Uses of Class<br>com.golden.gamedev.engine.BaseClient</B></H2>
</CENTER>

<TABLE BORDER="1" WIDTH="100%" CELLPADDING="3" CELLSPACING="0" SUMMARY="">
<TR BGCOLOR="#CCCCFF" CLASS="TableHeadingColor">
<TH ALIGN="left" COLSPAN="2"><FONT SIZE="+2">
Packages that use <A HREF="../../../../../com/golden/gamedev/engine/BaseClient.html" title="class in com.golden.gamedev.engine">BaseClient</A></FONT></TH>
</TR>
<TR BGCOLOR="white" CLASS="TableRowColor">
<TD><A HREF="#com.golden.gamedev.engine"><B>com.golden.gamedev.engine</B></A></TD>
<TD>&nbsp;&nbsp;</TD>
</TR>
<TR BGCOLOR="white" CLASS="TableRowColor">
<TD><A HREF="#com.golden.gamedev.engine.network"><B>com.golden.gamedev.engine.network</B></A></TD>
<TD>&nbsp;&nbsp;</TD>
</TR>
<TR BGCOLOR="white" CLASS="TableRowColor">
<TD><A HREF="#com.golden.gamedev.engine.network.tcp"><B>com.golden.gamedev.engine.network.tcp</B></A></TD>
<TD>&nbsp;&nbsp;</TD>
</TR>
</TABLE>
&nbsp;
<P>
<A NAME="com.golden.gamedev.engine"><!-- --></A>
<TABLE BORDER="1" WIDTH="100%" CELLPADDING="3" CELLSPACING="0" SUMMARY="">
<TR BGCOLOR="#CCCCFF" CLASS="TableHeadingColor">
<TH ALIGN="left" COLSPAN="2"><FONT SIZE="+2">
Uses of <A HREF="../../../../../com/golden/gamedev/engine/BaseClient.html" title="class in com.golden.gamedev.engine">BaseClient</A> in <A HREF="../../../../../com/golden/gamedev/engine/package-summary.html">com.golden.gamedev.engine</A></FONT></TH>
</TR>
</TABLE>
&nbsp;
<P>

<TABLE BORDER="1" WIDTH="100%" CELLPADDING="3" CELLSPACING="0" SUMMARY="">
<TR BGCOLOR="#CCCCFF" CLASS="TableSubHeadingColor">
<TH ALIGN="left" COLSPAN="2">Methods in <A HREF="../../../../../com/golden/gamedev/engine/package-summary.html">com.golden.gamedev.engine</A> that return <A HREF="../../../../../com/golden/gamedev/engine/BaseClient.html" title="class in com.golden.gamedev.engine">BaseClient</A></FONT></TH>
</TR>
<TR BGCOLOR="white" CLASS="TableRowColor">
<TD ALIGN="right" VALIGN="top" WIDTH="1%"><FONT SIZE="-1">
<CODE>&nbsp;<A HREF="../../../../../com/golden/gamedev/engine/BaseClient.html" title="class in com.golden.gamedev.engine">BaseClient</A>[]</CODE></FONT></TD>
<TD><CODE><B>BaseServer.</B><B><A HREF="../../../../../com/golden/gamedev/engine/BaseServer.html#getClients()">getClients</A></B>()</CODE>

<BR>
&nbsp;&nbsp;&nbsp;&nbsp;&nbsp;&nbsp;&nbsp;&nbsp;&nbsp;&nbsp;&nbsp;</TD>
</TR>
<TR BGCOLOR="white" CLASS="TableRowColor">
<TD ALIGN="right" VALIGN="top" WIDTH="1%"><FONT SIZE="-1">
<CODE>&nbsp;<A HREF="../../../../../com/golden/gamedev/engine/BaseClient.html" title="class in com.golden.gamedev.engine">BaseClient</A>[]</CODE></FONT></TD>
<TD><CODE><B>BaseServer.</B><B><A HREF="../../../../../com/golden/gamedev/engine/BaseServer.html#getClients(java.lang.String)">getClients</A></B>(java.lang.String&nbsp;groupName)</CODE>

<BR>
&nbsp;&nbsp;&nbsp;&nbsp;&nbsp;&nbsp;&nbsp;&nbsp;&nbsp;&nbsp;&nbsp;</TD>
</TR>
<TR BGCOLOR="white" CLASS="TableRowColor">
<TD ALIGN="right" VALIGN="top" WIDTH="1%"><FONT SIZE="-1">
<CODE>&nbsp;<A HREF="../../../../../com/golden/gamedev/engine/BaseClient.html" title="class in com.golden.gamedev.engine">BaseClient</A>[]</CODE></FONT></TD>
<TD><CODE><B>BaseServer.</B><B><A HREF="../../../../../com/golden/gamedev/engine/BaseServer.html#getConnectingClients()">getConnectingClients</A></B>()</CODE>

<BR>
&nbsp;&nbsp;&nbsp;&nbsp;&nbsp;&nbsp;&nbsp;&nbsp;&nbsp;&nbsp;&nbsp;</TD>
</TR>
<TR BGCOLOR="white" CLASS="TableRowColor">
<TD ALIGN="right" VALIGN="top" WIDTH="1%"><FONT SIZE="-1">
<CODE>&nbsp;<A HREF="../../../../../com/golden/gamedev/engine/BaseClient.html" title="class in com.golden.gamedev.engine">BaseClient</A>[]</CODE></FONT></TD>
<TD><CODE><B>BaseServer.</B><B><A HREF="../../../../../com/golden/gamedev/engine/BaseServer.html#getDisconnectedClients()">getDisconnectedClients</A></B>()</CODE>

<BR>
&nbsp;&nbsp;&nbsp;&nbsp;&nbsp;&nbsp;&nbsp;&nbsp;&nbsp;&nbsp;&nbsp;</TD>
</TR>
<TR BGCOLOR="white" CLASS="TableRowColor">
<TD ALIGN="right" VALIGN="top" WIDTH="1%"><FONT SIZE="-1">
<CODE>&nbsp;<A HREF="../../../../../com/golden/gamedev/engine/BaseClient.html" title="class in com.golden.gamedev.engine">BaseClient</A>[]</CODE></FONT></TD>
<TD><CODE><B>BaseServer.</B><B><A HREF="../../../../../com/golden/gamedev/engine/BaseServer.html#getReceivedPacketClients()">getReceivedPacketClients</A></B>()</CODE>

<BR>
&nbsp;&nbsp;&nbsp;&nbsp;&nbsp;&nbsp;&nbsp;&nbsp;&nbsp;&nbsp;&nbsp;</TD>
</TR>
</TABLE>
&nbsp;
<P>

<TABLE BORDER="1" WIDTH="100%" CELLPADDING="3" CELLSPACING="0" SUMMARY="">
<TR BGCOLOR="#CCCCFF" CLASS="TableSubHeadingColor">
<TH ALIGN="left" COLSPAN="2">Methods in <A HREF="../../../../../com/golden/gamedev/engine/package-summary.html">com.golden.gamedev.engine</A> with parameters of type <A HREF="../../../../../com/golden/gamedev/engine/BaseClient.html" title="class in com.golden.gamedev.engine">BaseClient</A></FONT></TH>
</TR>
<TR BGCOLOR="white" CLASS="TableRowColor">
<TD ALIGN="right" VALIGN="top" WIDTH="1%"><FONT SIZE="-1">
<CODE>protected &nbsp;void</CODE></FONT></TD>
<TD><CODE><B>BaseServer.</B><B><A HREF="../../../../../com/golden/gamedev/engine/BaseServer.html#addClient(com.golden.gamedev.engine.BaseClient)">addClient</A></B>(<A HREF="../../../../../com/golden/gamedev/engine/BaseClient.html" title="class in com.golden.gamedev.engine">BaseClient</A>&nbsp;client)</CODE>

<BR>
&nbsp;&nbsp;&nbsp;&nbsp;&nbsp;&nbsp;&nbsp;&nbsp;&nbsp;&nbsp;&nbsp;</TD>
</TR>
<TR BGCOLOR="white" CLASS="TableRowColor">
<TD ALIGN="right" VALIGN="top" WIDTH="1%"><FONT SIZE="-1">
<CODE>protected &nbsp;void</CODE></FONT></TD>
<TD><CODE><B>BaseServer.</B><B><A HREF="../../../../../com/golden/gamedev/engine/BaseServer.html#addConnectingClient(com.golden.gamedev.engine.BaseClient)">addConnectingClient</A></B>(<A HREF="../../../../../com/golden/gamedev/engine/BaseClient.html" title="class in com.golden.gamedev.engine">BaseClient</A>&nbsp;client)</CODE>

<BR>
&nbsp;&nbsp;&nbsp;&nbsp;&nbsp;&nbsp;&nbsp;&nbsp;&nbsp;&nbsp;&nbsp;</TD>
</TR>
<TR BGCOLOR="white" CLASS="TableRowColor">
<TD ALIGN="right" VALIGN="top" WIDTH="1%"><FONT SIZE="-1">
<CODE>protected &nbsp;void</CODE></FONT></TD>
<TD><CODE><B>BaseServer.</B><B><A HREF="../../../../../com/golden/gamedev/engine/BaseServer.html#addDisconnectedClient(com.golden.gamedev.engine.BaseClient)">addDisconnectedClient</A></B>(<A HREF="../../../../../com/golden/gamedev/engine/BaseClient.html" title="class in com.golden.gamedev.engine">BaseClient</A>&nbsp;client)</CODE>

<BR>
&nbsp;&nbsp;&nbsp;&nbsp;&nbsp;&nbsp;&nbsp;&nbsp;&nbsp;&nbsp;&nbsp;</TD>
</TR>
<TR BGCOLOR="white" CLASS="TableRowColor">
<TD ALIGN="right" VALIGN="top" WIDTH="1%"><FONT SIZE="-1">
<CODE>protected &nbsp;void</CODE></FONT></TD>
<TD><CODE><B>BaseServer.</B><B><A HREF="../../../../../com/golden/gamedev/engine/BaseServer.html#addReceivedPacketClient(com.golden.gamedev.engine.BaseClient)">addReceivedPacketClient</A></B>(<A HREF="../../../../../com/golden/gamedev/engine/BaseClient.html" title="class in com.golden.gamedev.engine">BaseClient</A>&nbsp;client)</CODE>

<BR>
&nbsp;&nbsp;&nbsp;&nbsp;&nbsp;&nbsp;&nbsp;&nbsp;&nbsp;&nbsp;&nbsp;</TD>
</TR>
<TR BGCOLOR="white" CLASS="TableRowColor">
<TD ALIGN="right" VALIGN="top" WIDTH="1%"><FONT SIZE="-1">
<CODE>protected &nbsp;void</CODE></FONT></TD>
<TD><CODE><B>BaseServer.</B><B><A HREF="../../../../../com/golden/gamedev/engine/BaseServer.html#broadcastPacket(byte[], com.golden.gamedev.engine.BaseClient)">broadcastPacket</A></B>(byte[]&nbsp;packet,
                <A HREF="../../../../../com/golden/gamedev/engine/BaseClient.html" title="class in com.golden.gamedev.engine">BaseClient</A>&nbsp;except)</CODE>

<BR>
&nbsp;&nbsp;&nbsp;&nbsp;&nbsp;&nbsp;&nbsp;&nbsp;&nbsp;&nbsp;&nbsp;</TD>
</TR>
<TR BGCOLOR="white" CLASS="TableRowColor">
<TD ALIGN="right" VALIGN="top" WIDTH="1%"><FONT SIZE="-1">
<CODE>protected &nbsp;void</CODE></FONT></TD>
<TD><CODE><B>BaseServer.</B><B><A HREF="../../../../../com/golden/gamedev/engine/BaseServer.html#broadcastPacket(byte[], java.lang.String, com.golden.gamedev.engine.BaseClient)">broadcastPacket</A></B>(byte[]&nbsp;packet,
                java.lang.String&nbsp;group,
                <A HREF="../../../../../com/golden/gamedev/engine/BaseClient.html" title="class in com.golden.gamedev.engine">BaseClient</A>&nbsp;except)</CODE>

<BR>
&nbsp;&nbsp;&nbsp;&nbsp;&nbsp;&nbsp;&nbsp;&nbsp;&nbsp;&nbsp;&nbsp;</TD>
</TR>
<TR BGCOLOR="white" CLASS="TableRowColor">
<TD ALIGN="right" VALIGN="top" WIDTH="1%"><FONT SIZE="-1">
<CODE>&nbsp;void</CODE></FONT></TD>
<TD><CODE><B>BaseServer.</B><B><A HREF="../../../../../com/golden/gamedev/engine/BaseServer.html#broadcastPacket(com.golden.gamedev.engine.network.NetworkPacket, com.golden.gamedev.engine.BaseClient)">broadcastPacket</A></B>(<A HREF="../../../../../com/golden/gamedev/engine/network/NetworkPacket.html" title="class in com.golden.gamedev.engine.network">NetworkPacket</A>&nbsp;packet,
                <A HREF="../../../../../com/golden/gamedev/engine/BaseClient.html" title="class in com.golden.gamedev.engine">BaseClient</A>&nbsp;except)</CODE>

<BR>
&nbsp;&nbsp;&nbsp;&nbsp;&nbsp;&nbsp;&nbsp;&nbsp;&nbsp;&nbsp;&nbsp;</TD>
</TR>
<TR BGCOLOR="white" CLASS="TableRowColor">
<TD ALIGN="right" VALIGN="top" WIDTH="1%"><FONT SIZE="-1">
<CODE>&nbsp;void</CODE></FONT></TD>
<TD><CODE><B>BaseServer.</B><B><A HREF="../../../../../com/golden/gamedev/engine/BaseServer.html#broadcastPacket(com.golden.gamedev.engine.network.NetworkPacket, java.lang.String, com.golden.gamedev.engine.BaseClient)">broadcastPacket</A></B>(<A HREF="../../../../../com/golden/gamedev/engine/network/NetworkPacket.html" title="class in com.golden.gamedev.engine.network">NetworkPacket</A>&nbsp;packet,
                java.lang.String&nbsp;group,
                <A HREF="../../../../../com/golden/gamedev/engine/BaseClient.html" title="class in com.golden.gamedev.engine">BaseClient</A>&nbsp;except)</CODE>

<BR>
&nbsp;&nbsp;&nbsp;&nbsp;&nbsp;&nbsp;&nbsp;&nbsp;&nbsp;&nbsp;&nbsp;</TD>
</TR>
<TR BGCOLOR="white" CLASS="TableRowColor">
<TD ALIGN="right" VALIGN="top" WIDTH="1%"><FONT SIZE="-1">
<CODE>protected &nbsp;void</CODE></FONT></TD>
<TD><CODE><B>BaseServer.</B><B><A HREF="../../../../../com/golden/gamedev/engine/BaseServer.html#broadcastPacketExcept(byte[], java.lang.String, com.golden.gamedev.engine.BaseClient)">broadcastPacketExcept</A></B>(byte[]&nbsp;packet,
                      java.lang.String&nbsp;group,
                      <A HREF="../../../../../com/golden/gamedev/engine/BaseClient.html" title="class in com.golden.gamedev.engine">BaseClient</A>&nbsp;except)</CODE>

<BR>
&nbsp;&nbsp;&nbsp;&nbsp;&nbsp;&nbsp;&nbsp;&nbsp;&nbsp;&nbsp;&nbsp;</TD>
</TR>
<TR BGCOLOR="white" CLASS="TableRowColor">
<TD ALIGN="right" VALIGN="top" WIDTH="1%"><FONT SIZE="-1">
<CODE>&nbsp;void</CODE></FONT></TD>
<TD><CODE><B>BaseServer.</B><B><A HREF="../../../../../com/golden/gamedev/engine/BaseServer.html#broadcastPacketExcept(com.golden.gamedev.engine.network.NetworkPacket, java.lang.String, com.golden.gamedev.engine.BaseClient)">broadcastPacketExcept</A></B>(<A HREF="../../../../../com/golden/gamedev/engine/network/NetworkPacket.html" title="class in com.golden.gamedev.engine.network">NetworkPacket</A>&nbsp;packet,
                      java.lang.String&nbsp;exceptGroup,
                      <A HREF="../../../../../com/golden/gamedev/engine/BaseClient.html" title="class in com.golden.gamedev.engine">BaseClient</A>&nbsp;except)</CODE>

<BR>
&nbsp;&nbsp;&nbsp;&nbsp;&nbsp;&nbsp;&nbsp;&nbsp;&nbsp;&nbsp;&nbsp;</TD>
</TR>
<TR BGCOLOR="white" CLASS="TableRowColor">
<TD ALIGN="right" VALIGN="top" WIDTH="1%"><FONT SIZE="-1">
<CODE>&nbsp;void</CODE></FONT></TD>
<TD><CODE><B>BaseServer.</B><B><A HREF="../../../../../com/golden/gamedev/engine/BaseServer.html#broadcastRawPacket(byte[], com.golden.gamedev.engine.BaseClient)">broadcastRawPacket</A></B>(byte[]&nbsp;packet,
                   <A HREF="../../../../../com/golden/gamedev/engine/BaseClient.html" title="class in com.golden.gamedev.engine">BaseClient</A>&nbsp;except)</CODE>

<BR>
&nbsp;&nbsp;&nbsp;&nbsp;&nbsp;&nbsp;&nbsp;&nbsp;&nbsp;&nbsp;&nbsp;</TD>
</TR>
<TR BGCOLOR="white" CLASS="TableRowColor">
<TD ALIGN="right" VALIGN="top" WIDTH="1%"><FONT SIZE="-1">
<CODE>&nbsp;void</CODE></FONT></TD>
<TD><CODE><B>BaseServer.</B><B><A HREF="../../../../../com/golden/gamedev/engine/BaseServer.html#broadcastRawPacket(byte[], java.lang.String, com.golden.gamedev.engine.BaseClient)">broadcastRawPacket</A></B>(byte[]&nbsp;packet,
                   java.lang.String&nbsp;group,
                   <A HREF="../../../../../com/golden/gamedev/engine/BaseClient.html" title="class in com.golden.gamedev.engine">BaseClient</A>&nbsp;except)</CODE>

<BR>
&nbsp;&nbsp;&nbsp;&nbsp;&nbsp;&nbsp;&nbsp;&nbsp;&nbsp;&nbsp;&nbsp;</TD>
</TR>
<TR BGCOLOR="white" CLASS="TableRowColor">
<TD ALIGN="right" VALIGN="top" WIDTH="1%"><FONT SIZE="-1">
<CODE>&nbsp;void</CODE></FONT></TD>
<TD><CODE><B>BaseServer.</B><B><A HREF="../../../../../com/golden/gamedev/engine/BaseServer.html#broadcastRawPacketExcept(byte[], java.lang.String, com.golden.gamedev.engine.BaseClient)">broadcastRawPacketExcept</A></B>(byte[]&nbsp;packet,
                         java.lang.String&nbsp;exceptGroup,
                         <A HREF="../../../../../com/golden/gamedev/engine/BaseClient.html" title="class in com.golden.gamedev.engine">BaseClient</A>&nbsp;except)</CODE>

<BR>
&nbsp;&nbsp;&nbsp;&nbsp;&nbsp;&nbsp;&nbsp;&nbsp;&nbsp;&nbsp;&nbsp;</TD>
</TR>
<TR BGCOLOR="white" CLASS="TableRowColor">
<TD ALIGN="right" VALIGN="top" WIDTH="1%"><FONT SIZE="-1">
<CODE>protected &nbsp;void</CODE></FONT></TD>
<TD><CODE><B>BaseServer.</B><B><A HREF="../../../../../com/golden/gamedev/engine/BaseServer.html#changeGroup(com.golden.gamedev.engine.BaseClient, java.lang.String, java.lang.String)">changeGroup</A></B>(<A HREF="../../../../../com/golden/gamedev/engine/BaseClient.html" title="class in com.golden.gamedev.engine">BaseClient</A>&nbsp;client,
            java.lang.String&nbsp;fromGroup,
            java.lang.String&nbsp;toGroup)</CODE>

<BR>
&nbsp;&nbsp;&nbsp;&nbsp;&nbsp;&nbsp;&nbsp;&nbsp;&nbsp;&nbsp;&nbsp;</TD>
</TR>
<TR BGCOLOR="white" CLASS="TableRowColor">
<TD ALIGN="right" VALIGN="top" WIDTH="1%"><FONT SIZE="-1">
<CODE>&nbsp;boolean</CODE></FONT></TD>
<TD><CODE><B>BaseServer.</B><B><A HREF="../../../../../com/golden/gamedev/engine/BaseServer.html#removeClient(com.golden.gamedev.engine.BaseClient)">removeClient</A></B>(<A HREF="../../../../../com/golden/gamedev/engine/BaseClient.html" title="class in com.golden.gamedev.engine">BaseClient</A>&nbsp;client)</CODE>

<BR>
&nbsp;&nbsp;&nbsp;&nbsp;&nbsp;&nbsp;&nbsp;&nbsp;&nbsp;&nbsp;&nbsp;</TD>
</TR>
<TR BGCOLOR="white" CLASS="TableRowColor">
<TD ALIGN="right" VALIGN="top" WIDTH="1%"><FONT SIZE="-1">
<CODE>&nbsp;void</CODE></FONT></TD>
<TD><CODE><B>BaseServer.</B><B><A HREF="../../../../../com/golden/gamedev/engine/BaseServer.html#removeDisconnectedClient(com.golden.gamedev.engine.BaseClient)">removeDisconnectedClient</A></B>(<A HREF="../../../../../com/golden/gamedev/engine/BaseClient.html" title="class in com.golden.gamedev.engine">BaseClient</A>&nbsp;client)</CODE>

<BR>
&nbsp;&nbsp;&nbsp;&nbsp;&nbsp;&nbsp;&nbsp;&nbsp;&nbsp;&nbsp;&nbsp;</TD>
</TR>
</TABLE>
&nbsp;
<P>
<A NAME="com.golden.gamedev.engine.network"><!-- --></A>
<TABLE BORDER="1" WIDTH="100%" CELLPADDING="3" CELLSPACING="0" SUMMARY="">
<TR BGCOLOR="#CCCCFF" CLASS="TableHeadingColor">
<TH ALIGN="left" COLSPAN="2"><FONT SIZE="+2">
Uses of <A HREF="../../../../../com/golden/gamedev/engine/BaseClient.html" title="class in com.golden.gamedev.engine">BaseClient</A> in <A HREF="../../../../../com/golden/gamedev/engine/network/package-summary.html">com.golden.gamedev.engine.network</A></FONT></TH>
</TR>
</TABLE>
&nbsp;
<P>

<TABLE BORDER="1" WIDTH="100%" CELLPADDING="3" CELLSPACING="0" SUMMARY="">
<TR BGCOLOR="#CCCCFF" CLASS="TableSubHeadingColor">
<TH ALIGN="left" COLSPAN="2">Methods in <A HREF="../../../../../com/golden/gamedev/engine/network/package-summary.html">com.golden.gamedev.engine.network</A> with parameters of type <A HREF="../../../../../com/golden/gamedev/engine/BaseClient.html" title="class in com.golden.gamedev.engine">BaseClient</A></FONT></TH>
</TR>
<TR BGCOLOR="white" CLASS="TableRowColor">
<TD ALIGN="right" VALIGN="top" WIDTH="1%"><FONT SIZE="-1">
<CODE>&nbsp;<A HREF="../../../../../com/golden/gamedev/engine/network/NetworkPacket.html" title="class in com.golden.gamedev.engine.network">NetworkPacket</A></CODE></FONT></TD>
<TD><CODE><B>NetworkPacket.</B><B><A HREF="../../../../../com/golden/gamedev/engine/network/NetworkPacket.html#setSender(com.golden.gamedev.engine.BaseClient)">setSender</A></B>(<A HREF="../../../../../com/golden/gamedev/engine/BaseClient.html" title="class in com.golden.gamedev.engine">BaseClient</A>&nbsp;sender)</CODE>

<BR>
&nbsp;&nbsp;&nbsp;&nbsp;&nbsp;&nbsp;&nbsp;&nbsp;&nbsp;&nbsp;&nbsp;</TD>
</TR>
</TABLE>
&nbsp;
<P>
<A NAME="com.golden.gamedev.engine.network.tcp"><!-- --></A>
<TABLE BORDER="1" WIDTH="100%" CELLPADDING="3" CELLSPACING="0" SUMMARY="">
<TR BGCOLOR="#CCCCFF" CLASS="TableHeadingColor">
<TH ALIGN="left" COLSPAN="2"><FONT SIZE="+2">
Uses of <A HREF="../../../../../com/golden/gamedev/engine/BaseClient.html" title="class in com.golden.gamedev.engine">BaseClient</A> in <A HREF="../../../../../com/golden/gamedev/engine/network/tcp/package-summary.html">com.golden.gamedev.engine.network.tcp</A></FONT></TH>
</TR>
</TABLE>
&nbsp;
<P>

<TABLE BORDER="1" WIDTH="100%" CELLPADDING="3" CELLSPACING="0" SUMMARY="">
<TR BGCOLOR="#CCCCFF" CLASS="TableSubHeadingColor">
<TH ALIGN="left" COLSPAN="2">Subclasses of <A HREF="../../../../../com/golden/gamedev/engine/BaseClient.html" title="class in com.golden.gamedev.engine">BaseClient</A> in <A HREF="../../../../../com/golden/gamedev/engine/network/tcp/package-summary.html">com.golden.gamedev.engine.network.tcp</A></FONT></TH>
</TR>
<TR BGCOLOR="white" CLASS="TableRowColor">
<TD ALIGN="right" VALIGN="top" WIDTH="1%"><FONT SIZE="-1">
<CODE>&nbsp;class</CODE></FONT></TD>
<TD><CODE><B><A HREF="../../../../../com/golden/gamedev/engine/network/tcp/TCPClient.html" title="class in com.golden.gamedev.engine.network.tcp">TCPClient</A></B></CODE>

<BR>
&nbsp;&nbsp;&nbsp;&nbsp;&nbsp;&nbsp;&nbsp;&nbsp;&nbsp;&nbsp;&nbsp;</TD>
</TR>
</TABLE>
&nbsp;
<P>
<HR>


<!-- ======= START OF BOTTOM NAVBAR ====== -->
<A NAME="navbar_bottom"><!-- --></A>
<A HREF="#skip-navbar_bottom" title="Skip navigation links"></A>
<TABLE BORDER="0" WIDTH="100%" CELLPADDING="1" CELLSPACING="0" SUMMARY="">
<TR>
<TD COLSPAN=2 BGCOLOR="#EEEEFF" CLASS="NavBarCell1">
<A NAME="navbar_bottom_firstrow"><!-- --></A>
<TABLE BORDER="0" CELLPADDING="0" CELLSPACING="3" SUMMARY="">
  <TR ALIGN="center" VALIGN="top">
  <TD BGCOLOR="#EEEEFF" CLASS="NavBarCell1">    <A HREF="../../../../../overview-summary.html"><FONT CLASS="NavBarFont1"><B>Overview</B></FONT></A>&nbsp;</TD>
  <TD BGCOLOR="#EEEEFF" CLASS="NavBarCell1">    <A HREF="../package-summary.html"><FONT CLASS="NavBarFont1"><B>Package</B></FONT></A>&nbsp;</TD>
  <TD BGCOLOR="#EEEEFF" CLASS="NavBarCell1">    <A HREF="../../../../../com/golden/gamedev/engine/BaseClient.html" title="class in com.golden.gamedev.engine"><FONT CLASS="NavBarFont1"><B>Class</B></FONT></A>&nbsp;</TD>
  <TD BGCOLOR="#FFFFFF" CLASS="NavBarCell1Rev"> &nbsp;<FONT CLASS="NavBarFont1Rev"><B>Use</B></FONT>&nbsp;</TD>
  <TD BGCOLOR="#EEEEFF" CLASS="NavBarCell1">    <A HREF="../../../../../overview-tree.html"><FONT CLASS="NavBarFont1"><B>Tree</B></FONT></A>&nbsp;</TD>
  <TD BGCOLOR="#EEEEFF" CLASS="NavBarCell1">    <A HREF="../../../../../deprecated-list.html"><FONT CLASS="NavBarFont1"><B>Deprecated</B></FONT></A>&nbsp;</TD>
  <TD BGCOLOR="#EEEEFF" CLASS="NavBarCell1">    <A HREF="../../../../../index-files/index-1.html"><FONT CLASS="NavBarFont1"><B>Index</B></FONT></A>&nbsp;</TD>
  <TD BGCOLOR="#EEEEFF" CLASS="NavBarCell1">    <A HREF="../../../../../help-doc.html"><FONT CLASS="NavBarFont1"><B>Help</B></FONT></A>&nbsp;</TD>
  </TR>
</TABLE>
</TD>
<TD ALIGN="right" VALIGN="top" ROWSPAN=3><EM>
</EM>
</TD>
</TR>

<TR>
<TD BGCOLOR="white" CLASS="NavBarCell2"><FONT SIZE="-2">
&nbsp;PREV&nbsp;
&nbsp;NEXT</FONT></TD>
<TD BGCOLOR="white" CLASS="NavBarCell2"><FONT SIZE="-2">
  <A HREF="../../../../../index.html?com/golden/gamedev/engine/\class-useBaseClient.html" target="_top"><B>FRAMES</B></A>  &nbsp;
&nbsp;<A HREF="BaseClient.html" target="_top"><B>NO FRAMES</B></A>  &nbsp;
&nbsp;<SCRIPT type="text/javascript">
  <!--
  if(window==top) {
    document.writeln('<A HREF="../../../../../allclasses-noframe.html"><B>All Classes</B></A>');
  }
  //-->
</SCRIPT>
<NOSCRIPT>
  <A HREF="../../../../../allclasses-noframe.html"><B>All Classes</B></A>
</NOSCRIPT>


</FONT></TD>
</TR>
</TABLE>
<A NAME="skip-navbar_bottom"></A>
<!-- ======== END OF BOTTOM NAVBAR ======= -->

<HR>

</BODY>
</HTML>
