<!DOCTYPE HTML PUBLIC "-//W3C//DTD HTML 4.01 Transitional//EN" "http://www.w3.org/TR/html4/loose.dtd">
<!--NewPage-->
<HTML>
<HEAD>
<!-- Generated by javadoc (build 1.5.0_09) on Wed Nov 12 10:05:49 GST 2008 -->
<META http-equiv="Content-Type" content="text/html; charset=UTF-8">
<TITLE>
ImageBackground
</TITLE>

<META NAME="keywords" CONTENT="com.golden.gamedev.object.background.ImageBackground class">

<LINK REL ="stylesheet" TYPE="text/css" HREF="../../../../../stylesheet.css" TITLE="Style">

<SCRIPT type="text/javascript">
function windowTitle()
{
    parent.document.title="ImageBackground";
}
</SCRIPT>
<NOSCRIPT>
</NOSCRIPT>

</HEAD>

<BODY BGCOLOR="white" onload="windowTitle();">


<!-- ========= START OF TOP NAVBAR ======= -->
<A NAME="navbar_top"><!-- --></A>
<A HREF="#skip-navbar_top" title="Skip navigation links"></A>
<TABLE BORDER="0" WIDTH="100%" CELLPADDING="1" CELLSPACING="0" SUMMARY="">
<TR>
<TD COLSPAN=2 BGCOLOR="#EEEEFF" CLASS="NavBarCell1">
<A NAME="navbar_top_firstrow"><!-- --></A>
<TABLE BORDER="0" CELLPADDING="0" CELLSPACING="3" SUMMARY="">
  <TR ALIGN="center" VALIGN="top">
  <TD BGCOLOR="#EEEEFF" CLASS="NavBarCell1">    <A HREF="../../../../../overview-summary.html"><FONT CLASS="NavBarFont1"><B>Overview</B></FONT></A>&nbsp;</TD>
  <TD BGCOLOR="#EEEEFF" CLASS="NavBarCell1">    <A HREF="package-summary.html"><FONT CLASS="NavBarFont1"><B>Package</B></FONT></A>&nbsp;</TD>
  <TD BGCOLOR="#FFFFFF" CLASS="NavBarCell1Rev"> &nbsp;<FONT CLASS="NavBarFont1Rev"><B>Class</B></FONT>&nbsp;</TD>
  <TD BGCOLOR="#EEEEFF" CLASS="NavBarCell1">    <A HREF="class-use/ImageBackground.html"><FONT CLASS="NavBarFont1"><B>Use</B></FONT></A>&nbsp;</TD>
  <TD BGCOLOR="#EEEEFF" CLASS="NavBarCell1">    <A HREF="package-tree.html"><FONT CLASS="NavBarFont1"><B>Tree</B></FONT></A>&nbsp;</TD>
  <TD BGCOLOR="#EEEEFF" CLASS="NavBarCell1">    <A HREF="../../../../../deprecated-list.html"><FONT CLASS="NavBarFont1"><B>Deprecated</B></FONT></A>&nbsp;</TD>
  <TD BGCOLOR="#EEEEFF" CLASS="NavBarCell1">    <A HREF="../../../../../index-files/index-1.html"><FONT CLASS="NavBarFont1"><B>Index</B></FONT></A>&nbsp;</TD>
  <TD BGCOLOR="#EEEEFF" CLASS="NavBarCell1">    <A HREF="../../../../../help-doc.html"><FONT CLASS="NavBarFont1"><B>Help</B></FONT></A>&nbsp;</TD>
  </TR>
</TABLE>
</TD>
<TD ALIGN="right" VALIGN="top" ROWSPAN=3><EM>
</EM>
</TD>
</TR>

<TR>
<TD BGCOLOR="white" CLASS="NavBarCell2"><FONT SIZE="-2">
&nbsp;<A HREF="../../../../../com/golden/gamedev/object/background/ColorBackground.html" title="class in com.golden.gamedev.object.background"><B>PREV CLASS</B></A>&nbsp;
&nbsp;<A HREF="../../../../../com/golden/gamedev/object/background/IsometricBackground.html" title="class in com.golden.gamedev.object.background"><B>NEXT CLASS</B></A></FONT></TD>
<TD BGCOLOR="white" CLASS="NavBarCell2"><FONT SIZE="-2">
  <A HREF="../../../../../index.html?com/golden/gamedev/object/background/ImageBackground.html" target="_top"><B>FRAMES</B></A>  &nbsp;
&nbsp;<A HREF="ImageBackground.html" target="_top"><B>NO FRAMES</B></A>  &nbsp;
&nbsp;<SCRIPT type="text/javascript">
  <!--
  if(window==top) {
    document.writeln('<A HREF="../../../../../allclasses-noframe.html"><B>All Classes</B></A>');
  }
  //-->
</SCRIPT>
<NOSCRIPT>
  <A HREF="../../../../../allclasses-noframe.html"><B>All Classes</B></A>
</NOSCRIPT>


</FONT></TD>
</TR>
<TR>
<TD VALIGN="top" CLASS="NavBarCell3"><FONT SIZE="-2">
  SUMMARY:&nbsp;NESTED&nbsp;|&nbsp;<A HREF="#fields_inherited_from_class_com.golden.gamedev.object.Background">FIELD</A>&nbsp;|&nbsp;<A HREF="#constructor_summary">CONSTR</A>&nbsp;|&nbsp;<A HREF="#method_summary">METHOD</A></FONT></TD>
<TD VALIGN="top" CLASS="NavBarCell3"><FONT SIZE="-2">
DETAIL:&nbsp;FIELD&nbsp;|&nbsp;<A HREF="#constructor_detail">CONSTR</A>&nbsp;|&nbsp;<A HREF="#method_detail">METHOD</A></FONT></TD>
</TR>
</TABLE>
<A NAME="skip-navbar_top"></A>
<!-- ========= END OF TOP NAVBAR ========= -->

<HR>
<!-- ======== START OF CLASS DATA ======== -->
<H2>
<FONT SIZE="-1">
com.golden.gamedev.object.background</FONT>
<BR>
Class ImageBackground</H2>
<PRE>
java.lang.Object
  <IMG SRC="../../../../../resources/inherit.gif" ALT="extended by "><A HREF="../../../../../com/golden/gamedev/object/Background.html" title="class in com.golden.gamedev.object">com.golden.gamedev.object.Background</A>
      <IMG SRC="../../../../../resources/inherit.gif" ALT="extended by "><B>com.golden.gamedev.object.background.ImageBackground</B>
</PRE>
<DL>
<DT><B>All Implemented Interfaces:</B> <DD>java.io.Serializable</DD>
</DL>
<HR>
<DL>
<DT><PRE>public class <B>ImageBackground</B><DT>extends <A HREF="../../../../../com/golden/gamedev/object/Background.html" title="class in com.golden.gamedev.object">Background</A></DL>
</PRE>

<P>
Background that use a single image as the background.
<P>

<P>
<DL>
<DT><B>See Also:</B><DD><A HREF="../../../../../serialized-form.html#com.golden.gamedev.object.background.ImageBackground">Serialized Form</A></DL>
<HR>

<P>
<!-- =========== FIELD SUMMARY =========== -->

<A NAME="field_summary"><!-- --></A>
<TABLE BORDER="1" WIDTH="100%" CELLPADDING="3" CELLSPACING="0" SUMMARY="">
<TR BGCOLOR="#CCCCFF" CLASS="TableHeadingColor">
<TH ALIGN="left" COLSPAN="2"><FONT SIZE="+2">
<B>Field Summary</B></FONT></TH>
</TR>
</TABLE>
&nbsp;<A NAME="fields_inherited_from_class_com.golden.gamedev.object.Background"><!-- --></A>
<TABLE BORDER="1" WIDTH="100%" CELLPADDING="3" CELLSPACING="0" SUMMARY="">
<TR BGCOLOR="#EEEEFF" CLASS="TableSubHeadingColor">
<TH ALIGN="left"><B>Fields inherited from class com.golden.gamedev.object.<A HREF="../../../../../com/golden/gamedev/object/Background.html" title="class in com.golden.gamedev.object">Background</A></B></TH>
</TR>
<TR BGCOLOR="white" CLASS="TableRowColor">
<TD><CODE><A HREF="../../../../../com/golden/gamedev/object/Background.html#screen">screen</A>, <A HREF="../../../../../com/golden/gamedev/object/Background.html#x">x</A>, <A HREF="../../../../../com/golden/gamedev/object/Background.html#y">y</A></CODE></TD>
</TR>
</TABLE>
&nbsp;
<!-- ======== CONSTRUCTOR SUMMARY ======== -->

<A NAME="constructor_summary"><!-- --></A>
<TABLE BORDER="1" WIDTH="100%" CELLPADDING="3" CELLSPACING="0" SUMMARY="">
<TR BGCOLOR="#CCCCFF" CLASS="TableHeadingColor">
<TH ALIGN="left" COLSPAN="2"><FONT SIZE="+2">
<B>Constructor Summary</B></FONT></TH>
</TR>
<TR BGCOLOR="white" CLASS="TableRowColor">
<TD><CODE><B><A HREF="../../../../../com/golden/gamedev/object/background/ImageBackground.html#ImageBackground(java.awt.image.BufferedImage)">ImageBackground</A></B>(java.awt.image.BufferedImage&nbsp;image)</CODE>

<BR>
&nbsp;&nbsp;&nbsp;&nbsp;&nbsp;&nbsp;&nbsp;&nbsp;&nbsp;&nbsp;Creates new <code>ImageBackground</code> with specified image and the
 background size is as large as the image.</TD>
</TR>
<TR BGCOLOR="white" CLASS="TableRowColor">
<TD><CODE><B><A HREF="../../../../../com/golden/gamedev/object/background/ImageBackground.html#ImageBackground(java.awt.image.BufferedImage, int, int)">ImageBackground</A></B>(java.awt.image.BufferedImage&nbsp;image,
                int&nbsp;w,
                int&nbsp;h)</CODE>

<BR>
&nbsp;&nbsp;&nbsp;&nbsp;&nbsp;&nbsp;&nbsp;&nbsp;&nbsp;&nbsp;Creates new <code>ImageBackground</code> with specified image and
 background size.</TD>
</TR>
</TABLE>
&nbsp;
<!-- ========== METHOD SUMMARY =========== -->

<A NAME="method_summary"><!-- --></A>
<TABLE BORDER="1" WIDTH="100%" CELLPADDING="3" CELLSPACING="0" SUMMARY="">
<TR BGCOLOR="#CCCCFF" CLASS="TableHeadingColor">
<TH ALIGN="left" COLSPAN="2"><FONT SIZE="+2">
<B>Method Summary</B></FONT></TH>
</TR>
<TR BGCOLOR="white" CLASS="TableRowColor">
<TD ALIGN="right" VALIGN="top" WIDTH="1%"><FONT SIZE="-1">
<CODE>&nbsp;java.awt.image.BufferedImage</CODE></FONT></TD>
<TD><CODE><B><A HREF="../../../../../com/golden/gamedev/object/background/ImageBackground.html#getImage()">getImage</A></B>()</CODE>

<BR>
&nbsp;&nbsp;&nbsp;&nbsp;&nbsp;&nbsp;&nbsp;&nbsp;&nbsp;&nbsp;Returns this background image.</TD>
</TR>
<TR BGCOLOR="white" CLASS="TableRowColor">
<TD ALIGN="right" VALIGN="top" WIDTH="1%"><FONT SIZE="-1">
<CODE>&nbsp;void</CODE></FONT></TD>
<TD><CODE><B><A HREF="../../../../../com/golden/gamedev/object/background/ImageBackground.html#render(java.awt.Graphics2D, int, int, int, int, int, int)">render</A></B>(java.awt.Graphics2D&nbsp;g,
       int&nbsp;xbg,
       int&nbsp;ybg,
       int&nbsp;x,
       int&nbsp;y,
       int&nbsp;w,
       int&nbsp;h)</CODE>

<BR>
&nbsp;&nbsp;&nbsp;&nbsp;&nbsp;&nbsp;&nbsp;&nbsp;&nbsp;&nbsp;Renders background from specified position and clipping area to specified
 graphics context.</TD>
</TR>
<TR BGCOLOR="white" CLASS="TableRowColor">
<TD ALIGN="right" VALIGN="top" WIDTH="1%"><FONT SIZE="-1">
<CODE>&nbsp;void</CODE></FONT></TD>
<TD><CODE><B><A HREF="../../../../../com/golden/gamedev/object/background/ImageBackground.html#setImage(java.awt.image.BufferedImage)">setImage</A></B>(java.awt.image.BufferedImage&nbsp;image)</CODE>

<BR>
&nbsp;&nbsp;&nbsp;&nbsp;&nbsp;&nbsp;&nbsp;&nbsp;&nbsp;&nbsp;Sets this background image, and the size of this background is set to the
 image size.</TD>
</TR>
</TABLE>
&nbsp;<A NAME="methods_inherited_from_class_com.golden.gamedev.object.Background"><!-- --></A>
<TABLE BORDER="1" WIDTH="100%" CELLPADDING="3" CELLSPACING="0" SUMMARY="">
<TR BGCOLOR="#EEEEFF" CLASS="TableSubHeadingColor">
<TH ALIGN="left"><B>Methods inherited from class com.golden.gamedev.object.<A HREF="../../../../../com/golden/gamedev/object/Background.html" title="class in com.golden.gamedev.object">Background</A></B></TH>
</TR>
<TR BGCOLOR="white" CLASS="TableRowColor">
<TD><CODE><A HREF="../../../../../com/golden/gamedev/object/Background.html#getClip()">getClip</A>, <A HREF="../../../../../com/golden/gamedev/object/Background.html#getDefaultBackground()">getDefaultBackground</A>, <A HREF="../../../../../com/golden/gamedev/object/Background.html#getHeight()">getHeight</A>, <A HREF="../../../../../com/golden/gamedev/object/Background.html#getWidth()">getWidth</A>, <A HREF="../../../../../com/golden/gamedev/object/Background.html#getX()">getX</A>, <A HREF="../../../../../com/golden/gamedev/object/Background.html#getY()">getY</A>, <A HREF="../../../../../com/golden/gamedev/object/Background.html#move(double, double)">move</A>, <A HREF="../../../../../com/golden/gamedev/object/Background.html#render(java.awt.Graphics2D)">render</A>, <A HREF="../../../../../com/golden/gamedev/object/Background.html#setClip(int, int, int, int)">setClip</A>, <A HREF="../../../../../com/golden/gamedev/object/Background.html#setClip(java.awt.Rectangle)">setClip</A>, <A HREF="../../../../../com/golden/gamedev/object/Background.html#setLocation(double, double)">setLocation</A>, <A HREF="../../../../../com/golden/gamedev/object/Background.html#setSize(int, int)">setSize</A>, <A HREF="../../../../../com/golden/gamedev/object/Background.html#setToCenter(int, int, int, int)">setToCenter</A>, <A HREF="../../../../../com/golden/gamedev/object/Background.html#setToCenter(com.golden.gamedev.object.Sprite)">setToCenter</A>, <A HREF="../../../../../com/golden/gamedev/object/Background.html#update(long)">update</A></CODE></TD>
</TR>
</TABLE>
&nbsp;<A NAME="methods_inherited_from_class_java.lang.Object"><!-- --></A>
<TABLE BORDER="1" WIDTH="100%" CELLPADDING="3" CELLSPACING="0" SUMMARY="">
<TR BGCOLOR="#EEEEFF" CLASS="TableSubHeadingColor">
<TH ALIGN="left"><B>Methods inherited from class java.lang.Object</B></TH>
</TR>
<TR BGCOLOR="white" CLASS="TableRowColor">
<TD><CODE>clone, equals, finalize, getClass, hashCode, notify, notifyAll, toString, wait, wait, wait</CODE></TD>
</TR>
</TABLE>
&nbsp;
<P>

<!-- ========= CONSTRUCTOR DETAIL ======== -->

<A NAME="constructor_detail"><!-- --></A>
<TABLE BORDER="1" WIDTH="100%" CELLPADDING="3" CELLSPACING="0" SUMMARY="">
<TR BGCOLOR="#CCCCFF" CLASS="TableHeadingColor">
<TH ALIGN="left" COLSPAN="1"><FONT SIZE="+2">
<B>Constructor Detail</B></FONT></TH>
</TR>
</TABLE>

<A NAME="ImageBackground(java.awt.image.BufferedImage, int, int)"><!-- --></A><H3>
ImageBackground</H3>
<PRE>
public <B>ImageBackground</B>(java.awt.image.BufferedImage&nbsp;image,
                       int&nbsp;w,
                       int&nbsp;h)</PRE>
<DL>
<DD>Creates new <code>ImageBackground</code> with specified image and
 background size.
<P>
</DL>
<HR>

<A NAME="ImageBackground(java.awt.image.BufferedImage)"><!-- --></A><H3>
ImageBackground</H3>
<PRE>
public <B>ImageBackground</B>(java.awt.image.BufferedImage&nbsp;image)</PRE>
<DL>
<DD>Creates new <code>ImageBackground</code> with specified image and the
 background size is as large as the image.
<P>
</DL>

<!-- ============ METHOD DETAIL ========== -->

<A NAME="method_detail"><!-- --></A>
<TABLE BORDER="1" WIDTH="100%" CELLPADDING="3" CELLSPACING="0" SUMMARY="">
<TR BGCOLOR="#CCCCFF" CLASS="TableHeadingColor">
<TH ALIGN="left" COLSPAN="1"><FONT SIZE="+2">
<B>Method Detail</B></FONT></TH>
</TR>
</TABLE>

<A NAME="getImage()"><!-- --></A><H3>
getImage</H3>
<PRE>
public java.awt.image.BufferedImage <B>getImage</B>()</PRE>
<DL>
<DD>Returns this background image.
<P>
<DD><DL>
</DL>
</DD>
</DL>
<HR>

<A NAME="setImage(java.awt.image.BufferedImage)"><!-- --></A><H3>
setImage</H3>
<PRE>
public void <B>setImage</B>(java.awt.image.BufferedImage&nbsp;image)</PRE>
<DL>
<DD>Sets this background image, and the size of this background is set to the
 image size.
<P>
<DD><DL>
</DL>
</DD>
</DL>
<HR>

<A NAME="render(java.awt.Graphics2D, int, int, int, int, int, int)"><!-- --></A><H3>
render</H3>
<PRE>
public void <B>render</B>(java.awt.Graphics2D&nbsp;g,
                   int&nbsp;xbg,
                   int&nbsp;ybg,
                   int&nbsp;x,
                   int&nbsp;y,
                   int&nbsp;w,
                   int&nbsp;h)</PRE>
<DL>
<DD><B>Description copied from class: <CODE><A HREF="../../../../../com/golden/gamedev/object/Background.html#render(java.awt.Graphics2D, int, int, int, int, int, int)">Background</A></CODE></B></DD>
<DD>Renders background from specified position and clipping area to specified
 graphics context.
 <p>
 
 This method to simplify background subclass rendering, the subclass only
 need to render the background from specified x, y coordinate with
 specified clipping area.
 <p>
 
 For example: <br>
 
 <pre>
 Background backgr;
 Graphics2D g;
 backgr.render(g, 100, 100, 5, 10, 100, 200);
 </pre>
 
 Means the background must render itself from background coordinate 100,
 100 to specified graphics context, starting from 5, 10 screen pixel as
 large as 100 x 200 dimension.
<P>
<DD><DL>
<DT><B>Overrides:</B><DD><CODE><A HREF="../../../../../com/golden/gamedev/object/Background.html#render(java.awt.Graphics2D, int, int, int, int, int, int)">render</A></CODE> in class <CODE><A HREF="../../../../../com/golden/gamedev/object/Background.html" title="class in com.golden.gamedev.object">Background</A></CODE></DL>
</DD>
<DD><DL>
<DT><B>Parameters:</B><DD><CODE>g</CODE> - graphics context<DD><CODE>xbg</CODE> - background x-coordinate<DD><CODE>ybg</CODE> - background y-coordinate<DD><CODE>x</CODE> - screen start x clipping<DD><CODE>y</CODE> - screen start y clipping<DD><CODE>w</CODE> - clipping width<DD><CODE>h</CODE> - clipping height</DL>
</DD>
</DL>
<!-- ========= END OF CLASS DATA ========= -->
<HR>


<!-- ======= START OF BOTTOM NAVBAR ====== -->
<A NAME="navbar_bottom"><!-- --></A>
<A HREF="#skip-navbar_bottom" title="Skip navigation links"></A>
<TABLE BORDER="0" WIDTH="100%" CELLPADDING="1" CELLSPACING="0" SUMMARY="">
<TR>
<TD COLSPAN=2 BGCOLOR="#EEEEFF" CLASS="NavBarCell1">
<A NAME="navbar_bottom_firstrow"><!-- --></A>
<TABLE BORDER="0" CELLPADDING="0" CELLSPACING="3" SUMMARY="">
  <TR ALIGN="center" VALIGN="top">
  <TD BGCOLOR="#EEEEFF" CLASS="NavBarCell1">    <A HREF="../../../../../overview-summary.html"><FONT CLASS="NavBarFont1"><B>Overview</B></FONT></A>&nbsp;</TD>
  <TD BGCOLOR="#EEEEFF" CLASS="NavBarCell1">    <A HREF="package-summary.html"><FONT CLASS="NavBarFont1"><B>Package</B></FONT></A>&nbsp;</TD>
  <TD BGCOLOR="#FFFFFF" CLASS="NavBarCell1Rev"> &nbsp;<FONT CLASS="NavBarFont1Rev"><B>Class</B></FONT>&nbsp;</TD>
  <TD BGCOLOR="#EEEEFF" CLASS="NavBarCell1">    <A HREF="class-use/ImageBackground.html"><FONT CLASS="NavBarFont1"><B>Use</B></FONT></A>&nbsp;</TD>
  <TD BGCOLOR="#EEEEFF" CLASS="NavBarCell1">    <A HREF="package-tree.html"><FONT CLASS="NavBarFont1"><B>Tree</B></FONT></A>&nbsp;</TD>
  <TD BGCOLOR="#EEEEFF" CLASS="NavBarCell1">    <A HREF="../../../../../deprecated-list.html"><FONT CLASS="NavBarFont1"><B>Deprecated</B></FONT></A>&nbsp;</TD>
  <TD BGCOLOR="#EEEEFF" CLASS="NavBarCell1">    <A HREF="../../../../../index-files/index-1.html"><FONT CLASS="NavBarFont1"><B>Index</B></FONT></A>&nbsp;</TD>
  <TD BGCOLOR="#EEEEFF" CLASS="NavBarCell1">    <A HREF="../../../../../help-doc.html"><FONT CLASS="NavBarFont1"><B>Help</B></FONT></A>&nbsp;</TD>
  </TR>
</TABLE>
</TD>
<TD ALIGN="right" VALIGN="top" ROWSPAN=3><EM>
</EM>
</TD>
</TR>

<TR>
<TD BGCOLOR="white" CLASS="NavBarCell2"><FONT SIZE="-2">
&nbsp;<A HREF="../../../../../com/golden/gamedev/object/background/ColorBackground.html" title="class in com.golden.gamedev.object.background"><B>PREV CLASS</B></A>&nbsp;
&nbsp;<A HREF="../../../../../com/golden/gamedev/object/background/IsometricBackground.html" title="class in com.golden.gamedev.object.background"><B>NEXT CLASS</B></A></FONT></TD>
<TD BGCOLOR="white" CLASS="NavBarCell2"><FONT SIZE="-2">
  <A HREF="../../../../../index.html?com/golden/gamedev/object/background/ImageBackground.html" target="_top"><B>FRAMES</B></A>  &nbsp;
&nbsp;<A HREF="ImageBackground.html" target="_top"><B>NO FRAMES</B></A>  &nbsp;
&nbsp;<SCRIPT type="text/javascript">
  <!--
  if(window==top) {
    document.writeln('<A HREF="../../../../../allclasses-noframe.html"><B>All Classes</B></A>');
  }
  //-->
</SCRIPT>
<NOSCRIPT>
  <A HREF="../../../../../allclasses-noframe.html"><B>All Classes</B></A>
</NOSCRIPT>


</FONT></TD>
</TR>
<TR>
<TD VALIGN="top" CLASS="NavBarCell3"><FONT SIZE="-2">
  SUMMARY:&nbsp;NESTED&nbsp;|&nbsp;<A HREF="#fields_inherited_from_class_com.golden.gamedev.object.Background">FIELD</A>&nbsp;|&nbsp;<A HREF="#constructor_summary">CONSTR</A>&nbsp;|&nbsp;<A HREF="#method_summary">METHOD</A></FONT></TD>
<TD VALIGN="top" CLASS="NavBarCell3"><FONT SIZE="-2">
DETAIL:&nbsp;FIELD&nbsp;|&nbsp;<A HREF="#constructor_detail">CONSTR</A>&nbsp;|&nbsp;<A HREF="#method_detail">METHOD</A></FONT></TD>
</TR>
</TABLE>
<A NAME="skip-navbar_bottom"></A>
<!-- ======== END OF BOTTOM NAVBAR ======= -->

<HR>

</BODY>
</HTML>
