<!DOCTYPE HTML PUBLIC "-//W3C//DTD HTML 4.01 Transitional//EN" "http://www.w3.org/TR/html4/loose.dtd">
<!--NewPage-->
<HTML>
<HEAD>
<!-- Generated by javadoc (build 1.5.0_09) on Wed Nov 12 10:05:51 GST 2008 -->
<META http-equiv="Content-Type" content="text/html; charset=UTF-8">
<TITLE>
com.golden.gamedev
</TITLE>

<META NAME="keywords" CONTENT="com.golden.gamedev package">

<LINK REL ="stylesheet" TYPE="text/css" HREF="../../../stylesheet.css" TITLE="Style">


</HEAD>

<BODY BGCOLOR="white">
<FONT size="+1" CLASS="FrameTitleFont">
<A HREF="../../../com/golden/gamedev/package-summary.html" target="classFrame">com.golden.gamedev</A></FONT>
<TABLE BORDER="0" WIDTH="100%" SUMMARY="">
<TR>
<TD NOWRAP><FONT size="+1" CLASS="FrameHeadingFont">
Classes</FONT>&nbsp;
<FONT CLASS="FrameItemFont">
<BR>
<A HREF="Game.html" title="class in com.golden.gamedev" target="classFrame">Game</A>
<BR>
<A HREF="GameEngine.html" title="class in com.golden.gamedev" target="classFrame">GameEngine</A>
<BR>
<A HREF="GameLoader.html" title="class in com.golden.gamedev" target="classFrame">GameLoader</A>
<BR>
<A HREF="GameObject.html" title="class in com.golden.gamedev" target="classFrame">GameObject</A></FONT></TD>
</TR>
</TABLE>


<TABLE BORDER="0" WIDTH="100%" SUMMARY="">
<TR>
<TD NOWRAP><FONT size="+1" CLASS="FrameHeadingFont">
Enums</FONT>&nbsp;
<FONT CLASS="FrameItemFont">
<BR>
<A HREF="GameLoader.ScreenMode.html" title="enum in com.golden.gamedev" target="classFrame">GameLoader.ScreenMode</A></FONT></TD>
</TR>
</TABLE>


</BODY>
</HTML>
