<!DOCTYPE HTML PUBLIC "-//W3C//DTD HTML 4.01 Transitional//EN" "http://www.w3.org/TR/html4/loose.dtd">
<!--NewPage-->
<HTML>
<HEAD>
<!-- Generated by javadoc (build 1.5.0_09) on Wed Oct 15 18:15:44 ART 2008 -->
<META http-equiv="Content-Type" content="text/html; charset=UTF-8">
<TITLE>
Uses of Class com.golden.gamedev.engine.network.NetworkPacket
</TITLE>


<LINK REL ="stylesheet" TYPE="text/css" HREF="../../../../../../stylesheet.css" TITLE="Style">

<SCRIPT type="text/javascript">
function windowTitle()
{
    parent.document.title="Uses of Class com.golden.gamedev.engine.network.NetworkPacket";
}
</SCRIPT>
<NOSCRIPT>
</NOSCRIPT>

</HEAD>

<BODY BGCOLOR="white" onload="windowTitle();">


<!-- ========= START OF TOP NAVBAR ======= -->
<A NAME="navbar_top"><!-- --></A>
<A HREF="#skip-navbar_top" title="Skip navigation links"></A>
<TABLE BORDER="0" WIDTH="100%" CELLPADDING="1" CELLSPACING="0" SUMMARY="">
<TR>
<TD COLSPAN=2 BGCOLOR="#EEEEFF" CLASS="NavBarCell1">
<A NAME="navbar_top_firstrow"><!-- --></A>
<TABLE BORDER="0" CELLPADDING="0" CELLSPACING="3" SUMMARY="">
  <TR ALIGN="center" VALIGN="top">
  <TD BGCOLOR="#EEEEFF" CLASS="NavBarCell1">    <A HREF="../../../../../../overview-summary.html"><FONT CLASS="NavBarFont1"><B>Overview</B></FONT></A>&nbsp;</TD>
  <TD BGCOLOR="#EEEEFF" CLASS="NavBarCell1">    <A HREF="../package-summary.html"><FONT CLASS="NavBarFont1"><B>Package</B></FONT></A>&nbsp;</TD>
  <TD BGCOLOR="#EEEEFF" CLASS="NavBarCell1">    <A HREF="../../../../../../com/golden/gamedev/engine/network/NetworkPacket.html" title="class in com.golden.gamedev.engine.network"><FONT CLASS="NavBarFont1"><B>Class</B></FONT></A>&nbsp;</TD>
  <TD BGCOLOR="#FFFFFF" CLASS="NavBarCell1Rev"> &nbsp;<FONT CLASS="NavBarFont1Rev"><B>Use</B></FONT>&nbsp;</TD>
  <TD BGCOLOR="#EEEEFF" CLASS="NavBarCell1">    <A HREF="../../../../../../overview-tree.html"><FONT CLASS="NavBarFont1"><B>Tree</B></FONT></A>&nbsp;</TD>
  <TD BGCOLOR="#EEEEFF" CLASS="NavBarCell1">    <A HREF="../../../../../../deprecated-list.html"><FONT CLASS="NavBarFont1"><B>Deprecated</B></FONT></A>&nbsp;</TD>
  <TD BGCOLOR="#EEEEFF" CLASS="NavBarCell1">    <A HREF="../../../../../../index-files/index-1.html"><FONT CLASS="NavBarFont1"><B>Index</B></FONT></A>&nbsp;</TD>
  <TD BGCOLOR="#EEEEFF" CLASS="NavBarCell1">    <A HREF="../../../../../../help-doc.html"><FONT CLASS="NavBarFont1"><B>Help</B></FONT></A>&nbsp;</TD>
  </TR>
</TABLE>
</TD>
<TD ALIGN="right" VALIGN="top" ROWSPAN=3><EM>
</EM>
</TD>
</TR>

<TR>
<TD BGCOLOR="white" CLASS="NavBarCell2"><FONT SIZE="-2">
&nbsp;PREV&nbsp;
&nbsp;NEXT</FONT></TD>
<TD BGCOLOR="white" CLASS="NavBarCell2"><FONT SIZE="-2">
  <A HREF="../../../../../../index.html?com/golden/gamedev/engine/network/\class-useNetworkPacket.html" target="_top"><B>FRAMES</B></A>  &nbsp;
&nbsp;<A HREF="NetworkPacket.html" target="_top"><B>NO FRAMES</B></A>  &nbsp;
&nbsp;<SCRIPT type="text/javascript">
  <!--
  if(window==top) {
    document.writeln('<A HREF="../../../../../../allclasses-noframe.html"><B>All Classes</B></A>');
  }
  //-->
</SCRIPT>
<NOSCRIPT>
  <A HREF="../../../../../../allclasses-noframe.html"><B>All Classes</B></A>
</NOSCRIPT>


</FONT></TD>
</TR>
</TABLE>
<A NAME="skip-navbar_top"></A>
<!-- ========= END OF TOP NAVBAR ========= -->

<HR>
<CENTER>
<H2>
<B>Uses of Class<br>com.golden.gamedev.engine.network.NetworkPacket</B></H2>
</CENTER>

<TABLE BORDER="1" WIDTH="100%" CELLPADDING="3" CELLSPACING="0" SUMMARY="">
<TR BGCOLOR="#CCCCFF" CLASS="TableHeadingColor">
<TH ALIGN="left" COLSPAN="2"><FONT SIZE="+2">
Packages that use <A HREF="../../../../../../com/golden/gamedev/engine/network/NetworkPacket.html" title="class in com.golden.gamedev.engine.network">NetworkPacket</A></FONT></TH>
</TR>
<TR BGCOLOR="white" CLASS="TableRowColor">
<TD><A HREF="#com.golden.gamedev.engine"><B>com.golden.gamedev.engine</B></A></TD>
<TD>&nbsp;&nbsp;</TD>
</TR>
<TR BGCOLOR="white" CLASS="TableRowColor">
<TD><A HREF="#com.golden.gamedev.engine.network"><B>com.golden.gamedev.engine.network</B></A></TD>
<TD>&nbsp;&nbsp;</TD>
</TR>
<TR BGCOLOR="white" CLASS="TableRowColor">
<TD><A HREF="#com.golden.gamedev.engine.network.packet"><B>com.golden.gamedev.engine.network.packet</B></A></TD>
<TD>&nbsp;&nbsp;</TD>
</TR>
<TR BGCOLOR="white" CLASS="TableRowColor">
<TD><A HREF="#test.packet"><B>test.packet</B></A></TD>
<TD>&nbsp;&nbsp;</TD>
</TR>
</TABLE>
&nbsp;
<P>
<A NAME="com.golden.gamedev.engine"><!-- --></A>
<TABLE BORDER="1" WIDTH="100%" CELLPADDING="3" CELLSPACING="0" SUMMARY="">
<TR BGCOLOR="#CCCCFF" CLASS="TableHeadingColor">
<TH ALIGN="left" COLSPAN="2"><FONT SIZE="+2">
Uses of <A HREF="../../../../../../com/golden/gamedev/engine/network/NetworkPacket.html" title="class in com.golden.gamedev.engine.network">NetworkPacket</A> in <A HREF="../../../../../../com/golden/gamedev/engine/package-summary.html">com.golden.gamedev.engine</A></FONT></TH>
</TR>
</TABLE>
&nbsp;
<P>

<TABLE BORDER="1" WIDTH="100%" CELLPADDING="3" CELLSPACING="0" SUMMARY="">
<TR BGCOLOR="#CCCCFF" CLASS="TableSubHeadingColor">
<TH ALIGN="left" COLSPAN="2">Methods in <A HREF="../../../../../../com/golden/gamedev/engine/package-summary.html">com.golden.gamedev.engine</A> that return <A HREF="../../../../../../com/golden/gamedev/engine/network/NetworkPacket.html" title="class in com.golden.gamedev.engine.network">NetworkPacket</A></FONT></TH>
</TR>
<TR BGCOLOR="white" CLASS="TableRowColor">
<TD ALIGN="right" VALIGN="top" WIDTH="1%"><FONT SIZE="-1">
<CODE>&nbsp;<A HREF="../../../../../../com/golden/gamedev/engine/network/NetworkPacket.html" title="class in com.golden.gamedev.engine.network">NetworkPacket</A></CODE></FONT></TD>
<TD><CODE><B>BaseClient.</B><B><A HREF="../../../../../../com/golden/gamedev/engine/BaseClient.html#getReceivedPacket()">getReceivedPacket</A></B>()</CODE>

<BR>
&nbsp;&nbsp;&nbsp;&nbsp;&nbsp;&nbsp;&nbsp;&nbsp;&nbsp;&nbsp;&nbsp;</TD>
</TR>
<TR BGCOLOR="white" CLASS="TableRowColor">
<TD ALIGN="right" VALIGN="top" WIDTH="1%"><FONT SIZE="-1">
<CODE>&nbsp;<A HREF="../../../../../../com/golden/gamedev/engine/network/NetworkPacket.html" title="class in com.golden.gamedev.engine.network">NetworkPacket</A></CODE></FONT></TD>
<TD><CODE><B>BaseClient.</B><B><A HREF="../../../../../../com/golden/gamedev/engine/BaseClient.html#getReceivedPacket(short)">getReceivedPacket</A></B>(short&nbsp;id)</CODE>

<BR>
&nbsp;&nbsp;&nbsp;&nbsp;&nbsp;&nbsp;&nbsp;&nbsp;&nbsp;&nbsp;&nbsp;</TD>
</TR>
<TR BGCOLOR="white" CLASS="TableRowColor">
<TD ALIGN="right" VALIGN="top" WIDTH="1%"><FONT SIZE="-1">
<CODE>&nbsp;<A HREF="../../../../../../com/golden/gamedev/engine/network/NetworkPacket.html" title="class in com.golden.gamedev.engine.network">NetworkPacket</A></CODE></FONT></TD>
<TD><CODE><B>BaseClient.</B><B><A HREF="../../../../../../com/golden/gamedev/engine/BaseClient.html#getReceivedPacketCode(short)">getReceivedPacketCode</A></B>(short&nbsp;code)</CODE>

<BR>
&nbsp;&nbsp;&nbsp;&nbsp;&nbsp;&nbsp;&nbsp;&nbsp;&nbsp;&nbsp;&nbsp;</TD>
</TR>
<TR BGCOLOR="white" CLASS="TableRowColor">
<TD ALIGN="right" VALIGN="top" WIDTH="1%"><FONT SIZE="-1">
<CODE>&nbsp;<A HREF="../../../../../../com/golden/gamedev/engine/network/NetworkPacket.html" title="class in com.golden.gamedev.engine.network">NetworkPacket</A>[]</CODE></FONT></TD>
<TD><CODE><B>BaseClient.</B><B><A HREF="../../../../../../com/golden/gamedev/engine/BaseClient.html#getReceivedPackets()">getReceivedPackets</A></B>()</CODE>

<BR>
&nbsp;&nbsp;&nbsp;&nbsp;&nbsp;&nbsp;&nbsp;&nbsp;&nbsp;&nbsp;&nbsp;</TD>
</TR>
<TR BGCOLOR="white" CLASS="TableRowColor">
<TD ALIGN="right" VALIGN="top" WIDTH="1%"><FONT SIZE="-1">
<CODE>&nbsp;<A HREF="../../../../../../com/golden/gamedev/engine/network/NetworkPacket.html" title="class in com.golden.gamedev.engine.network">NetworkPacket</A></CODE></FONT></TD>
<TD><CODE><B>BaseClient.</B><B><A HREF="../../../../../../com/golden/gamedev/engine/BaseClient.html#waitForPacket(boolean)">waitForPacket</A></B>(boolean&nbsp;update)</CODE>

<BR>
&nbsp;&nbsp;&nbsp;&nbsp;&nbsp;&nbsp;&nbsp;&nbsp;&nbsp;&nbsp;&nbsp;</TD>
</TR>
<TR BGCOLOR="white" CLASS="TableRowColor">
<TD ALIGN="right" VALIGN="top" WIDTH="1%"><FONT SIZE="-1">
<CODE>&nbsp;<A HREF="../../../../../../com/golden/gamedev/engine/network/NetworkPacket.html" title="class in com.golden.gamedev.engine.network">NetworkPacket</A></CODE></FONT></TD>
<TD><CODE><B>BaseClient.</B><B><A HREF="../../../../../../com/golden/gamedev/engine/BaseClient.html#waitForPacket(boolean, long, int)">waitForPacket</A></B>(boolean&nbsp;update,
              long&nbsp;updateTime,
              int&nbsp;waitTimeOut)</CODE>

<BR>
&nbsp;&nbsp;&nbsp;&nbsp;&nbsp;&nbsp;&nbsp;&nbsp;&nbsp;&nbsp;&nbsp;</TD>
</TR>
<TR BGCOLOR="white" CLASS="TableRowColor">
<TD ALIGN="right" VALIGN="top" WIDTH="1%"><FONT SIZE="-1">
<CODE>&nbsp;<A HREF="../../../../../../com/golden/gamedev/engine/network/NetworkPacket.html" title="class in com.golden.gamedev.engine.network">NetworkPacket</A></CODE></FONT></TD>
<TD><CODE><B>BaseClient.</B><B><A HREF="../../../../../../com/golden/gamedev/engine/BaseClient.html#waitForPacket(boolean, short)">waitForPacket</A></B>(boolean&nbsp;update,
              short&nbsp;id)</CODE>

<BR>
&nbsp;&nbsp;&nbsp;&nbsp;&nbsp;&nbsp;&nbsp;&nbsp;&nbsp;&nbsp;&nbsp;</TD>
</TR>
<TR BGCOLOR="white" CLASS="TableRowColor">
<TD ALIGN="right" VALIGN="top" WIDTH="1%"><FONT SIZE="-1">
<CODE>&nbsp;<A HREF="../../../../../../com/golden/gamedev/engine/network/NetworkPacket.html" title="class in com.golden.gamedev.engine.network">NetworkPacket</A></CODE></FONT></TD>
<TD><CODE><B>BaseClient.</B><B><A HREF="../../../../../../com/golden/gamedev/engine/BaseClient.html#waitForPacket(boolean, short, long, int)">waitForPacket</A></B>(boolean&nbsp;update,
              short&nbsp;id,
              long&nbsp;updateTime,
              int&nbsp;waitTimeOut)</CODE>

<BR>
&nbsp;&nbsp;&nbsp;&nbsp;&nbsp;&nbsp;&nbsp;&nbsp;&nbsp;&nbsp;&nbsp;</TD>
</TR>
<TR BGCOLOR="white" CLASS="TableRowColor">
<TD ALIGN="right" VALIGN="top" WIDTH="1%"><FONT SIZE="-1">
<CODE>&nbsp;<A HREF="../../../../../../com/golden/gamedev/engine/network/NetworkPacket.html" title="class in com.golden.gamedev.engine.network">NetworkPacket</A></CODE></FONT></TD>
<TD><CODE><B>BaseClient.</B><B><A HREF="../../../../../../com/golden/gamedev/engine/BaseClient.html#waitForPacketCode(boolean, short)">waitForPacketCode</A></B>(boolean&nbsp;update,
                  short&nbsp;code)</CODE>

<BR>
&nbsp;&nbsp;&nbsp;&nbsp;&nbsp;&nbsp;&nbsp;&nbsp;&nbsp;&nbsp;&nbsp;</TD>
</TR>
<TR BGCOLOR="white" CLASS="TableRowColor">
<TD ALIGN="right" VALIGN="top" WIDTH="1%"><FONT SIZE="-1">
<CODE>&nbsp;<A HREF="../../../../../../com/golden/gamedev/engine/network/NetworkPacket.html" title="class in com.golden.gamedev.engine.network">NetworkPacket</A></CODE></FONT></TD>
<TD><CODE><B>BaseClient.</B><B><A HREF="../../../../../../com/golden/gamedev/engine/BaseClient.html#waitForPacketCode(boolean, short, long, int)">waitForPacketCode</A></B>(boolean&nbsp;update,
                  short&nbsp;code,
                  long&nbsp;updateTime,
                  int&nbsp;waitTimeOut)</CODE>

<BR>
&nbsp;&nbsp;&nbsp;&nbsp;&nbsp;&nbsp;&nbsp;&nbsp;&nbsp;&nbsp;&nbsp;</TD>
</TR>
</TABLE>
&nbsp;
<P>

<TABLE BORDER="1" WIDTH="100%" CELLPADDING="3" CELLSPACING="0" SUMMARY="">
<TR BGCOLOR="#CCCCFF" CLASS="TableSubHeadingColor">
<TH ALIGN="left" COLSPAN="2">Methods in <A HREF="../../../../../../com/golden/gamedev/engine/package-summary.html">com.golden.gamedev.engine</A> with parameters of type <A HREF="../../../../../../com/golden/gamedev/engine/network/NetworkPacket.html" title="class in com.golden.gamedev.engine.network">NetworkPacket</A></FONT></TH>
</TR>
<TR BGCOLOR="white" CLASS="TableRowColor">
<TD ALIGN="right" VALIGN="top" WIDTH="1%"><FONT SIZE="-1">
<CODE>&nbsp;void</CODE></FONT></TD>
<TD><CODE><B>BaseServer.</B><B><A HREF="../../../../../../com/golden/gamedev/engine/BaseServer.html#broadcastPacket(com.golden.gamedev.engine.network.NetworkPacket)">broadcastPacket</A></B>(<A HREF="../../../../../../com/golden/gamedev/engine/network/NetworkPacket.html" title="class in com.golden.gamedev.engine.network">NetworkPacket</A>&nbsp;packet)</CODE>

<BR>
&nbsp;&nbsp;&nbsp;&nbsp;&nbsp;&nbsp;&nbsp;&nbsp;&nbsp;&nbsp;&nbsp;</TD>
</TR>
<TR BGCOLOR="white" CLASS="TableRowColor">
<TD ALIGN="right" VALIGN="top" WIDTH="1%"><FONT SIZE="-1">
<CODE>&nbsp;void</CODE></FONT></TD>
<TD><CODE><B>BaseServer.</B><B><A HREF="../../../../../../com/golden/gamedev/engine/BaseServer.html#broadcastPacket(com.golden.gamedev.engine.network.NetworkPacket, com.golden.gamedev.engine.BaseClient)">broadcastPacket</A></B>(<A HREF="../../../../../../com/golden/gamedev/engine/network/NetworkPacket.html" title="class in com.golden.gamedev.engine.network">NetworkPacket</A>&nbsp;packet,
                <A HREF="../../../../../../com/golden/gamedev/engine/BaseClient.html" title="class in com.golden.gamedev.engine">BaseClient</A>&nbsp;except)</CODE>

<BR>
&nbsp;&nbsp;&nbsp;&nbsp;&nbsp;&nbsp;&nbsp;&nbsp;&nbsp;&nbsp;&nbsp;</TD>
</TR>
<TR BGCOLOR="white" CLASS="TableRowColor">
<TD ALIGN="right" VALIGN="top" WIDTH="1%"><FONT SIZE="-1">
<CODE>&nbsp;void</CODE></FONT></TD>
<TD><CODE><B>BaseServer.</B><B><A HREF="../../../../../../com/golden/gamedev/engine/BaseServer.html#broadcastPacket(com.golden.gamedev.engine.network.NetworkPacket, java.lang.String)">broadcastPacket</A></B>(<A HREF="../../../../../../com/golden/gamedev/engine/network/NetworkPacket.html" title="class in com.golden.gamedev.engine.network">NetworkPacket</A>&nbsp;packet,
                java.lang.String&nbsp;group)</CODE>

<BR>
&nbsp;&nbsp;&nbsp;&nbsp;&nbsp;&nbsp;&nbsp;&nbsp;&nbsp;&nbsp;&nbsp;</TD>
</TR>
<TR BGCOLOR="white" CLASS="TableRowColor">
<TD ALIGN="right" VALIGN="top" WIDTH="1%"><FONT SIZE="-1">
<CODE>&nbsp;void</CODE></FONT></TD>
<TD><CODE><B>BaseServer.</B><B><A HREF="../../../../../../com/golden/gamedev/engine/BaseServer.html#broadcastPacket(com.golden.gamedev.engine.network.NetworkPacket, java.lang.String, com.golden.gamedev.engine.BaseClient)">broadcastPacket</A></B>(<A HREF="../../../../../../com/golden/gamedev/engine/network/NetworkPacket.html" title="class in com.golden.gamedev.engine.network">NetworkPacket</A>&nbsp;packet,
                java.lang.String&nbsp;group,
                <A HREF="../../../../../../com/golden/gamedev/engine/BaseClient.html" title="class in com.golden.gamedev.engine">BaseClient</A>&nbsp;except)</CODE>

<BR>
&nbsp;&nbsp;&nbsp;&nbsp;&nbsp;&nbsp;&nbsp;&nbsp;&nbsp;&nbsp;&nbsp;</TD>
</TR>
<TR BGCOLOR="white" CLASS="TableRowColor">
<TD ALIGN="right" VALIGN="top" WIDTH="1%"><FONT SIZE="-1">
<CODE>&nbsp;void</CODE></FONT></TD>
<TD><CODE><B>BaseServer.</B><B><A HREF="../../../../../../com/golden/gamedev/engine/BaseServer.html#broadcastPacketExcept(com.golden.gamedev.engine.network.NetworkPacket, java.lang.String)">broadcastPacketExcept</A></B>(<A HREF="../../../../../../com/golden/gamedev/engine/network/NetworkPacket.html" title="class in com.golden.gamedev.engine.network">NetworkPacket</A>&nbsp;packet,
                      java.lang.String&nbsp;exceptGroup)</CODE>

<BR>
&nbsp;&nbsp;&nbsp;&nbsp;&nbsp;&nbsp;&nbsp;&nbsp;&nbsp;&nbsp;&nbsp;</TD>
</TR>
<TR BGCOLOR="white" CLASS="TableRowColor">
<TD ALIGN="right" VALIGN="top" WIDTH="1%"><FONT SIZE="-1">
<CODE>&nbsp;void</CODE></FONT></TD>
<TD><CODE><B>BaseServer.</B><B><A HREF="../../../../../../com/golden/gamedev/engine/BaseServer.html#broadcastPacketExcept(com.golden.gamedev.engine.network.NetworkPacket, java.lang.String, com.golden.gamedev.engine.BaseClient)">broadcastPacketExcept</A></B>(<A HREF="../../../../../../com/golden/gamedev/engine/network/NetworkPacket.html" title="class in com.golden.gamedev.engine.network">NetworkPacket</A>&nbsp;packet,
                      java.lang.String&nbsp;exceptGroup,
                      <A HREF="../../../../../../com/golden/gamedev/engine/BaseClient.html" title="class in com.golden.gamedev.engine">BaseClient</A>&nbsp;except)</CODE>

<BR>
&nbsp;&nbsp;&nbsp;&nbsp;&nbsp;&nbsp;&nbsp;&nbsp;&nbsp;&nbsp;&nbsp;</TD>
</TR>
<TR BGCOLOR="white" CLASS="TableRowColor">
<TD ALIGN="right" VALIGN="top" WIDTH="1%"><FONT SIZE="-1">
<CODE>&nbsp;byte[]</CODE></FONT></TD>
<TD><CODE><B>BaseServer.</B><B><A HREF="../../../../../../com/golden/gamedev/engine/BaseServer.html#pack(com.golden.gamedev.engine.network.NetworkPacket)">pack</A></B>(<A HREF="../../../../../../com/golden/gamedev/engine/network/NetworkPacket.html" title="class in com.golden.gamedev.engine.network">NetworkPacket</A>&nbsp;packet)</CODE>

<BR>
&nbsp;&nbsp;&nbsp;&nbsp;&nbsp;&nbsp;&nbsp;&nbsp;&nbsp;&nbsp;&nbsp;</TD>
</TR>
<TR BGCOLOR="white" CLASS="TableRowColor">
<TD ALIGN="right" VALIGN="top" WIDTH="1%"><FONT SIZE="-1">
<CODE>&nbsp;void</CODE></FONT></TD>
<TD><CODE><B>BaseClient.</B><B><A HREF="../../../../../../com/golden/gamedev/engine/BaseClient.html#sendPacket(com.golden.gamedev.engine.network.NetworkPacket)">sendPacket</A></B>(<A HREF="../../../../../../com/golden/gamedev/engine/network/NetworkPacket.html" title="class in com.golden.gamedev.engine.network">NetworkPacket</A>&nbsp;packet)</CODE>

<BR>
&nbsp;&nbsp;&nbsp;&nbsp;&nbsp;&nbsp;&nbsp;&nbsp;&nbsp;&nbsp;&nbsp;</TD>
</TR>
</TABLE>
&nbsp;
<P>
<A NAME="com.golden.gamedev.engine.network"><!-- --></A>
<TABLE BORDER="1" WIDTH="100%" CELLPADDING="3" CELLSPACING="0" SUMMARY="">
<TR BGCOLOR="#CCCCFF" CLASS="TableHeadingColor">
<TH ALIGN="left" COLSPAN="2"><FONT SIZE="+2">
Uses of <A HREF="../../../../../../com/golden/gamedev/engine/network/NetworkPacket.html" title="class in com.golden.gamedev.engine.network">NetworkPacket</A> in <A HREF="../../../../../../com/golden/gamedev/engine/network/package-summary.html">com.golden.gamedev.engine.network</A></FONT></TH>
</TR>
</TABLE>
&nbsp;
<P>

<TABLE BORDER="1" WIDTH="100%" CELLPADDING="3" CELLSPACING="0" SUMMARY="">
<TR BGCOLOR="#CCCCFF" CLASS="TableSubHeadingColor">
<TH ALIGN="left" COLSPAN="2">Methods in <A HREF="../../../../../../com/golden/gamedev/engine/network/package-summary.html">com.golden.gamedev.engine.network</A> that return <A HREF="../../../../../../com/golden/gamedev/engine/network/NetworkPacket.html" title="class in com.golden.gamedev.engine.network">NetworkPacket</A></FONT></TH>
</TR>
<TR BGCOLOR="white" CLASS="TableRowColor">
<TD ALIGN="right" VALIGN="top" WIDTH="1%"><FONT SIZE="-1">
<CODE>protected &nbsp;<A HREF="../../../../../../com/golden/gamedev/engine/network/NetworkPacket.html" title="class in com.golden.gamedev.engine.network">NetworkPacket</A></CODE></FONT></TD>
<TD><CODE><B>PacketManager.</B><B><A HREF="../../../../../../com/golden/gamedev/engine/network/PacketManager.html#createPacket(short)">createPacket</A></B>(short&nbsp;id)</CODE>

<BR>
&nbsp;&nbsp;&nbsp;&nbsp;&nbsp;&nbsp;&nbsp;&nbsp;&nbsp;&nbsp;&nbsp;</TD>
</TR>
<TR BGCOLOR="white" CLASS="TableRowColor">
<TD ALIGN="right" VALIGN="top" WIDTH="1%"><FONT SIZE="-1">
<CODE>&nbsp;<A HREF="../../../../../../com/golden/gamedev/engine/network/NetworkPacket.html" title="class in com.golden.gamedev.engine.network">NetworkPacket</A></CODE></FONT></TD>
<TD><CODE><B>NetworkPacket.</B><B><A HREF="../../../../../../com/golden/gamedev/engine/network/NetworkPacket.html#setCompressed(boolean)">setCompressed</A></B>(boolean&nbsp;compressed)</CODE>

<BR>
&nbsp;&nbsp;&nbsp;&nbsp;&nbsp;&nbsp;&nbsp;&nbsp;&nbsp;&nbsp;&nbsp;</TD>
</TR>
<TR BGCOLOR="white" CLASS="TableRowColor">
<TD ALIGN="right" VALIGN="top" WIDTH="1%"><FONT SIZE="-1">
<CODE>&nbsp;<A HREF="../../../../../../com/golden/gamedev/engine/network/NetworkPacket.html" title="class in com.golden.gamedev.engine.network">NetworkPacket</A></CODE></FONT></TD>
<TD><CODE><B>NetworkPacket.</B><B><A HREF="../../../../../../com/golden/gamedev/engine/network/NetworkPacket.html#setConsumed(boolean)">setConsumed</A></B>(boolean&nbsp;consumed)</CODE>

<BR>
&nbsp;&nbsp;&nbsp;&nbsp;&nbsp;&nbsp;&nbsp;&nbsp;&nbsp;&nbsp;&nbsp;</TD>
</TR>
<TR BGCOLOR="white" CLASS="TableRowColor">
<TD ALIGN="right" VALIGN="top" WIDTH="1%"><FONT SIZE="-1">
<CODE>&nbsp;<A HREF="../../../../../../com/golden/gamedev/engine/network/NetworkPacket.html" title="class in com.golden.gamedev.engine.network">NetworkPacket</A></CODE></FONT></TD>
<TD><CODE><B>NetworkPacket.</B><B><A HREF="../../../../../../com/golden/gamedev/engine/network/NetworkPacket.html#setExpiredTime(int)">setExpiredTime</A></B>(int&nbsp;expiredTime)</CODE>

<BR>
&nbsp;&nbsp;&nbsp;&nbsp;&nbsp;&nbsp;&nbsp;&nbsp;&nbsp;&nbsp;&nbsp;</TD>
</TR>
<TR BGCOLOR="white" CLASS="TableRowColor">
<TD ALIGN="right" VALIGN="top" WIDTH="1%"><FONT SIZE="-1">
<CODE>&nbsp;<A HREF="../../../../../../com/golden/gamedev/engine/network/NetworkPacket.html" title="class in com.golden.gamedev.engine.network">NetworkPacket</A></CODE></FONT></TD>
<TD><CODE><B>NetworkPacket.</B><B><A HREF="../../../../../../com/golden/gamedev/engine/network/NetworkPacket.html#setSendCode(boolean)">setSendCode</A></B>(boolean&nbsp;sendCode)</CODE>

<BR>
&nbsp;&nbsp;&nbsp;&nbsp;&nbsp;&nbsp;&nbsp;&nbsp;&nbsp;&nbsp;If send code is set to true, this packet will send its unique code.</TD>
</TR>
<TR BGCOLOR="white" CLASS="TableRowColor">
<TD ALIGN="right" VALIGN="top" WIDTH="1%"><FONT SIZE="-1">
<CODE>&nbsp;<A HREF="../../../../../../com/golden/gamedev/engine/network/NetworkPacket.html" title="class in com.golden.gamedev.engine.network">NetworkPacket</A></CODE></FONT></TD>
<TD><CODE><B>NetworkPacket.</B><B><A HREF="../../../../../../com/golden/gamedev/engine/network/NetworkPacket.html#setSender(com.golden.gamedev.engine.BaseClient)">setSender</A></B>(<A HREF="../../../../../../com/golden/gamedev/engine/BaseClient.html" title="class in com.golden.gamedev.engine">BaseClient</A>&nbsp;sender)</CODE>

<BR>
&nbsp;&nbsp;&nbsp;&nbsp;&nbsp;&nbsp;&nbsp;&nbsp;&nbsp;&nbsp;&nbsp;</TD>
</TR>
<TR BGCOLOR="white" CLASS="TableRowColor">
<TD ALIGN="right" VALIGN="top" WIDTH="1%"><FONT SIZE="-1">
<CODE>&nbsp;<A HREF="../../../../../../com/golden/gamedev/engine/network/NetworkPacket.html" title="class in com.golden.gamedev.engine.network">NetworkPacket</A></CODE></FONT></TD>
<TD><CODE><B>NetworkPacket.</B><B><A HREF="../../../../../../com/golden/gamedev/engine/network/NetworkPacket.html#setSendSender(boolean)">setSendSender</A></B>(boolean&nbsp;sendSender)</CODE>

<BR>
&nbsp;&nbsp;&nbsp;&nbsp;&nbsp;&nbsp;&nbsp;&nbsp;&nbsp;&nbsp;&nbsp;</TD>
</TR>
<TR BGCOLOR="white" CLASS="TableRowColor">
<TD ALIGN="right" VALIGN="top" WIDTH="1%"><FONT SIZE="-1">
<CODE>&nbsp;<A HREF="../../../../../../com/golden/gamedev/engine/network/NetworkPacket.html" title="class in com.golden.gamedev.engine.network">NetworkPacket</A></CODE></FONT></TD>
<TD><CODE><B>PacketManager.</B><B><A HREF="../../../../../../com/golden/gamedev/engine/network/PacketManager.html#unpack(byte[])">unpack</A></B>(byte[]&nbsp;data)</CODE>

<BR>
&nbsp;&nbsp;&nbsp;&nbsp;&nbsp;&nbsp;&nbsp;&nbsp;&nbsp;&nbsp;&nbsp;</TD>
</TR>
</TABLE>
&nbsp;
<P>

<TABLE BORDER="1" WIDTH="100%" CELLPADDING="3" CELLSPACING="0" SUMMARY="">
<TR BGCOLOR="#CCCCFF" CLASS="TableSubHeadingColor">
<TH ALIGN="left" COLSPAN="2">Methods in <A HREF="../../../../../../com/golden/gamedev/engine/network/package-summary.html">com.golden.gamedev.engine.network</A> with parameters of type <A HREF="../../../../../../com/golden/gamedev/engine/network/NetworkPacket.html" title="class in com.golden.gamedev.engine.network">NetworkPacket</A></FONT></TH>
</TR>
<TR BGCOLOR="white" CLASS="TableRowColor">
<TD ALIGN="right" VALIGN="top" WIDTH="1%"><FONT SIZE="-1">
<CODE>protected &nbsp;short</CODE></FONT></TD>
<TD><CODE><B>PacketManager.</B><B><A HREF="../../../../../../com/golden/gamedev/engine/network/PacketManager.html#getPacketID(com.golden.gamedev.engine.network.NetworkPacket)">getPacketID</A></B>(<A HREF="../../../../../../com/golden/gamedev/engine/network/NetworkPacket.html" title="class in com.golden.gamedev.engine.network">NetworkPacket</A>&nbsp;packet)</CODE>

<BR>
&nbsp;&nbsp;&nbsp;&nbsp;&nbsp;&nbsp;&nbsp;&nbsp;&nbsp;&nbsp;&nbsp;</TD>
</TR>
<TR BGCOLOR="white" CLASS="TableRowColor">
<TD ALIGN="right" VALIGN="top" WIDTH="1%"><FONT SIZE="-1">
<CODE>&nbsp;byte[]</CODE></FONT></TD>
<TD><CODE><B>PacketManager.</B><B><A HREF="../../../../../../com/golden/gamedev/engine/network/PacketManager.html#pack(com.golden.gamedev.engine.network.NetworkPacket)">pack</A></B>(<A HREF="../../../../../../com/golden/gamedev/engine/network/NetworkPacket.html" title="class in com.golden.gamedev.engine.network">NetworkPacket</A>&nbsp;packet)</CODE>

<BR>
&nbsp;&nbsp;&nbsp;&nbsp;&nbsp;&nbsp;&nbsp;&nbsp;&nbsp;&nbsp;&nbsp;</TD>
</TR>
<TR BGCOLOR="white" CLASS="TableRowColor">
<TD ALIGN="right" VALIGN="top" WIDTH="1%"><FONT SIZE="-1">
<CODE>static&nbsp;void</CODE></FONT></TD>
<TD><CODE><B>NetworkConfig.</B><B><A HREF="../../../../../../com/golden/gamedev/engine/network/NetworkConfig.html#registerPacket(short, com.golden.gamedev.engine.network.NetworkPacket)">registerPacket</A></B>(short&nbsp;id,
               <A HREF="../../../../../../com/golden/gamedev/engine/network/NetworkPacket.html" title="class in com.golden.gamedev.engine.network">NetworkPacket</A>&nbsp;packet)</CODE>

<BR>
&nbsp;&nbsp;&nbsp;&nbsp;&nbsp;&nbsp;&nbsp;&nbsp;&nbsp;&nbsp;&nbsp;</TD>
</TR>
<TR BGCOLOR="white" CLASS="TableRowColor">
<TD ALIGN="right" VALIGN="top" WIDTH="1%"><FONT SIZE="-1">
<CODE>&nbsp;void</CODE></FONT></TD>
<TD><CODE><B>PacketManager.</B><B><A HREF="../../../../../../com/golden/gamedev/engine/network/PacketManager.html#registerPacket(short, com.golden.gamedev.engine.network.NetworkPacket)">registerPacket</A></B>(short&nbsp;id,
               <A HREF="../../../../../../com/golden/gamedev/engine/network/NetworkPacket.html" title="class in com.golden.gamedev.engine.network">NetworkPacket</A>&nbsp;packet)</CODE>

<BR>
&nbsp;&nbsp;&nbsp;&nbsp;&nbsp;&nbsp;&nbsp;&nbsp;&nbsp;&nbsp;&nbsp;</TD>
</TR>
<TR BGCOLOR="white" CLASS="TableRowColor">
<TD ALIGN="right" VALIGN="top" WIDTH="1%"><FONT SIZE="-1">
<CODE>&nbsp;void</CODE></FONT></TD>
<TD><CODE><B>NetworkPacket.</B><B><A HREF="../../../../../../com/golden/gamedev/engine/network/NetworkPacket.html#setCode(com.golden.gamedev.engine.network.NetworkPacket)">setCode</A></B>(<A HREF="../../../../../../com/golden/gamedev/engine/network/NetworkPacket.html" title="class in com.golden.gamedev.engine.network">NetworkPacket</A>&nbsp;retrievedPacketCode)</CODE>

<BR>
&nbsp;&nbsp;&nbsp;&nbsp;&nbsp;&nbsp;&nbsp;&nbsp;&nbsp;&nbsp;&nbsp;</TD>
</TR>
</TABLE>
&nbsp;
<P>
<A NAME="com.golden.gamedev.engine.network.packet"><!-- --></A>
<TABLE BORDER="1" WIDTH="100%" CELLPADDING="3" CELLSPACING="0" SUMMARY="">
<TR BGCOLOR="#CCCCFF" CLASS="TableHeadingColor">
<TH ALIGN="left" COLSPAN="2"><FONT SIZE="+2">
Uses of <A HREF="../../../../../../com/golden/gamedev/engine/network/NetworkPacket.html" title="class in com.golden.gamedev.engine.network">NetworkPacket</A> in <A HREF="../../../../../../com/golden/gamedev/engine/network/packet/package-summary.html">com.golden.gamedev.engine.network.packet</A></FONT></TH>
</TR>
</TABLE>
&nbsp;
<P>

<TABLE BORDER="1" WIDTH="100%" CELLPADDING="3" CELLSPACING="0" SUMMARY="">
<TR BGCOLOR="#CCCCFF" CLASS="TableSubHeadingColor">
<TH ALIGN="left" COLSPAN="2">Subclasses of <A HREF="../../../../../../com/golden/gamedev/engine/network/NetworkPacket.html" title="class in com.golden.gamedev.engine.network">NetworkPacket</A> in <A HREF="../../../../../../com/golden/gamedev/engine/network/packet/package-summary.html">com.golden.gamedev.engine.network.packet</A></FONT></TH>
</TR>
<TR BGCOLOR="white" CLASS="TableRowColor">
<TD ALIGN="right" VALIGN="top" WIDTH="1%"><FONT SIZE="-1">
<CODE>&nbsp;class</CODE></FONT></TD>
<TD><CODE><B><A HREF="../../../../../../com/golden/gamedev/engine/network/packet/NetworkMessage.html" title="class in com.golden.gamedev.engine.network.packet">NetworkMessage</A></B></CODE>

<BR>
&nbsp;&nbsp;&nbsp;&nbsp;&nbsp;&nbsp;&nbsp;&nbsp;&nbsp;&nbsp;&nbsp;</TD>
</TR>
<TR BGCOLOR="white" CLASS="TableRowColor">
<TD ALIGN="right" VALIGN="top" WIDTH="1%"><FONT SIZE="-1">
<CODE>&nbsp;class</CODE></FONT></TD>
<TD><CODE><B><A HREF="../../../../../../com/golden/gamedev/engine/network/packet/NetworkObject.html" title="class in com.golden.gamedev.engine.network.packet">NetworkObject</A></B></CODE>

<BR>
&nbsp;&nbsp;&nbsp;&nbsp;&nbsp;&nbsp;&nbsp;&nbsp;&nbsp;&nbsp;&nbsp;</TD>
</TR>
<TR BGCOLOR="white" CLASS="TableRowColor">
<TD ALIGN="right" VALIGN="top" WIDTH="1%"><FONT SIZE="-1">
<CODE>&nbsp;class</CODE></FONT></TD>
<TD><CODE><B><A HREF="../../../../../../com/golden/gamedev/engine/network/packet/NetworkPing.html" title="class in com.golden.gamedev.engine.network.packet">NetworkPing</A></B></CODE>

<BR>
&nbsp;&nbsp;&nbsp;&nbsp;&nbsp;&nbsp;&nbsp;&nbsp;&nbsp;&nbsp;&nbsp;</TD>
</TR>
<TR BGCOLOR="white" CLASS="TableRowColor">
<TD ALIGN="right" VALIGN="top" WIDTH="1%"><FONT SIZE="-1">
<CODE>&nbsp;class</CODE></FONT></TD>
<TD><CODE><B><A HREF="../../../../../../com/golden/gamedev/engine/network/packet/NetworkRawPacket.html" title="class in com.golden.gamedev.engine.network.packet">NetworkRawPacket</A></B></CODE>

<BR>
&nbsp;&nbsp;&nbsp;&nbsp;&nbsp;&nbsp;&nbsp;&nbsp;&nbsp;&nbsp;&nbsp;</TD>
</TR>
</TABLE>
&nbsp;
<P>

<TABLE BORDER="1" WIDTH="100%" CELLPADDING="3" CELLSPACING="0" SUMMARY="">
<TR BGCOLOR="#CCCCFF" CLASS="TableSubHeadingColor">
<TH ALIGN="left" COLSPAN="2">Methods in <A HREF="../../../../../../com/golden/gamedev/engine/network/packet/package-summary.html">com.golden.gamedev.engine.network.packet</A> that return <A HREF="../../../../../../com/golden/gamedev/engine/network/NetworkPacket.html" title="class in com.golden.gamedev.engine.network">NetworkPacket</A></FONT></TH>
</TR>
<TR BGCOLOR="white" CLASS="TableRowColor">
<TD ALIGN="right" VALIGN="top" WIDTH="1%"><FONT SIZE="-1">
<CODE>&nbsp;<A HREF="../../../../../../com/golden/gamedev/engine/network/NetworkPacket.html" title="class in com.golden.gamedev.engine.network">NetworkPacket</A></CODE></FONT></TD>
<TD><CODE><B>NetworkObject.</B><B><A HREF="../../../../../../com/golden/gamedev/engine/network/packet/NetworkObject.html#setDescription(java.lang.String)">setDescription</A></B>(java.lang.String&nbsp;description)</CODE>

<BR>
&nbsp;&nbsp;&nbsp;&nbsp;&nbsp;&nbsp;&nbsp;&nbsp;&nbsp;&nbsp;Set this <code>NetworkObject</code> packet description to describe what
 this packet for when <code>NetworkConfig.DEBUG</code> is set to true.</TD>
</TR>
</TABLE>
&nbsp;
<P>
<A NAME="test.packet"><!-- --></A>
<TABLE BORDER="1" WIDTH="100%" CELLPADDING="3" CELLSPACING="0" SUMMARY="">
<TR BGCOLOR="#CCCCFF" CLASS="TableHeadingColor">
<TH ALIGN="left" COLSPAN="2"><FONT SIZE="+2">
Uses of <A HREF="../../../../../../com/golden/gamedev/engine/network/NetworkPacket.html" title="class in com.golden.gamedev.engine.network">NetworkPacket</A> in <A HREF="../../../../../../test/packet/package-summary.html">test.packet</A></FONT></TH>
</TR>
</TABLE>
&nbsp;
<P>

<TABLE BORDER="1" WIDTH="100%" CELLPADDING="3" CELLSPACING="0" SUMMARY="">
<TR BGCOLOR="#CCCCFF" CLASS="TableSubHeadingColor">
<TH ALIGN="left" COLSPAN="2">Subclasses of <A HREF="../../../../../../com/golden/gamedev/engine/network/NetworkPacket.html" title="class in com.golden.gamedev.engine.network">NetworkPacket</A> in <A HREF="../../../../../../test/packet/package-summary.html">test.packet</A></FONT></TH>
</TR>
<TR BGCOLOR="white" CLASS="TableRowColor">
<TD ALIGN="right" VALIGN="top" WIDTH="1%"><FONT SIZE="-1">
<CODE>&nbsp;class</CODE></FONT></TD>
<TD><CODE><B><A HREF="../../../../../../test/packet/AllFieldTypePacket.html" title="class in test.packet">AllFieldTypePacket</A></B></CODE>

<BR>
&nbsp;&nbsp;&nbsp;&nbsp;&nbsp;&nbsp;&nbsp;&nbsp;&nbsp;&nbsp;&nbsp;</TD>
</TR>
</TABLE>
&nbsp;
<P>
<HR>


<!-- ======= START OF BOTTOM NAVBAR ====== -->
<A NAME="navbar_bottom"><!-- --></A>
<A HREF="#skip-navbar_bottom" title="Skip navigation links"></A>
<TABLE BORDER="0" WIDTH="100%" CELLPADDING="1" CELLSPACING="0" SUMMARY="">
<TR>
<TD COLSPAN=2 BGCOLOR="#EEEEFF" CLASS="NavBarCell1">
<A NAME="navbar_bottom_firstrow"><!-- --></A>
<TABLE BORDER="0" CELLPADDING="0" CELLSPACING="3" SUMMARY="">
  <TR ALIGN="center" VALIGN="top">
  <TD BGCOLOR="#EEEEFF" CLASS="NavBarCell1">    <A HREF="../../../../../../overview-summary.html"><FONT CLASS="NavBarFont1"><B>Overview</B></FONT></A>&nbsp;</TD>
  <TD BGCOLOR="#EEEEFF" CLASS="NavBarCell1">    <A HREF="../package-summary.html"><FONT CLASS="NavBarFont1"><B>Package</B></FONT></A>&nbsp;</TD>
  <TD BGCOLOR="#EEEEFF" CLASS="NavBarCell1">    <A HREF="../../../../../../com/golden/gamedev/engine/network/NetworkPacket.html" title="class in com.golden.gamedev.engine.network"><FONT CLASS="NavBarFont1"><B>Class</B></FONT></A>&nbsp;</TD>
  <TD BGCOLOR="#FFFFFF" CLASS="NavBarCell1Rev"> &nbsp;<FONT CLASS="NavBarFont1Rev"><B>Use</B></FONT>&nbsp;</TD>
  <TD BGCOLOR="#EEEEFF" CLASS="NavBarCell1">    <A HREF="../../../../../../overview-tree.html"><FONT CLASS="NavBarFont1"><B>Tree</B></FONT></A>&nbsp;</TD>
  <TD BGCOLOR="#EEEEFF" CLASS="NavBarCell1">    <A HREF="../../../../../../deprecated-list.html"><FONT CLASS="NavBarFont1"><B>Deprecated</B></FONT></A>&nbsp;</TD>
  <TD BGCOLOR="#EEEEFF" CLASS="NavBarCell1">    <A HREF="../../../../../../index-files/index-1.html"><FONT CLASS="NavBarFont1"><B>Index</B></FONT></A>&nbsp;</TD>
  <TD BGCOLOR="#EEEEFF" CLASS="NavBarCell1">    <A HREF="../../../../../../help-doc.html"><FONT CLASS="NavBarFont1"><B>Help</B></FONT></A>&nbsp;</TD>
  </TR>
</TABLE>
</TD>
<TD ALIGN="right" VALIGN="top" ROWSPAN=3><EM>
</EM>
</TD>
</TR>

<TR>
<TD BGCOLOR="white" CLASS="NavBarCell2"><FONT SIZE="-2">
&nbsp;PREV&nbsp;
&nbsp;NEXT</FONT></TD>
<TD BGCOLOR="white" CLASS="NavBarCell2"><FONT SIZE="-2">
  <A HREF="../../../../../../index.html?com/golden/gamedev/engine/network/\class-useNetworkPacket.html" target="_top"><B>FRAMES</B></A>  &nbsp;
&nbsp;<A HREF="NetworkPacket.html" target="_top"><B>NO FRAMES</B></A>  &nbsp;
&nbsp;<SCRIPT type="text/javascript">
  <!--
  if(window==top) {
    document.writeln('<A HREF="../../../../../../allclasses-noframe.html"><B>All Classes</B></A>');
  }
  //-->
</SCRIPT>
<NOSCRIPT>
  <A HREF="../../../../../../allclasses-noframe.html"><B>All Classes</B></A>
</NOSCRIPT>


</FONT></TD>
</TR>
</TABLE>
<A NAME="skip-navbar_bottom"></A>
<!-- ======== END OF BOTTOM NAVBAR ======= -->

<HR>

</BODY>
</HTML>
