<!DOCTYPE HTML PUBLIC "-//W3C//DTD HTML 4.01 Transitional//EN" "http://www.w3.org/TR/html4/loose.dtd">
<!--NewPage-->
<HTML>
<HEAD>
<!-- Generated by javadoc (build 1.5.0_09) on Wed Oct 15 18:09:56 ART 2008 -->
<META http-equiv="Content-Type" content="text/html; charset=UTF-8">
<TITLE>
ErrorNotificationDialog
</TITLE>

<META NAME="keywords" CONTENT="com.golden.gamedev.funbox.ErrorNotificationDialog class">

<LINK REL ="stylesheet" TYPE="text/css" HREF="../../../../stylesheet.css" TITLE="Style">

<SCRIPT type="text/javascript">
function windowTitle()
{
    parent.document.title="ErrorNotificationDialog";
}
</SCRIPT>
<NOSCRIPT>
</NOSCRIPT>

</HEAD>

<BODY BGCOLOR="white" onload="windowTitle();">


<!-- ========= START OF TOP NAVBAR ======= -->
<A NAME="navbar_top"><!-- --></A>
<A HREF="#skip-navbar_top" title="Skip navigation links"></A>
<TABLE BORDER="0" WIDTH="100%" CELLPADDING="1" CELLSPACING="0" SUMMARY="">
<TR>
<TD COLSPAN=2 BGCOLOR="#EEEEFF" CLASS="NavBarCell1">
<A NAME="navbar_top_firstrow"><!-- --></A>
<TABLE BORDER="0" CELLPADDING="0" CELLSPACING="3" SUMMARY="">
  <TR ALIGN="center" VALIGN="top">
  <TD BGCOLOR="#EEEEFF" CLASS="NavBarCell1">    <A HREF="../../../../overview-summary.html"><FONT CLASS="NavBarFont1"><B>Overview</B></FONT></A>&nbsp;</TD>
  <TD BGCOLOR="#EEEEFF" CLASS="NavBarCell1">    <A HREF="package-summary.html"><FONT CLASS="NavBarFont1"><B>Package</B></FONT></A>&nbsp;</TD>
  <TD BGCOLOR="#FFFFFF" CLASS="NavBarCell1Rev"> &nbsp;<FONT CLASS="NavBarFont1Rev"><B>Class</B></FONT>&nbsp;</TD>
  <TD BGCOLOR="#EEEEFF" CLASS="NavBarCell1">    <A HREF="class-use/ErrorNotificationDialog.html"><FONT CLASS="NavBarFont1"><B>Use</B></FONT></A>&nbsp;</TD>
  <TD BGCOLOR="#EEEEFF" CLASS="NavBarCell1">    <A HREF="package-tree.html"><FONT CLASS="NavBarFont1"><B>Tree</B></FONT></A>&nbsp;</TD>
  <TD BGCOLOR="#EEEEFF" CLASS="NavBarCell1">    <A HREF="../../../../deprecated-list.html"><FONT CLASS="NavBarFont1"><B>Deprecated</B></FONT></A>&nbsp;</TD>
  <TD BGCOLOR="#EEEEFF" CLASS="NavBarCell1">    <A HREF="../../../../index-files/index-1.html"><FONT CLASS="NavBarFont1"><B>Index</B></FONT></A>&nbsp;</TD>
  <TD BGCOLOR="#EEEEFF" CLASS="NavBarCell1">    <A HREF="../../../../help-doc.html"><FONT CLASS="NavBarFont1"><B>Help</B></FONT></A>&nbsp;</TD>
  </TR>
</TABLE>
</TD>
<TD ALIGN="right" VALIGN="top" ROWSPAN=3><EM>
</EM>
</TD>
</TR>

<TR>
<TD BGCOLOR="white" CLASS="NavBarCell2"><FONT SIZE="-2">
&nbsp;PREV CLASS&nbsp;
&nbsp;<A HREF="../../../../com/golden/gamedev/funbox/GameSettings.html" title="class in com.golden.gamedev.funbox"><B>NEXT CLASS</B></A></FONT></TD>
<TD BGCOLOR="white" CLASS="NavBarCell2"><FONT SIZE="-2">
  <A HREF="../../../../index.html?com/golden/gamedev/funbox/ErrorNotificationDialog.html" target="_top"><B>FRAMES</B></A>  &nbsp;
&nbsp;<A HREF="ErrorNotificationDialog.html" target="_top"><B>NO FRAMES</B></A>  &nbsp;
&nbsp;<SCRIPT type="text/javascript">
  <!--
  if(window==top) {
    document.writeln('<A HREF="../../../../allclasses-noframe.html"><B>All Classes</B></A>');
  }
  //-->
</SCRIPT>
<NOSCRIPT>
  <A HREF="../../../../allclasses-noframe.html"><B>All Classes</B></A>
</NOSCRIPT>


</FONT></TD>
</TR>
<TR>
<TD VALIGN="top" CLASS="NavBarCell3"><FONT SIZE="-2">
  SUMMARY:&nbsp;<A HREF="#nested_classes_inherited_from_class_javax.swing.JDialog">NESTED</A>&nbsp;|&nbsp;<A HREF="#field_summary">FIELD</A>&nbsp;|&nbsp;<A HREF="#constructor_summary">CONSTR</A>&nbsp;|&nbsp;<A HREF="#method_summary">METHOD</A></FONT></TD>
<TD VALIGN="top" CLASS="NavBarCell3"><FONT SIZE="-2">
DETAIL:&nbsp;<A HREF="#field_detail">FIELD</A>&nbsp;|&nbsp;<A HREF="#constructor_detail">CONSTR</A>&nbsp;|&nbsp;<A HREF="#method_detail">METHOD</A></FONT></TD>
</TR>
</TABLE>
<A NAME="skip-navbar_top"></A>
<!-- ========= END OF TOP NAVBAR ========= -->

<HR>
<!-- ======== START OF CLASS DATA ======== -->
<H2>
<FONT SIZE="-1">
com.golden.gamedev.funbox</FONT>
<BR>
Class ErrorNotificationDialog</H2>
<PRE>
java.lang.Object
  <IMG SRC="../../../../resources/inherit.gif" ALT="extended by ">java.awt.Component
      <IMG SRC="../../../../resources/inherit.gif" ALT="extended by ">java.awt.Container
          <IMG SRC="../../../../resources/inherit.gif" ALT="extended by ">java.awt.Window
              <IMG SRC="../../../../resources/inherit.gif" ALT="extended by ">java.awt.Dialog
                  <IMG SRC="../../../../resources/inherit.gif" ALT="extended by ">javax.swing.JDialog
                      <IMG SRC="../../../../resources/inherit.gif" ALT="extended by "><B>com.golden.gamedev.funbox.ErrorNotificationDialog</B>
</PRE>
<DL>
<DT><B>All Implemented Interfaces:</B> <DD>java.awt.event.ActionListener, java.awt.event.WindowListener, java.awt.image.ImageObserver, java.awt.MenuContainer, java.io.Serializable, java.lang.Runnable, java.util.EventListener, javax.accessibility.Accessible, javax.swing.RootPaneContainer, javax.swing.WindowConstants</DD>
</DL>
<HR>
<DL>
<DT><PRE>public class <B>ErrorNotificationDialog</B><DT>extends javax.swing.JDialog<DT>implements java.lang.Runnable, java.awt.event.ActionListener, java.awt.event.WindowListener</DL>
</PRE>

<P>
<code>ErrorNotificationDialog</code> class is a dialog UI to show the
 player the game exception and tell the player to send it to the game author.
<P>

<P>
<DL>
<DT><B>See Also:</B><DD><A HREF="../../../../serialized-form.html#com.golden.gamedev.funbox.ErrorNotificationDialog">Serialized Form</A></DL>
<HR>

<P>
<!-- ======== NESTED CLASS SUMMARY ======== -->

<A NAME="nested_class_summary"><!-- --></A>
<TABLE BORDER="1" WIDTH="100%" CELLPADDING="3" CELLSPACING="0" SUMMARY="">
<TR BGCOLOR="#CCCCFF" CLASS="TableHeadingColor">
<TH ALIGN="left" COLSPAN="2"><FONT SIZE="+2">
<B>Nested Class Summary</B></FONT></TH>
</TR>
</TABLE>
&nbsp;<A NAME="nested_classes_inherited_from_class_javax.swing.JDialog"><!-- --></A>
<TABLE BORDER="1" WIDTH="100%" CELLPADDING="3" CELLSPACING="0" SUMMARY="">
<TR BGCOLOR="#EEEEFF" CLASS="TableSubHeadingColor">
<TH ALIGN="left"><B>Nested classes/interfaces inherited from class javax.swing.JDialog</B></TH>
</TR>
<TR BGCOLOR="white" CLASS="TableRowColor">
<TD><CODE>javax.swing.JDialog.AccessibleJDialog</CODE></TD>
</TR>
</TABLE>
&nbsp;
<A NAME="nested_classes_inherited_from_class_java.awt.Dialog"><!-- --></A>
<TABLE BORDER="1" WIDTH="100%" CELLPADDING="3" CELLSPACING="0" SUMMARY="">
<TR BGCOLOR="#EEEEFF" CLASS="TableSubHeadingColor">
<TH ALIGN="left"><B>Nested classes/interfaces inherited from class java.awt.Dialog</B></TH>
</TR>
<TR BGCOLOR="white" CLASS="TableRowColor">
<TD><CODE>java.awt.Dialog.AccessibleAWTDialog</CODE></TD>
</TR>
</TABLE>
&nbsp;
<A NAME="nested_classes_inherited_from_class_java.awt.Window"><!-- --></A>
<TABLE BORDER="1" WIDTH="100%" CELLPADDING="3" CELLSPACING="0" SUMMARY="">
<TR BGCOLOR="#EEEEFF" CLASS="TableSubHeadingColor">
<TH ALIGN="left"><B>Nested classes/interfaces inherited from class java.awt.Window</B></TH>
</TR>
<TR BGCOLOR="white" CLASS="TableRowColor">
<TD><CODE>java.awt.Window.AccessibleAWTWindow</CODE></TD>
</TR>
</TABLE>
&nbsp;
<A NAME="nested_classes_inherited_from_class_java.awt.Container"><!-- --></A>
<TABLE BORDER="1" WIDTH="100%" CELLPADDING="3" CELLSPACING="0" SUMMARY="">
<TR BGCOLOR="#EEEEFF" CLASS="TableSubHeadingColor">
<TH ALIGN="left"><B>Nested classes/interfaces inherited from class java.awt.Container</B></TH>
</TR>
<TR BGCOLOR="white" CLASS="TableRowColor">
<TD><CODE>java.awt.Container.AccessibleAWTContainer</CODE></TD>
</TR>
</TABLE>
&nbsp;
<A NAME="nested_classes_inherited_from_class_java.awt.Component"><!-- --></A>
<TABLE BORDER="1" WIDTH="100%" CELLPADDING="3" CELLSPACING="0" SUMMARY="">
<TR BGCOLOR="#EEEEFF" CLASS="TableSubHeadingColor">
<TH ALIGN="left"><B>Nested classes/interfaces inherited from class java.awt.Component</B></TH>
</TR>
<TR BGCOLOR="white" CLASS="TableRowColor">
<TD><CODE>java.awt.Component.AccessibleAWTComponent, java.awt.Component.BltBufferStrategy, java.awt.Component.FlipBufferStrategy</CODE></TD>
</TR>
</TABLE>
&nbsp;
<!-- =========== FIELD SUMMARY =========== -->

<A NAME="field_summary"><!-- --></A>
<TABLE BORDER="1" WIDTH="100%" CELLPADDING="3" CELLSPACING="0" SUMMARY="">
<TR BGCOLOR="#CCCCFF" CLASS="TableHeadingColor">
<TH ALIGN="left" COLSPAN="2"><FONT SIZE="+2">
<B>Field Summary</B></FONT></TH>
</TR>
<TR BGCOLOR="white" CLASS="TableRowColor">
<TD ALIGN="right" VALIGN="top" WIDTH="1%"><FONT SIZE="-1">
<CODE>protected &nbsp;<A HREF="../../../../com/golden/gamedev/engine/BaseGraphics.html" title="interface in com.golden.gamedev.engine">BaseGraphics</A></CODE></FONT></TD>
<TD><CODE><B><A HREF="../../../../com/golden/gamedev/funbox/ErrorNotificationDialog.html#bsGraphics">bsGraphics</A></B></CODE>

<BR>
&nbsp;&nbsp;&nbsp;&nbsp;&nbsp;&nbsp;&nbsp;&nbsp;&nbsp;&nbsp;The graphics engine used by the game.</TD>
</TR>
<TR BGCOLOR="white" CLASS="TableRowColor">
<TD ALIGN="right" VALIGN="top" WIDTH="1%"><FONT SIZE="-1">
<CODE>protected &nbsp;java.lang.String</CODE></FONT></TD>
<TD><CODE><B><A HREF="../../../../com/golden/gamedev/funbox/ErrorNotificationDialog.html#emailAddress">emailAddress</A></B></CODE>

<BR>
&nbsp;&nbsp;&nbsp;&nbsp;&nbsp;&nbsp;&nbsp;&nbsp;&nbsp;&nbsp;The email address which the player should report the exception to.</TD>
</TR>
<TR BGCOLOR="white" CLASS="TableRowColor">
<TD ALIGN="right" VALIGN="top" WIDTH="1%"><FONT SIZE="-1">
<CODE>protected &nbsp;java.lang.Throwable</CODE></FONT></TD>
<TD><CODE><B><A HREF="../../../../com/golden/gamedev/funbox/ErrorNotificationDialog.html#error">error</A></B></CODE>

<BR>
&nbsp;&nbsp;&nbsp;&nbsp;&nbsp;&nbsp;&nbsp;&nbsp;&nbsp;&nbsp;The error exception of the game.</TD>
</TR>
<TR BGCOLOR="white" CLASS="TableRowColor">
<TD ALIGN="right" VALIGN="top" WIDTH="1%"><FONT SIZE="-1">
<CODE>protected &nbsp;javax.swing.JTextArea</CODE></FONT></TD>
<TD><CODE><B><A HREF="../../../../com/golden/gamedev/funbox/ErrorNotificationDialog.html#textArea">textArea</A></B></CODE>

<BR>
&nbsp;&nbsp;&nbsp;&nbsp;&nbsp;&nbsp;&nbsp;&nbsp;&nbsp;&nbsp;The text area UI where the game exception is printed out.</TD>
</TR>
<TR BGCOLOR="white" CLASS="TableRowColor">
<TD ALIGN="right" VALIGN="top" WIDTH="1%"><FONT SIZE="-1">
<CODE>protected &nbsp;java.lang.String</CODE></FONT></TD>
<TD><CODE><B><A HREF="../../../../com/golden/gamedev/funbox/ErrorNotificationDialog.html#title">title</A></B></CODE>

<BR>
&nbsp;&nbsp;&nbsp;&nbsp;&nbsp;&nbsp;&nbsp;&nbsp;&nbsp;&nbsp;The game title.</TD>
</TR>
</TABLE>
&nbsp;<A NAME="fields_inherited_from_class_javax.swing.JDialog"><!-- --></A>
<TABLE BORDER="1" WIDTH="100%" CELLPADDING="3" CELLSPACING="0" SUMMARY="">
<TR BGCOLOR="#EEEEFF" CLASS="TableSubHeadingColor">
<TH ALIGN="left"><B>Fields inherited from class javax.swing.JDialog</B></TH>
</TR>
<TR BGCOLOR="white" CLASS="TableRowColor">
<TD><CODE>accessibleContext, rootPane, rootPaneCheckingEnabled</CODE></TD>
</TR>
</TABLE>
&nbsp;<A NAME="fields_inherited_from_class_java.awt.Component"><!-- --></A>
<TABLE BORDER="1" WIDTH="100%" CELLPADDING="3" CELLSPACING="0" SUMMARY="">
<TR BGCOLOR="#EEEEFF" CLASS="TableSubHeadingColor">
<TH ALIGN="left"><B>Fields inherited from class java.awt.Component</B></TH>
</TR>
<TR BGCOLOR="white" CLASS="TableRowColor">
<TD><CODE>BOTTOM_ALIGNMENT, CENTER_ALIGNMENT, LEFT_ALIGNMENT, RIGHT_ALIGNMENT, TOP_ALIGNMENT</CODE></TD>
</TR>
</TABLE>
&nbsp;<A NAME="fields_inherited_from_class_javax.swing.WindowConstants"><!-- --></A>
<TABLE BORDER="1" WIDTH="100%" CELLPADDING="3" CELLSPACING="0" SUMMARY="">
<TR BGCOLOR="#EEEEFF" CLASS="TableSubHeadingColor">
<TH ALIGN="left"><B>Fields inherited from interface javax.swing.WindowConstants</B></TH>
</TR>
<TR BGCOLOR="white" CLASS="TableRowColor">
<TD><CODE>DISPOSE_ON_CLOSE, DO_NOTHING_ON_CLOSE, EXIT_ON_CLOSE, HIDE_ON_CLOSE</CODE></TD>
</TR>
</TABLE>
&nbsp;<A NAME="fields_inherited_from_class_java.awt.image.ImageObserver"><!-- --></A>
<TABLE BORDER="1" WIDTH="100%" CELLPADDING="3" CELLSPACING="0" SUMMARY="">
<TR BGCOLOR="#EEEEFF" CLASS="TableSubHeadingColor">
<TH ALIGN="left"><B>Fields inherited from interface java.awt.image.ImageObserver</B></TH>
</TR>
<TR BGCOLOR="white" CLASS="TableRowColor">
<TD><CODE>ABORT, ALLBITS, ERROR, FRAMEBITS, HEIGHT, PROPERTIES, SOMEBITS, WIDTH</CODE></TD>
</TR>
</TABLE>
&nbsp;
<!-- ======== CONSTRUCTOR SUMMARY ======== -->

<A NAME="constructor_summary"><!-- --></A>
<TABLE BORDER="1" WIDTH="100%" CELLPADDING="3" CELLSPACING="0" SUMMARY="">
<TR BGCOLOR="#CCCCFF" CLASS="TableHeadingColor">
<TH ALIGN="left" COLSPAN="2"><FONT SIZE="+2">
<B>Constructor Summary</B></FONT></TH>
</TR>
<TR BGCOLOR="white" CLASS="TableRowColor">
<TD><CODE><B><A HREF="../../../../com/golden/gamedev/funbox/ErrorNotificationDialog.html#ErrorNotificationDialog(java.lang.Throwable, com.golden.gamedev.engine.BaseGraphics, java.lang.String, java.lang.String)">ErrorNotificationDialog</A></B>(java.lang.Throwable&nbsp;error,
                        <A HREF="../../../../com/golden/gamedev/engine/BaseGraphics.html" title="interface in com.golden.gamedev.engine">BaseGraphics</A>&nbsp;bsGraphics,
                        java.lang.String&nbsp;title,
                        java.lang.String&nbsp;emailAddress)</CODE>

<BR>
&nbsp;&nbsp;&nbsp;&nbsp;&nbsp;&nbsp;&nbsp;&nbsp;&nbsp;&nbsp;Builds up an error notification dialog for the player.</TD>
</TR>
</TABLE>
&nbsp;
<!-- ========== METHOD SUMMARY =========== -->

<A NAME="method_summary"><!-- --></A>
<TABLE BORDER="1" WIDTH="100%" CELLPADDING="3" CELLSPACING="0" SUMMARY="">
<TR BGCOLOR="#CCCCFF" CLASS="TableHeadingColor">
<TH ALIGN="left" COLSPAN="2"><FONT SIZE="+2">
<B>Method Summary</B></FONT></TH>
</TR>
<TR BGCOLOR="white" CLASS="TableRowColor">
<TD ALIGN="right" VALIGN="top" WIDTH="1%"><FONT SIZE="-1">
<CODE>&nbsp;void</CODE></FONT></TD>
<TD><CODE><B><A HREF="../../../../com/golden/gamedev/funbox/ErrorNotificationDialog.html#actionPerformed(java.awt.event.ActionEvent)">actionPerformed</A></B>(java.awt.event.ActionEvent&nbsp;e)</CODE>

<BR>
&nbsp;&nbsp;&nbsp;&nbsp;&nbsp;&nbsp;&nbsp;&nbsp;&nbsp;&nbsp;Action listener for exit and copy to clipboard button.</TD>
</TR>
<TR BGCOLOR="white" CLASS="TableRowColor">
<TD ALIGN="right" VALIGN="top" WIDTH="1%"><FONT SIZE="-1">
<CODE>&nbsp;void</CODE></FONT></TD>
<TD><CODE><B><A HREF="../../../../com/golden/gamedev/funbox/ErrorNotificationDialog.html#closeDialog()">closeDialog</A></B>()</CODE>

<BR>
&nbsp;&nbsp;&nbsp;&nbsp;&nbsp;&nbsp;&nbsp;&nbsp;&nbsp;&nbsp;Closes this error notification dialog.</TD>
</TR>
<TR BGCOLOR="white" CLASS="TableRowColor">
<TD ALIGN="right" VALIGN="top" WIDTH="1%"><FONT SIZE="-1">
<CODE>protected &nbsp;void</CODE></FONT></TD>
<TD><CODE><B><A HREF="../../../../com/golden/gamedev/funbox/ErrorNotificationDialog.html#initGUI()">initGUI</A></B>()</CODE>

<BR>
&nbsp;&nbsp;&nbsp;&nbsp;&nbsp;&nbsp;&nbsp;&nbsp;&nbsp;&nbsp;The initialization of the error notification GUI.</TD>
</TR>
<TR BGCOLOR="white" CLASS="TableRowColor">
<TD ALIGN="right" VALIGN="top" WIDTH="1%"><FONT SIZE="-1">
<CODE>protected &nbsp;void</CODE></FONT></TD>
<TD><CODE><B><A HREF="../../../../com/golden/gamedev/funbox/ErrorNotificationDialog.html#printStackTrace()">printStackTrace</A></B>()</CODE>

<BR>
&nbsp;&nbsp;&nbsp;&nbsp;&nbsp;&nbsp;&nbsp;&nbsp;&nbsp;&nbsp;Prints exception stack trace along with the system information to the
 <A HREF="../../../../com/golden/gamedev/funbox/ErrorNotificationDialog.html#textArea">text area</A>.</TD>
</TR>
<TR BGCOLOR="white" CLASS="TableRowColor">
<TD ALIGN="right" VALIGN="top" WIDTH="1%"><FONT SIZE="-1">
<CODE>&nbsp;void</CODE></FONT></TD>
<TD><CODE><B><A HREF="../../../../com/golden/gamedev/funbox/ErrorNotificationDialog.html#run()">run</A></B>()</CODE>

<BR>
&nbsp;&nbsp;&nbsp;&nbsp;&nbsp;&nbsp;&nbsp;&nbsp;&nbsp;&nbsp;Thread implementation that actually <A HREF="../../../../com/golden/gamedev/funbox/ErrorNotificationDialog.html#initGUI()"><CODE>create the dialog
 UI</CODE></A> used whenever the game is in applet environment.</TD>
</TR>
<TR BGCOLOR="white" CLASS="TableRowColor">
<TD ALIGN="right" VALIGN="top" WIDTH="1%"><FONT SIZE="-1">
<CODE>&nbsp;void</CODE></FONT></TD>
<TD><CODE><B><A HREF="../../../../com/golden/gamedev/funbox/ErrorNotificationDialog.html#windowActivated(java.awt.event.WindowEvent)">windowActivated</A></B>(java.awt.event.WindowEvent&nbsp;e)</CODE>

<BR>
&nbsp;&nbsp;&nbsp;&nbsp;&nbsp;&nbsp;&nbsp;&nbsp;&nbsp;&nbsp;Do nothing.</TD>
</TR>
<TR BGCOLOR="white" CLASS="TableRowColor">
<TD ALIGN="right" VALIGN="top" WIDTH="1%"><FONT SIZE="-1">
<CODE>&nbsp;void</CODE></FONT></TD>
<TD><CODE><B><A HREF="../../../../com/golden/gamedev/funbox/ErrorNotificationDialog.html#windowClosed(java.awt.event.WindowEvent)">windowClosed</A></B>(java.awt.event.WindowEvent&nbsp;e)</CODE>

<BR>
&nbsp;&nbsp;&nbsp;&nbsp;&nbsp;&nbsp;&nbsp;&nbsp;&nbsp;&nbsp;Do nothing.</TD>
</TR>
<TR BGCOLOR="white" CLASS="TableRowColor">
<TD ALIGN="right" VALIGN="top" WIDTH="1%"><FONT SIZE="-1">
<CODE>&nbsp;void</CODE></FONT></TD>
<TD><CODE><B><A HREF="../../../../com/golden/gamedev/funbox/ErrorNotificationDialog.html#windowClosing(java.awt.event.WindowEvent)">windowClosing</A></B>(java.awt.event.WindowEvent&nbsp;e)</CODE>

<BR>
&nbsp;&nbsp;&nbsp;&nbsp;&nbsp;&nbsp;&nbsp;&nbsp;&nbsp;&nbsp;Closes this error notification dialog by calling <A HREF="../../../../com/golden/gamedev/funbox/ErrorNotificationDialog.html#closeDialog()"><CODE>closeDialog()</CODE></A>
 when the window close button is pressed.</TD>
</TR>
<TR BGCOLOR="white" CLASS="TableRowColor">
<TD ALIGN="right" VALIGN="top" WIDTH="1%"><FONT SIZE="-1">
<CODE>&nbsp;void</CODE></FONT></TD>
<TD><CODE><B><A HREF="../../../../com/golden/gamedev/funbox/ErrorNotificationDialog.html#windowDeactivated(java.awt.event.WindowEvent)">windowDeactivated</A></B>(java.awt.event.WindowEvent&nbsp;e)</CODE>

<BR>
&nbsp;&nbsp;&nbsp;&nbsp;&nbsp;&nbsp;&nbsp;&nbsp;&nbsp;&nbsp;Do nothing.</TD>
</TR>
<TR BGCOLOR="white" CLASS="TableRowColor">
<TD ALIGN="right" VALIGN="top" WIDTH="1%"><FONT SIZE="-1">
<CODE>&nbsp;void</CODE></FONT></TD>
<TD><CODE><B><A HREF="../../../../com/golden/gamedev/funbox/ErrorNotificationDialog.html#windowDeiconified(java.awt.event.WindowEvent)">windowDeiconified</A></B>(java.awt.event.WindowEvent&nbsp;e)</CODE>

<BR>
&nbsp;&nbsp;&nbsp;&nbsp;&nbsp;&nbsp;&nbsp;&nbsp;&nbsp;&nbsp;Do nothing.</TD>
</TR>
<TR BGCOLOR="white" CLASS="TableRowColor">
<TD ALIGN="right" VALIGN="top" WIDTH="1%"><FONT SIZE="-1">
<CODE>&nbsp;void</CODE></FONT></TD>
<TD><CODE><B><A HREF="../../../../com/golden/gamedev/funbox/ErrorNotificationDialog.html#windowIconified(java.awt.event.WindowEvent)">windowIconified</A></B>(java.awt.event.WindowEvent&nbsp;e)</CODE>

<BR>
&nbsp;&nbsp;&nbsp;&nbsp;&nbsp;&nbsp;&nbsp;&nbsp;&nbsp;&nbsp;Do nothing.</TD>
</TR>
<TR BGCOLOR="white" CLASS="TableRowColor">
<TD ALIGN="right" VALIGN="top" WIDTH="1%"><FONT SIZE="-1">
<CODE>&nbsp;void</CODE></FONT></TD>
<TD><CODE><B><A HREF="../../../../com/golden/gamedev/funbox/ErrorNotificationDialog.html#windowOpened(java.awt.event.WindowEvent)">windowOpened</A></B>(java.awt.event.WindowEvent&nbsp;e)</CODE>

<BR>
&nbsp;&nbsp;&nbsp;&nbsp;&nbsp;&nbsp;&nbsp;&nbsp;&nbsp;&nbsp;Do nothing.</TD>
</TR>
</TABLE>
&nbsp;<A NAME="methods_inherited_from_class_javax.swing.JDialog"><!-- --></A>
<TABLE BORDER="1" WIDTH="100%" CELLPADDING="3" CELLSPACING="0" SUMMARY="">
<TR BGCOLOR="#EEEEFF" CLASS="TableSubHeadingColor">
<TH ALIGN="left"><B>Methods inherited from class javax.swing.JDialog</B></TH>
</TR>
<TR BGCOLOR="white" CLASS="TableRowColor">
<TD><CODE>addImpl, createRootPane, dialogInit, getAccessibleContext, getContentPane, getDefaultCloseOperation, getGlassPane, getJMenuBar, getLayeredPane, getRootPane, isDefaultLookAndFeelDecorated, isRootPaneCheckingEnabled, paramString, processWindowEvent, remove, setContentPane, setDefaultCloseOperation, setDefaultLookAndFeelDecorated, setGlassPane, setJMenuBar, setLayeredPane, setLayout, setRootPane, setRootPaneCheckingEnabled, update</CODE></TD>
</TR>
</TABLE>
&nbsp;<A NAME="methods_inherited_from_class_java.awt.Dialog"><!-- --></A>
<TABLE BORDER="1" WIDTH="100%" CELLPADDING="3" CELLSPACING="0" SUMMARY="">
<TR BGCOLOR="#EEEEFF" CLASS="TableSubHeadingColor">
<TH ALIGN="left"><B>Methods inherited from class java.awt.Dialog</B></TH>
</TR>
<TR BGCOLOR="white" CLASS="TableRowColor">
<TD><CODE>addNotify, getTitle, hide, isModal, isResizable, isUndecorated, setModal, setResizable, setTitle, setUndecorated, show</CODE></TD>
</TR>
</TABLE>
&nbsp;<A NAME="methods_inherited_from_class_java.awt.Window"><!-- --></A>
<TABLE BORDER="1" WIDTH="100%" CELLPADDING="3" CELLSPACING="0" SUMMARY="">
<TR BGCOLOR="#EEEEFF" CLASS="TableSubHeadingColor">
<TH ALIGN="left"><B>Methods inherited from class java.awt.Window</B></TH>
</TR>
<TR BGCOLOR="white" CLASS="TableRowColor">
<TD><CODE>addPropertyChangeListener, addPropertyChangeListener, addWindowFocusListener, addWindowListener, addWindowStateListener, applyResourceBundle, applyResourceBundle, createBufferStrategy, createBufferStrategy, dispose, finalize, getBufferStrategy, getFocusableWindowState, getFocusCycleRootAncestor, getFocusOwner, getFocusTraversalKeys, getGraphicsConfiguration, getInputContext, getListeners, getLocale, getMostRecentFocusOwner, getOwnedWindows, getOwner, getToolkit, getWarningString, getWindowFocusListeners, getWindowListeners, getWindowStateListeners, isActive, isAlwaysOnTop, isFocusableWindow, isFocusCycleRoot, isFocused, isLocationByPlatform, isShowing, pack, postEvent, processEvent, processWindowFocusEvent, processWindowStateEvent, removeWindowFocusListener, removeWindowListener, removeWindowStateListener, setAlwaysOnTop, setBounds, setCursor, setFocusableWindowState, setFocusCycleRoot, setLocationByPlatform, setLocationRelativeTo, toBack, toFront</CODE></TD>
</TR>
</TABLE>
&nbsp;<A NAME="methods_inherited_from_class_java.awt.Container"><!-- --></A>
<TABLE BORDER="1" WIDTH="100%" CELLPADDING="3" CELLSPACING="0" SUMMARY="">
<TR BGCOLOR="#EEEEFF" CLASS="TableSubHeadingColor">
<TH ALIGN="left"><B>Methods inherited from class java.awt.Container</B></TH>
</TR>
<TR BGCOLOR="white" CLASS="TableRowColor">
<TD><CODE>add, add, add, add, add, addContainerListener, applyComponentOrientation, areFocusTraversalKeysSet, countComponents, deliverEvent, doLayout, findComponentAt, findComponentAt, getAlignmentX, getAlignmentY, getComponent, getComponentAt, getComponentAt, getComponentCount, getComponents, getComponentZOrder, getContainerListeners, getFocusTraversalPolicy, getInsets, getLayout, getMaximumSize, getMinimumSize, getMousePosition, getPreferredSize, insets, invalidate, isAncestorOf, isFocusCycleRoot, isFocusTraversalPolicyProvider, isFocusTraversalPolicySet, layout, list, list, locate, minimumSize, paint, paintComponents, preferredSize, print, printComponents, processContainerEvent, remove, removeAll, removeContainerListener, removeNotify, setComponentZOrder, setFocusTraversalKeys, setFocusTraversalPolicy, setFocusTraversalPolicyProvider, setFont, transferFocusBackward, transferFocusDownCycle, validate, validateTree</CODE></TD>
</TR>
</TABLE>
&nbsp;<A NAME="methods_inherited_from_class_java.awt.Component"><!-- --></A>
<TABLE BORDER="1" WIDTH="100%" CELLPADDING="3" CELLSPACING="0" SUMMARY="">
<TR BGCOLOR="#EEEEFF" CLASS="TableSubHeadingColor">
<TH ALIGN="left"><B>Methods inherited from class java.awt.Component</B></TH>
</TR>
<TR BGCOLOR="white" CLASS="TableRowColor">
<TD><CODE>action, add, addComponentListener, addFocusListener, addHierarchyBoundsListener, addHierarchyListener, addInputMethodListener, addKeyListener, addMouseListener, addMouseMotionListener, addMouseWheelListener, bounds, checkImage, checkImage, coalesceEvents, contains, contains, createImage, createImage, createVolatileImage, createVolatileImage, disable, disableEvents, dispatchEvent, enable, enable, enableEvents, enableInputMethods, firePropertyChange, firePropertyChange, firePropertyChange, firePropertyChange, firePropertyChange, firePropertyChange, firePropertyChange, firePropertyChange, firePropertyChange, getBackground, getBounds, getBounds, getColorModel, getComponentListeners, getComponentOrientation, getCursor, getDropTarget, getFocusListeners, getFocusTraversalKeysEnabled, getFont, getFontMetrics, getForeground, getGraphics, getHeight, getHierarchyBoundsListeners, getHierarchyListeners, getIgnoreRepaint, getInputMethodListeners, getInputMethodRequests, getKeyListeners, getLocation, getLocation, getLocationOnScreen, getMouseListeners, getMouseMotionListeners, getMousePosition, getMouseWheelListeners, getName, getParent, getPeer, getPropertyChangeListeners, getPropertyChangeListeners, getSize, getSize, getTreeLock, getWidth, getX, getY, gotFocus, handleEvent, hasFocus, imageUpdate, inside, isBackgroundSet, isCursorSet, isDisplayable, isDoubleBuffered, isEnabled, isFocusable, isFocusOwner, isFocusTraversable, isFontSet, isForegroundSet, isLightweight, isMaximumSizeSet, isMinimumSizeSet, isOpaque, isPreferredSizeSet, isValid, isVisible, keyDown, keyUp, list, list, list, location, lostFocus, mouseDown, mouseDrag, mouseEnter, mouseExit, mouseMove, mouseUp, move, nextFocus, paintAll, prepareImage, prepareImage, printAll, processComponentEvent, processFocusEvent, processHierarchyBoundsEvent, processHierarchyEvent, processInputMethodEvent, processKeyEvent, processMouseEvent, processMouseMotionEvent, processMouseWheelEvent, remove, removeComponentListener, removeFocusListener, removeHierarchyBoundsListener, removeHierarchyListener, removeInputMethodListener, removeKeyListener, removeMouseListener, removeMouseMotionListener, removeMouseWheelListener, removePropertyChangeListener, removePropertyChangeListener, repaint, repaint, repaint, repaint, requestFocus, requestFocus, requestFocusInWindow, requestFocusInWindow, reshape, resize, resize, setBackground, setBounds, setComponentOrientation, setDropTarget, setEnabled, setFocusable, setFocusTraversalKeysEnabled, setForeground, setIgnoreRepaint, setLocale, setLocation, setLocation, setMaximumSize, setMinimumSize, setName, setPreferredSize, setSize, setSize, setVisible, show, size, toString, transferFocus, transferFocusUpCycle</CODE></TD>
</TR>
</TABLE>
&nbsp;<A NAME="methods_inherited_from_class_java.lang.Object"><!-- --></A>
<TABLE BORDER="1" WIDTH="100%" CELLPADDING="3" CELLSPACING="0" SUMMARY="">
<TR BGCOLOR="#EEEEFF" CLASS="TableSubHeadingColor">
<TH ALIGN="left"><B>Methods inherited from class java.lang.Object</B></TH>
</TR>
<TR BGCOLOR="white" CLASS="TableRowColor">
<TD><CODE>clone, equals, getClass, hashCode, notify, notifyAll, wait, wait, wait</CODE></TD>
</TR>
</TABLE>
&nbsp;
<P>

<!-- ============ FIELD DETAIL =========== -->

<A NAME="field_detail"><!-- --></A>
<TABLE BORDER="1" WIDTH="100%" CELLPADDING="3" CELLSPACING="0" SUMMARY="">
<TR BGCOLOR="#CCCCFF" CLASS="TableHeadingColor">
<TH ALIGN="left" COLSPAN="1"><FONT SIZE="+2">
<B>Field Detail</B></FONT></TH>
</TR>
</TABLE>

<A NAME="error"><!-- --></A><H3>
error</H3>
<PRE>
protected java.lang.Throwable <B>error</B></PRE>
<DL>
<DD>The error exception of the game.
 <p>
 
 This is the exception that will be notified to the player.
<P>
<DL>
</DL>
</DL>
<HR>

<A NAME="bsGraphics"><!-- --></A><H3>
bsGraphics</H3>
<PRE>
protected <A HREF="../../../../com/golden/gamedev/engine/BaseGraphics.html" title="interface in com.golden.gamedev.engine">BaseGraphics</A> <B>bsGraphics</B></PRE>
<DL>
<DD>The graphics engine used by the game.
<P>
<DL>
</DL>
</DL>
<HR>

<A NAME="title"><!-- --></A><H3>
title</H3>
<PRE>
protected java.lang.String <B>title</B></PRE>
<DL>
<DD>The game title.
<P>
<DL>
</DL>
</DL>
<HR>

<A NAME="emailAddress"><!-- --></A><H3>
emailAddress</H3>
<PRE>
protected java.lang.String <B>emailAddress</B></PRE>
<DL>
<DD>The email address which the player should report the exception to.
<P>
<DL>
</DL>
</DL>
<HR>

<A NAME="textArea"><!-- --></A><H3>
textArea</H3>
<PRE>
protected javax.swing.JTextArea <B>textArea</B></PRE>
<DL>
<DD>The text area UI where the game exception is printed out.
<P>
<DL>
</DL>
</DL>

<!-- ========= CONSTRUCTOR DETAIL ======== -->

<A NAME="constructor_detail"><!-- --></A>
<TABLE BORDER="1" WIDTH="100%" CELLPADDING="3" CELLSPACING="0" SUMMARY="">
<TR BGCOLOR="#CCCCFF" CLASS="TableHeadingColor">
<TH ALIGN="left" COLSPAN="1"><FONT SIZE="+2">
<B>Constructor Detail</B></FONT></TH>
</TR>
</TABLE>

<A NAME="ErrorNotificationDialog(java.lang.Throwable, com.golden.gamedev.engine.BaseGraphics, java.lang.String, java.lang.String)"><!-- --></A><H3>
ErrorNotificationDialog</H3>
<PRE>
public <B>ErrorNotificationDialog</B>(java.lang.Throwable&nbsp;error,
                               <A HREF="../../../../com/golden/gamedev/engine/BaseGraphics.html" title="interface in com.golden.gamedev.engine">BaseGraphics</A>&nbsp;bsGraphics,
                               java.lang.String&nbsp;title,
                               java.lang.String&nbsp;emailAddress)</PRE>
<DL>
<DD>Builds up an error notification dialog for the player.
<P>
<DL>
<DT><B>Parameters:</B><DD><CODE>error</CODE> - the game exception<DD><CODE>bsGraphics</CODE> - the graphics engine of the game<DD><CODE>title</CODE> - the game title<DD><CODE>emailAddress</CODE> - the email address which the player should be
        reporting the exception to</DL>
</DL>

<!-- ============ METHOD DETAIL ========== -->

<A NAME="method_detail"><!-- --></A>
<TABLE BORDER="1" WIDTH="100%" CELLPADDING="3" CELLSPACING="0" SUMMARY="">
<TR BGCOLOR="#CCCCFF" CLASS="TableHeadingColor">
<TH ALIGN="left" COLSPAN="1"><FONT SIZE="+2">
<B>Method Detail</B></FONT></TH>
</TR>
</TABLE>

<A NAME="run()"><!-- --></A><H3>
run</H3>
<PRE>
public void <B>run</B>()</PRE>
<DL>
<DD>Thread implementation that actually <A HREF="../../../../com/golden/gamedev/funbox/ErrorNotificationDialog.html#initGUI()"><CODE>create the dialog
 UI</CODE></A> used whenever the game is in applet environment.
 <p>
 
 In applet, the dialog UI is created under a daemon thread to avoid the
 dialog creation interrupting the applet process.
<P>
<DD><DL>
<DT><B>Specified by:</B><DD><CODE>run</CODE> in interface <CODE>java.lang.Runnable</CODE></DL>
</DD>
<DD><DL>
<DT><B>See Also:</B><DD><A HREF="../../../../com/golden/gamedev/funbox/ErrorNotificationDialog.html#initGUI()"><CODE>initGUI()</CODE></A></DL>
</DD>
</DL>
<HR>

<A NAME="printStackTrace()"><!-- --></A><H3>
printStackTrace</H3>
<PRE>
protected void <B>printStackTrace</B>()</PRE>
<DL>
<DD>Prints exception stack trace along with the system information to the
 <A HREF="../../../../com/golden/gamedev/funbox/ErrorNotificationDialog.html#textArea">text area</A>.
 <p>
 
 Override this method to add more information about the exception.
<P>
<DD><DL>
</DL>
</DD>
<DD><DL>
<DT><B>See Also:</B><DD><A HREF="../../../../com/golden/gamedev/funbox/ErrorNotificationDialog.html#textArea"><CODE>textArea</CODE></A></DL>
</DD>
</DL>
<HR>

<A NAME="initGUI()"><!-- --></A><H3>
initGUI</H3>
<PRE>
protected void <B>initGUI</B>()</PRE>
<DL>
<DD>The initialization of the error notification GUI.
<P>
<DD><DL>
</DL>
</DD>
<DD><DL>
</DL>
</DD>
</DL>
<HR>

<A NAME="actionPerformed(java.awt.event.ActionEvent)"><!-- --></A><H3>
actionPerformed</H3>
<PRE>
public void <B>actionPerformed</B>(java.awt.event.ActionEvent&nbsp;e)</PRE>
<DL>
<DD>Action listener for exit and copy to clipboard button.
<P>
<DD><DL>
<DT><B>Specified by:</B><DD><CODE>actionPerformed</CODE> in interface <CODE>java.awt.event.ActionListener</CODE></DL>
</DD>
<DD><DL>
</DL>
</DD>
</DL>
<HR>

<A NAME="closeDialog()"><!-- --></A><H3>
closeDialog</H3>
<PRE>
public void <B>closeDialog</B>()</PRE>
<DL>
<DD>Closes this error notification dialog.
 <p>
 
 This method will call <code>System.exit(0);</code> if the graphics
 engine is not instance of <code>Applet</code> class.
<P>
<DD><DL>
</DL>
</DD>
<DD><DL>
</DL>
</DD>
</DL>
<HR>

<A NAME="windowClosing(java.awt.event.WindowEvent)"><!-- --></A><H3>
windowClosing</H3>
<PRE>
public void <B>windowClosing</B>(java.awt.event.WindowEvent&nbsp;e)</PRE>
<DL>
<DD>Closes this error notification dialog by calling <A HREF="../../../../com/golden/gamedev/funbox/ErrorNotificationDialog.html#closeDialog()"><CODE>closeDialog()</CODE></A>
 when the window close button is pressed.
<P>
<DD><DL>
<DT><B>Specified by:</B><DD><CODE>windowClosing</CODE> in interface <CODE>java.awt.event.WindowListener</CODE></DL>
</DD>
<DD><DL>
<DT><B>See Also:</B><DD><A HREF="../../../../com/golden/gamedev/funbox/ErrorNotificationDialog.html#closeDialog()"><CODE>closeDialog()</CODE></A></DL>
</DD>
</DL>
<HR>

<A NAME="windowOpened(java.awt.event.WindowEvent)"><!-- --></A><H3>
windowOpened</H3>
<PRE>
public void <B>windowOpened</B>(java.awt.event.WindowEvent&nbsp;e)</PRE>
<DL>
<DD>Do nothing.
<P>
<DD><DL>
<DT><B>Specified by:</B><DD><CODE>windowOpened</CODE> in interface <CODE>java.awt.event.WindowListener</CODE></DL>
</DD>
<DD><DL>
</DL>
</DD>
</DL>
<HR>

<A NAME="windowClosed(java.awt.event.WindowEvent)"><!-- --></A><H3>
windowClosed</H3>
<PRE>
public void <B>windowClosed</B>(java.awt.event.WindowEvent&nbsp;e)</PRE>
<DL>
<DD>Do nothing.
<P>
<DD><DL>
<DT><B>Specified by:</B><DD><CODE>windowClosed</CODE> in interface <CODE>java.awt.event.WindowListener</CODE></DL>
</DD>
<DD><DL>
</DL>
</DD>
</DL>
<HR>

<A NAME="windowIconified(java.awt.event.WindowEvent)"><!-- --></A><H3>
windowIconified</H3>
<PRE>
public void <B>windowIconified</B>(java.awt.event.WindowEvent&nbsp;e)</PRE>
<DL>
<DD>Do nothing.
<P>
<DD><DL>
<DT><B>Specified by:</B><DD><CODE>windowIconified</CODE> in interface <CODE>java.awt.event.WindowListener</CODE></DL>
</DD>
<DD><DL>
</DL>
</DD>
</DL>
<HR>

<A NAME="windowDeiconified(java.awt.event.WindowEvent)"><!-- --></A><H3>
windowDeiconified</H3>
<PRE>
public void <B>windowDeiconified</B>(java.awt.event.WindowEvent&nbsp;e)</PRE>
<DL>
<DD>Do nothing.
<P>
<DD><DL>
<DT><B>Specified by:</B><DD><CODE>windowDeiconified</CODE> in interface <CODE>java.awt.event.WindowListener</CODE></DL>
</DD>
<DD><DL>
</DL>
</DD>
</DL>
<HR>

<A NAME="windowActivated(java.awt.event.WindowEvent)"><!-- --></A><H3>
windowActivated</H3>
<PRE>
public void <B>windowActivated</B>(java.awt.event.WindowEvent&nbsp;e)</PRE>
<DL>
<DD>Do nothing.
<P>
<DD><DL>
<DT><B>Specified by:</B><DD><CODE>windowActivated</CODE> in interface <CODE>java.awt.event.WindowListener</CODE></DL>
</DD>
<DD><DL>
</DL>
</DD>
</DL>
<HR>

<A NAME="windowDeactivated(java.awt.event.WindowEvent)"><!-- --></A><H3>
windowDeactivated</H3>
<PRE>
public void <B>windowDeactivated</B>(java.awt.event.WindowEvent&nbsp;e)</PRE>
<DL>
<DD>Do nothing.
<P>
<DD><DL>
<DT><B>Specified by:</B><DD><CODE>windowDeactivated</CODE> in interface <CODE>java.awt.event.WindowListener</CODE></DL>
</DD>
<DD><DL>
</DL>
</DD>
</DL>
<!-- ========= END OF CLASS DATA ========= -->
<HR>


<!-- ======= START OF BOTTOM NAVBAR ====== -->
<A NAME="navbar_bottom"><!-- --></A>
<A HREF="#skip-navbar_bottom" title="Skip navigation links"></A>
<TABLE BORDER="0" WIDTH="100%" CELLPADDING="1" CELLSPACING="0" SUMMARY="">
<TR>
<TD COLSPAN=2 BGCOLOR="#EEEEFF" CLASS="NavBarCell1">
<A NAME="navbar_bottom_firstrow"><!-- --></A>
<TABLE BORDER="0" CELLPADDING="0" CELLSPACING="3" SUMMARY="">
  <TR ALIGN="center" VALIGN="top">
  <TD BGCOLOR="#EEEEFF" CLASS="NavBarCell1">    <A HREF="../../../../overview-summary.html"><FONT CLASS="NavBarFont1"><B>Overview</B></FONT></A>&nbsp;</TD>
  <TD BGCOLOR="#EEEEFF" CLASS="NavBarCell1">    <A HREF="package-summary.html"><FONT CLASS="NavBarFont1"><B>Package</B></FONT></A>&nbsp;</TD>
  <TD BGCOLOR="#FFFFFF" CLASS="NavBarCell1Rev"> &nbsp;<FONT CLASS="NavBarFont1Rev"><B>Class</B></FONT>&nbsp;</TD>
  <TD BGCOLOR="#EEEEFF" CLASS="NavBarCell1">    <A HREF="class-use/ErrorNotificationDialog.html"><FONT CLASS="NavBarFont1"><B>Use</B></FONT></A>&nbsp;</TD>
  <TD BGCOLOR="#EEEEFF" CLASS="NavBarCell1">    <A HREF="package-tree.html"><FONT CLASS="NavBarFont1"><B>Tree</B></FONT></A>&nbsp;</TD>
  <TD BGCOLOR="#EEEEFF" CLASS="NavBarCell1">    <A HREF="../../../../deprecated-list.html"><FONT CLASS="NavBarFont1"><B>Deprecated</B></FONT></A>&nbsp;</TD>
  <TD BGCOLOR="#EEEEFF" CLASS="NavBarCell1">    <A HREF="../../../../index-files/index-1.html"><FONT CLASS="NavBarFont1"><B>Index</B></FONT></A>&nbsp;</TD>
  <TD BGCOLOR="#EEEEFF" CLASS="NavBarCell1">    <A HREF="../../../../help-doc.html"><FONT CLASS="NavBarFont1"><B>Help</B></FONT></A>&nbsp;</TD>
  </TR>
</TABLE>
</TD>
<TD ALIGN="right" VALIGN="top" ROWSPAN=3><EM>
</EM>
</TD>
</TR>

<TR>
<TD BGCOLOR="white" CLASS="NavBarCell2"><FONT SIZE="-2">
&nbsp;PREV CLASS&nbsp;
&nbsp;<A HREF="../../../../com/golden/gamedev/funbox/GameSettings.html" title="class in com.golden.gamedev.funbox"><B>NEXT CLASS</B></A></FONT></TD>
<TD BGCOLOR="white" CLASS="NavBarCell2"><FONT SIZE="-2">
  <A HREF="../../../../index.html?com/golden/gamedev/funbox/ErrorNotificationDialog.html" target="_top"><B>FRAMES</B></A>  &nbsp;
&nbsp;<A HREF="ErrorNotificationDialog.html" target="_top"><B>NO FRAMES</B></A>  &nbsp;
&nbsp;<SCRIPT type="text/javascript">
  <!--
  if(window==top) {
    document.writeln('<A HREF="../../../../allclasses-noframe.html"><B>All Classes</B></A>');
  }
  //-->
</SCRIPT>
<NOSCRIPT>
  <A HREF="../../../../allclasses-noframe.html"><B>All Classes</B></A>
</NOSCRIPT>


</FONT></TD>
</TR>
<TR>
<TD VALIGN="top" CLASS="NavBarCell3"><FONT SIZE="-2">
  SUMMARY:&nbsp;<A HREF="#nested_classes_inherited_from_class_javax.swing.JDialog">NESTED</A>&nbsp;|&nbsp;<A HREF="#field_summary">FIELD</A>&nbsp;|&nbsp;<A HREF="#constructor_summary">CONSTR</A>&nbsp;|&nbsp;<A HREF="#method_summary">METHOD</A></FONT></TD>
<TD VALIGN="top" CLASS="NavBarCell3"><FONT SIZE="-2">
DETAIL:&nbsp;<A HREF="#field_detail">FIELD</A>&nbsp;|&nbsp;<A HREF="#constructor_detail">CONSTR</A>&nbsp;|&nbsp;<A HREF="#method_detail">METHOD</A></FONT></TD>
</TR>
</TABLE>
<A NAME="skip-navbar_bottom"></A>
<!-- ======== END OF BOTTOM NAVBAR ======= -->

<HR>

</BODY>
</HTML>
