<!DOCTYPE HTML PUBLIC "-//W3C//DTD HTML 4.01 Transitional//EN" "http://www.w3.org/TR/html4/loose.dtd">
<!--NewPage-->
<HTML>
<HEAD>
<!-- Generated by javadoc (build 1.5.0_09) on Wed Nov 12 10:05:46 GST 2008 -->
<META http-equiv="Content-Type" content="text/html; charset=UTF-8">
<TITLE>
WindowedMode
</TITLE>

<META NAME="keywords" CONTENT="com.golden.gamedev.engine.graphics.WindowedMode class">

<LINK REL ="stylesheet" TYPE="text/css" HREF="../../../../../stylesheet.css" TITLE="Style">

<SCRIPT type="text/javascript">
function windowTitle()
{
    parent.document.title="WindowedMode";
}
</SCRIPT>
<NOSCRIPT>
</NOSCRIPT>

</HEAD>

<BODY BGCOLOR="white" onload="windowTitle();">


<!-- ========= START OF TOP NAVBAR ======= -->
<A NAME="navbar_top"><!-- --></A>
<A HREF="#skip-navbar_top" title="Skip navigation links"></A>
<TABLE BORDER="0" WIDTH="100%" CELLPADDING="1" CELLSPACING="0" SUMMARY="">
<TR>
<TD COLSPAN=2 BGCOLOR="#EEEEFF" CLASS="NavBarCell1">
<A NAME="navbar_top_firstrow"><!-- --></A>
<TABLE BORDER="0" CELLPADDING="0" CELLSPACING="3" SUMMARY="">
  <TR ALIGN="center" VALIGN="top">
  <TD BGCOLOR="#EEEEFF" CLASS="NavBarCell1">    <A HREF="../../../../../overview-summary.html"><FONT CLASS="NavBarFont1"><B>Overview</B></FONT></A>&nbsp;</TD>
  <TD BGCOLOR="#EEEEFF" CLASS="NavBarCell1">    <A HREF="package-summary.html"><FONT CLASS="NavBarFont1"><B>Package</B></FONT></A>&nbsp;</TD>
  <TD BGCOLOR="#FFFFFF" CLASS="NavBarCell1Rev"> &nbsp;<FONT CLASS="NavBarFont1Rev"><B>Class</B></FONT>&nbsp;</TD>
  <TD BGCOLOR="#EEEEFF" CLASS="NavBarCell1">    <A HREF="class-use/WindowedMode.html"><FONT CLASS="NavBarFont1"><B>Use</B></FONT></A>&nbsp;</TD>
  <TD BGCOLOR="#EEEEFF" CLASS="NavBarCell1">    <A HREF="package-tree.html"><FONT CLASS="NavBarFont1"><B>Tree</B></FONT></A>&nbsp;</TD>
  <TD BGCOLOR="#EEEEFF" CLASS="NavBarCell1">    <A HREF="../../../../../deprecated-list.html"><FONT CLASS="NavBarFont1"><B>Deprecated</B></FONT></A>&nbsp;</TD>
  <TD BGCOLOR="#EEEEFF" CLASS="NavBarCell1">    <A HREF="../../../../../index-files/index-1.html"><FONT CLASS="NavBarFont1"><B>Index</B></FONT></A>&nbsp;</TD>
  <TD BGCOLOR="#EEEEFF" CLASS="NavBarCell1">    <A HREF="../../../../../help-doc.html"><FONT CLASS="NavBarFont1"><B>Help</B></FONT></A>&nbsp;</TD>
  </TR>
</TABLE>
</TD>
<TD ALIGN="right" VALIGN="top" ROWSPAN=3><EM>
</EM>
</TD>
</TR>

<TR>
<TD BGCOLOR="white" CLASS="NavBarCell2"><FONT SIZE="-2">
&nbsp;<A HREF="../../../../../com/golden/gamedev/engine/graphics/FullScreenMode.html" title="class in com.golden.gamedev.engine.graphics"><B>PREV CLASS</B></A>&nbsp;
&nbsp;<A HREF="../../../../../com/golden/gamedev/engine/graphics/WindowExitListener.html" title="class in com.golden.gamedev.engine.graphics"><B>NEXT CLASS</B></A></FONT></TD>
<TD BGCOLOR="white" CLASS="NavBarCell2"><FONT SIZE="-2">
  <A HREF="../../../../../index.html?com/golden/gamedev/engine/graphics/WindowedMode.html" target="_top"><B>FRAMES</B></A>  &nbsp;
&nbsp;<A HREF="WindowedMode.html" target="_top"><B>NO FRAMES</B></A>  &nbsp;
&nbsp;<SCRIPT type="text/javascript">
  <!--
  if(window==top) {
    document.writeln('<A HREF="../../../../../allclasses-noframe.html"><B>All Classes</B></A>');
  }
  //-->
</SCRIPT>
<NOSCRIPT>
  <A HREF="../../../../../allclasses-noframe.html"><B>All Classes</B></A>
</NOSCRIPT>


</FONT></TD>
</TR>
<TR>
<TD VALIGN="top" CLASS="NavBarCell3"><FONT SIZE="-2">
  SUMMARY:&nbsp;NESTED&nbsp;|&nbsp;<A HREF="#field_summary">FIELD</A>&nbsp;|&nbsp;<A HREF="#constructor_summary">CONSTR</A>&nbsp;|&nbsp;<A HREF="#method_summary">METHOD</A></FONT></TD>
<TD VALIGN="top" CLASS="NavBarCell3"><FONT SIZE="-2">
DETAIL:&nbsp;<A HREF="#field_detail">FIELD</A>&nbsp;|&nbsp;<A HREF="#constructor_detail">CONSTR</A>&nbsp;|&nbsp;<A HREF="#method_detail">METHOD</A></FONT></TD>
</TR>
</TABLE>
<A NAME="skip-navbar_top"></A>
<!-- ========= END OF TOP NAVBAR ========= -->

<HR>
<!-- ======== START OF CLASS DATA ======== -->
<H2>
<FONT SIZE="-1">
com.golden.gamedev.engine.graphics</FONT>
<BR>
Class WindowedMode</H2>
<PRE>
java.lang.Object
  <IMG SRC="../../../../../resources/inherit.gif" ALT="extended by "><B>com.golden.gamedev.engine.graphics.WindowedMode</B>
</PRE>
<DL>
<DT><B>All Implemented Interfaces:</B> <DD><A HREF="../../../../../com/golden/gamedev/engine/BaseGraphics.html" title="interface in com.golden.gamedev.engine">BaseGraphics</A></DD>
</DL>
<DL>
<DT><B>Direct Known Subclasses:</B> <DD><A HREF="../../../../../com/golden/gamedev/engine/graphics/DialogMode.html" title="class in com.golden.gamedev.engine.graphics">DialogMode</A></DD>
</DL>
<HR>
<DL>
<DT><PRE>public class <B>WindowedMode</B><DT>extends java.lang.Object<DT>implements <A HREF="../../../../../com/golden/gamedev/engine/BaseGraphics.html" title="interface in com.golden.gamedev.engine">BaseGraphics</A></DL>
</PRE>

<P>
Graphics engine for Windowed Environment.
 <p>
 
 See <A HREF="../../../../../com/golden/gamedev/engine/BaseGraphics.html" title="interface in com.golden.gamedev.engine"><CODE>BaseGraphics</CODE></A> for how to use graphics
 engine separated from Golden T Game Engine (GTGE) Frame Work.
<P>

<P>
<HR>

<P>
<!-- =========== FIELD SUMMARY =========== -->

<A NAME="field_summary"><!-- --></A>
<TABLE BORDER="1" WIDTH="100%" CELLPADDING="3" CELLSPACING="0" SUMMARY="">
<TR BGCOLOR="#CCCCFF" CLASS="TableHeadingColor">
<TH ALIGN="left" COLSPAN="2"><FONT SIZE="+2">
<B>Field Summary</B></FONT></TH>
</TR>
<TR BGCOLOR="white" CLASS="TableRowColor">
<TD ALIGN="right" VALIGN="top" WIDTH="1%"><FONT SIZE="-1">
<CODE>protected &nbsp;java.awt.Canvas</CODE></FONT></TD>
<TD><CODE><B><A HREF="../../../../../com/golden/gamedev/engine/graphics/WindowedMode.html#canvas">canvas</A></B></CODE>

<BR>
&nbsp;&nbsp;&nbsp;&nbsp;&nbsp;&nbsp;&nbsp;&nbsp;&nbsp;&nbsp;&nbsp;</TD>
</TR>
<TR BGCOLOR="white" CLASS="TableRowColor">
<TD ALIGN="right" VALIGN="top" WIDTH="1%"><FONT SIZE="-1">
<CODE>static&nbsp;java.awt.GraphicsConfiguration</CODE></FONT></TD>
<TD><CODE><B><A HREF="../../../../../com/golden/gamedev/engine/graphics/WindowedMode.html#CONFIG">CONFIG</A></B></CODE>

<BR>
&nbsp;&nbsp;&nbsp;&nbsp;&nbsp;&nbsp;&nbsp;&nbsp;&nbsp;&nbsp;The graphics configuration that constructs this graphics engine.</TD>
</TR>
<TR BGCOLOR="white" CLASS="TableRowColor">
<TD ALIGN="right" VALIGN="top" WIDTH="1%"><FONT SIZE="-1">
<CODE>protected &nbsp;java.awt.Graphics2D</CODE></FONT></TD>
<TD><CODE><B><A HREF="../../../../../com/golden/gamedev/engine/graphics/WindowedMode.html#currentGraphics">currentGraphics</A></B></CODE>

<BR>
&nbsp;&nbsp;&nbsp;&nbsp;&nbsp;&nbsp;&nbsp;&nbsp;&nbsp;&nbsp;&nbsp;</TD>
</TR>
<TR BGCOLOR="white" CLASS="TableRowColor">
<TD ALIGN="right" VALIGN="top" WIDTH="1%"><FONT SIZE="-1">
<CODE>static&nbsp;java.awt.GraphicsDevice</CODE></FONT></TD>
<TD><CODE><B><A HREF="../../../../../com/golden/gamedev/engine/graphics/WindowedMode.html#DEVICE">DEVICE</A></B></CODE>

<BR>
&nbsp;&nbsp;&nbsp;&nbsp;&nbsp;&nbsp;&nbsp;&nbsp;&nbsp;&nbsp;The graphics device that constructs this graphics engine.</TD>
</TR>
<TR BGCOLOR="white" CLASS="TableRowColor">
<TD ALIGN="right" VALIGN="top" WIDTH="1%"><FONT SIZE="-1">
<CODE>protected &nbsp;java.awt.image.VolatileImage</CODE></FONT></TD>
<TD><CODE><B><A HREF="../../../../../com/golden/gamedev/engine/graphics/WindowedMode.html#offscreen">offscreen</A></B></CODE>

<BR>
&nbsp;&nbsp;&nbsp;&nbsp;&nbsp;&nbsp;&nbsp;&nbsp;&nbsp;&nbsp;BACK BUFFER *********************************</TD>
</TR>
<TR BGCOLOR="white" CLASS="TableRowColor">
<TD ALIGN="right" VALIGN="top" WIDTH="1%"><FONT SIZE="-1">
<CODE>protected &nbsp;java.awt.Dimension</CODE></FONT></TD>
<TD><CODE><B><A HREF="../../../../../com/golden/gamedev/engine/graphics/WindowedMode.html#size">size</A></B></CODE>

<BR>
&nbsp;&nbsp;&nbsp;&nbsp;&nbsp;&nbsp;&nbsp;&nbsp;&nbsp;&nbsp;&nbsp;</TD>
</TR>
<TR BGCOLOR="white" CLASS="TableRowColor">
<TD ALIGN="right" VALIGN="top" WIDTH="1%"><FONT SIZE="-1">
<CODE>protected &nbsp;java.awt.image.BufferStrategy</CODE></FONT></TD>
<TD><CODE><B><A HREF="../../../../../com/golden/gamedev/engine/graphics/WindowedMode.html#strategy">strategy</A></B></CODE>

<BR>
&nbsp;&nbsp;&nbsp;&nbsp;&nbsp;&nbsp;&nbsp;&nbsp;&nbsp;&nbsp;&nbsp;</TD>
</TR>
</TABLE>
&nbsp;
<!-- ======== CONSTRUCTOR SUMMARY ======== -->

<A NAME="constructor_summary"><!-- --></A>
<TABLE BORDER="1" WIDTH="100%" CELLPADDING="3" CELLSPACING="0" SUMMARY="">
<TR BGCOLOR="#CCCCFF" CLASS="TableHeadingColor">
<TH ALIGN="left" COLSPAN="2"><FONT SIZE="+2">
<B>Constructor Summary</B></FONT></TH>
</TR>
<TR BGCOLOR="white" CLASS="TableRowColor">
<TD><CODE><B><A HREF="../../../../../com/golden/gamedev/engine/graphics/WindowedMode.html#WindowedMode(java.awt.Dimension, boolean, boolean)">WindowedMode</A></B>(java.awt.Dimension&nbsp;d,
             boolean&nbsp;bufferstrategy,
             boolean&nbsp;drawdecorations)</CODE>

<BR>
&nbsp;&nbsp;&nbsp;&nbsp;&nbsp;&nbsp;&nbsp;&nbsp;&nbsp;&nbsp;Creates new instance of Windowed Graphics Engine with specified size, and
 whether want to use bufferstrategy or volatile image.</TD>
</TR>
</TABLE>
&nbsp;
<!-- ========== METHOD SUMMARY =========== -->

<A NAME="method_summary"><!-- --></A>
<TABLE BORDER="1" WIDTH="100%" CELLPADDING="3" CELLSPACING="0" SUMMARY="">
<TR BGCOLOR="#CCCCFF" CLASS="TableHeadingColor">
<TH ALIGN="left" COLSPAN="2"><FONT SIZE="+2">
<B>Method Summary</B></FONT></TH>
</TR>
<TR BGCOLOR="white" CLASS="TableRowColor">
<TD ALIGN="right" VALIGN="top" WIDTH="1%"><FONT SIZE="-1">
<CODE>&nbsp;void</CODE></FONT></TD>
<TD><CODE><B><A HREF="../../../../../com/golden/gamedev/engine/graphics/WindowedMode.html#addWindowListener(java.awt.event.WindowListener)">addWindowListener</A></B>(java.awt.event.WindowListener&nbsp;wl)</CODE>

<BR>
&nbsp;&nbsp;&nbsp;&nbsp;&nbsp;&nbsp;&nbsp;&nbsp;&nbsp;&nbsp;&nbsp;</TD>
</TR>
<TR BGCOLOR="white" CLASS="TableRowColor">
<TD ALIGN="right" VALIGN="top" WIDTH="1%"><FONT SIZE="-1">
<CODE>&nbsp;void</CODE></FONT></TD>
<TD><CODE><B><A HREF="../../../../../com/golden/gamedev/engine/graphics/WindowedMode.html#cleanup()">cleanup</A></B>()</CODE>

<BR>
&nbsp;&nbsp;&nbsp;&nbsp;&nbsp;&nbsp;&nbsp;&nbsp;&nbsp;&nbsp;Releases any system graphics resources and do finalization.</TD>
</TR>
<TR BGCOLOR="white" CLASS="TableRowColor">
<TD ALIGN="right" VALIGN="top" WIDTH="1%"><FONT SIZE="-1">
<CODE>protected &nbsp;void</CODE></FONT></TD>
<TD><CODE><B><A HREF="../../../../../com/golden/gamedev/engine/graphics/WindowedMode.html#createBackBuffer()">createBackBuffer</A></B>()</CODE>

<BR>
&nbsp;&nbsp;&nbsp;&nbsp;&nbsp;&nbsp;&nbsp;&nbsp;&nbsp;&nbsp;&nbsp;</TD>
</TR>
<TR BGCOLOR="white" CLASS="TableRowColor">
<TD ALIGN="right" VALIGN="top" WIDTH="1%"><FONT SIZE="-1">
<CODE>protected &nbsp;boolean</CODE></FONT></TD>
<TD><CODE><B><A HREF="../../../../../com/golden/gamedev/engine/graphics/WindowedMode.html#createBufferStrategy()">createBufferStrategy</A></B>()</CODE>

<BR>
&nbsp;&nbsp;&nbsp;&nbsp;&nbsp;&nbsp;&nbsp;&nbsp;&nbsp;&nbsp;&nbsp;</TD>
</TR>
<TR BGCOLOR="white" CLASS="TableRowColor">
<TD ALIGN="right" VALIGN="top" WIDTH="1%"><FONT SIZE="-1">
<CODE>&nbsp;boolean</CODE></FONT></TD>
<TD><CODE><B><A HREF="../../../../../com/golden/gamedev/engine/graphics/WindowedMode.html#flip()">flip</A></B>()</CODE>

<BR>
&nbsp;&nbsp;&nbsp;&nbsp;&nbsp;&nbsp;&nbsp;&nbsp;&nbsp;&nbsp;Flips backbuffer to the screen (primary surface).</TD>
</TR>
<TR BGCOLOR="white" CLASS="TableRowColor">
<TD ALIGN="right" VALIGN="top" WIDTH="1%"><FONT SIZE="-1">
<CODE>&nbsp;java.awt.Graphics2D</CODE></FONT></TD>
<TD><CODE><B><A HREF="../../../../../com/golden/gamedev/engine/graphics/WindowedMode.html#getBackBuffer()">getBackBuffer</A></B>()</CODE>

<BR>
&nbsp;&nbsp;&nbsp;&nbsp;&nbsp;&nbsp;&nbsp;&nbsp;&nbsp;&nbsp;Returns backbuffer where the rendering perform.</TD>
</TR>
<TR BGCOLOR="white" CLASS="TableRowColor">
<TD ALIGN="right" VALIGN="top" WIDTH="1%"><FONT SIZE="-1">
<CODE>&nbsp;java.awt.Component</CODE></FONT></TD>
<TD><CODE><B><A HREF="../../../../../com/golden/gamedev/engine/graphics/WindowedMode.html#getComponent()">getComponent</A></B>()</CODE>

<BR>
&nbsp;&nbsp;&nbsp;&nbsp;&nbsp;&nbsp;&nbsp;&nbsp;&nbsp;&nbsp;Returns the component where the rendering perform.</TD>
</TR>
<TR BGCOLOR="white" CLASS="TableRowColor">
<TD ALIGN="right" VALIGN="top" WIDTH="1%"><FONT SIZE="-1">
<CODE>&nbsp;java.lang.String</CODE></FONT></TD>
<TD><CODE><B><A HREF="../../../../../com/golden/gamedev/engine/graphics/WindowedMode.html#getGraphicsDescription()">getGraphicsDescription</A></B>()</CODE>

<BR>
&nbsp;&nbsp;&nbsp;&nbsp;&nbsp;&nbsp;&nbsp;&nbsp;&nbsp;&nbsp;Returns graphics engine description, for example: fullscreen, windowed,
 applet, fullscreen with bufferstrategy, etc.</TD>
</TR>
<TR BGCOLOR="white" CLASS="TableRowColor">
<TD ALIGN="right" VALIGN="top" WIDTH="1%"><FONT SIZE="-1">
<CODE>&nbsp;java.awt.Dimension</CODE></FONT></TD>
<TD><CODE><B><A HREF="../../../../../com/golden/gamedev/engine/graphics/WindowedMode.html#getSize()">getSize</A></B>()</CODE>

<BR>
&nbsp;&nbsp;&nbsp;&nbsp;&nbsp;&nbsp;&nbsp;&nbsp;&nbsp;&nbsp;Returns graphics engine dimension.</TD>
</TR>
<TR BGCOLOR="white" CLASS="TableRowColor">
<TD ALIGN="right" VALIGN="top" WIDTH="1%"><FONT SIZE="-1">
<CODE>&nbsp;java.awt.Image</CODE></FONT></TD>
<TD><CODE><B><A HREF="../../../../../com/golden/gamedev/engine/graphics/WindowedMode.html#getWindowIcon()">getWindowIcon</A></B>()</CODE>

<BR>
&nbsp;&nbsp;&nbsp;&nbsp;&nbsp;&nbsp;&nbsp;&nbsp;&nbsp;&nbsp;Returns graphics engine window icon image or <code>null</code> if
 setting window icon image is not supported.</TD>
</TR>
<TR BGCOLOR="white" CLASS="TableRowColor">
<TD ALIGN="right" VALIGN="top" WIDTH="1%"><FONT SIZE="-1">
<CODE>&nbsp;java.lang.String</CODE></FONT></TD>
<TD><CODE><B><A HREF="../../../../../com/golden/gamedev/engine/graphics/WindowedMode.html#getWindowTitle()">getWindowTitle</A></B>()</CODE>

<BR>
&nbsp;&nbsp;&nbsp;&nbsp;&nbsp;&nbsp;&nbsp;&nbsp;&nbsp;&nbsp;Returns graphics engine window title or <code>String</code> "" if
 setting window title is not supported.</TD>
</TR>
<TR BGCOLOR="white" CLASS="TableRowColor">
<TD ALIGN="right" VALIGN="top" WIDTH="1%"><FONT SIZE="-1">
<CODE>protected &nbsp;void</CODE></FONT></TD>
<TD><CODE><B><A HREF="../../../../../com/golden/gamedev/engine/graphics/WindowedMode.html#initialize(boolean, boolean)">initialize</A></B>(boolean&nbsp;bufferstrategy,
           boolean&nbsp;drawdecorations)</CODE>

<BR>
&nbsp;&nbsp;&nbsp;&nbsp;&nbsp;&nbsp;&nbsp;&nbsp;&nbsp;&nbsp;&nbsp;</TD>
</TR>
<TR BGCOLOR="white" CLASS="TableRowColor">
<TD ALIGN="right" VALIGN="top" WIDTH="1%"><FONT SIZE="-1">
<CODE>&nbsp;boolean</CODE></FONT></TD>
<TD><CODE><B><A HREF="../../../../../com/golden/gamedev/engine/graphics/WindowedMode.html#isBufferStrategy()">isBufferStrategy</A></B>()</CODE>

<BR>
&nbsp;&nbsp;&nbsp;&nbsp;&nbsp;&nbsp;&nbsp;&nbsp;&nbsp;&nbsp;Returns whether this graphics engine is using buffer strategy or volatile
 image.</TD>
</TR>
<TR BGCOLOR="white" CLASS="TableRowColor">
<TD ALIGN="right" VALIGN="top" WIDTH="1%"><FONT SIZE="-1">
<CODE>&nbsp;void</CODE></FONT></TD>
<TD><CODE><B><A HREF="../../../../../com/golden/gamedev/engine/graphics/WindowedMode.html#removeWindowListener(java.awt.event.WindowListener)">removeWindowListener</A></B>(java.awt.event.WindowListener&nbsp;wl)</CODE>

<BR>
&nbsp;&nbsp;&nbsp;&nbsp;&nbsp;&nbsp;&nbsp;&nbsp;&nbsp;&nbsp;&nbsp;</TD>
</TR>
<TR BGCOLOR="white" CLASS="TableRowColor">
<TD ALIGN="right" VALIGN="top" WIDTH="1%"><FONT SIZE="-1">
<CODE>&nbsp;void</CODE></FONT></TD>
<TD><CODE><B><A HREF="../../../../../com/golden/gamedev/engine/graphics/WindowedMode.html#setWindowIcon(java.awt.Image)">setWindowIcon</A></B>(java.awt.Image&nbsp;icon)</CODE>

<BR>
&nbsp;&nbsp;&nbsp;&nbsp;&nbsp;&nbsp;&nbsp;&nbsp;&nbsp;&nbsp;Sets graphics engine window icon image.</TD>
</TR>
<TR BGCOLOR="white" CLASS="TableRowColor">
<TD ALIGN="right" VALIGN="top" WIDTH="1%"><FONT SIZE="-1">
<CODE>&nbsp;void</CODE></FONT></TD>
<TD><CODE><B><A HREF="../../../../../com/golden/gamedev/engine/graphics/WindowedMode.html#setWindowTitle(java.lang.String)">setWindowTitle</A></B>(java.lang.String&nbsp;st)</CODE>

<BR>
&nbsp;&nbsp;&nbsp;&nbsp;&nbsp;&nbsp;&nbsp;&nbsp;&nbsp;&nbsp;Sets graphics engine window title.</TD>
</TR>
</TABLE>
&nbsp;<A NAME="methods_inherited_from_class_java.lang.Object"><!-- --></A>
<TABLE BORDER="1" WIDTH="100%" CELLPADDING="3" CELLSPACING="0" SUMMARY="">
<TR BGCOLOR="#EEEEFF" CLASS="TableSubHeadingColor">
<TH ALIGN="left"><B>Methods inherited from class java.lang.Object</B></TH>
</TR>
<TR BGCOLOR="white" CLASS="TableRowColor">
<TD><CODE>clone, equals, finalize, getClass, hashCode, notify, notifyAll, toString, wait, wait, wait</CODE></TD>
</TR>
</TABLE>
&nbsp;
<P>

<!-- ============ FIELD DETAIL =========== -->

<A NAME="field_detail"><!-- --></A>
<TABLE BORDER="1" WIDTH="100%" CELLPADDING="3" CELLSPACING="0" SUMMARY="">
<TR BGCOLOR="#CCCCFF" CLASS="TableHeadingColor">
<TH ALIGN="left" COLSPAN="1"><FONT SIZE="+2">
<B>Field Detail</B></FONT></TH>
</TR>
</TABLE>

<A NAME="DEVICE"><!-- --></A><H3>
DEVICE</H3>
<PRE>
public static final java.awt.GraphicsDevice <B>DEVICE</B></PRE>
<DL>
<DD>The graphics device that constructs this graphics engine.
<P>
<DL>
</DL>
</DL>
<HR>

<A NAME="CONFIG"><!-- --></A><H3>
CONFIG</H3>
<PRE>
public static final java.awt.GraphicsConfiguration <B>CONFIG</B></PRE>
<DL>
<DD>The graphics configuration that constructs this graphics engine.
<P>
<DL>
</DL>
</DL>
<HR>

<A NAME="canvas"><!-- --></A><H3>
canvas</H3>
<PRE>
protected java.awt.Canvas <B>canvas</B></PRE>
<DL>
<DL>
</DL>
</DL>
<HR>

<A NAME="size"><!-- --></A><H3>
size</H3>
<PRE>
protected java.awt.Dimension <B>size</B></PRE>
<DL>
<DL>
</DL>
</DL>
<HR>

<A NAME="offscreen"><!-- --></A><H3>
offscreen</H3>
<PRE>
protected java.awt.image.VolatileImage <B>offscreen</B></PRE>
<DL>
<DD>BACK BUFFER *********************************
<P>
<DL>
</DL>
</DL>
<HR>

<A NAME="strategy"><!-- --></A><H3>
strategy</H3>
<PRE>
protected java.awt.image.BufferStrategy <B>strategy</B></PRE>
<DL>
<DL>
</DL>
</DL>
<HR>

<A NAME="currentGraphics"><!-- --></A><H3>
currentGraphics</H3>
<PRE>
protected java.awt.Graphics2D <B>currentGraphics</B></PRE>
<DL>
<DL>
</DL>
</DL>

<!-- ========= CONSTRUCTOR DETAIL ======== -->

<A NAME="constructor_detail"><!-- --></A>
<TABLE BORDER="1" WIDTH="100%" CELLPADDING="3" CELLSPACING="0" SUMMARY="">
<TR BGCOLOR="#CCCCFF" CLASS="TableHeadingColor">
<TH ALIGN="left" COLSPAN="1"><FONT SIZE="+2">
<B>Constructor Detail</B></FONT></TH>
</TR>
</TABLE>

<A NAME="WindowedMode(java.awt.Dimension, boolean, boolean)"><!-- --></A><H3>
WindowedMode</H3>
<PRE>
public <B>WindowedMode</B>(java.awt.Dimension&nbsp;d,
                    boolean&nbsp;bufferstrategy,
                    boolean&nbsp;drawdecorations)</PRE>
<DL>
<DD>Creates new instance of Windowed Graphics Engine with specified size, and
 whether want to use bufferstrategy or volatile image.
<P>
<DL>
<DT><B>Parameters:</B><DD><CODE>d</CODE> - The resolution of the window.<DD><CODE>bufferstrategy</CODE> - If a buffer strategy shall be used.<DD><CODE>drawdecorations</CODE> - Send false if you don't want window decorations.</DL>
</DL>

<!-- ============ METHOD DETAIL ========== -->

<A NAME="method_detail"><!-- --></A>
<TABLE BORDER="1" WIDTH="100%" CELLPADDING="3" CELLSPACING="0" SUMMARY="">
<TR BGCOLOR="#CCCCFF" CLASS="TableHeadingColor">
<TH ALIGN="left" COLSPAN="1"><FONT SIZE="+2">
<B>Method Detail</B></FONT></TH>
</TR>
</TABLE>

<A NAME="initialize(boolean, boolean)"><!-- --></A><H3>
initialize</H3>
<PRE>
protected void <B>initialize</B>(boolean&nbsp;bufferstrategy,
                          boolean&nbsp;drawdecorations)</PRE>
<DL>
<DD><DL>
</DL>
</DD>
<DD><DL>
</DL>
</DD>
</DL>
<HR>

<A NAME="createBufferStrategy()"><!-- --></A><H3>
createBufferStrategy</H3>
<PRE>
protected boolean <B>createBufferStrategy</B>()</PRE>
<DL>
<DD><DL>
</DL>
</DD>
<DD><DL>
</DL>
</DD>
</DL>
<HR>

<A NAME="createBackBuffer()"><!-- --></A><H3>
createBackBuffer</H3>
<PRE>
protected void <B>createBackBuffer</B>()</PRE>
<DL>
<DD><DL>
</DL>
</DD>
<DD><DL>
</DL>
</DD>
</DL>
<HR>

<A NAME="getBackBuffer()"><!-- --></A><H3>
getBackBuffer</H3>
<PRE>
public java.awt.Graphics2D <B>getBackBuffer</B>()</PRE>
<DL>
<DD><B>Description copied from interface: <CODE><A HREF="../../../../../com/golden/gamedev/engine/BaseGraphics.html#getBackBuffer()">BaseGraphics</A></CODE></B></DD>
<DD>Returns backbuffer where the rendering perform.
<P>
<DD><DL>
<DT><B>Specified by:</B><DD><CODE><A HREF="../../../../../com/golden/gamedev/engine/BaseGraphics.html#getBackBuffer()">getBackBuffer</A></CODE> in interface <CODE><A HREF="../../../../../com/golden/gamedev/engine/BaseGraphics.html" title="interface in com.golden.gamedev.engine">BaseGraphics</A></CODE></DL>
</DD>
<DD><DL>

<DT><B>Returns:</B><DD>The <CODE>Graphics2D</CODE> context used to render on the backbuffer.</DL>
</DD>
</DL>
<HR>

<A NAME="flip()"><!-- --></A><H3>
flip</H3>
<PRE>
public boolean <B>flip</B>()</PRE>
<DL>
<DD><B>Description copied from interface: <CODE><A HREF="../../../../../com/golden/gamedev/engine/BaseGraphics.html#flip()">BaseGraphics</A></CODE></B></DD>
<DD>Flips backbuffer to the screen (primary surface). Since most graphics
 engine backbuffer is VolatileImage type, thus the flipping data could be
 lost and need to be restored. Therefore, if this method return false,
 backbuffer need to be rerendered.
 <p>
 
 For example:
 
 <pre>
 do {
        Graphics2D g = BaseGraphics.getBackBuffer();
        //.... do graphics operation
 } while (BaseGraphics.flip() == false);
 </pre>
 
 See <CODE>VolatileImage</CODE> for detail information.
<P>
<DD><DL>
<DT><B>Specified by:</B><DD><CODE><A HREF="../../../../../com/golden/gamedev/engine/BaseGraphics.html#flip()">flip</A></CODE> in interface <CODE><A HREF="../../../../../com/golden/gamedev/engine/BaseGraphics.html" title="interface in com.golden.gamedev.engine">BaseGraphics</A></CODE></DL>
</DD>
<DD><DL>

<DT><B>Returns:</B><DD>true, if the flipping is successfully proceed.<DT><B>See Also:</B><DD><A HREF="../../../../../com/golden/gamedev/engine/BaseGraphics.html#getBackBuffer()"><CODE>BaseGraphics.getBackBuffer()</CODE></A></DL>
</DD>
</DL>
<HR>

<A NAME="cleanup()"><!-- --></A><H3>
cleanup</H3>
<PRE>
public void <B>cleanup</B>()</PRE>
<DL>
<DD><B>Description copied from interface: <CODE><A HREF="../../../../../com/golden/gamedev/engine/BaseGraphics.html#cleanup()">BaseGraphics</A></CODE></B></DD>
<DD>Releases any system graphics resources and do finalization.
<P>
<DD><DL>
<DT><B>Specified by:</B><DD><CODE><A HREF="../../../../../com/golden/gamedev/engine/BaseGraphics.html#cleanup()">cleanup</A></CODE> in interface <CODE><A HREF="../../../../../com/golden/gamedev/engine/BaseGraphics.html" title="interface in com.golden.gamedev.engine">BaseGraphics</A></CODE></DL>
</DD>
<DD><DL>
</DL>
</DD>
</DL>
<HR>

<A NAME="getSize()"><!-- --></A><H3>
getSize</H3>
<PRE>
public java.awt.Dimension <B>getSize</B>()</PRE>
<DL>
<DD><B>Description copied from interface: <CODE><A HREF="../../../../../com/golden/gamedev/engine/BaseGraphics.html#getSize()">BaseGraphics</A></CODE></B></DD>
<DD>Returns graphics engine dimension.
<P>
<DD><DL>
<DT><B>Specified by:</B><DD><CODE><A HREF="../../../../../com/golden/gamedev/engine/BaseGraphics.html#getSize()">getSize</A></CODE> in interface <CODE><A HREF="../../../../../com/golden/gamedev/engine/BaseGraphics.html" title="interface in com.golden.gamedev.engine">BaseGraphics</A></CODE></DL>
</DD>
<DD><DL>

<DT><B>Returns:</B><DD>The size.</DL>
</DD>
</DL>
<HR>

<A NAME="getComponent()"><!-- --></A><H3>
getComponent</H3>
<PRE>
public java.awt.Component <B>getComponent</B>()</PRE>
<DL>
<DD><B>Description copied from interface: <CODE><A HREF="../../../../../com/golden/gamedev/engine/BaseGraphics.html#getComponent()">BaseGraphics</A></CODE></B></DD>
<DD>Returns the component where the rendering perform.
<P>
<DD><DL>
<DT><B>Specified by:</B><DD><CODE><A HREF="../../../../../com/golden/gamedev/engine/BaseGraphics.html#getComponent()">getComponent</A></CODE> in interface <CODE><A HREF="../../../../../com/golden/gamedev/engine/BaseGraphics.html" title="interface in com.golden.gamedev.engine">BaseGraphics</A></CODE></DL>
</DD>
<DD><DL>

<DT><B>Returns:</B><DD>The component that is rendered on.</DL>
</DD>
</DL>
<HR>

<A NAME="isBufferStrategy()"><!-- --></A><H3>
isBufferStrategy</H3>
<PRE>
public boolean <B>isBufferStrategy</B>()</PRE>
<DL>
<DD>Returns whether this graphics engine is using buffer strategy or volatile
 image.
<P>
<DD><DL>
</DL>
</DD>
<DD><DL>

<DT><B>Returns:</B><DD>If a buffer strategy or a volatile image is used.</DL>
</DD>
</DL>
<HR>

<A NAME="getGraphicsDescription()"><!-- --></A><H3>
getGraphicsDescription</H3>
<PRE>
public java.lang.String <B>getGraphicsDescription</B>()</PRE>
<DL>
<DD><B>Description copied from interface: <CODE><A HREF="../../../../../com/golden/gamedev/engine/BaseGraphics.html#getGraphicsDescription()">BaseGraphics</A></CODE></B></DD>
<DD>Returns graphics engine description, for example: fullscreen, windowed,
 applet, fullscreen with bufferstrategy, etc.
<P>
<DD><DL>
<DT><B>Specified by:</B><DD><CODE><A HREF="../../../../../com/golden/gamedev/engine/BaseGraphics.html#getGraphicsDescription()">getGraphicsDescription</A></CODE> in interface <CODE><A HREF="../../../../../com/golden/gamedev/engine/BaseGraphics.html" title="interface in com.golden.gamedev.engine">BaseGraphics</A></CODE></DL>
</DD>
<DD><DL>

<DT><B>Returns:</B><DD>The engine description.</DL>
</DD>
</DL>
<HR>

<A NAME="setWindowTitle(java.lang.String)"><!-- --></A><H3>
setWindowTitle</H3>
<PRE>
public void <B>setWindowTitle</B>(java.lang.String&nbsp;st)</PRE>
<DL>
<DD><B>Description copied from interface: <CODE><A HREF="../../../../../com/golden/gamedev/engine/BaseGraphics.html#setWindowTitle(java.lang.String)">BaseGraphics</A></CODE></B></DD>
<DD>Sets graphics engine window title.
 <p>
 
 Note: Not all graphics engine support for setting window title, for
 example applet graphics engine.
<P>
<DD><DL>
<DT><B>Specified by:</B><DD><CODE><A HREF="../../../../../com/golden/gamedev/engine/BaseGraphics.html#setWindowTitle(java.lang.String)">setWindowTitle</A></CODE> in interface <CODE><A HREF="../../../../../com/golden/gamedev/engine/BaseGraphics.html" title="interface in com.golden.gamedev.engine">BaseGraphics</A></CODE></DL>
</DD>
<DD><DL>
<DT><B>Parameters:</B><DD><CODE>st</CODE> - The new window title.</DL>
</DD>
</DL>
<HR>

<A NAME="getWindowTitle()"><!-- --></A><H3>
getWindowTitle</H3>
<PRE>
public java.lang.String <B>getWindowTitle</B>()</PRE>
<DL>
<DD><B>Description copied from interface: <CODE><A HREF="../../../../../com/golden/gamedev/engine/BaseGraphics.html#getWindowTitle()">BaseGraphics</A></CODE></B></DD>
<DD>Returns graphics engine window title or <code>String</code> "" if
 setting window title is not supported.
<P>
<DD><DL>
<DT><B>Specified by:</B><DD><CODE><A HREF="../../../../../com/golden/gamedev/engine/BaseGraphics.html#getWindowTitle()">getWindowTitle</A></CODE> in interface <CODE><A HREF="../../../../../com/golden/gamedev/engine/BaseGraphics.html" title="interface in com.golden.gamedev.engine">BaseGraphics</A></CODE></DL>
</DD>
<DD><DL>

<DT><B>Returns:</B><DD>The window title.</DL>
</DD>
</DL>
<HR>

<A NAME="setWindowIcon(java.awt.Image)"><!-- --></A><H3>
setWindowIcon</H3>
<PRE>
public void <B>setWindowIcon</B>(java.awt.Image&nbsp;icon)</PRE>
<DL>
<DD><B>Description copied from interface: <CODE><A HREF="../../../../../com/golden/gamedev/engine/BaseGraphics.html#setWindowIcon(java.awt.Image)">BaseGraphics</A></CODE></B></DD>
<DD>Sets graphics engine window icon image.
 <p>
 
 Note: Not all graphics engine support for setting window icon, for
 example applet graphics engine.
<P>
<DD><DL>
<DT><B>Specified by:</B><DD><CODE><A HREF="../../../../../com/golden/gamedev/engine/BaseGraphics.html#setWindowIcon(java.awt.Image)">setWindowIcon</A></CODE> in interface <CODE><A HREF="../../../../../com/golden/gamedev/engine/BaseGraphics.html" title="interface in com.golden.gamedev.engine">BaseGraphics</A></CODE></DL>
</DD>
<DD><DL>
<DT><B>Parameters:</B><DD><CODE>icon</CODE> - The new window icon image.<DT><B>See Also:</B><DD><A HREF="../../../../../com/golden/gamedev/util/ImageUtil.html#getImage(java.net.URL)"><CODE>ImageUtil.getImage(java.net.URL)</CODE></A></DL>
</DD>
</DL>
<HR>

<A NAME="getWindowIcon()"><!-- --></A><H3>
getWindowIcon</H3>
<PRE>
public java.awt.Image <B>getWindowIcon</B>()</PRE>
<DL>
<DD><B>Description copied from interface: <CODE><A HREF="../../../../../com/golden/gamedev/engine/BaseGraphics.html#getWindowIcon()">BaseGraphics</A></CODE></B></DD>
<DD>Returns graphics engine window icon image or <code>null</code> if
 setting window icon image is not supported.
<P>
<DD><DL>
<DT><B>Specified by:</B><DD><CODE><A HREF="../../../../../com/golden/gamedev/engine/BaseGraphics.html#getWindowIcon()">getWindowIcon</A></CODE> in interface <CODE><A HREF="../../../../../com/golden/gamedev/engine/BaseGraphics.html" title="interface in com.golden.gamedev.engine">BaseGraphics</A></CODE></DL>
</DD>
<DD><DL>

<DT><B>Returns:</B><DD>The window icon.</DL>
</DD>
</DL>
<HR>

<A NAME="addWindowListener(java.awt.event.WindowListener)"><!-- --></A><H3>
addWindowListener</H3>
<PRE>
public void <B>addWindowListener</B>(java.awt.event.WindowListener&nbsp;wl)</PRE>
<DL>
<DD><DL>
</DL>
</DD>
<DD><DL>
</DL>
</DD>
</DL>
<HR>

<A NAME="removeWindowListener(java.awt.event.WindowListener)"><!-- --></A><H3>
removeWindowListener</H3>
<PRE>
public void <B>removeWindowListener</B>(java.awt.event.WindowListener&nbsp;wl)</PRE>
<DL>
<DD><DL>
</DL>
</DD>
<DD><DL>
</DL>
</DD>
</DL>
<!-- ========= END OF CLASS DATA ========= -->
<HR>


<!-- ======= START OF BOTTOM NAVBAR ====== -->
<A NAME="navbar_bottom"><!-- --></A>
<A HREF="#skip-navbar_bottom" title="Skip navigation links"></A>
<TABLE BORDER="0" WIDTH="100%" CELLPADDING="1" CELLSPACING="0" SUMMARY="">
<TR>
<TD COLSPAN=2 BGCOLOR="#EEEEFF" CLASS="NavBarCell1">
<A NAME="navbar_bottom_firstrow"><!-- --></A>
<TABLE BORDER="0" CELLPADDING="0" CELLSPACING="3" SUMMARY="">
  <TR ALIGN="center" VALIGN="top">
  <TD BGCOLOR="#EEEEFF" CLASS="NavBarCell1">    <A HREF="../../../../../overview-summary.html"><FONT CLASS="NavBarFont1"><B>Overview</B></FONT></A>&nbsp;</TD>
  <TD BGCOLOR="#EEEEFF" CLASS="NavBarCell1">    <A HREF="package-summary.html"><FONT CLASS="NavBarFont1"><B>Package</B></FONT></A>&nbsp;</TD>
  <TD BGCOLOR="#FFFFFF" CLASS="NavBarCell1Rev"> &nbsp;<FONT CLASS="NavBarFont1Rev"><B>Class</B></FONT>&nbsp;</TD>
  <TD BGCOLOR="#EEEEFF" CLASS="NavBarCell1">    <A HREF="class-use/WindowedMode.html"><FONT CLASS="NavBarFont1"><B>Use</B></FONT></A>&nbsp;</TD>
  <TD BGCOLOR="#EEEEFF" CLASS="NavBarCell1">    <A HREF="package-tree.html"><FONT CLASS="NavBarFont1"><B>Tree</B></FONT></A>&nbsp;</TD>
  <TD BGCOLOR="#EEEEFF" CLASS="NavBarCell1">    <A HREF="../../../../../deprecated-list.html"><FONT CLASS="NavBarFont1"><B>Deprecated</B></FONT></A>&nbsp;</TD>
  <TD BGCOLOR="#EEEEFF" CLASS="NavBarCell1">    <A HREF="../../../../../index-files/index-1.html"><FONT CLASS="NavBarFont1"><B>Index</B></FONT></A>&nbsp;</TD>
  <TD BGCOLOR="#EEEEFF" CLASS="NavBarCell1">    <A HREF="../../../../../help-doc.html"><FONT CLASS="NavBarFont1"><B>Help</B></FONT></A>&nbsp;</TD>
  </TR>
</TABLE>
</TD>
<TD ALIGN="right" VALIGN="top" ROWSPAN=3><EM>
</EM>
</TD>
</TR>

<TR>
<TD BGCOLOR="white" CLASS="NavBarCell2"><FONT SIZE="-2">
&nbsp;<A HREF="../../../../../com/golden/gamedev/engine/graphics/FullScreenMode.html" title="class in com.golden.gamedev.engine.graphics"><B>PREV CLASS</B></A>&nbsp;
&nbsp;<A HREF="../../../../../com/golden/gamedev/engine/graphics/WindowExitListener.html" title="class in com.golden.gamedev.engine.graphics"><B>NEXT CLASS</B></A></FONT></TD>
<TD BGCOLOR="white" CLASS="NavBarCell2"><FONT SIZE="-2">
  <A HREF="../../../../../index.html?com/golden/gamedev/engine/graphics/WindowedMode.html" target="_top"><B>FRAMES</B></A>  &nbsp;
&nbsp;<A HREF="WindowedMode.html" target="_top"><B>NO FRAMES</B></A>  &nbsp;
&nbsp;<SCRIPT type="text/javascript">
  <!--
  if(window==top) {
    document.writeln('<A HREF="../../../../../allclasses-noframe.html"><B>All Classes</B></A>');
  }
  //-->
</SCRIPT>
<NOSCRIPT>
  <A HREF="../../../../../allclasses-noframe.html"><B>All Classes</B></A>
</NOSCRIPT>


</FONT></TD>
</TR>
<TR>
<TD VALIGN="top" CLASS="NavBarCell3"><FONT SIZE="-2">
  SUMMARY:&nbsp;NESTED&nbsp;|&nbsp;<A HREF="#field_summary">FIELD</A>&nbsp;|&nbsp;<A HREF="#constructor_summary">CONSTR</A>&nbsp;|&nbsp;<A HREF="#method_summary">METHOD</A></FONT></TD>
<TD VALIGN="top" CLASS="NavBarCell3"><FONT SIZE="-2">
DETAIL:&nbsp;<A HREF="#field_detail">FIELD</A>&nbsp;|&nbsp;<A HREF="#constructor_detail">CONSTR</A>&nbsp;|&nbsp;<A HREF="#method_detail">METHOD</A></FONT></TD>
</TR>
</TABLE>
<A NAME="skip-navbar_bottom"></A>
<!-- ======== END OF BOTTOM NAVBAR ======= -->

<HR>

</BODY>
</HTML>
