<!DOCTYPE HTML PUBLIC "-//W3C//DTD HTML 4.01 Transitional//EN" "http://www.w3.org/TR/html4/loose.dtd">
<!--NewPage-->
<HTML>
<HEAD>
<!-- Generated by javadoc (build 1.5.0_15) on Wed Oct 08 14:37:42 GMT-03:00 2008 -->
<META http-equiv="Content-Type" content="text/html; charset=UTF-8">
<TITLE>
BitmapFont
</TITLE>

<META NAME="keywords" CONTENT="com.golden.gamedev.object.font.BitmapFont class">

<LINK REL ="stylesheet" TYPE="text/css" HREF="../../../../../stylesheet.css" TITLE="Style">

<SCRIPT type="text/javascript">
function windowTitle()
{
    parent.document.title="BitmapFont";
}
</SCRIPT>
<NOSCRIPT>
</NOSCRIPT>

</HEAD>

<BODY BGCOLOR="white" onload="windowTitle();">


<!-- ========= START OF TOP NAVBAR ======= -->
<A NAME="navbar_top"><!-- --></A>
<A HREF="#skip-navbar_top" title="Skip navigation links"></A>
<TABLE BORDER="0" WIDTH="100%" CELLPADDING="1" CELLSPACING="0" SUMMARY="">
<TR>
<TD COLSPAN=2 BGCOLOR="#EEEEFF" CLASS="NavBarCell1">
<A NAME="navbar_top_firstrow"><!-- --></A>
<TABLE BORDER="0" CELLPADDING="0" CELLSPACING="3" SUMMARY="">
  <TR ALIGN="center" VALIGN="top">
  <TD BGCOLOR="#EEEEFF" CLASS="NavBarCell1">    <A HREF="../../../../../overview-summary.html"><FONT CLASS="NavBarFont1"><B>Overview</B></FONT></A>&nbsp;</TD>
  <TD BGCOLOR="#EEEEFF" CLASS="NavBarCell1">    <A HREF="package-summary.html"><FONT CLASS="NavBarFont1"><B>Package</B></FONT></A>&nbsp;</TD>
  <TD BGCOLOR="#FFFFFF" CLASS="NavBarCell1Rev"> &nbsp;<FONT CLASS="NavBarFont1Rev"><B>Class</B></FONT>&nbsp;</TD>
  <TD BGCOLOR="#EEEEFF" CLASS="NavBarCell1">    <A HREF="class-use/BitmapFont.html"><FONT CLASS="NavBarFont1"><B>Use</B></FONT></A>&nbsp;</TD>
  <TD BGCOLOR="#EEEEFF" CLASS="NavBarCell1">    <A HREF="package-tree.html"><FONT CLASS="NavBarFont1"><B>Tree</B></FONT></A>&nbsp;</TD>
  <TD BGCOLOR="#EEEEFF" CLASS="NavBarCell1">    <A HREF="../../../../../deprecated-list.html"><FONT CLASS="NavBarFont1"><B>Deprecated</B></FONT></A>&nbsp;</TD>
  <TD BGCOLOR="#EEEEFF" CLASS="NavBarCell1">    <A HREF="../../../../../index-files/index-1.html"><FONT CLASS="NavBarFont1"><B>Index</B></FONT></A>&nbsp;</TD>
  <TD BGCOLOR="#EEEEFF" CLASS="NavBarCell1">    <A HREF="../../../../../help-doc.html"><FONT CLASS="NavBarFont1"><B>Help</B></FONT></A>&nbsp;</TD>
  </TR>
</TABLE>
</TD>
<TD ALIGN="right" VALIGN="top" ROWSPAN=3><EM>
</EM>
</TD>
</TR>

<TR>
<TD BGCOLOR="white" CLASS="NavBarCell2"><FONT SIZE="-2">
&nbsp;<A HREF="../../../../../com/golden/gamedev/object/font/AdvanceBitmapFont.html" title="class in com.golden.gamedev.object.font"><B>PREV CLASS</B></A>&nbsp;
&nbsp;<A HREF="../../../../../com/golden/gamedev/object/font/SystemFont.html" title="class in com.golden.gamedev.object.font"><B>NEXT CLASS</B></A></FONT></TD>
<TD BGCOLOR="white" CLASS="NavBarCell2"><FONT SIZE="-2">
  <A HREF="../../../../../index.html?com/golden/gamedev/object/font/BitmapFont.html" target="_top"><B>FRAMES</B></A>  &nbsp;
&nbsp;<A HREF="BitmapFont.html" target="_top"><B>NO FRAMES</B></A>  &nbsp;
&nbsp;<SCRIPT type="text/javascript">
  <!--
  if(window==top) {
    document.writeln('<A HREF="../../../../../allclasses-noframe.html"><B>All Classes</B></A>');
  }
  //-->
</SCRIPT>
<NOSCRIPT>
  <A HREF="../../../../../allclasses-noframe.html"><B>All Classes</B></A>
</NOSCRIPT>


</FONT></TD>
</TR>
<TR>
<TD VALIGN="top" CLASS="NavBarCell3"><FONT SIZE="-2">
  SUMMARY:&nbsp;NESTED&nbsp;|&nbsp;<A HREF="#field_summary">FIELD</A>&nbsp;|&nbsp;<A HREF="#constructor_summary">CONSTR</A>&nbsp;|&nbsp;<A HREF="#method_summary">METHOD</A></FONT></TD>
<TD VALIGN="top" CLASS="NavBarCell3"><FONT SIZE="-2">
DETAIL:&nbsp;<A HREF="#field_detail">FIELD</A>&nbsp;|&nbsp;<A HREF="#constructor_detail">CONSTR</A>&nbsp;|&nbsp;<A HREF="#method_detail">METHOD</A></FONT></TD>
</TR>
</TABLE>
<A NAME="skip-navbar_top"></A>
<!-- ========= END OF TOP NAVBAR ========= -->

<HR>
<!-- ======== START OF CLASS DATA ======== -->
<H2>
<FONT SIZE="-1">
com.golden.gamedev.object.font</FONT>
<BR>
Class BitmapFont</H2>
<PRE>
java.lang.Object
  <IMG SRC="../../../../../resources/inherit.gif" ALT="extended by "><B>com.golden.gamedev.object.font.BitmapFont</B>
</PRE>
<DL>
<DT><B>All Implemented Interfaces:</B> <DD><A HREF="../../../../../com/golden/gamedev/object/GameFont.html" title="interface in com.golden.gamedev.object">GameFont</A></DD>
</DL>
<DL>
<DT><B>Direct Known Subclasses:</B> <DD><A HREF="../../../../../com/golden/gamedev/object/font/AdvanceBitmapFont.html" title="class in com.golden.gamedev.object.font">AdvanceBitmapFont</A></DD>
</DL>
<HR>
<DL>
<DT><PRE>public class <B>BitmapFont</B><DT>extends java.lang.Object<DT>implements <A HREF="../../../../../com/golden/gamedev/object/GameFont.html" title="interface in com.golden.gamedev.object">GameFont</A></DL>
</PRE>

<P>
Game font that use images for the letter, all the images <b>must</b> have
 equal dimension (same width and height).
 <p>
 
 <code>BitmapFont</code> takes up two parameters, the array of images font
 and the sequence of the images, for example if the images font array sequence
 is ordered as follow: "ABCDEFGHIJKLMNOPQRSTUVWXYZ", specify the parameter
 letter sequence as is.
 <p>
 
 If the images font has different width, use
 <A HREF="../../../../../com/golden/gamedev/object/font/AdvanceBitmapFont.html" title="class in com.golden.gamedev.object.font"><CODE>AdvanceBitmapFont</CODE></A> instead.
<P>

<P>
<HR>

<P>
<!-- =========== FIELD SUMMARY =========== -->

<A NAME="field_summary"><!-- --></A>
<TABLE BORDER="1" WIDTH="100%" CELLPADDING="3" CELLSPACING="0" SUMMARY="">
<TR BGCOLOR="#CCCCFF" CLASS="TableHeadingColor">
<TH ALIGN="left" COLSPAN="2"><FONT SIZE="+2">
<B>Field Summary</B></FONT></TH>
</TR>
<TR BGCOLOR="white" CLASS="TableRowColor">
<TD ALIGN="right" VALIGN="top" WIDTH="1%"><FONT SIZE="-1">
<CODE>protected &nbsp;int[]</CODE></FONT></TD>
<TD><CODE><B><A HREF="../../../../../com/golden/gamedev/object/font/BitmapFont.html#charIndex">charIndex</A></B></CODE>

<BR>
&nbsp;&nbsp;&nbsp;&nbsp;&nbsp;&nbsp;&nbsp;&nbsp;&nbsp;&nbsp;&nbsp;</TD>
</TR>
</TABLE>
&nbsp;<A NAME="fields_inherited_from_class_com.golden.gamedev.object.GameFont"><!-- --></A>
<TABLE BORDER="1" WIDTH="100%" CELLPADDING="3" CELLSPACING="0" SUMMARY="">
<TR BGCOLOR="#EEEEFF" CLASS="TableSubHeadingColor">
<TH ALIGN="left"><B>Fields inherited from interface com.golden.gamedev.object.<A HREF="../../../../../com/golden/gamedev/object/GameFont.html" title="interface in com.golden.gamedev.object">GameFont</A></B></TH>
</TR>
<TR BGCOLOR="white" CLASS="TableRowColor">
<TD><CODE><A HREF="../../../../../com/golden/gamedev/object/GameFont.html#CENTER">CENTER</A>, <A HREF="../../../../../com/golden/gamedev/object/GameFont.html#JUSTIFY">JUSTIFY</A>, <A HREF="../../../../../com/golden/gamedev/object/GameFont.html#LEFT">LEFT</A>, <A HREF="../../../../../com/golden/gamedev/object/GameFont.html#RIGHT">RIGHT</A></CODE></TD>
</TR>
</TABLE>
&nbsp;
<!-- ======== CONSTRUCTOR SUMMARY ======== -->

<A NAME="constructor_summary"><!-- --></A>
<TABLE BORDER="1" WIDTH="100%" CELLPADDING="3" CELLSPACING="0" SUMMARY="">
<TR BGCOLOR="#CCCCFF" CLASS="TableHeadingColor">
<TH ALIGN="left" COLSPAN="2"><FONT SIZE="+2">
<B>Constructor Summary</B></FONT></TH>
</TR>
<TR BGCOLOR="white" CLASS="TableRowColor">
<TD><CODE><B><A HREF="../../../../../com/golden/gamedev/object/font/BitmapFont.html#BitmapFont(java.awt.image.BufferedImage[])">BitmapFont</A></B>(java.awt.image.BufferedImage[]&nbsp;imagefont)</CODE>

<BR>
&nbsp;&nbsp;&nbsp;&nbsp;&nbsp;&nbsp;&nbsp;&nbsp;&nbsp;&nbsp;Creates new <code>BitmapFont</code> with specified images font and
 default letter sequence :
 
 
         !</TD>
</TR>
<TR BGCOLOR="white" CLASS="TableRowColor">
<TD><CODE><B><A HREF="../../../../../com/golden/gamedev/object/font/BitmapFont.html#BitmapFont(java.awt.image.BufferedImage[], java.lang.String)">BitmapFont</A></B>(java.awt.image.BufferedImage[]&nbsp;imagefont,
           java.lang.String&nbsp;letterSequence)</CODE>

<BR>
&nbsp;&nbsp;&nbsp;&nbsp;&nbsp;&nbsp;&nbsp;&nbsp;&nbsp;&nbsp;Creates new <code>BitmapFont</code> with specified images font and
 letter sequence.</TD>
</TR>
</TABLE>
&nbsp;
<!-- ========== METHOD SUMMARY =========== -->

<A NAME="method_summary"><!-- --></A>
<TABLE BORDER="1" WIDTH="100%" CELLPADDING="3" CELLSPACING="0" SUMMARY="">
<TR BGCOLOR="#CCCCFF" CLASS="TableHeadingColor">
<TH ALIGN="left" COLSPAN="2"><FONT SIZE="+2">
<B>Method Summary</B></FONT></TH>
</TR>
<TR BGCOLOR="white" CLASS="TableRowColor">
<TD ALIGN="right" VALIGN="top" WIDTH="1%"><FONT SIZE="-1">
<CODE>&nbsp;int</CODE></FONT></TD>
<TD><CODE><B><A HREF="../../../../../com/golden/gamedev/object/font/BitmapFont.html#drawString(java.awt.Graphics2D, java.lang.String, int, int)">drawString</A></B>(java.awt.Graphics2D&nbsp;g,
           java.lang.String&nbsp;s,
           int&nbsp;x,
           int&nbsp;y)</CODE>

<BR>
&nbsp;&nbsp;&nbsp;&nbsp;&nbsp;&nbsp;&nbsp;&nbsp;&nbsp;&nbsp;Draw a single line string into graphics context.</TD>
</TR>
<TR BGCOLOR="white" CLASS="TableRowColor">
<TD ALIGN="right" VALIGN="top" WIDTH="1%"><FONT SIZE="-1">
<CODE>&nbsp;int</CODE></FONT></TD>
<TD><CODE><B><A HREF="../../../../../com/golden/gamedev/object/font/BitmapFont.html#drawString(java.awt.Graphics2D, java.lang.String, int, int, int, int)">drawString</A></B>(java.awt.Graphics2D&nbsp;g,
           java.lang.String&nbsp;s,
           int&nbsp;alignment,
           int&nbsp;x,
           int&nbsp;y,
           int&nbsp;width)</CODE>

<BR>
&nbsp;&nbsp;&nbsp;&nbsp;&nbsp;&nbsp;&nbsp;&nbsp;&nbsp;&nbsp;Draw a single line string into graphics context with specified alignment.</TD>
</TR>
<TR BGCOLOR="white" CLASS="TableRowColor">
<TD ALIGN="right" VALIGN="top" WIDTH="1%"><FONT SIZE="-1">
<CODE>&nbsp;int</CODE></FONT></TD>
<TD><CODE><B><A HREF="../../../../../com/golden/gamedev/object/font/BitmapFont.html#drawText(java.awt.Graphics2D, java.lang.String, int, int, int, int, int, int)">drawText</A></B>(java.awt.Graphics2D&nbsp;g,
         java.lang.String&nbsp;text,
         int&nbsp;alignment,
         int&nbsp;x,
         int&nbsp;y,
         int&nbsp;width,
         int&nbsp;vspace,
         int&nbsp;firstIndent)</CODE>

<BR>
&nbsp;&nbsp;&nbsp;&nbsp;&nbsp;&nbsp;&nbsp;&nbsp;&nbsp;&nbsp;Draw multiple line text into graphics context.</TD>
</TR>
<TR BGCOLOR="white" CLASS="TableRowColor">
<TD ALIGN="right" VALIGN="top" WIDTH="1%"><FONT SIZE="-1">
<CODE>&nbsp;int</CODE></FONT></TD>
<TD><CODE><B><A HREF="../../../../../com/golden/gamedev/object/font/BitmapFont.html#getHeight()">getHeight</A></B>()</CODE>

<BR>
&nbsp;&nbsp;&nbsp;&nbsp;&nbsp;&nbsp;&nbsp;&nbsp;&nbsp;&nbsp;Returns the height of this font in pixel.</TD>
</TR>
<TR BGCOLOR="white" CLASS="TableRowColor">
<TD ALIGN="right" VALIGN="top" WIDTH="1%"><FONT SIZE="-1">
<CODE>&nbsp;java.awt.image.BufferedImage[]</CODE></FONT></TD>
<TD><CODE><B><A HREF="../../../../../com/golden/gamedev/object/font/BitmapFont.html#getImageFont()">getImageFont</A></B>()</CODE>

<BR>
&nbsp;&nbsp;&nbsp;&nbsp;&nbsp;&nbsp;&nbsp;&nbsp;&nbsp;&nbsp;Returns the images font used to draw this bitmap font.</TD>
</TR>
<TR BGCOLOR="white" CLASS="TableRowColor">
<TD ALIGN="right" VALIGN="top" WIDTH="1%"><FONT SIZE="-1">
<CODE>&nbsp;int</CODE></FONT></TD>
<TD><CODE><B><A HREF="../../../../../com/golden/gamedev/object/font/BitmapFont.html#getWidth(char)">getWidth</A></B>(char&nbsp;c)</CODE>

<BR>
&nbsp;&nbsp;&nbsp;&nbsp;&nbsp;&nbsp;&nbsp;&nbsp;&nbsp;&nbsp;Returns the width of <code>char c</code> in pixel.</TD>
</TR>
<TR BGCOLOR="white" CLASS="TableRowColor">
<TD ALIGN="right" VALIGN="top" WIDTH="1%"><FONT SIZE="-1">
<CODE>&nbsp;int</CODE></FONT></TD>
<TD><CODE><B><A HREF="../../../../../com/golden/gamedev/object/font/BitmapFont.html#getWidth(java.lang.String)">getWidth</A></B>(java.lang.String&nbsp;st)</CODE>

<BR>
&nbsp;&nbsp;&nbsp;&nbsp;&nbsp;&nbsp;&nbsp;&nbsp;&nbsp;&nbsp;Returns the width of <code>String st</code> in pixel.</TD>
</TR>
<TR BGCOLOR="white" CLASS="TableRowColor">
<TD ALIGN="right" VALIGN="top" WIDTH="1%"><FONT SIZE="-1">
<CODE>&nbsp;boolean</CODE></FONT></TD>
<TD><CODE><B><A HREF="../../../../../com/golden/gamedev/object/font/BitmapFont.html#isAvailable(char)">isAvailable</A></B>(char&nbsp;c)</CODE>

<BR>
&nbsp;&nbsp;&nbsp;&nbsp;&nbsp;&nbsp;&nbsp;&nbsp;&nbsp;&nbsp;Returns whether the specified <code>char c</code> is available to draw
 by this game font.</TD>
</TR>
<TR BGCOLOR="white" CLASS="TableRowColor">
<TD ALIGN="right" VALIGN="top" WIDTH="1%"><FONT SIZE="-1">
<CODE>&nbsp;void</CODE></FONT></TD>
<TD><CODE><B><A HREF="../../../../../com/golden/gamedev/object/font/BitmapFont.html#setImageFont(java.awt.image.BufferedImage[], java.lang.String)">setImageFont</A></B>(java.awt.image.BufferedImage[]&nbsp;imagefont,
             java.lang.String&nbsp;letterSequence)</CODE>

<BR>
&nbsp;&nbsp;&nbsp;&nbsp;&nbsp;&nbsp;&nbsp;&nbsp;&nbsp;&nbsp;Sets images font to draw this bitmap font.</TD>
</TR>
<TR BGCOLOR="white" CLASS="TableRowColor">
<TD ALIGN="right" VALIGN="top" WIDTH="1%"><FONT SIZE="-1">
<CODE>&nbsp;java.lang.String</CODE></FONT></TD>
<TD><CODE><B><A HREF="../../../../../com/golden/gamedev/object/font/BitmapFont.html#toString()">toString</A></B>()</CODE>

<BR>
&nbsp;&nbsp;&nbsp;&nbsp;&nbsp;&nbsp;&nbsp;&nbsp;&nbsp;&nbsp;&nbsp;</TD>
</TR>
</TABLE>
&nbsp;<A NAME="methods_inherited_from_class_java.lang.Object"><!-- --></A>
<TABLE BORDER="1" WIDTH="100%" CELLPADDING="3" CELLSPACING="0" SUMMARY="">
<TR BGCOLOR="#EEEEFF" CLASS="TableSubHeadingColor">
<TH ALIGN="left"><B>Methods inherited from class java.lang.Object</B></TH>
</TR>
<TR BGCOLOR="white" CLASS="TableRowColor">
<TD><CODE>clone, equals, finalize, getClass, hashCode, notify, notifyAll, wait, wait, wait</CODE></TD>
</TR>
</TABLE>
&nbsp;
<P>

<!-- ============ FIELD DETAIL =========== -->

<A NAME="field_detail"><!-- --></A>
<TABLE BORDER="1" WIDTH="100%" CELLPADDING="3" CELLSPACING="0" SUMMARY="">
<TR BGCOLOR="#CCCCFF" CLASS="TableHeadingColor">
<TH ALIGN="left" COLSPAN="1"><FONT SIZE="+2">
<B>Field Detail</B></FONT></TH>
</TR>
</TABLE>

<A NAME="charIndex"><!-- --></A><H3>
charIndex</H3>
<PRE>
protected int[] <B>charIndex</B></PRE>
<DL>
<DL>
</DL>
</DL>

<!-- ========= CONSTRUCTOR DETAIL ======== -->

<A NAME="constructor_detail"><!-- --></A>
<TABLE BORDER="1" WIDTH="100%" CELLPADDING="3" CELLSPACING="0" SUMMARY="">
<TR BGCOLOR="#CCCCFF" CLASS="TableHeadingColor">
<TH ALIGN="left" COLSPAN="1"><FONT SIZE="+2">
<B>Constructor Detail</B></FONT></TH>
</TR>
</TABLE>

<A NAME="BitmapFont(java.awt.image.BufferedImage[], java.lang.String)"><!-- --></A><H3>
BitmapFont</H3>
<PRE>
public <B>BitmapFont</B>(java.awt.image.BufferedImage[]&nbsp;imagefont,
                  java.lang.String&nbsp;letterSequence)</PRE>
<DL>
<DD>Creates new <code>BitmapFont</code> with specified images font and
 letter sequence.
<P>
<DL>
<DT><B>Parameters:</B><DD><CODE>imagefont</CODE> - the images font, all images must have same size<DD><CODE>letterSequence</CODE> - the order sequence of the images font</DL>
</DL>
<HR>

<A NAME="BitmapFont(java.awt.image.BufferedImage[])"><!-- --></A><H3>
BitmapFont</H3>
<PRE>
public <B>BitmapFont</B>(java.awt.image.BufferedImage[]&nbsp;imagefont)</PRE>
<DL>
<DD>Creates new <code>BitmapFont</code> with specified images font and
 default letter sequence :
 
 <pre>
         ! &quot; # $ % &amp; ' ( ) * + , - . / 0 1 2 3
       4 5 6 7 8 9 : ; &lt; = &gt; ? @ A B C D E F G
       H I J K L M N O P Q R S T U V W X Y Z [
       \ ] &circ; _ ' a b c d e f g h i j k l m n o
       p q r s t u v w x y z { | } &tilde;
 </pre>
<P>
<DL>
<DT><B>Parameters:</B><DD><CODE>imagefont</CODE> - the images font, all images must have same size</DL>
</DL>

<!-- ============ METHOD DETAIL ========== -->

<A NAME="method_detail"><!-- --></A>
<TABLE BORDER="1" WIDTH="100%" CELLPADDING="3" CELLSPACING="0" SUMMARY="">
<TR BGCOLOR="#CCCCFF" CLASS="TableHeadingColor">
<TH ALIGN="left" COLSPAN="1"><FONT SIZE="+2">
<B>Method Detail</B></FONT></TH>
</TR>
</TABLE>

<A NAME="drawString(java.awt.Graphics2D, java.lang.String, int, int)"><!-- --></A><H3>
drawString</H3>
<PRE>
public int <B>drawString</B>(java.awt.Graphics2D&nbsp;g,
                      java.lang.String&nbsp;s,
                      int&nbsp;x,
                      int&nbsp;y)</PRE>
<DL>
<DD><B>Description copied from interface: <CODE><A HREF="../../../../../com/golden/gamedev/object/GameFont.html#drawString(java.awt.Graphics2D, java.lang.String, int, int)">GameFont</A></CODE></B></DD>
<DD>Draw a single line string into graphics context.
<P>
<DD><DL>
<DT><B>Specified by:</B><DD><CODE><A HREF="../../../../../com/golden/gamedev/object/GameFont.html#drawString(java.awt.Graphics2D, java.lang.String, int, int)">drawString</A></CODE> in interface <CODE><A HREF="../../../../../com/golden/gamedev/object/GameFont.html" title="interface in com.golden.gamedev.object">GameFont</A></CODE></DL>
</DD>
<DD><DL>
<DT><B>Parameters:</B><DD><CODE>g</CODE> - the graphics context<DD><CODE>s</CODE> - the string to be drawn<DD><CODE>x</CODE> - the <code>x</code> screen coordinate to draw the text<DD><CODE>y</CODE> - the <code>y</code> screen coordinate to draw the text
<DT><B>Returns:</B><DD>The right-edge of <code>x</code> coordinate to draw next text.</DL>
</DD>
</DL>
<HR>

<A NAME="drawString(java.awt.Graphics2D, java.lang.String, int, int, int, int)"><!-- --></A><H3>
drawString</H3>
<PRE>
public int <B>drawString</B>(java.awt.Graphics2D&nbsp;g,
                      java.lang.String&nbsp;s,
                      int&nbsp;alignment,
                      int&nbsp;x,
                      int&nbsp;y,
                      int&nbsp;width)</PRE>
<DL>
<DD><B>Description copied from interface: <CODE><A HREF="../../../../../com/golden/gamedev/object/GameFont.html#drawString(java.awt.Graphics2D, java.lang.String, int, int, int, int)">GameFont</A></CODE></B></DD>
<DD>Draw a single line string into graphics context with specified alignment.
<P>
<DD><DL>
<DT><B>Specified by:</B><DD><CODE><A HREF="../../../../../com/golden/gamedev/object/GameFont.html#drawString(java.awt.Graphics2D, java.lang.String, int, int, int, int)">drawString</A></CODE> in interface <CODE><A HREF="../../../../../com/golden/gamedev/object/GameFont.html" title="interface in com.golden.gamedev.object">GameFont</A></CODE></DL>
</DD>
<DD><DL>
<DT><B>Parameters:</B><DD><CODE>g</CODE> - the graphics context<DD><CODE>s</CODE> - the string to be drawn<DD><CODE>alignment</CODE> - text alignment: LEFT, RIGHT, CENTER, or JUSTIFY<DD><CODE>x</CODE> - the <code>x</code> screen coordinate to draw the text<DD><CODE>y</CODE> - the <code>y</code> screen coordinate to draw the text<DD><CODE>width</CODE> - width of the text
<DT><B>Returns:</B><DD>The right-edge of <code>x</code> coordinate to draw next text.</DL>
</DD>
</DL>
<HR>

<A NAME="drawText(java.awt.Graphics2D, java.lang.String, int, int, int, int, int, int)"><!-- --></A><H3>
drawText</H3>
<PRE>
public int <B>drawText</B>(java.awt.Graphics2D&nbsp;g,
                    java.lang.String&nbsp;text,
                    int&nbsp;alignment,
                    int&nbsp;x,
                    int&nbsp;y,
                    int&nbsp;width,
                    int&nbsp;vspace,
                    int&nbsp;firstIndent)</PRE>
<DL>
<DD><B>Description copied from interface: <CODE><A HREF="../../../../../com/golden/gamedev/object/GameFont.html#drawText(java.awt.Graphics2D, java.lang.String, int, int, int, int, int, int)">GameFont</A></CODE></B></DD>
<DD>Draw multiple line text into graphics context.
 <p>
 Example to write two paragraph text:
 
 <pre>
 // creates bounding box, to ensure the paragraph exactly in the box
 g.drawRect(10, 10, 620, 100);
 int nexty = GameFont.drawText(g,
         &quot;Paragraph one, sample paragraph using GameFont drawText.&quot;,
         GameFont.LEFT, 10, 10, 620, 0, 50);
 GameFont.drawText(g,
         &quot;Paragraph two, notice that each paragraph have 50 pixel indentation.&quot;,
         GameFont.LEFT, // left alignment
         10, // x
         nexty, // y
         620, // width
         0, // no additional vertical spacing
         50); // 50 pixel indentation
 </pre>
<P>
<DD><DL>
<DT><B>Specified by:</B><DD><CODE><A HREF="../../../../../com/golden/gamedev/object/GameFont.html#drawText(java.awt.Graphics2D, java.lang.String, int, int, int, int, int, int)">drawText</A></CODE> in interface <CODE><A HREF="../../../../../com/golden/gamedev/object/GameFont.html" title="interface in com.golden.gamedev.object">GameFont</A></CODE></DL>
</DD>
<DD><DL>
<DT><B>Parameters:</B><DD><CODE>g</CODE> - graphics context where the text will be drawn<DD><CODE>text</CODE> - text to be drawn<DD><CODE>alignment</CODE> - text alignment: LEFT, RIGHT, CENTER, or JUSTIFY<DD><CODE>x</CODE> - text <code>x</code> coordinate<DD><CODE>y</CODE> - text <code>y</code> coordinate<DD><CODE>width</CODE> - width per line<DD><CODE>vspace</CODE> - additional vertical spacing, in pixel<DD><CODE>firstIndent</CODE> - first line indentation, in pixel
<DT><B>Returns:</B><DD>The bottom-edge <code>y</code> coordinate to draw next
         paragraph.<DT><B>See Also:</B><DD><A HREF="../../../../../com/golden/gamedev/object/GameFont.html#LEFT"><CODE>GameFont.LEFT</CODE></A>, 
<A HREF="../../../../../com/golden/gamedev/object/GameFont.html#RIGHT"><CODE>GameFont.RIGHT</CODE></A>, 
<A HREF="../../../../../com/golden/gamedev/object/GameFont.html#CENTER"><CODE>GameFont.CENTER</CODE></A>, 
<A HREF="../../../../../com/golden/gamedev/object/GameFont.html#JUSTIFY"><CODE>GameFont.JUSTIFY</CODE></A></DL>
</DD>
</DL>
<HR>

<A NAME="getImageFont()"><!-- --></A><H3>
getImageFont</H3>
<PRE>
public java.awt.image.BufferedImage[] <B>getImageFont</B>()</PRE>
<DL>
<DD>Returns the images font used to draw this bitmap font.
<P>
<DD><DL>
</DL>
</DD>
<DD><DL>
</DL>
</DD>
</DL>
<HR>

<A NAME="setImageFont(java.awt.image.BufferedImage[], java.lang.String)"><!-- --></A><H3>
setImageFont</H3>
<PRE>
public void <B>setImageFont</B>(java.awt.image.BufferedImage[]&nbsp;imagefont,
                         java.lang.String&nbsp;letterSequence)</PRE>
<DL>
<DD>Sets images font to draw this bitmap font.
<P>
<DD><DL>
</DL>
</DD>
<DD><DL>
</DL>
</DD>
</DL>
<HR>

<A NAME="getWidth(char)"><!-- --></A><H3>
getWidth</H3>
<PRE>
public int <B>getWidth</B>(char&nbsp;c)</PRE>
<DL>
<DD><B>Description copied from interface: <CODE><A HREF="../../../../../com/golden/gamedev/object/GameFont.html#getWidth(char)">GameFont</A></CODE></B></DD>
<DD>Returns the width of <code>char c</code> in pixel.
<P>
<DD><DL>
<DT><B>Specified by:</B><DD><CODE><A HREF="../../../../../com/golden/gamedev/object/GameFont.html#getWidth(char)">getWidth</A></CODE> in interface <CODE><A HREF="../../../../../com/golden/gamedev/object/GameFont.html" title="interface in com.golden.gamedev.object">GameFont</A></CODE></DL>
</DD>
<DD><DL>

<DT><B>Returns:</B><DD>Char width, in pixel.</DL>
</DD>
</DL>
<HR>

<A NAME="getWidth(java.lang.String)"><!-- --></A><H3>
getWidth</H3>
<PRE>
public int <B>getWidth</B>(java.lang.String&nbsp;st)</PRE>
<DL>
<DD><B>Description copied from interface: <CODE><A HREF="../../../../../com/golden/gamedev/object/GameFont.html#getWidth(java.lang.String)">GameFont</A></CODE></B></DD>
<DD>Returns the width of <code>String st</code> in pixel.
<P>
<DD><DL>
<DT><B>Specified by:</B><DD><CODE><A HREF="../../../../../com/golden/gamedev/object/GameFont.html#getWidth(java.lang.String)">getWidth</A></CODE> in interface <CODE><A HREF="../../../../../com/golden/gamedev/object/GameFont.html" title="interface in com.golden.gamedev.object">GameFont</A></CODE></DL>
</DD>
<DD><DL>

<DT><B>Returns:</B><DD>String width, in pixel.</DL>
</DD>
</DL>
<HR>

<A NAME="getHeight()"><!-- --></A><H3>
getHeight</H3>
<PRE>
public int <B>getHeight</B>()</PRE>
<DL>
<DD><B>Description copied from interface: <CODE><A HREF="../../../../../com/golden/gamedev/object/GameFont.html#getHeight()">GameFont</A></CODE></B></DD>
<DD>Returns the height of this font in pixel.
<P>
<DD><DL>
<DT><B>Specified by:</B><DD><CODE><A HREF="../../../../../com/golden/gamedev/object/GameFont.html#getHeight()">getHeight</A></CODE> in interface <CODE><A HREF="../../../../../com/golden/gamedev/object/GameFont.html" title="interface in com.golden.gamedev.object">GameFont</A></CODE></DL>
</DD>
<DD><DL>

<DT><B>Returns:</B><DD>Font height, in pixel.</DL>
</DD>
</DL>
<HR>

<A NAME="toString()"><!-- --></A><H3>
toString</H3>
<PRE>
public java.lang.String <B>toString</B>()</PRE>
<DL>
<DD><DL>
<DT><B>Overrides:</B><DD><CODE>toString</CODE> in class <CODE>java.lang.Object</CODE></DL>
</DD>
<DD><DL>
</DL>
</DD>
</DL>
<HR>

<A NAME="isAvailable(char)"><!-- --></A><H3>
isAvailable</H3>
<PRE>
public boolean <B>isAvailable</B>(char&nbsp;c)</PRE>
<DL>
<DD><B>Description copied from interface: <CODE><A HREF="../../../../../com/golden/gamedev/object/GameFont.html#isAvailable(char)">GameFont</A></CODE></B></DD>
<DD>Returns whether the specified <code>char c</code> is available to draw
 by this game font.
<P>
<DD><DL>
<DT><B>Specified by:</B><DD><CODE><A HREF="../../../../../com/golden/gamedev/object/GameFont.html#isAvailable(char)">isAvailable</A></CODE> in interface <CODE><A HREF="../../../../../com/golden/gamedev/object/GameFont.html" title="interface in com.golden.gamedev.object">GameFont</A></CODE></DL>
</DD>
<DD><DL>
</DL>
</DD>
</DL>
<!-- ========= END OF CLASS DATA ========= -->
<HR>


<!-- ======= START OF BOTTOM NAVBAR ====== -->
<A NAME="navbar_bottom"><!-- --></A>
<A HREF="#skip-navbar_bottom" title="Skip navigation links"></A>
<TABLE BORDER="0" WIDTH="100%" CELLPADDING="1" CELLSPACING="0" SUMMARY="">
<TR>
<TD COLSPAN=2 BGCOLOR="#EEEEFF" CLASS="NavBarCell1">
<A NAME="navbar_bottom_firstrow"><!-- --></A>
<TABLE BORDER="0" CELLPADDING="0" CELLSPACING="3" SUMMARY="">
  <TR ALIGN="center" VALIGN="top">
  <TD BGCOLOR="#EEEEFF" CLASS="NavBarCell1">    <A HREF="../../../../../overview-summary.html"><FONT CLASS="NavBarFont1"><B>Overview</B></FONT></A>&nbsp;</TD>
  <TD BGCOLOR="#EEEEFF" CLASS="NavBarCell1">    <A HREF="package-summary.html"><FONT CLASS="NavBarFont1"><B>Package</B></FONT></A>&nbsp;</TD>
  <TD BGCOLOR="#FFFFFF" CLASS="NavBarCell1Rev"> &nbsp;<FONT CLASS="NavBarFont1Rev"><B>Class</B></FONT>&nbsp;</TD>
  <TD BGCOLOR="#EEEEFF" CLASS="NavBarCell1">    <A HREF="class-use/BitmapFont.html"><FONT CLASS="NavBarFont1"><B>Use</B></FONT></A>&nbsp;</TD>
  <TD BGCOLOR="#EEEEFF" CLASS="NavBarCell1">    <A HREF="package-tree.html"><FONT CLASS="NavBarFont1"><B>Tree</B></FONT></A>&nbsp;</TD>
  <TD BGCOLOR="#EEEEFF" CLASS="NavBarCell1">    <A HREF="../../../../../deprecated-list.html"><FONT CLASS="NavBarFont1"><B>Deprecated</B></FONT></A>&nbsp;</TD>
  <TD BGCOLOR="#EEEEFF" CLASS="NavBarCell1">    <A HREF="../../../../../index-files/index-1.html"><FONT CLASS="NavBarFont1"><B>Index</B></FONT></A>&nbsp;</TD>
  <TD BGCOLOR="#EEEEFF" CLASS="NavBarCell1">    <A HREF="../../../../../help-doc.html"><FONT CLASS="NavBarFont1"><B>Help</B></FONT></A>&nbsp;</TD>
  </TR>
</TABLE>
</TD>
<TD ALIGN="right" VALIGN="top" ROWSPAN=3><EM>
</EM>
</TD>
</TR>

<TR>
<TD BGCOLOR="white" CLASS="NavBarCell2"><FONT SIZE="-2">
&nbsp;<A HREF="../../../../../com/golden/gamedev/object/font/AdvanceBitmapFont.html" title="class in com.golden.gamedev.object.font"><B>PREV CLASS</B></A>&nbsp;
&nbsp;<A HREF="../../../../../com/golden/gamedev/object/font/SystemFont.html" title="class in com.golden.gamedev.object.font"><B>NEXT CLASS</B></A></FONT></TD>
<TD BGCOLOR="white" CLASS="NavBarCell2"><FONT SIZE="-2">
  <A HREF="../../../../../index.html?com/golden/gamedev/object/font/BitmapFont.html" target="_top"><B>FRAMES</B></A>  &nbsp;
&nbsp;<A HREF="BitmapFont.html" target="_top"><B>NO FRAMES</B></A>  &nbsp;
&nbsp;<SCRIPT type="text/javascript">
  <!--
  if(window==top) {
    document.writeln('<A HREF="../../../../../allclasses-noframe.html"><B>All Classes</B></A>');
  }
  //-->
</SCRIPT>
<NOSCRIPT>
  <A HREF="../../../../../allclasses-noframe.html"><B>All Classes</B></A>
</NOSCRIPT>


</FONT></TD>
</TR>
<TR>
<TD VALIGN="top" CLASS="NavBarCell3"><FONT SIZE="-2">
  SUMMARY:&nbsp;NESTED&nbsp;|&nbsp;<A HREF="#field_summary">FIELD</A>&nbsp;|&nbsp;<A HREF="#constructor_summary">CONSTR</A>&nbsp;|&nbsp;<A HREF="#method_summary">METHOD</A></FONT></TD>
<TD VALIGN="top" CLASS="NavBarCell3"><FONT SIZE="-2">
DETAIL:&nbsp;<A HREF="#field_detail">FIELD</A>&nbsp;|&nbsp;<A HREF="#constructor_detail">CONSTR</A>&nbsp;|&nbsp;<A HREF="#method_detail">METHOD</A></FONT></TD>
</TR>
</TABLE>
<A NAME="skip-navbar_bottom"></A>
<!-- ======== END OF BOTTOM NAVBAR ======= -->

<HR>

</BODY>
</HTML>
