<!DOCTYPE HTML PUBLIC "-//W3C//DTD HTML 4.01 Transitional//EN" "http://www.w3.org/TR/html4/loose.dtd">
<!--NewPage-->
<HTML>
<HEAD>
<!-- Generated by javadoc (build 1.5.0_09) on Wed Oct 15 18:10:00 ART 2008 -->
<META http-equiv="Content-Type" content="text/html; charset=UTF-8">
<TITLE>
com.golden.gamedev.object.font
</TITLE>

<META NAME="keywords" CONTENT="com.golden.gamedev.object.font package">

<LINK REL ="stylesheet" TYPE="text/css" HREF="../../../../../stylesheet.css" TITLE="Style">


</HEAD>

<BODY BGCOLOR="white">
<FONT size="+1" CLASS="FrameTitleFont">
<A HREF="../../../../../com/golden/gamedev/object/font/package-summary.html" target="classFrame">com.golden.gamedev.object.font</A></FONT>
<TABLE BORDER="0" WIDTH="100%" SUMMARY="">
<TR>
<TD NOWRAP><FONT size="+1" CLASS="FrameHeadingFont">
Classes</FONT>&nbsp;
<FONT CLASS="FrameItemFont">
<BR>
<A HREF="AdvanceBitmapFont.html" title="class in com.golden.gamedev.object.font" target="classFrame">AdvanceBitmapFont</A>
<BR>
<A HREF="BitmapFont.html" title="class in com.golden.gamedev.object.font" target="classFrame">BitmapFont</A>
<BR>
<A HREF="SystemFont.html" title="class in com.golden.gamedev.object.font" target="classFrame">SystemFont</A></FONT></TD>
</TR>
</TABLE>


</BODY>
</HTML>
