<!DOCTYPE HTML PUBLIC "-//W3C//DTD HTML 4.01 Transitional//EN" "http://www.w3.org/TR/html4/loose.dtd">
<!--NewPage-->
<HTML>
<HEAD>
<!-- Generated by javadoc (build 1.5.0_09) on Wed Oct 15 18:13:04 ART 2008 -->
<META http-equiv="Content-Type" content="text/html; charset=UTF-8">
<TITLE>
TButton
</TITLE>

<META NAME="keywords" CONTENT="com.golden.gamedev.gui.TButton class">

<LINK REL ="stylesheet" TYPE="text/css" HREF="../../../../stylesheet.css" TITLE="Style">

<SCRIPT type="text/javascript">
function windowTitle()
{
    parent.document.title="TButton";
}
</SCRIPT>
<NOSCRIPT>
</NOSCRIPT>

</HEAD>

<BODY BGCOLOR="white" onload="windowTitle();">


<!-- ========= START OF TOP NAVBAR ======= -->
<A NAME="navbar_top"><!-- --></A>
<A HREF="#skip-navbar_top" title="Skip navigation links"></A>
<TABLE BORDER="0" WIDTH="100%" CELLPADDING="1" CELLSPACING="0" SUMMARY="">
<TR>
<TD COLSPAN=2 BGCOLOR="#EEEEFF" CLASS="NavBarCell1">
<A NAME="navbar_top_firstrow"><!-- --></A>
<TABLE BORDER="0" CELLPADDING="0" CELLSPACING="3" SUMMARY="">
  <TR ALIGN="center" VALIGN="top">
  <TD BGCOLOR="#EEEEFF" CLASS="NavBarCell1">    <A HREF="../../../../overview-summary.html"><FONT CLASS="NavBarFont1"><B>Overview</B></FONT></A>&nbsp;</TD>
  <TD BGCOLOR="#EEEEFF" CLASS="NavBarCell1">    <A HREF="package-summary.html"><FONT CLASS="NavBarFont1"><B>Package</B></FONT></A>&nbsp;</TD>
  <TD BGCOLOR="#FFFFFF" CLASS="NavBarCell1Rev"> &nbsp;<FONT CLASS="NavBarFont1Rev"><B>Class</B></FONT>&nbsp;</TD>
  <TD BGCOLOR="#EEEEFF" CLASS="NavBarCell1">    <A HREF="class-use/TButton.html"><FONT CLASS="NavBarFont1"><B>Use</B></FONT></A>&nbsp;</TD>
  <TD BGCOLOR="#EEEEFF" CLASS="NavBarCell1">    <A HREF="package-tree.html"><FONT CLASS="NavBarFont1"><B>Tree</B></FONT></A>&nbsp;</TD>
  <TD BGCOLOR="#EEEEFF" CLASS="NavBarCell1">    <A HREF="../../../../deprecated-list.html"><FONT CLASS="NavBarFont1"><B>Deprecated</B></FONT></A>&nbsp;</TD>
  <TD BGCOLOR="#EEEEFF" CLASS="NavBarCell1">    <A HREF="../../../../index-files/index-1.html"><FONT CLASS="NavBarFont1"><B>Index</B></FONT></A>&nbsp;</TD>
  <TD BGCOLOR="#EEEEFF" CLASS="NavBarCell1">    <A HREF="../../../../help-doc.html"><FONT CLASS="NavBarFont1"><B>Help</B></FONT></A>&nbsp;</TD>
  </TR>
</TABLE>
</TD>
<TD ALIGN="right" VALIGN="top" ROWSPAN=3><EM>
</EM>
</TD>
</TR>

<TR>
<TD BGCOLOR="white" CLASS="NavBarCell2"><FONT SIZE="-2">
&nbsp;PREV CLASS&nbsp;
&nbsp;<A HREF="../../../../com/golden/gamedev/gui/TFloatPanel.html" title="class in com.golden.gamedev.gui"><B>NEXT CLASS</B></A></FONT></TD>
<TD BGCOLOR="white" CLASS="NavBarCell2"><FONT SIZE="-2">
  <A HREF="../../../../index.html?com/golden/gamedev/gui/TButton.html" target="_top"><B>FRAMES</B></A>  &nbsp;
&nbsp;<A HREF="TButton.html" target="_top"><B>NO FRAMES</B></A>  &nbsp;
&nbsp;<SCRIPT type="text/javascript">
  <!--
  if(window==top) {
    document.writeln('<A HREF="../../../../allclasses-noframe.html"><B>All Classes</B></A>');
  }
  //-->
</SCRIPT>
<NOSCRIPT>
  <A HREF="../../../../allclasses-noframe.html"><B>All Classes</B></A>
</NOSCRIPT>


</FONT></TD>
</TR>
<TR>
<TD VALIGN="top" CLASS="NavBarCell3"><FONT SIZE="-2">
  SUMMARY:&nbsp;NESTED&nbsp;|&nbsp;<A HREF="#fields_inherited_from_class_com.golden.gamedev.gui.toolkit.TComponent">FIELD</A>&nbsp;|&nbsp;<A HREF="#constructor_summary">CONSTR</A>&nbsp;|&nbsp;<A HREF="#method_summary">METHOD</A></FONT></TD>
<TD VALIGN="top" CLASS="NavBarCell3"><FONT SIZE="-2">
DETAIL:&nbsp;FIELD&nbsp;|&nbsp;<A HREF="#constructor_detail">CONSTR</A>&nbsp;|&nbsp;<A HREF="#method_detail">METHOD</A></FONT></TD>
</TR>
</TABLE>
<A NAME="skip-navbar_top"></A>
<!-- ========= END OF TOP NAVBAR ========= -->

<HR>
<!-- ======== START OF CLASS DATA ======== -->
<H2>
<FONT SIZE="-1">
com.golden.gamedev.gui</FONT>
<BR>
Class TButton</H2>
<PRE>
java.lang.Object
  <IMG SRC="../../../../resources/inherit.gif" ALT="extended by "><A HREF="../../../../com/golden/gamedev/gui/toolkit/TComponent.html" title="class in com.golden.gamedev.gui.toolkit">com.golden.gamedev.gui.toolkit.TComponent</A>
      <IMG SRC="../../../../resources/inherit.gif" ALT="extended by "><B>com.golden.gamedev.gui.TButton</B>
</PRE>
<DL>
<DT><B>Direct Known Subclasses:</B> <DD><A HREF="../../../../com/golden/gamedev/gui/TFloatPanel.TTitleBar.TTitleBarButton.html" title="class in com.golden.gamedev.gui">TFloatPanel.TTitleBar.TTitleBarButton</A></DD>
</DL>
<HR>
<DL>
<DT><PRE>public class <B>TButton</B><DT>extends <A HREF="../../../../com/golden/gamedev/gui/toolkit/TComponent.html" title="class in com.golden.gamedev.gui.toolkit">TComponent</A></DL>
</PRE>

<P>
<HR>

<P>
<!-- =========== FIELD SUMMARY =========== -->

<A NAME="field_summary"><!-- --></A>
<TABLE BORDER="1" WIDTH="100%" CELLPADDING="3" CELLSPACING="0" SUMMARY="">
<TR BGCOLOR="#CCCCFF" CLASS="TableHeadingColor">
<TH ALIGN="left" COLSPAN="2"><FONT SIZE="+2">
<B>Field Summary</B></FONT></TH>
</TR>
</TABLE>
&nbsp;<A NAME="fields_inherited_from_class_com.golden.gamedev.gui.toolkit.TComponent"><!-- --></A>
<TABLE BORDER="1" WIDTH="100%" CELLPADDING="3" CELLSPACING="0" SUMMARY="">
<TR BGCOLOR="#EEEEFF" CLASS="TableSubHeadingColor">
<TH ALIGN="left"><B>Fields inherited from class com.golden.gamedev.gui.toolkit.<A HREF="../../../../com/golden/gamedev/gui/toolkit/TComponent.html" title="class in com.golden.gamedev.gui.toolkit">TComponent</A></B></TH>
</TR>
<TR BGCOLOR="white" CLASS="TableRowColor">
<TD><CODE><A HREF="../../../../com/golden/gamedev/gui/toolkit/TComponent.html#bsInput">bsInput</A>, <A HREF="../../../../com/golden/gamedev/gui/toolkit/TComponent.html#customRendering">customRendering</A>, <A HREF="../../../../com/golden/gamedev/gui/toolkit/TComponent.html#frame">frame</A>, <A HREF="../../../../com/golden/gamedev/gui/toolkit/TComponent.html#ui">ui</A>, <A HREF="../../../../com/golden/gamedev/gui/toolkit/TComponent.html#UIResource">UIResource</A></CODE></TD>
</TR>
</TABLE>
&nbsp;
<!-- ======== CONSTRUCTOR SUMMARY ======== -->

<A NAME="constructor_summary"><!-- --></A>
<TABLE BORDER="1" WIDTH="100%" CELLPADDING="3" CELLSPACING="0" SUMMARY="">
<TR BGCOLOR="#CCCCFF" CLASS="TableHeadingColor">
<TH ALIGN="left" COLSPAN="2"><FONT SIZE="+2">
<B>Constructor Summary</B></FONT></TH>
</TR>
<TR BGCOLOR="white" CLASS="TableRowColor">
<TD><CODE><B><A HREF="../../../../com/golden/gamedev/gui/TButton.html#TButton(java.lang.String, int, int, int, int)">TButton</A></B>(java.lang.String&nbsp;text,
        int&nbsp;x,
        int&nbsp;y,
        int&nbsp;w,
        int&nbsp;h)</CODE>

<BR>
&nbsp;&nbsp;&nbsp;&nbsp;&nbsp;&nbsp;&nbsp;&nbsp;&nbsp;&nbsp;&nbsp;</TD>
</TR>
</TABLE>
&nbsp;
<!-- ========== METHOD SUMMARY =========== -->

<A NAME="method_summary"><!-- --></A>
<TABLE BORDER="1" WIDTH="100%" CELLPADDING="3" CELLSPACING="0" SUMMARY="">
<TR BGCOLOR="#CCCCFF" CLASS="TableHeadingColor">
<TH ALIGN="left" COLSPAN="2"><FONT SIZE="+2">
<B>Method Summary</B></FONT></TH>
</TR>
<TR BGCOLOR="white" CLASS="TableRowColor">
<TD ALIGN="right" VALIGN="top" WIDTH="1%"><FONT SIZE="-1">
<CODE>&nbsp;void</CODE></FONT></TD>
<TD><CODE><B><A HREF="../../../../com/golden/gamedev/gui/TButton.html#doAction()">doAction</A></B>()</CODE>

<BR>
&nbsp;&nbsp;&nbsp;&nbsp;&nbsp;&nbsp;&nbsp;&nbsp;&nbsp;&nbsp;Do the action as the user pressed and released this button.</TD>
</TR>
<TR BGCOLOR="white" CLASS="TableRowColor">
<TD ALIGN="right" VALIGN="top" WIDTH="1%"><FONT SIZE="-1">
<CODE>&nbsp;void</CODE></FONT></TD>
<TD><CODE><B><A HREF="../../../../com/golden/gamedev/gui/TButton.html#doClick(int)">doClick</A></B>(int&nbsp;pressedTime)</CODE>

<BR>
&nbsp;&nbsp;&nbsp;&nbsp;&nbsp;&nbsp;&nbsp;&nbsp;&nbsp;&nbsp;Programmatically perform a "click", with the button stays in pressed
 state for <code>pressedTime</code> time.</TD>
</TR>
<TR BGCOLOR="white" CLASS="TableRowColor">
<TD ALIGN="right" VALIGN="top" WIDTH="1%"><FONT SIZE="-1">
<CODE>&nbsp;java.lang.String</CODE></FONT></TD>
<TD><CODE><B><A HREF="../../../../com/golden/gamedev/gui/TButton.html#getText()">getText</A></B>()</CODE>

<BR>
&nbsp;&nbsp;&nbsp;&nbsp;&nbsp;&nbsp;&nbsp;&nbsp;&nbsp;&nbsp;&nbsp;</TD>
</TR>
<TR BGCOLOR="white" CLASS="TableRowColor">
<TD ALIGN="right" VALIGN="top" WIDTH="1%"><FONT SIZE="-1">
<CODE>&nbsp;boolean</CODE></FONT></TD>
<TD><CODE><B><A HREF="../../../../com/golden/gamedev/gui/TButton.html#isMouseOver()">isMouseOver</A></B>()</CODE>

<BR>
&nbsp;&nbsp;&nbsp;&nbsp;&nbsp;&nbsp;&nbsp;&nbsp;&nbsp;&nbsp;&nbsp;</TD>
</TR>
<TR BGCOLOR="white" CLASS="TableRowColor">
<TD ALIGN="right" VALIGN="top" WIDTH="1%"><FONT SIZE="-1">
<CODE>&nbsp;boolean</CODE></FONT></TD>
<TD><CODE><B><A HREF="../../../../com/golden/gamedev/gui/TButton.html#isMousePressed()">isMousePressed</A></B>()</CODE>

<BR>
&nbsp;&nbsp;&nbsp;&nbsp;&nbsp;&nbsp;&nbsp;&nbsp;&nbsp;&nbsp;&nbsp;</TD>
</TR>
<TR BGCOLOR="white" CLASS="TableRowColor">
<TD ALIGN="right" VALIGN="top" WIDTH="1%"><FONT SIZE="-1">
<CODE>protected &nbsp;void</CODE></FONT></TD>
<TD><CODE><B><A HREF="../../../../com/golden/gamedev/gui/TButton.html#processKeyPressed()">processKeyPressed</A></B>()</CODE>

<BR>
&nbsp;&nbsp;&nbsp;&nbsp;&nbsp;&nbsp;&nbsp;&nbsp;&nbsp;&nbsp;&nbsp;</TD>
</TR>
<TR BGCOLOR="white" CLASS="TableRowColor">
<TD ALIGN="right" VALIGN="top" WIDTH="1%"><FONT SIZE="-1">
<CODE>protected &nbsp;void</CODE></FONT></TD>
<TD><CODE><B><A HREF="../../../../com/golden/gamedev/gui/TButton.html#processKeyReleased()">processKeyReleased</A></B>()</CODE>

<BR>
&nbsp;&nbsp;&nbsp;&nbsp;&nbsp;&nbsp;&nbsp;&nbsp;&nbsp;&nbsp;&nbsp;</TD>
</TR>
<TR BGCOLOR="white" CLASS="TableRowColor">
<TD ALIGN="right" VALIGN="top" WIDTH="1%"><FONT SIZE="-1">
<CODE>protected &nbsp;void</CODE></FONT></TD>
<TD><CODE><B><A HREF="../../../../com/golden/gamedev/gui/TButton.html#processMouseClicked()">processMouseClicked</A></B>()</CODE>

<BR>
&nbsp;&nbsp;&nbsp;&nbsp;&nbsp;&nbsp;&nbsp;&nbsp;&nbsp;&nbsp;&nbsp;</TD>
</TR>
<TR BGCOLOR="white" CLASS="TableRowColor">
<TD ALIGN="right" VALIGN="top" WIDTH="1%"><FONT SIZE="-1">
<CODE>protected &nbsp;void</CODE></FONT></TD>
<TD><CODE><B><A HREF="../../../../com/golden/gamedev/gui/TButton.html#processMouseDragged()">processMouseDragged</A></B>()</CODE>

<BR>
&nbsp;&nbsp;&nbsp;&nbsp;&nbsp;&nbsp;&nbsp;&nbsp;&nbsp;&nbsp;&nbsp;</TD>
</TR>
<TR BGCOLOR="white" CLASS="TableRowColor">
<TD ALIGN="right" VALIGN="top" WIDTH="1%"><FONT SIZE="-1">
<CODE>protected &nbsp;void</CODE></FONT></TD>
<TD><CODE><B><A HREF="../../../../com/golden/gamedev/gui/TButton.html#processMouseEntered()">processMouseEntered</A></B>()</CODE>

<BR>
&nbsp;&nbsp;&nbsp;&nbsp;&nbsp;&nbsp;&nbsp;&nbsp;&nbsp;&nbsp;&nbsp;</TD>
</TR>
<TR BGCOLOR="white" CLASS="TableRowColor">
<TD ALIGN="right" VALIGN="top" WIDTH="1%"><FONT SIZE="-1">
<CODE>protected &nbsp;void</CODE></FONT></TD>
<TD><CODE><B><A HREF="../../../../com/golden/gamedev/gui/TButton.html#processMouseExited()">processMouseExited</A></B>()</CODE>

<BR>
&nbsp;&nbsp;&nbsp;&nbsp;&nbsp;&nbsp;&nbsp;&nbsp;&nbsp;&nbsp;&nbsp;</TD>
</TR>
<TR BGCOLOR="white" CLASS="TableRowColor">
<TD ALIGN="right" VALIGN="top" WIDTH="1%"><FONT SIZE="-1">
<CODE>protected &nbsp;void</CODE></FONT></TD>
<TD><CODE><B><A HREF="../../../../com/golden/gamedev/gui/TButton.html#processMousePressed()">processMousePressed</A></B>()</CODE>

<BR>
&nbsp;&nbsp;&nbsp;&nbsp;&nbsp;&nbsp;&nbsp;&nbsp;&nbsp;&nbsp;&nbsp;</TD>
</TR>
<TR BGCOLOR="white" CLASS="TableRowColor">
<TD ALIGN="right" VALIGN="top" WIDTH="1%"><FONT SIZE="-1">
<CODE>protected &nbsp;void</CODE></FONT></TD>
<TD><CODE><B><A HREF="../../../../com/golden/gamedev/gui/TButton.html#processMouseReleased()">processMouseReleased</A></B>()</CODE>

<BR>
&nbsp;&nbsp;&nbsp;&nbsp;&nbsp;&nbsp;&nbsp;&nbsp;&nbsp;&nbsp;&nbsp;</TD>
</TR>
<TR BGCOLOR="white" CLASS="TableRowColor">
<TD ALIGN="right" VALIGN="top" WIDTH="1%"><FONT SIZE="-1">
<CODE>&nbsp;void</CODE></FONT></TD>
<TD><CODE><B><A HREF="../../../../com/golden/gamedev/gui/TButton.html#setText(java.lang.String)">setText</A></B>(java.lang.String&nbsp;st)</CODE>

<BR>
&nbsp;&nbsp;&nbsp;&nbsp;&nbsp;&nbsp;&nbsp;&nbsp;&nbsp;&nbsp;&nbsp;</TD>
</TR>
<TR BGCOLOR="white" CLASS="TableRowColor">
<TD ALIGN="right" VALIGN="top" WIDTH="1%"><FONT SIZE="-1">
<CODE>&nbsp;java.lang.String</CODE></FONT></TD>
<TD><CODE><B><A HREF="../../../../com/golden/gamedev/gui/TButton.html#toString()">toString</A></B>()</CODE>

<BR>
&nbsp;&nbsp;&nbsp;&nbsp;&nbsp;&nbsp;&nbsp;&nbsp;&nbsp;&nbsp;&nbsp;</TD>
</TR>
<TR BGCOLOR="white" CLASS="TableRowColor">
<TD ALIGN="right" VALIGN="top" WIDTH="1%"><FONT SIZE="-1">
<CODE>&nbsp;java.lang.String</CODE></FONT></TD>
<TD><CODE><B><A HREF="../../../../com/golden/gamedev/gui/TButton.html#UIName()">UIName</A></B>()</CODE>

<BR>
&nbsp;&nbsp;&nbsp;&nbsp;&nbsp;&nbsp;&nbsp;&nbsp;&nbsp;&nbsp;This Component UI Name is <b>Button</b>.</TD>
</TR>
<TR BGCOLOR="white" CLASS="TableRowColor">
<TD ALIGN="right" VALIGN="top" WIDTH="1%"><FONT SIZE="-1">
<CODE>&nbsp;void</CODE></FONT></TD>
<TD><CODE><B><A HREF="../../../../com/golden/gamedev/gui/TButton.html#update()">update</A></B>()</CODE>

<BR>
&nbsp;&nbsp;&nbsp;&nbsp;&nbsp;&nbsp;&nbsp;&nbsp;&nbsp;&nbsp;Updates component state.</TD>
</TR>
</TABLE>
&nbsp;<A NAME="methods_inherited_from_class_com.golden.gamedev.gui.toolkit.TComponent"><!-- --></A>
<TABLE BORDER="1" WIDTH="100%" CELLPADDING="3" CELLSPACING="0" SUMMARY="">
<TR BGCOLOR="#EEEEFF" CLASS="TableSubHeadingColor">
<TH ALIGN="left"><B>Methods inherited from class com.golden.gamedev.gui.toolkit.<A HREF="../../../../com/golden/gamedev/gui/toolkit/TComponent.html" title="class in com.golden.gamedev.gui.toolkit">TComponent</A></B></TH>
</TR>
<TR BGCOLOR="white" CLASS="TableRowColor">
<TD><CODE><A HREF="../../../../com/golden/gamedev/gui/toolkit/TComponent.html#checkFocusKey()">checkFocusKey</A>, <A HREF="../../../../com/golden/gamedev/gui/toolkit/TComponent.html#createCustomUI(int, int)">createCustomUI</A>, <A HREF="../../../../com/golden/gamedev/gui/toolkit/TComponent.html#createRenderedUI(int, int)">createRenderedUI</A>, <A HREF="../../../../com/golden/gamedev/gui/toolkit/TComponent.html#createUI()">createUI</A>, <A HREF="../../../../com/golden/gamedev/gui/toolkit/TComponent.html#dispose()">dispose</A>, <A HREF="../../../../com/golden/gamedev/gui/toolkit/TComponent.html#getContainer()">getContainer</A>, <A HREF="../../../../com/golden/gamedev/gui/toolkit/TComponent.html#getExternalUI()">getExternalUI</A>, <A HREF="../../../../com/golden/gamedev/gui/toolkit/TComponent.html#getHeight()">getHeight</A>, <A HREF="../../../../com/golden/gamedev/gui/toolkit/TComponent.html#getLayer()">getLayer</A>, <A HREF="../../../../com/golden/gamedev/gui/toolkit/TComponent.html#getScreenX()">getScreenX</A>, <A HREF="../../../../com/golden/gamedev/gui/toolkit/TComponent.html#getScreenY()">getScreenY</A>, <A HREF="../../../../com/golden/gamedev/gui/toolkit/TComponent.html#getToolTipParent()">getToolTipParent</A>, <A HREF="../../../../com/golden/gamedev/gui/toolkit/TComponent.html#getToolTipText()">getToolTipText</A>, <A HREF="../../../../com/golden/gamedev/gui/toolkit/TComponent.html#getUIRenderer()">getUIRenderer</A>, <A HREF="../../../../com/golden/gamedev/gui/toolkit/TComponent.html#getWidth()">getWidth</A>, <A HREF="../../../../com/golden/gamedev/gui/toolkit/TComponent.html#getX()">getX</A>, <A HREF="../../../../com/golden/gamedev/gui/toolkit/TComponent.html#getY()">getY</A>, <A HREF="../../../../com/golden/gamedev/gui/toolkit/TComponent.html#intersects(int, int)">intersects</A>, <A HREF="../../../../com/golden/gamedev/gui/toolkit/TComponent.html#intersects(com.golden.gamedev.gui.toolkit.TComponent)">intersects</A>, <A HREF="../../../../com/golden/gamedev/gui/toolkit/TComponent.html#isContainer()">isContainer</A>, <A HREF="../../../../com/golden/gamedev/gui/toolkit/TComponent.html#isEnabled()">isEnabled</A>, <A HREF="../../../../com/golden/gamedev/gui/toolkit/TComponent.html#isFocusable()">isFocusable</A>, <A HREF="../../../../com/golden/gamedev/gui/toolkit/TComponent.html#isSelected()">isSelected</A>, <A HREF="../../../../com/golden/gamedev/gui/toolkit/TComponent.html#isVisible()">isVisible</A>, <A HREF="../../../../com/golden/gamedev/gui/toolkit/TComponent.html#move(int, int)">move</A>, <A HREF="../../../../com/golden/gamedev/gui/toolkit/TComponent.html#printUIResource()">printUIResource</A>, <A HREF="../../../../com/golden/gamedev/gui/toolkit/TComponent.html#processCustomUI()">processCustomUI</A>, <A HREF="../../../../com/golden/gamedev/gui/toolkit/TComponent.html#processExternalUI()">processExternalUI</A>, <A HREF="../../../../com/golden/gamedev/gui/toolkit/TComponent.html#processMouseMoved()">processMouseMoved</A>, <A HREF="../../../../com/golden/gamedev/gui/toolkit/TComponent.html#processRenderedUI()">processRenderedUI</A>, <A HREF="../../../../com/golden/gamedev/gui/toolkit/TComponent.html#render(java.awt.Graphics2D)">render</A>, <A HREF="../../../../com/golden/gamedev/gui/toolkit/TComponent.html#renderCustomUI(java.awt.Graphics2D, int, int, int, int)">renderCustomUI</A>, <A HREF="../../../../com/golden/gamedev/gui/toolkit/TComponent.html#requestFocus()">requestFocus</A>, <A HREF="../../../../com/golden/gamedev/gui/toolkit/TComponent.html#setBounds(int, int, int, int)">setBounds</A>, <A HREF="../../../../com/golden/gamedev/gui/toolkit/TComponent.html#setEnabled(boolean)">setEnabled</A>, <A HREF="../../../../com/golden/gamedev/gui/toolkit/TComponent.html#setExternalUI(java.awt.image.BufferedImage[], boolean)">setExternalUI</A>, <A HREF="../../../../com/golden/gamedev/gui/toolkit/TComponent.html#setFocusable(boolean)">setFocusable</A>, <A HREF="../../../../com/golden/gamedev/gui/toolkit/TComponent.html#setLayer(int)">setLayer</A>, <A HREF="../../../../com/golden/gamedev/gui/toolkit/TComponent.html#setLocation(int, int)">setLocation</A>, <A HREF="../../../../com/golden/gamedev/gui/toolkit/TComponent.html#setSize(int, int)">setSize</A>, <A HREF="../../../../com/golden/gamedev/gui/toolkit/TComponent.html#setToolTipParent(com.golden.gamedev.gui.toolkit.TComponent)">setToolTipParent</A>, <A HREF="../../../../com/golden/gamedev/gui/toolkit/TComponent.html#setToolTipText(java.lang.String)">setToolTipText</A>, <A HREF="../../../../com/golden/gamedev/gui/toolkit/TComponent.html#setUIRenderer(com.golden.gamedev.gui.toolkit.UIRenderer)">setUIRenderer</A>, <A HREF="../../../../com/golden/gamedev/gui/toolkit/TComponent.html#setVisible(boolean)">setVisible</A>, <A HREF="../../../../com/golden/gamedev/gui/toolkit/TComponent.html#transferFocus()">transferFocus</A>, <A HREF="../../../../com/golden/gamedev/gui/toolkit/TComponent.html#transferFocusBackward()">transferFocusBackward</A>, <A HREF="../../../../com/golden/gamedev/gui/toolkit/TComponent.html#UIResource()">UIResource</A>, <A HREF="../../../../com/golden/gamedev/gui/toolkit/TComponent.html#validatePosition()">validatePosition</A>, <A HREF="../../../../com/golden/gamedev/gui/toolkit/TComponent.html#validateSize()">validateSize</A>, <A HREF="../../../../com/golden/gamedev/gui/toolkit/TComponent.html#validateUI()">validateUI</A></CODE></TD>
</TR>
</TABLE>
&nbsp;<A NAME="methods_inherited_from_class_java.lang.Object"><!-- --></A>
<TABLE BORDER="1" WIDTH="100%" CELLPADDING="3" CELLSPACING="0" SUMMARY="">
<TR BGCOLOR="#EEEEFF" CLASS="TableSubHeadingColor">
<TH ALIGN="left"><B>Methods inherited from class java.lang.Object</B></TH>
</TR>
<TR BGCOLOR="white" CLASS="TableRowColor">
<TD><CODE>clone, equals, finalize, getClass, hashCode, notify, notifyAll, wait, wait, wait</CODE></TD>
</TR>
</TABLE>
&nbsp;
<P>

<!-- ========= CONSTRUCTOR DETAIL ======== -->

<A NAME="constructor_detail"><!-- --></A>
<TABLE BORDER="1" WIDTH="100%" CELLPADDING="3" CELLSPACING="0" SUMMARY="">
<TR BGCOLOR="#CCCCFF" CLASS="TableHeadingColor">
<TH ALIGN="left" COLSPAN="1"><FONT SIZE="+2">
<B>Constructor Detail</B></FONT></TH>
</TR>
</TABLE>

<A NAME="TButton(java.lang.String, int, int, int, int)"><!-- --></A><H3>
TButton</H3>
<PRE>
public <B>TButton</B>(java.lang.String&nbsp;text,
               int&nbsp;x,
               int&nbsp;y,
               int&nbsp;w,
               int&nbsp;h)</PRE>
<DL>
</DL>

<!-- ============ METHOD DETAIL ========== -->

<A NAME="method_detail"><!-- --></A>
<TABLE BORDER="1" WIDTH="100%" CELLPADDING="3" CELLSPACING="0" SUMMARY="">
<TR BGCOLOR="#CCCCFF" CLASS="TableHeadingColor">
<TH ALIGN="left" COLSPAN="1"><FONT SIZE="+2">
<B>Method Detail</B></FONT></TH>
</TR>
</TABLE>

<A NAME="update()"><!-- --></A><H3>
update</H3>
<PRE>
public void <B>update</B>()</PRE>
<DL>
<DD><B>Description copied from class: <CODE><A HREF="../../../../com/golden/gamedev/gui/toolkit/TComponent.html#update()">TComponent</A></CODE></B></DD>
<DD>Updates component state.
<P>
<DD><DL>
<DT><B>Overrides:</B><DD><CODE><A HREF="../../../../com/golden/gamedev/gui/toolkit/TComponent.html#update()">update</A></CODE> in class <CODE><A HREF="../../../../com/golden/gamedev/gui/toolkit/TComponent.html" title="class in com.golden.gamedev.gui.toolkit">TComponent</A></CODE></DL>
</DD>
<DD><DL>
</DL>
</DD>
</DL>
<HR>

<A NAME="isMouseOver()"><!-- --></A><H3>
isMouseOver</H3>
<PRE>
public boolean <B>isMouseOver</B>()</PRE>
<DL>
<DD><DL>
</DL>
</DD>
</DL>
<HR>

<A NAME="isMousePressed()"><!-- --></A><H3>
isMousePressed</H3>
<PRE>
public boolean <B>isMousePressed</B>()</PRE>
<DL>
<DD><DL>
</DL>
</DD>
</DL>
<HR>

<A NAME="getText()"><!-- --></A><H3>
getText</H3>
<PRE>
public java.lang.String <B>getText</B>()</PRE>
<DL>
<DD><DL>
</DL>
</DD>
</DL>
<HR>

<A NAME="setText(java.lang.String)"><!-- --></A><H3>
setText</H3>
<PRE>
public void <B>setText</B>(java.lang.String&nbsp;st)</PRE>
<DL>
<DD><DL>
</DL>
</DD>
</DL>
<HR>

<A NAME="doAction()"><!-- --></A><H3>
doAction</H3>
<PRE>
public void <B>doAction</B>()</PRE>
<DL>
<DD>Do the action as the user pressed and released this button.
<P>
<DD><DL>
</DL>
</DD>
</DL>
<HR>

<A NAME="doClick(int)"><!-- --></A><H3>
doClick</H3>
<PRE>
public void <B>doClick</B>(int&nbsp;pressedTime)</PRE>
<DL>
<DD>Programmatically perform a "click", with the button stays in pressed
 state for <code>pressedTime</code> time. The button action will also be
 performed.
<P>
<DD><DL>
<DT><B>Parameters:</B><DD><CODE>pressedTime</CODE> - time for the button to stay in pressed state</DL>
</DD>
</DL>
<HR>

<A NAME="processMousePressed()"><!-- --></A><H3>
processMousePressed</H3>
<PRE>
protected void <B>processMousePressed</B>()</PRE>
<DL>
<DD><DL>
<DT><B>Overrides:</B><DD><CODE><A HREF="../../../../com/golden/gamedev/gui/toolkit/TComponent.html#processMousePressed()">processMousePressed</A></CODE> in class <CODE><A HREF="../../../../com/golden/gamedev/gui/toolkit/TComponent.html" title="class in com.golden.gamedev.gui.toolkit">TComponent</A></CODE></DL>
</DD>
<DD><DL>
</DL>
</DD>
</DL>
<HR>

<A NAME="processMouseReleased()"><!-- --></A><H3>
processMouseReleased</H3>
<PRE>
protected void <B>processMouseReleased</B>()</PRE>
<DL>
<DD><DL>
<DT><B>Overrides:</B><DD><CODE><A HREF="../../../../com/golden/gamedev/gui/toolkit/TComponent.html#processMouseReleased()">processMouseReleased</A></CODE> in class <CODE><A HREF="../../../../com/golden/gamedev/gui/toolkit/TComponent.html" title="class in com.golden.gamedev.gui.toolkit">TComponent</A></CODE></DL>
</DD>
<DD><DL>
</DL>
</DD>
</DL>
<HR>

<A NAME="processMouseClicked()"><!-- --></A><H3>
processMouseClicked</H3>
<PRE>
protected void <B>processMouseClicked</B>()</PRE>
<DL>
<DD><DL>
<DT><B>Overrides:</B><DD><CODE><A HREF="../../../../com/golden/gamedev/gui/toolkit/TComponent.html#processMouseClicked()">processMouseClicked</A></CODE> in class <CODE><A HREF="../../../../com/golden/gamedev/gui/toolkit/TComponent.html" title="class in com.golden.gamedev.gui.toolkit">TComponent</A></CODE></DL>
</DD>
<DD><DL>
</DL>
</DD>
</DL>
<HR>

<A NAME="processKeyPressed()"><!-- --></A><H3>
processKeyPressed</H3>
<PRE>
protected void <B>processKeyPressed</B>()</PRE>
<DL>
<DD><DL>
<DT><B>Overrides:</B><DD><CODE><A HREF="../../../../com/golden/gamedev/gui/toolkit/TComponent.html#processKeyPressed()">processKeyPressed</A></CODE> in class <CODE><A HREF="../../../../com/golden/gamedev/gui/toolkit/TComponent.html" title="class in com.golden.gamedev.gui.toolkit">TComponent</A></CODE></DL>
</DD>
<DD><DL>
</DL>
</DD>
</DL>
<HR>

<A NAME="processKeyReleased()"><!-- --></A><H3>
processKeyReleased</H3>
<PRE>
protected void <B>processKeyReleased</B>()</PRE>
<DL>
<DD><DL>
<DT><B>Overrides:</B><DD><CODE><A HREF="../../../../com/golden/gamedev/gui/toolkit/TComponent.html#processKeyReleased()">processKeyReleased</A></CODE> in class <CODE><A HREF="../../../../com/golden/gamedev/gui/toolkit/TComponent.html" title="class in com.golden.gamedev.gui.toolkit">TComponent</A></CODE></DL>
</DD>
<DD><DL>
</DL>
</DD>
</DL>
<HR>

<A NAME="processMouseEntered()"><!-- --></A><H3>
processMouseEntered</H3>
<PRE>
protected void <B>processMouseEntered</B>()</PRE>
<DL>
<DD><DL>
<DT><B>Overrides:</B><DD><CODE><A HREF="../../../../com/golden/gamedev/gui/toolkit/TComponent.html#processMouseEntered()">processMouseEntered</A></CODE> in class <CODE><A HREF="../../../../com/golden/gamedev/gui/toolkit/TComponent.html" title="class in com.golden.gamedev.gui.toolkit">TComponent</A></CODE></DL>
</DD>
<DD><DL>
</DL>
</DD>
</DL>
<HR>

<A NAME="processMouseExited()"><!-- --></A><H3>
processMouseExited</H3>
<PRE>
protected void <B>processMouseExited</B>()</PRE>
<DL>
<DD><DL>
<DT><B>Overrides:</B><DD><CODE><A HREF="../../../../com/golden/gamedev/gui/toolkit/TComponent.html#processMouseExited()">processMouseExited</A></CODE> in class <CODE><A HREF="../../../../com/golden/gamedev/gui/toolkit/TComponent.html" title="class in com.golden.gamedev.gui.toolkit">TComponent</A></CODE></DL>
</DD>
<DD><DL>
</DL>
</DD>
</DL>
<HR>

<A NAME="processMouseDragged()"><!-- --></A><H3>
processMouseDragged</H3>
<PRE>
protected void <B>processMouseDragged</B>()</PRE>
<DL>
<DD><DL>
<DT><B>Overrides:</B><DD><CODE><A HREF="../../../../com/golden/gamedev/gui/toolkit/TComponent.html#processMouseDragged()">processMouseDragged</A></CODE> in class <CODE><A HREF="../../../../com/golden/gamedev/gui/toolkit/TComponent.html" title="class in com.golden.gamedev.gui.toolkit">TComponent</A></CODE></DL>
</DD>
<DD><DL>
</DL>
</DD>
</DL>
<HR>

<A NAME="UIName()"><!-- --></A><H3>
UIName</H3>
<PRE>
public java.lang.String <B>UIName</B>()</PRE>
<DL>
<DD>This Component UI Name is <b>Button</b>.
<P>
<DD><DL>
<DT><B>Specified by:</B><DD><CODE><A HREF="../../../../com/golden/gamedev/gui/toolkit/TComponent.html#UIName()">UIName</A></CODE> in class <CODE><A HREF="../../../../com/golden/gamedev/gui/toolkit/TComponent.html" title="class in com.golden.gamedev.gui.toolkit">TComponent</A></CODE></DL>
</DD>
<DD><DL>

<DT><B>Returns:</B><DD>Component UI Name</DL>
</DD>
</DL>
<HR>

<A NAME="toString()"><!-- --></A><H3>
toString</H3>
<PRE>
public java.lang.String <B>toString</B>()</PRE>
<DL>
<DD><DL>
<DT><B>Overrides:</B><DD><CODE><A HREF="../../../../com/golden/gamedev/gui/toolkit/TComponent.html#toString()">toString</A></CODE> in class <CODE><A HREF="../../../../com/golden/gamedev/gui/toolkit/TComponent.html" title="class in com.golden.gamedev.gui.toolkit">TComponent</A></CODE></DL>
</DD>
<DD><DL>
</DL>
</DD>
</DL>
<!-- ========= END OF CLASS DATA ========= -->
<HR>


<!-- ======= START OF BOTTOM NAVBAR ====== -->
<A NAME="navbar_bottom"><!-- --></A>
<A HREF="#skip-navbar_bottom" title="Skip navigation links"></A>
<TABLE BORDER="0" WIDTH="100%" CELLPADDING="1" CELLSPACING="0" SUMMARY="">
<TR>
<TD COLSPAN=2 BGCOLOR="#EEEEFF" CLASS="NavBarCell1">
<A NAME="navbar_bottom_firstrow"><!-- --></A>
<TABLE BORDER="0" CELLPADDING="0" CELLSPACING="3" SUMMARY="">
  <TR ALIGN="center" VALIGN="top">
  <TD BGCOLOR="#EEEEFF" CLASS="NavBarCell1">    <A HREF="../../../../overview-summary.html"><FONT CLASS="NavBarFont1"><B>Overview</B></FONT></A>&nbsp;</TD>
  <TD BGCOLOR="#EEEEFF" CLASS="NavBarCell1">    <A HREF="package-summary.html"><FONT CLASS="NavBarFont1"><B>Package</B></FONT></A>&nbsp;</TD>
  <TD BGCOLOR="#FFFFFF" CLASS="NavBarCell1Rev"> &nbsp;<FONT CLASS="NavBarFont1Rev"><B>Class</B></FONT>&nbsp;</TD>
  <TD BGCOLOR="#EEEEFF" CLASS="NavBarCell1">    <A HREF="class-use/TButton.html"><FONT CLASS="NavBarFont1"><B>Use</B></FONT></A>&nbsp;</TD>
  <TD BGCOLOR="#EEEEFF" CLASS="NavBarCell1">    <A HREF="package-tree.html"><FONT CLASS="NavBarFont1"><B>Tree</B></FONT></A>&nbsp;</TD>
  <TD BGCOLOR="#EEEEFF" CLASS="NavBarCell1">    <A HREF="../../../../deprecated-list.html"><FONT CLASS="NavBarFont1"><B>Deprecated</B></FONT></A>&nbsp;</TD>
  <TD BGCOLOR="#EEEEFF" CLASS="NavBarCell1">    <A HREF="../../../../index-files/index-1.html"><FONT CLASS="NavBarFont1"><B>Index</B></FONT></A>&nbsp;</TD>
  <TD BGCOLOR="#EEEEFF" CLASS="NavBarCell1">    <A HREF="../../../../help-doc.html"><FONT CLASS="NavBarFont1"><B>Help</B></FONT></A>&nbsp;</TD>
  </TR>
</TABLE>
</TD>
<TD ALIGN="right" VALIGN="top" ROWSPAN=3><EM>
</EM>
</TD>
</TR>

<TR>
<TD BGCOLOR="white" CLASS="NavBarCell2"><FONT SIZE="-2">
&nbsp;PREV CLASS&nbsp;
&nbsp;<A HREF="../../../../com/golden/gamedev/gui/TFloatPanel.html" title="class in com.golden.gamedev.gui"><B>NEXT CLASS</B></A></FONT></TD>
<TD BGCOLOR="white" CLASS="NavBarCell2"><FONT SIZE="-2">
  <A HREF="../../../../index.html?com/golden/gamedev/gui/TButton.html" target="_top"><B>FRAMES</B></A>  &nbsp;
&nbsp;<A HREF="TButton.html" target="_top"><B>NO FRAMES</B></A>  &nbsp;
&nbsp;<SCRIPT type="text/javascript">
  <!--
  if(window==top) {
    document.writeln('<A HREF="../../../../allclasses-noframe.html"><B>All Classes</B></A>');
  }
  //-->
</SCRIPT>
<NOSCRIPT>
  <A HREF="../../../../allclasses-noframe.html"><B>All Classes</B></A>
</NOSCRIPT>


</FONT></TD>
</TR>
<TR>
<TD VALIGN="top" CLASS="NavBarCell3"><FONT SIZE="-2">
  SUMMARY:&nbsp;NESTED&nbsp;|&nbsp;<A HREF="#fields_inherited_from_class_com.golden.gamedev.gui.toolkit.TComponent">FIELD</A>&nbsp;|&nbsp;<A HREF="#constructor_summary">CONSTR</A>&nbsp;|&nbsp;<A HREF="#method_summary">METHOD</A></FONT></TD>
<TD VALIGN="top" CLASS="NavBarCell3"><FONT SIZE="-2">
DETAIL:&nbsp;FIELD&nbsp;|&nbsp;<A HREF="#constructor_detail">CONSTR</A>&nbsp;|&nbsp;<A HREF="#method_detail">METHOD</A></FONT></TD>
</TR>
</TABLE>
<A NAME="skip-navbar_bottom"></A>
<!-- ======== END OF BOTTOM NAVBAR ======= -->

<HR>

</BODY>
</HTML>
