<!DOCTYPE HTML PUBLIC "-//W3C//DTD HTML 4.01 Transitional//EN" "http://www.w3.org/TR/html4/loose.dtd">
<!--NewPage-->
<HTML>
<HEAD>
<!-- Generated by javadoc (build 1.5.0_09) on Wed Oct 15 18:10:01 ART 2008 -->
<META http-equiv="Content-Type" content="text/html; charset=UTF-8">
<TITLE>
Uses of Interface com.golden.gamedev.engine.BaseGraphics
</TITLE>


<LINK REL ="stylesheet" TYPE="text/css" HREF="../../../../../stylesheet.css" TITLE="Style">

<SCRIPT type="text/javascript">
function windowTitle()
{
    parent.document.title="Uses of Interface com.golden.gamedev.engine.BaseGraphics";
}
</SCRIPT>
<NOSCRIPT>
</NOSCRIPT>

</HEAD>

<BODY BGCOLOR="white" onload="windowTitle();">


<!-- ========= START OF TOP NAVBAR ======= -->
<A NAME="navbar_top"><!-- --></A>
<A HREF="#skip-navbar_top" title="Skip navigation links"></A>
<TABLE BORDER="0" WIDTH="100%" CELLPADDING="1" CELLSPACING="0" SUMMARY="">
<TR>
<TD COLSPAN=2 BGCOLOR="#EEEEFF" CLASS="NavBarCell1">
<A NAME="navbar_top_firstrow"><!-- --></A>
<TABLE BORDER="0" CELLPADDING="0" CELLSPACING="3" SUMMARY="">
  <TR ALIGN="center" VALIGN="top">
  <TD BGCOLOR="#EEEEFF" CLASS="NavBarCell1">    <A HREF="../../../../../overview-summary.html"><FONT CLASS="NavBarFont1"><B>Overview</B></FONT></A>&nbsp;</TD>
  <TD BGCOLOR="#EEEEFF" CLASS="NavBarCell1">    <A HREF="../package-summary.html"><FONT CLASS="NavBarFont1"><B>Package</B></FONT></A>&nbsp;</TD>
  <TD BGCOLOR="#EEEEFF" CLASS="NavBarCell1">    <A HREF="../../../../../com/golden/gamedev/engine/BaseGraphics.html" title="interface in com.golden.gamedev.engine"><FONT CLASS="NavBarFont1"><B>Class</B></FONT></A>&nbsp;</TD>
  <TD BGCOLOR="#FFFFFF" CLASS="NavBarCell1Rev"> &nbsp;<FONT CLASS="NavBarFont1Rev"><B>Use</B></FONT>&nbsp;</TD>
  <TD BGCOLOR="#EEEEFF" CLASS="NavBarCell1">    <A HREF="../../../../../overview-tree.html"><FONT CLASS="NavBarFont1"><B>Tree</B></FONT></A>&nbsp;</TD>
  <TD BGCOLOR="#EEEEFF" CLASS="NavBarCell1">    <A HREF="../../../../../deprecated-list.html"><FONT CLASS="NavBarFont1"><B>Deprecated</B></FONT></A>&nbsp;</TD>
  <TD BGCOLOR="#EEEEFF" CLASS="NavBarCell1">    <A HREF="../../../../../index-files/index-1.html"><FONT CLASS="NavBarFont1"><B>Index</B></FONT></A>&nbsp;</TD>
  <TD BGCOLOR="#EEEEFF" CLASS="NavBarCell1">    <A HREF="../../../../../help-doc.html"><FONT CLASS="NavBarFont1"><B>Help</B></FONT></A>&nbsp;</TD>
  </TR>
</TABLE>
</TD>
<TD ALIGN="right" VALIGN="top" ROWSPAN=3><EM>
</EM>
</TD>
</TR>

<TR>
<TD BGCOLOR="white" CLASS="NavBarCell2"><FONT SIZE="-2">
&nbsp;PREV&nbsp;
&nbsp;NEXT</FONT></TD>
<TD BGCOLOR="white" CLASS="NavBarCell2"><FONT SIZE="-2">
  <A HREF="../../../../../index.html?com/golden/gamedev/engine/\class-useBaseGraphics.html" target="_top"><B>FRAMES</B></A>  &nbsp;
&nbsp;<A HREF="BaseGraphics.html" target="_top"><B>NO FRAMES</B></A>  &nbsp;
&nbsp;<SCRIPT type="text/javascript">
  <!--
  if(window==top) {
    document.writeln('<A HREF="../../../../../allclasses-noframe.html"><B>All Classes</B></A>');
  }
  //-->
</SCRIPT>
<NOSCRIPT>
  <A HREF="../../../../../allclasses-noframe.html"><B>All Classes</B></A>
</NOSCRIPT>


</FONT></TD>
</TR>
</TABLE>
<A NAME="skip-navbar_top"></A>
<!-- ========= END OF TOP NAVBAR ========= -->

<HR>
<CENTER>
<H2>
<B>Uses of Interface<br>com.golden.gamedev.engine.BaseGraphics</B></H2>
</CENTER>

<TABLE BORDER="1" WIDTH="100%" CELLPADDING="3" CELLSPACING="0" SUMMARY="">
<TR BGCOLOR="#CCCCFF" CLASS="TableHeadingColor">
<TH ALIGN="left" COLSPAN="2"><FONT SIZE="+2">
Packages that use <A HREF="../../../../../com/golden/gamedev/engine/BaseGraphics.html" title="interface in com.golden.gamedev.engine">BaseGraphics</A></FONT></TH>
</TR>
<TR BGCOLOR="white" CLASS="TableRowColor">
<TD><A HREF="#com.golden.gamedev"><B>com.golden.gamedev</B></A></TD>
<TD>The core package of Golden T Game Engine (GTGE) Frame Work<br />
<b>(this package is where you should start first)</b>.&nbsp;</TD>
</TR>
<TR BGCOLOR="white" CLASS="TableRowColor">
<TD><A HREF="#com.golden.gamedev.engine.graphics"><B>com.golden.gamedev.engine.graphics</B></A></TD>
<TD>Graphics engine implementation.&nbsp;</TD>
</TR>
<TR BGCOLOR="white" CLASS="TableRowColor">
<TD><A HREF="#com.golden.gamedev.funbox"><B>com.golden.gamedev.funbox</B></A></TD>
<TD>Provides miscellanous classes to enhance the game creation.&nbsp;</TD>
</TR>
<TR BGCOLOR="white" CLASS="TableRowColor">
<TD><A HREF="#com.golden.gamedev.object.background"><B>com.golden.gamedev.object.background</B></A></TD>
<TD>Background implementation.&nbsp;</TD>
</TR>
</TABLE>
&nbsp;
<P>
<A NAME="com.golden.gamedev"><!-- --></A>
<TABLE BORDER="1" WIDTH="100%" CELLPADDING="3" CELLSPACING="0" SUMMARY="">
<TR BGCOLOR="#CCCCFF" CLASS="TableHeadingColor">
<TH ALIGN="left" COLSPAN="2"><FONT SIZE="+2">
Uses of <A HREF="../../../../../com/golden/gamedev/engine/BaseGraphics.html" title="interface in com.golden.gamedev.engine">BaseGraphics</A> in <A HREF="../../../../../com/golden/gamedev/package-summary.html">com.golden.gamedev</A></FONT></TH>
</TR>
</TABLE>
&nbsp;
<P>

<TABLE BORDER="1" WIDTH="100%" CELLPADDING="3" CELLSPACING="0" SUMMARY="">
<TR BGCOLOR="#CCCCFF" CLASS="TableSubHeadingColor">
<TH ALIGN="left" COLSPAN="2">Classes in <A HREF="../../../../../com/golden/gamedev/package-summary.html">com.golden.gamedev</A> that implement <A HREF="../../../../../com/golden/gamedev/engine/BaseGraphics.html" title="interface in com.golden.gamedev.engine">BaseGraphics</A></FONT></TH>
</TR>
<TR BGCOLOR="white" CLASS="TableRowColor">
<TD ALIGN="right" VALIGN="top" WIDTH="1%"><FONT SIZE="-1">
<CODE>&nbsp;class</CODE></FONT></TD>
<TD><CODE><B><A HREF="../../../../../com/golden/gamedev/GameLoader.html" title="class in com.golden.gamedev">GameLoader</A></B></CODE>

<BR>
&nbsp;&nbsp;&nbsp;&nbsp;&nbsp;&nbsp;&nbsp;&nbsp;&nbsp;&nbsp;<code>GameLoader</code> class is the class that manages <code>Game</code>
 class initialization.</TD>
</TR>
</TABLE>
&nbsp;
<P>

<TABLE BORDER="1" WIDTH="100%" CELLPADDING="3" CELLSPACING="0" SUMMARY="">
<TR BGCOLOR="#CCCCFF" CLASS="TableSubHeadingColor">
<TH ALIGN="left" COLSPAN="2">Fields in <A HREF="../../../../../com/golden/gamedev/package-summary.html">com.golden.gamedev</A> declared as <A HREF="../../../../../com/golden/gamedev/engine/BaseGraphics.html" title="interface in com.golden.gamedev.engine">BaseGraphics</A></FONT></TH>
</TR>
<TR BGCOLOR="white" CLASS="TableRowColor">
<TD ALIGN="right" VALIGN="top" WIDTH="1%"><FONT SIZE="-1">
<CODE>&nbsp;<A HREF="../../../../../com/golden/gamedev/engine/BaseGraphics.html" title="interface in com.golden.gamedev.engine">BaseGraphics</A></CODE></FONT></TD>
<TD><CODE><B>Game.</B><B><A HREF="../../../../../com/golden/gamedev/Game.html#bsGraphics">bsGraphics</A></B></CODE>

<BR>
&nbsp;&nbsp;&nbsp;&nbsp;&nbsp;&nbsp;&nbsp;&nbsp;&nbsp;&nbsp;Graphics engine.</TD>
</TR>
<TR BGCOLOR="white" CLASS="TableRowColor">
<TD ALIGN="right" VALIGN="top" WIDTH="1%"><FONT SIZE="-1">
<CODE>&nbsp;<A HREF="../../../../../com/golden/gamedev/engine/BaseGraphics.html" title="interface in com.golden.gamedev.engine">BaseGraphics</A></CODE></FONT></TD>
<TD><CODE><B>GameObject.</B><B><A HREF="../../../../../com/golden/gamedev/GameObject.html#bsGraphics">bsGraphics</A></B></CODE>

<BR>
&nbsp;&nbsp;&nbsp;&nbsp;&nbsp;&nbsp;&nbsp;&nbsp;&nbsp;&nbsp;Graphics engine.</TD>
</TR>
<TR BGCOLOR="white" CLASS="TableRowColor">
<TD ALIGN="right" VALIGN="top" WIDTH="1%"><FONT SIZE="-1">
<CODE>protected &nbsp;<A HREF="../../../../../com/golden/gamedev/engine/BaseGraphics.html" title="interface in com.golden.gamedev.engine">BaseGraphics</A></CODE></FONT></TD>
<TD><CODE><B>GameLoader.</B><B><A HREF="../../../../../com/golden/gamedev/GameLoader.html#gfx">gfx</A></B></CODE>

<BR>
&nbsp;&nbsp;&nbsp;&nbsp;&nbsp;&nbsp;&nbsp;&nbsp;&nbsp;&nbsp;Graphics engine loaded by this <code>GameLoader</code>.</TD>
</TR>
</TABLE>
&nbsp;
<P>
<A NAME="com.golden.gamedev.engine.graphics"><!-- --></A>
<TABLE BORDER="1" WIDTH="100%" CELLPADDING="3" CELLSPACING="0" SUMMARY="">
<TR BGCOLOR="#CCCCFF" CLASS="TableHeadingColor">
<TH ALIGN="left" COLSPAN="2"><FONT SIZE="+2">
Uses of <A HREF="../../../../../com/golden/gamedev/engine/BaseGraphics.html" title="interface in com.golden.gamedev.engine">BaseGraphics</A> in <A HREF="../../../../../com/golden/gamedev/engine/graphics/package-summary.html">com.golden.gamedev.engine.graphics</A></FONT></TH>
</TR>
</TABLE>
&nbsp;
<P>

<TABLE BORDER="1" WIDTH="100%" CELLPADDING="3" CELLSPACING="0" SUMMARY="">
<TR BGCOLOR="#CCCCFF" CLASS="TableSubHeadingColor">
<TH ALIGN="left" COLSPAN="2">Classes in <A HREF="../../../../../com/golden/gamedev/engine/graphics/package-summary.html">com.golden.gamedev.engine.graphics</A> that implement <A HREF="../../../../../com/golden/gamedev/engine/BaseGraphics.html" title="interface in com.golden.gamedev.engine">BaseGraphics</A></FONT></TH>
</TR>
<TR BGCOLOR="white" CLASS="TableRowColor">
<TD ALIGN="right" VALIGN="top" WIDTH="1%"><FONT SIZE="-1">
<CODE>&nbsp;class</CODE></FONT></TD>
<TD><CODE><B><A HREF="../../../../../com/golden/gamedev/engine/graphics/AppletMode.html" title="class in com.golden.gamedev.engine.graphics">AppletMode</A></B></CODE>

<BR>
&nbsp;&nbsp;&nbsp;&nbsp;&nbsp;&nbsp;&nbsp;&nbsp;&nbsp;&nbsp;Graphics engine for Applet Environment.</TD>
</TR>
<TR BGCOLOR="white" CLASS="TableRowColor">
<TD ALIGN="right" VALIGN="top" WIDTH="1%"><FONT SIZE="-1">
<CODE>&nbsp;class</CODE></FONT></TD>
<TD><CODE><B><A HREF="../../../../../com/golden/gamedev/engine/graphics/DialogMode.html" title="class in com.golden.gamedev.engine.graphics">DialogMode</A></B></CODE>

<BR>
&nbsp;&nbsp;&nbsp;&nbsp;&nbsp;&nbsp;&nbsp;&nbsp;&nbsp;&nbsp;Graphics engine for a Dialog Environment.</TD>
</TR>
<TR BGCOLOR="white" CLASS="TableRowColor">
<TD ALIGN="right" VALIGN="top" WIDTH="1%"><FONT SIZE="-1">
<CODE>&nbsp;class</CODE></FONT></TD>
<TD><CODE><B><A HREF="../../../../../com/golden/gamedev/engine/graphics/FullScreenMode.html" title="class in com.golden.gamedev.engine.graphics">FullScreenMode</A></B></CODE>

<BR>
&nbsp;&nbsp;&nbsp;&nbsp;&nbsp;&nbsp;&nbsp;&nbsp;&nbsp;&nbsp;Graphics engine for Full Screen Exclusive Environment (FSEM).</TD>
</TR>
<TR BGCOLOR="white" CLASS="TableRowColor">
<TD ALIGN="right" VALIGN="top" WIDTH="1%"><FONT SIZE="-1">
<CODE>&nbsp;class</CODE></FONT></TD>
<TD><CODE><B><A HREF="../../../../../com/golden/gamedev/engine/graphics/WindowedMode.html" title="class in com.golden.gamedev.engine.graphics">WindowedMode</A></B></CODE>

<BR>
&nbsp;&nbsp;&nbsp;&nbsp;&nbsp;&nbsp;&nbsp;&nbsp;&nbsp;&nbsp;Graphics engine for Windowed Environment.</TD>
</TR>
</TABLE>
&nbsp;
<P>
<A NAME="com.golden.gamedev.funbox"><!-- --></A>
<TABLE BORDER="1" WIDTH="100%" CELLPADDING="3" CELLSPACING="0" SUMMARY="">
<TR BGCOLOR="#CCCCFF" CLASS="TableHeadingColor">
<TH ALIGN="left" COLSPAN="2"><FONT SIZE="+2">
Uses of <A HREF="../../../../../com/golden/gamedev/engine/BaseGraphics.html" title="interface in com.golden.gamedev.engine">BaseGraphics</A> in <A HREF="../../../../../com/golden/gamedev/funbox/package-summary.html">com.golden.gamedev.funbox</A></FONT></TH>
</TR>
</TABLE>
&nbsp;
<P>

<TABLE BORDER="1" WIDTH="100%" CELLPADDING="3" CELLSPACING="0" SUMMARY="">
<TR BGCOLOR="#CCCCFF" CLASS="TableSubHeadingColor">
<TH ALIGN="left" COLSPAN="2">Fields in <A HREF="../../../../../com/golden/gamedev/funbox/package-summary.html">com.golden.gamedev.funbox</A> declared as <A HREF="../../../../../com/golden/gamedev/engine/BaseGraphics.html" title="interface in com.golden.gamedev.engine">BaseGraphics</A></FONT></TH>
</TR>
<TR BGCOLOR="white" CLASS="TableRowColor">
<TD ALIGN="right" VALIGN="top" WIDTH="1%"><FONT SIZE="-1">
<CODE>protected &nbsp;<A HREF="../../../../../com/golden/gamedev/engine/BaseGraphics.html" title="interface in com.golden.gamedev.engine">BaseGraphics</A></CODE></FONT></TD>
<TD><CODE><B>ErrorNotificationDialog.</B><B><A HREF="../../../../../com/golden/gamedev/funbox/ErrorNotificationDialog.html#bsGraphics">bsGraphics</A></B></CODE>

<BR>
&nbsp;&nbsp;&nbsp;&nbsp;&nbsp;&nbsp;&nbsp;&nbsp;&nbsp;&nbsp;The graphics engine used by the game.</TD>
</TR>
</TABLE>
&nbsp;
<P>

<TABLE BORDER="1" WIDTH="100%" CELLPADDING="3" CELLSPACING="0" SUMMARY="">
<TR BGCOLOR="#CCCCFF" CLASS="TableSubHeadingColor">
<TH ALIGN="left" COLSPAN="2">Constructors in <A HREF="../../../../../com/golden/gamedev/funbox/package-summary.html">com.golden.gamedev.funbox</A> with parameters of type <A HREF="../../../../../com/golden/gamedev/engine/BaseGraphics.html" title="interface in com.golden.gamedev.engine">BaseGraphics</A></FONT></TH>
</TR>
<TR BGCOLOR="white" CLASS="TableRowColor">
<TD><CODE><B><A HREF="../../../../../com/golden/gamedev/funbox/ErrorNotificationDialog.html#ErrorNotificationDialog(java.lang.Throwable, com.golden.gamedev.engine.BaseGraphics, java.lang.String, java.lang.String)">ErrorNotificationDialog</A></B>(java.lang.Throwable&nbsp;error,
                        <A HREF="../../../../../com/golden/gamedev/engine/BaseGraphics.html" title="interface in com.golden.gamedev.engine">BaseGraphics</A>&nbsp;bsGraphics,
                        java.lang.String&nbsp;title,
                        java.lang.String&nbsp;emailAddress)</CODE>

<BR>
&nbsp;&nbsp;&nbsp;&nbsp;&nbsp;&nbsp;&nbsp;&nbsp;&nbsp;&nbsp;Builds up an error notification dialog for the player.</TD>
</TR>
</TABLE>
&nbsp;
<P>
<A NAME="com.golden.gamedev.object.background"><!-- --></A>
<TABLE BORDER="1" WIDTH="100%" CELLPADDING="3" CELLSPACING="0" SUMMARY="">
<TR BGCOLOR="#CCCCFF" CLASS="TableHeadingColor">
<TH ALIGN="left" COLSPAN="2"><FONT SIZE="+2">
Uses of <A HREF="../../../../../com/golden/gamedev/engine/BaseGraphics.html" title="interface in com.golden.gamedev.engine">BaseGraphics</A> in <A HREF="../../../../../com/golden/gamedev/object/background/package-summary.html">com.golden.gamedev.object.background</A></FONT></TH>
</TR>
</TABLE>
&nbsp;
<P>

<TABLE BORDER="1" WIDTH="100%" CELLPADDING="3" CELLSPACING="0" SUMMARY="">
<TR BGCOLOR="#CCCCFF" CLASS="TableSubHeadingColor">
<TH ALIGN="left" COLSPAN="2">Constructors in <A HREF="../../../../../com/golden/gamedev/object/background/package-summary.html">com.golden.gamedev.object.background</A> with parameters of type <A HREF="../../../../../com/golden/gamedev/engine/BaseGraphics.html" title="interface in com.golden.gamedev.engine">BaseGraphics</A></FONT></TH>
</TR>
<TR BGCOLOR="white" CLASS="TableRowColor">
<TD><CODE><B><A HREF="../../../../../com/golden/gamedev/object/background/CachedTileBackground.html#CachedTileBackground(com.golden.gamedev.engine.BaseGraphics, java.awt.image.BufferedImage[], int[][])">CachedTileBackground</A></B>(<A HREF="../../../../../com/golden/gamedev/engine/BaseGraphics.html" title="interface in com.golden.gamedev.engine">BaseGraphics</A>&nbsp;bsGraphics,
                     java.awt.image.BufferedImage[]&nbsp;images,
                     int[][]&nbsp;tiles)</CODE>

<BR>
&nbsp;&nbsp;&nbsp;&nbsp;&nbsp;&nbsp;&nbsp;&nbsp;&nbsp;&nbsp;Create a regular TileBackground using the bsGraphics to generate a big
 managed image to cache the rending.</TD>
</TR>
</TABLE>
&nbsp;
<P>
<HR>


<!-- ======= START OF BOTTOM NAVBAR ====== -->
<A NAME="navbar_bottom"><!-- --></A>
<A HREF="#skip-navbar_bottom" title="Skip navigation links"></A>
<TABLE BORDER="0" WIDTH="100%" CELLPADDING="1" CELLSPACING="0" SUMMARY="">
<TR>
<TD COLSPAN=2 BGCOLOR="#EEEEFF" CLASS="NavBarCell1">
<A NAME="navbar_bottom_firstrow"><!-- --></A>
<TABLE BORDER="0" CELLPADDING="0" CELLSPACING="3" SUMMARY="">
  <TR ALIGN="center" VALIGN="top">
  <TD BGCOLOR="#EEEEFF" CLASS="NavBarCell1">    <A HREF="../../../../../overview-summary.html"><FONT CLASS="NavBarFont1"><B>Overview</B></FONT></A>&nbsp;</TD>
  <TD BGCOLOR="#EEEEFF" CLASS="NavBarCell1">    <A HREF="../package-summary.html"><FONT CLASS="NavBarFont1"><B>Package</B></FONT></A>&nbsp;</TD>
  <TD BGCOLOR="#EEEEFF" CLASS="NavBarCell1">    <A HREF="../../../../../com/golden/gamedev/engine/BaseGraphics.html" title="interface in com.golden.gamedev.engine"><FONT CLASS="NavBarFont1"><B>Class</B></FONT></A>&nbsp;</TD>
  <TD BGCOLOR="#FFFFFF" CLASS="NavBarCell1Rev"> &nbsp;<FONT CLASS="NavBarFont1Rev"><B>Use</B></FONT>&nbsp;</TD>
  <TD BGCOLOR="#EEEEFF" CLASS="NavBarCell1">    <A HREF="../../../../../overview-tree.html"><FONT CLASS="NavBarFont1"><B>Tree</B></FONT></A>&nbsp;</TD>
  <TD BGCOLOR="#EEEEFF" CLASS="NavBarCell1">    <A HREF="../../../../../deprecated-list.html"><FONT CLASS="NavBarFont1"><B>Deprecated</B></FONT></A>&nbsp;</TD>
  <TD BGCOLOR="#EEEEFF" CLASS="NavBarCell1">    <A HREF="../../../../../index-files/index-1.html"><FONT CLASS="NavBarFont1"><B>Index</B></FONT></A>&nbsp;</TD>
  <TD BGCOLOR="#EEEEFF" CLASS="NavBarCell1">    <A HREF="../../../../../help-doc.html"><FONT CLASS="NavBarFont1"><B>Help</B></FONT></A>&nbsp;</TD>
  </TR>
</TABLE>
</TD>
<TD ALIGN="right" VALIGN="top" ROWSPAN=3><EM>
</EM>
</TD>
</TR>

<TR>
<TD BGCOLOR="white" CLASS="NavBarCell2"><FONT SIZE="-2">
&nbsp;PREV&nbsp;
&nbsp;NEXT</FONT></TD>
<TD BGCOLOR="white" CLASS="NavBarCell2"><FONT SIZE="-2">
  <A HREF="../../../../../index.html?com/golden/gamedev/engine/\class-useBaseGraphics.html" target="_top"><B>FRAMES</B></A>  &nbsp;
&nbsp;<A HREF="BaseGraphics.html" target="_top"><B>NO FRAMES</B></A>  &nbsp;
&nbsp;<SCRIPT type="text/javascript">
  <!--
  if(window==top) {
    document.writeln('<A HREF="../../../../../allclasses-noframe.html"><B>All Classes</B></A>');
  }
  //-->
</SCRIPT>
<NOSCRIPT>
  <A HREF="../../../../../allclasses-noframe.html"><B>All Classes</B></A>
</NOSCRIPT>


</FONT></TD>
</TR>
</TABLE>
<A NAME="skip-navbar_bottom"></A>
<!-- ======== END OF BOTTOM NAVBAR ======= -->

<HR>

</BODY>
</HTML>
