<!DOCTYPE HTML PUBLIC "-//W3C//DTD HTML 4.01 Transitional//EN" "http://www.w3.org/TR/html4/loose.dtd">
<!--NewPage-->
<HTML>
<HEAD>
<!-- Generated by javadoc (build 1.5.0_15) on Wed Oct 08 14:37:41 GMT-03:00 2008 -->
<META http-equiv="Content-Type" content="text/html; charset=UTF-8">
<TITLE>
CachedTileBackground
</TITLE>

<META NAME="keywords" CONTENT="com.golden.gamedev.object.background.CachedTileBackground class">

<LINK REL ="stylesheet" TYPE="text/css" HREF="../../../../../stylesheet.css" TITLE="Style">

<SCRIPT type="text/javascript">
function windowTitle()
{
    parent.document.title="CachedTileBackground";
}
</SCRIPT>
<NOSCRIPT>
</NOSCRIPT>

</HEAD>

<BODY BGCOLOR="white" onload="windowTitle();">


<!-- ========= START OF TOP NAVBAR ======= -->
<A NAME="navbar_top"><!-- --></A>
<A HREF="#skip-navbar_top" title="Skip navigation links"></A>
<TABLE BORDER="0" WIDTH="100%" CELLPADDING="1" CELLSPACING="0" SUMMARY="">
<TR>
<TD COLSPAN=2 BGCOLOR="#EEEEFF" CLASS="NavBarCell1">
<A NAME="navbar_top_firstrow"><!-- --></A>
<TABLE BORDER="0" CELLPADDING="0" CELLSPACING="3" SUMMARY="">
  <TR ALIGN="center" VALIGN="top">
  <TD BGCOLOR="#EEEEFF" CLASS="NavBarCell1">    <A HREF="../../../../../overview-summary.html"><FONT CLASS="NavBarFont1"><B>Overview</B></FONT></A>&nbsp;</TD>
  <TD BGCOLOR="#EEEEFF" CLASS="NavBarCell1">    <A HREF="package-summary.html"><FONT CLASS="NavBarFont1"><B>Package</B></FONT></A>&nbsp;</TD>
  <TD BGCOLOR="#FFFFFF" CLASS="NavBarCell1Rev"> &nbsp;<FONT CLASS="NavBarFont1Rev"><B>Class</B></FONT>&nbsp;</TD>
  <TD BGCOLOR="#EEEEFF" CLASS="NavBarCell1">    <A HREF="class-use/CachedTileBackground.html"><FONT CLASS="NavBarFont1"><B>Use</B></FONT></A>&nbsp;</TD>
  <TD BGCOLOR="#EEEEFF" CLASS="NavBarCell1">    <A HREF="package-tree.html"><FONT CLASS="NavBarFont1"><B>Tree</B></FONT></A>&nbsp;</TD>
  <TD BGCOLOR="#EEEEFF" CLASS="NavBarCell1">    <A HREF="../../../../../deprecated-list.html"><FONT CLASS="NavBarFont1"><B>Deprecated</B></FONT></A>&nbsp;</TD>
  <TD BGCOLOR="#EEEEFF" CLASS="NavBarCell1">    <A HREF="../../../../../index-files/index-1.html"><FONT CLASS="NavBarFont1"><B>Index</B></FONT></A>&nbsp;</TD>
  <TD BGCOLOR="#EEEEFF" CLASS="NavBarCell1">    <A HREF="../../../../../help-doc.html"><FONT CLASS="NavBarFont1"><B>Help</B></FONT></A>&nbsp;</TD>
  </TR>
</TABLE>
</TD>
<TD ALIGN="right" VALIGN="top" ROWSPAN=3><EM>
</EM>
</TD>
</TR>

<TR>
<TD BGCOLOR="white" CLASS="NavBarCell2"><FONT SIZE="-2">
&nbsp;PREV CLASS&nbsp;
&nbsp;<A HREF="../../../../../com/golden/gamedev/object/background/ColorBackground.html" title="class in com.golden.gamedev.object.background"><B>NEXT CLASS</B></A></FONT></TD>
<TD BGCOLOR="white" CLASS="NavBarCell2"><FONT SIZE="-2">
  <A HREF="../../../../../index.html?com/golden/gamedev/object/background/CachedTileBackground.html" target="_top"><B>FRAMES</B></A>  &nbsp;
&nbsp;<A HREF="CachedTileBackground.html" target="_top"><B>NO FRAMES</B></A>  &nbsp;
&nbsp;<SCRIPT type="text/javascript">
  <!--
  if(window==top) {
    document.writeln('<A HREF="../../../../../allclasses-noframe.html"><B>All Classes</B></A>');
  }
  //-->
</SCRIPT>
<NOSCRIPT>
  <A HREF="../../../../../allclasses-noframe.html"><B>All Classes</B></A>
</NOSCRIPT>


</FONT></TD>
</TR>
<TR>
<TD VALIGN="top" CLASS="NavBarCell3"><FONT SIZE="-2">
  SUMMARY:&nbsp;NESTED&nbsp;|&nbsp;<A HREF="#fields_inherited_from_class_com.golden.gamedev.object.Background">FIELD</A>&nbsp;|&nbsp;<A HREF="#constructor_summary">CONSTR</A>&nbsp;|&nbsp;<A HREF="#method_summary">METHOD</A></FONT></TD>
<TD VALIGN="top" CLASS="NavBarCell3"><FONT SIZE="-2">
DETAIL:&nbsp;FIELD&nbsp;|&nbsp;<A HREF="#constructor_detail">CONSTR</A>&nbsp;|&nbsp;<A HREF="#method_detail">METHOD</A></FONT></TD>
</TR>
</TABLE>
<A NAME="skip-navbar_top"></A>
<!-- ========= END OF TOP NAVBAR ========= -->

<HR>
<!-- ======== START OF CLASS DATA ======== -->
<H2>
<FONT SIZE="-1">
com.golden.gamedev.object.background</FONT>
<BR>
Class CachedTileBackground</H2>
<PRE>
java.lang.Object
  <IMG SRC="../../../../../resources/inherit.gif" ALT="extended by "><A HREF="../../../../../com/golden/gamedev/object/Background.html" title="class in com.golden.gamedev.object">com.golden.gamedev.object.Background</A>
      <IMG SRC="../../../../../resources/inherit.gif" ALT="extended by "><A HREF="../../../../../com/golden/gamedev/object/background/abstraction/AbstractTileBackground.html" title="class in com.golden.gamedev.object.background.abstraction">com.golden.gamedev.object.background.abstraction.AbstractTileBackground</A>
          <IMG SRC="../../../../../resources/inherit.gif" ALT="extended by "><A HREF="../../../../../com/golden/gamedev/object/background/TileBackground.html" title="class in com.golden.gamedev.object.background">com.golden.gamedev.object.background.TileBackground</A>
              <IMG SRC="../../../../../resources/inherit.gif" ALT="extended by "><B>com.golden.gamedev.object.background.CachedTileBackground</B>
</PRE>
<DL>
<DT><B>All Implemented Interfaces:</B> <DD>java.io.Serializable</DD>
</DL>
<HR>
<DL>
<DT><PRE>public class <B>CachedTileBackground</B><DT>extends <A HREF="../../../../../com/golden/gamedev/object/background/TileBackground.html" title="class in com.golden.gamedev.object.background">TileBackground</A></DL>
</PRE>

<P>
<DL>
<DT><B>See Also:</B><DD><A HREF="../../../../../serialized-form.html#com.golden.gamedev.object.background.CachedTileBackground">Serialized Form</A></DL>
<HR>

<P>
<!-- =========== FIELD SUMMARY =========== -->

<A NAME="field_summary"><!-- --></A>
<TABLE BORDER="1" WIDTH="100%" CELLPADDING="3" CELLSPACING="0" SUMMARY="">
<TR BGCOLOR="#CCCCFF" CLASS="TableHeadingColor">
<TH ALIGN="left" COLSPAN="2"><FONT SIZE="+2">
<B>Field Summary</B></FONT></TH>
</TR>
</TABLE>
&nbsp;<A NAME="fields_inherited_from_class_com.golden.gamedev.object.Background"><!-- --></A>
<TABLE BORDER="1" WIDTH="100%" CELLPADDING="3" CELLSPACING="0" SUMMARY="">
<TR BGCOLOR="#EEEEFF" CLASS="TableSubHeadingColor">
<TH ALIGN="left"><B>Fields inherited from class com.golden.gamedev.object.<A HREF="../../../../../com/golden/gamedev/object/Background.html" title="class in com.golden.gamedev.object">Background</A></B></TH>
</TR>
<TR BGCOLOR="white" CLASS="TableRowColor">
<TD><CODE><A HREF="../../../../../com/golden/gamedev/object/Background.html#screen">screen</A>, <A HREF="../../../../../com/golden/gamedev/object/Background.html#x">x</A>, <A HREF="../../../../../com/golden/gamedev/object/Background.html#y">y</A></CODE></TD>
</TR>
</TABLE>
&nbsp;
<!-- ======== CONSTRUCTOR SUMMARY ======== -->

<A NAME="constructor_summary"><!-- --></A>
<TABLE BORDER="1" WIDTH="100%" CELLPADDING="3" CELLSPACING="0" SUMMARY="">
<TR BGCOLOR="#CCCCFF" CLASS="TableHeadingColor">
<TH ALIGN="left" COLSPAN="2"><FONT SIZE="+2">
<B>Constructor Summary</B></FONT></TH>
</TR>
<TR BGCOLOR="white" CLASS="TableRowColor">
<TD><CODE><B><A HREF="../../../../../com/golden/gamedev/object/background/CachedTileBackground.html#CachedTileBackground(com.golden.gamedev.engine.BaseGraphics, java.awt.image.BufferedImage[], int[][])">CachedTileBackground</A></B>(<A HREF="../../../../../com/golden/gamedev/engine/BaseGraphics.html" title="interface in com.golden.gamedev.engine">BaseGraphics</A>&nbsp;bsGraphics,
                     java.awt.image.BufferedImage[]&nbsp;images,
                     int[][]&nbsp;tiles)</CODE>

<BR>
&nbsp;&nbsp;&nbsp;&nbsp;&nbsp;&nbsp;&nbsp;&nbsp;&nbsp;&nbsp;Create a regular TileBackground using the bsGraphics to generate a big
 managed image to cache the rending.</TD>
</TR>
</TABLE>
&nbsp;
<!-- ========== METHOD SUMMARY =========== -->

<A NAME="method_summary"><!-- --></A>
<TABLE BORDER="1" WIDTH="100%" CELLPADDING="3" CELLSPACING="0" SUMMARY="">
<TR BGCOLOR="#CCCCFF" CLASS="TableHeadingColor">
<TH ALIGN="left" COLSPAN="2"><FONT SIZE="+2">
<B>Method Summary</B></FONT></TH>
</TR>
<TR BGCOLOR="white" CLASS="TableRowColor">
<TD ALIGN="right" VALIGN="top" WIDTH="1%"><FONT SIZE="-1">
<CODE>protected &nbsp;void</CODE></FONT></TD>
<TD><CODE><B><A HREF="../../../../../com/golden/gamedev/object/background/CachedTileBackground.html#checkMutations()">checkMutations</A></B>()</CODE>

<BR>
&nbsp;&nbsp;&nbsp;&nbsp;&nbsp;&nbsp;&nbsp;&nbsp;&nbsp;&nbsp;Check the background to see if it must be fully rendered.</TD>
</TR>
<TR BGCOLOR="white" CLASS="TableRowColor">
<TD ALIGN="right" VALIGN="top" WIDTH="1%"><FONT SIZE="-1">
<CODE>&nbsp;void</CODE></FONT></TD>
<TD><CODE><B><A HREF="../../../../../com/golden/gamedev/object/background/CachedTileBackground.html#render(java.awt.Graphics2D)">render</A></B>(java.awt.Graphics2D&nbsp;g)</CODE>

<BR>
&nbsp;&nbsp;&nbsp;&nbsp;&nbsp;&nbsp;&nbsp;&nbsp;&nbsp;&nbsp;Render the background using the cache.</TD>
</TR>
<TR BGCOLOR="white" CLASS="TableRowColor">
<TD ALIGN="right" VALIGN="top" WIDTH="1%"><FONT SIZE="-1">
<CODE>&nbsp;void</CODE></FONT></TD>
<TD><CODE><B><A HREF="../../../../../com/golden/gamedev/object/background/CachedTileBackground.html#update(long)">update</A></B>(long&nbsp;elapsedTime)</CODE>

<BR>
&nbsp;&nbsp;&nbsp;&nbsp;&nbsp;&nbsp;&nbsp;&nbsp;&nbsp;&nbsp;Updates this background, this method is usually used to create background
 animation or other special effect on the background.</TD>
</TR>
</TABLE>
&nbsp;<A NAME="methods_inherited_from_class_com.golden.gamedev.object.background.TileBackground"><!-- --></A>
<TABLE BORDER="1" WIDTH="100%" CELLPADDING="3" CELLSPACING="0" SUMMARY="">
<TR BGCOLOR="#EEEEFF" CLASS="TableSubHeadingColor">
<TH ALIGN="left"><B>Methods inherited from class com.golden.gamedev.object.background.<A HREF="../../../../../com/golden/gamedev/object/background/TileBackground.html" title="class in com.golden.gamedev.object.background">TileBackground</A></B></TH>
</TR>
<TR BGCOLOR="white" CLASS="TableRowColor">
<TD><CODE><A HREF="../../../../../com/golden/gamedev/object/background/TileBackground.html#getTileImages()">getTileImages</A>, <A HREF="../../../../../com/golden/gamedev/object/background/TileBackground.html#getTiles()">getTiles</A>, <A HREF="../../../../../com/golden/gamedev/object/background/TileBackground.html#renderTile(java.awt.Graphics2D, int, int, int, int)">renderTile</A>, <A HREF="../../../../../com/golden/gamedev/object/background/TileBackground.html#setSize(int, int)">setSize</A>, <A HREF="../../../../../com/golden/gamedev/object/background/TileBackground.html#setTileImages(java.awt.image.BufferedImage[])">setTileImages</A>, <A HREF="../../../../../com/golden/gamedev/object/background/TileBackground.html#setTiles(int[][])">setTiles</A></CODE></TD>
</TR>
</TABLE>
&nbsp;<A NAME="methods_inherited_from_class_com.golden.gamedev.object.background.abstraction.AbstractTileBackground"><!-- --></A>
<TABLE BORDER="1" WIDTH="100%" CELLPADDING="3" CELLSPACING="0" SUMMARY="">
<TR BGCOLOR="#EEEEFF" CLASS="TableSubHeadingColor">
<TH ALIGN="left"><B>Methods inherited from class com.golden.gamedev.object.background.abstraction.<A HREF="../../../../../com/golden/gamedev/object/background/abstraction/AbstractTileBackground.html" title="class in com.golden.gamedev.object.background.abstraction">AbstractTileBackground</A></B></TH>
</TR>
<TR BGCOLOR="white" CLASS="TableRowColor">
<TD><CODE><A HREF="../../../../../com/golden/gamedev/object/background/abstraction/AbstractTileBackground.html#getOffsetX()">getOffsetX</A>, <A HREF="../../../../../com/golden/gamedev/object/background/abstraction/AbstractTileBackground.html#getOffsetY()">getOffsetY</A>, <A HREF="../../../../../com/golden/gamedev/object/background/abstraction/AbstractTileBackground.html#getTileAt(double, double)">getTileAt</A>, <A HREF="../../../../../com/golden/gamedev/object/background/abstraction/AbstractTileBackground.html#getTileHeight()">getTileHeight</A>, <A HREF="../../../../../com/golden/gamedev/object/background/abstraction/AbstractTileBackground.html#getTileWidth()">getTileWidth</A>, <A HREF="../../../../../com/golden/gamedev/object/background/abstraction/AbstractTileBackground.html#getTileX()">getTileX</A>, <A HREF="../../../../../com/golden/gamedev/object/background/abstraction/AbstractTileBackground.html#getTileY()">getTileY</A>, <A HREF="../../../../../com/golden/gamedev/object/background/abstraction/AbstractTileBackground.html#getTotalHorizontalTiles()">getTotalHorizontalTiles</A>, <A HREF="../../../../../com/golden/gamedev/object/background/abstraction/AbstractTileBackground.html#getTotalVerticalTiles()">getTotalVerticalTiles</A>, <A HREF="../../../../../com/golden/gamedev/object/background/abstraction/AbstractTileBackground.html#render(java.awt.Graphics2D, int, int, int, int, int, int)">render</A>, <A HREF="../../../../../com/golden/gamedev/object/background/abstraction/AbstractTileBackground.html#setLocation(double, double)">setLocation</A>, <A HREF="../../../../../com/golden/gamedev/object/background/abstraction/AbstractTileBackground.html#setTileLocation(int, int)">setTileLocation</A>, <A HREF="../../../../../com/golden/gamedev/object/background/abstraction/AbstractTileBackground.html#setTileSize(int, int)">setTileSize</A></CODE></TD>
</TR>
</TABLE>
&nbsp;<A NAME="methods_inherited_from_class_com.golden.gamedev.object.Background"><!-- --></A>
<TABLE BORDER="1" WIDTH="100%" CELLPADDING="3" CELLSPACING="0" SUMMARY="">
<TR BGCOLOR="#EEEEFF" CLASS="TableSubHeadingColor">
<TH ALIGN="left"><B>Methods inherited from class com.golden.gamedev.object.<A HREF="../../../../../com/golden/gamedev/object/Background.html" title="class in com.golden.gamedev.object">Background</A></B></TH>
</TR>
<TR BGCOLOR="white" CLASS="TableRowColor">
<TD><CODE><A HREF="../../../../../com/golden/gamedev/object/Background.html#getClip()">getClip</A>, <A HREF="../../../../../com/golden/gamedev/object/Background.html#getDefaultBackground()">getDefaultBackground</A>, <A HREF="../../../../../com/golden/gamedev/object/Background.html#getHeight()">getHeight</A>, <A HREF="../../../../../com/golden/gamedev/object/Background.html#getWidth()">getWidth</A>, <A HREF="../../../../../com/golden/gamedev/object/Background.html#getX()">getX</A>, <A HREF="../../../../../com/golden/gamedev/object/Background.html#getY()">getY</A>, <A HREF="../../../../../com/golden/gamedev/object/Background.html#move(double, double)">move</A>, <A HREF="../../../../../com/golden/gamedev/object/Background.html#setClip(int, int, int, int)">setClip</A>, <A HREF="../../../../../com/golden/gamedev/object/Background.html#setClip(java.awt.Rectangle)">setClip</A>, <A HREF="../../../../../com/golden/gamedev/object/Background.html#setToCenter(int, int, int, int)">setToCenter</A>, <A HREF="../../../../../com/golden/gamedev/object/Background.html#setToCenter(com.golden.gamedev.object.Sprite)">setToCenter</A></CODE></TD>
</TR>
</TABLE>
&nbsp;<A NAME="methods_inherited_from_class_java.lang.Object"><!-- --></A>
<TABLE BORDER="1" WIDTH="100%" CELLPADDING="3" CELLSPACING="0" SUMMARY="">
<TR BGCOLOR="#EEEEFF" CLASS="TableSubHeadingColor">
<TH ALIGN="left"><B>Methods inherited from class java.lang.Object</B></TH>
</TR>
<TR BGCOLOR="white" CLASS="TableRowColor">
<TD><CODE>clone, equals, finalize, getClass, hashCode, notify, notifyAll, toString, wait, wait, wait</CODE></TD>
</TR>
</TABLE>
&nbsp;
<P>

<!-- ========= CONSTRUCTOR DETAIL ======== -->

<A NAME="constructor_detail"><!-- --></A>
<TABLE BORDER="1" WIDTH="100%" CELLPADDING="3" CELLSPACING="0" SUMMARY="">
<TR BGCOLOR="#CCCCFF" CLASS="TableHeadingColor">
<TH ALIGN="left" COLSPAN="1"><FONT SIZE="+2">
<B>Constructor Detail</B></FONT></TH>
</TR>
</TABLE>

<A NAME="CachedTileBackground(com.golden.gamedev.engine.BaseGraphics, java.awt.image.BufferedImage[], int[][])"><!-- --></A><H3>
CachedTileBackground</H3>
<PRE>
public <B>CachedTileBackground</B>(<A HREF="../../../../../com/golden/gamedev/engine/BaseGraphics.html" title="interface in com.golden.gamedev.engine">BaseGraphics</A>&nbsp;bsGraphics,
                            java.awt.image.BufferedImage[]&nbsp;images,
                            int[][]&nbsp;tiles)</PRE>
<DL>
<DD>Create a regular TileBackground using the bsGraphics to generate a big
 managed image to cache the rending.
<P>
</DL>

<!-- ============ METHOD DETAIL ========== -->

<A NAME="method_detail"><!-- --></A>
<TABLE BORDER="1" WIDTH="100%" CELLPADDING="3" CELLSPACING="0" SUMMARY="">
<TR BGCOLOR="#CCCCFF" CLASS="TableHeadingColor">
<TH ALIGN="left" COLSPAN="1"><FONT SIZE="+2">
<B>Method Detail</B></FONT></TH>
</TR>
</TABLE>

<A NAME="checkMutations()"><!-- --></A><H3>
checkMutations</H3>
<PRE>
protected void <B>checkMutations</B>()</PRE>
<DL>
<DD>Check the background to see if it must be fully rendered. (to see if the
 cache must be invalidate)
 
 The cache is valid if : 1) It was already valid and 2) The background did
 not move.
<P>
<DD><DL>
</DL>
</DD>
</DL>
<HR>

<A NAME="update(long)"><!-- --></A><H3>
update</H3>
<PRE>
public void <B>update</B>(long&nbsp;elapsedTime)</PRE>
<DL>
<DD><B>Description copied from class: <CODE><A HREF="../../../../../com/golden/gamedev/object/Background.html#update(long)">Background</A></CODE></B></DD>
<DD>Updates this background, this method is usually used to create background
 animation or other special effect on the background.
 <p>
 
 The implementation of this method provided by the <code>Background</code>
 class does nothing.
<P>
<DD><DL>
<DT><B>Overrides:</B><DD><CODE><A HREF="../../../../../com/golden/gamedev/object/Background.html#update(long)">update</A></CODE> in class <CODE><A HREF="../../../../../com/golden/gamedev/object/Background.html" title="class in com.golden.gamedev.object">Background</A></CODE></DL>
</DD>
<DD><DL>
</DL>
</DD>
</DL>
<HR>

<A NAME="render(java.awt.Graphics2D)"><!-- --></A><H3>
render</H3>
<PRE>
public void <B>render</B>(java.awt.Graphics2D&nbsp;g)</PRE>
<DL>
<DD>Render the background using the cache. If the cache is not valid, render
 the background to it to make it valid again. The draw the cache to the
 screen.
<P>
<DD><DL>
<DT><B>Overrides:</B><DD><CODE><A HREF="../../../../../com/golden/gamedev/object/Background.html#render(java.awt.Graphics2D)">render</A></CODE> in class <CODE><A HREF="../../../../../com/golden/gamedev/object/Background.html" title="class in com.golden.gamedev.object">Background</A></CODE></DL>
</DD>
<DD><DL>
<DT><B>Parameters:</B><DD><CODE>g</CODE> - </DL>
</DD>
</DL>
<!-- ========= END OF CLASS DATA ========= -->
<HR>


<!-- ======= START OF BOTTOM NAVBAR ====== -->
<A NAME="navbar_bottom"><!-- --></A>
<A HREF="#skip-navbar_bottom" title="Skip navigation links"></A>
<TABLE BORDER="0" WIDTH="100%" CELLPADDING="1" CELLSPACING="0" SUMMARY="">
<TR>
<TD COLSPAN=2 BGCOLOR="#EEEEFF" CLASS="NavBarCell1">
<A NAME="navbar_bottom_firstrow"><!-- --></A>
<TABLE BORDER="0" CELLPADDING="0" CELLSPACING="3" SUMMARY="">
  <TR ALIGN="center" VALIGN="top">
  <TD BGCOLOR="#EEEEFF" CLASS="NavBarCell1">    <A HREF="../../../../../overview-summary.html"><FONT CLASS="NavBarFont1"><B>Overview</B></FONT></A>&nbsp;</TD>
  <TD BGCOLOR="#EEEEFF" CLASS="NavBarCell1">    <A HREF="package-summary.html"><FONT CLASS="NavBarFont1"><B>Package</B></FONT></A>&nbsp;</TD>
  <TD BGCOLOR="#FFFFFF" CLASS="NavBarCell1Rev"> &nbsp;<FONT CLASS="NavBarFont1Rev"><B>Class</B></FONT>&nbsp;</TD>
  <TD BGCOLOR="#EEEEFF" CLASS="NavBarCell1">    <A HREF="class-use/CachedTileBackground.html"><FONT CLASS="NavBarFont1"><B>Use</B></FONT></A>&nbsp;</TD>
  <TD BGCOLOR="#EEEEFF" CLASS="NavBarCell1">    <A HREF="package-tree.html"><FONT CLASS="NavBarFont1"><B>Tree</B></FONT></A>&nbsp;</TD>
  <TD BGCOLOR="#EEEEFF" CLASS="NavBarCell1">    <A HREF="../../../../../deprecated-list.html"><FONT CLASS="NavBarFont1"><B>Deprecated</B></FONT></A>&nbsp;</TD>
  <TD BGCOLOR="#EEEEFF" CLASS="NavBarCell1">    <A HREF="../../../../../index-files/index-1.html"><FONT CLASS="NavBarFont1"><B>Index</B></FONT></A>&nbsp;</TD>
  <TD BGCOLOR="#EEEEFF" CLASS="NavBarCell1">    <A HREF="../../../../../help-doc.html"><FONT CLASS="NavBarFont1"><B>Help</B></FONT></A>&nbsp;</TD>
  </TR>
</TABLE>
</TD>
<TD ALIGN="right" VALIGN="top" ROWSPAN=3><EM>
</EM>
</TD>
</TR>

<TR>
<TD BGCOLOR="white" CLASS="NavBarCell2"><FONT SIZE="-2">
&nbsp;PREV CLASS&nbsp;
&nbsp;<A HREF="../../../../../com/golden/gamedev/object/background/ColorBackground.html" title="class in com.golden.gamedev.object.background"><B>NEXT CLASS</B></A></FONT></TD>
<TD BGCOLOR="white" CLASS="NavBarCell2"><FONT SIZE="-2">
  <A HREF="../../../../../index.html?com/golden/gamedev/object/background/CachedTileBackground.html" target="_top"><B>FRAMES</B></A>  &nbsp;
&nbsp;<A HREF="CachedTileBackground.html" target="_top"><B>NO FRAMES</B></A>  &nbsp;
&nbsp;<SCRIPT type="text/javascript">
  <!--
  if(window==top) {
    document.writeln('<A HREF="../../../../../allclasses-noframe.html"><B>All Classes</B></A>');
  }
  //-->
</SCRIPT>
<NOSCRIPT>
  <A HREF="../../../../../allclasses-noframe.html"><B>All Classes</B></A>
</NOSCRIPT>


</FONT></TD>
</TR>
<TR>
<TD VALIGN="top" CLASS="NavBarCell3"><FONT SIZE="-2">
  SUMMARY:&nbsp;NESTED&nbsp;|&nbsp;<A HREF="#fields_inherited_from_class_com.golden.gamedev.object.Background">FIELD</A>&nbsp;|&nbsp;<A HREF="#constructor_summary">CONSTR</A>&nbsp;|&nbsp;<A HREF="#method_summary">METHOD</A></FONT></TD>
<TD VALIGN="top" CLASS="NavBarCell3"><FONT SIZE="-2">
DETAIL:&nbsp;FIELD&nbsp;|&nbsp;<A HREF="#constructor_detail">CONSTR</A>&nbsp;|&nbsp;<A HREF="#method_detail">METHOD</A></FONT></TD>
</TR>
</TABLE>
<A NAME="skip-navbar_bottom"></A>
<!-- ======== END OF BOTTOM NAVBAR ======= -->

<HR>

</BODY>
</HTML>
