<!DOCTYPE HTML PUBLIC "-//W3C//DTD HTML 4.01 Transitional//EN" "http://www.w3.org/TR/html4/loose.dtd">
<!--NewPage-->
<HTML>
<HEAD>
<!-- Generated by javadoc (build 1.5.0_09) on Wed Oct 15 18:09:56 ART 2008 -->
<META http-equiv="Content-Type" content="text/html; charset=UTF-8">
<TITLE>
TileBackground
</TITLE>

<META NAME="keywords" CONTENT="com.golden.gamedev.object.background.TileBackground class">

<LINK REL ="stylesheet" TYPE="text/css" HREF="../../../../../stylesheet.css" TITLE="Style">

<SCRIPT type="text/javascript">
function windowTitle()
{
    parent.document.title="TileBackground";
}
</SCRIPT>
<NOSCRIPT>
</NOSCRIPT>

</HEAD>

<BODY BGCOLOR="white" onload="windowTitle();">


<!-- ========= START OF TOP NAVBAR ======= -->
<A NAME="navbar_top"><!-- --></A>
<A HREF="#skip-navbar_top" title="Skip navigation links"></A>
<TABLE BORDER="0" WIDTH="100%" CELLPADDING="1" CELLSPACING="0" SUMMARY="">
<TR>
<TD COLSPAN=2 BGCOLOR="#EEEEFF" CLASS="NavBarCell1">
<A NAME="navbar_top_firstrow"><!-- --></A>
<TABLE BORDER="0" CELLPADDING="0" CELLSPACING="3" SUMMARY="">
  <TR ALIGN="center" VALIGN="top">
  <TD BGCOLOR="#EEEEFF" CLASS="NavBarCell1">    <A HREF="../../../../../overview-summary.html"><FONT CLASS="NavBarFont1"><B>Overview</B></FONT></A>&nbsp;</TD>
  <TD BGCOLOR="#EEEEFF" CLASS="NavBarCell1">    <A HREF="package-summary.html"><FONT CLASS="NavBarFont1"><B>Package</B></FONT></A>&nbsp;</TD>
  <TD BGCOLOR="#FFFFFF" CLASS="NavBarCell1Rev"> &nbsp;<FONT CLASS="NavBarFont1Rev"><B>Class</B></FONT>&nbsp;</TD>
  <TD BGCOLOR="#EEEEFF" CLASS="NavBarCell1">    <A HREF="class-use/TileBackground.html"><FONT CLASS="NavBarFont1"><B>Use</B></FONT></A>&nbsp;</TD>
  <TD BGCOLOR="#EEEEFF" CLASS="NavBarCell1">    <A HREF="package-tree.html"><FONT CLASS="NavBarFont1"><B>Tree</B></FONT></A>&nbsp;</TD>
  <TD BGCOLOR="#EEEEFF" CLASS="NavBarCell1">    <A HREF="../../../../../deprecated-list.html"><FONT CLASS="NavBarFont1"><B>Deprecated</B></FONT></A>&nbsp;</TD>
  <TD BGCOLOR="#EEEEFF" CLASS="NavBarCell1">    <A HREF="../../../../../index-files/index-1.html"><FONT CLASS="NavBarFont1"><B>Index</B></FONT></A>&nbsp;</TD>
  <TD BGCOLOR="#EEEEFF" CLASS="NavBarCell1">    <A HREF="../../../../../help-doc.html"><FONT CLASS="NavBarFont1"><B>Help</B></FONT></A>&nbsp;</TD>
  </TR>
</TABLE>
</TD>
<TD ALIGN="right" VALIGN="top" ROWSPAN=3><EM>
</EM>
</TD>
</TR>

<TR>
<TD BGCOLOR="white" CLASS="NavBarCell2"><FONT SIZE="-2">
&nbsp;<A HREF="../../../../../com/golden/gamedev/object/background/ParallaxBackground.html" title="class in com.golden.gamedev.object.background"><B>PREV CLASS</B></A>&nbsp;
&nbsp;NEXT CLASS</FONT></TD>
<TD BGCOLOR="white" CLASS="NavBarCell2"><FONT SIZE="-2">
  <A HREF="../../../../../index.html?com/golden/gamedev/object/background/TileBackground.html" target="_top"><B>FRAMES</B></A>  &nbsp;
&nbsp;<A HREF="TileBackground.html" target="_top"><B>NO FRAMES</B></A>  &nbsp;
&nbsp;<SCRIPT type="text/javascript">
  <!--
  if(window==top) {
    document.writeln('<A HREF="../../../../../allclasses-noframe.html"><B>All Classes</B></A>');
  }
  //-->
</SCRIPT>
<NOSCRIPT>
  <A HREF="../../../../../allclasses-noframe.html"><B>All Classes</B></A>
</NOSCRIPT>


</FONT></TD>
</TR>
<TR>
<TD VALIGN="top" CLASS="NavBarCell3"><FONT SIZE="-2">
  SUMMARY:&nbsp;NESTED&nbsp;|&nbsp;<A HREF="#fields_inherited_from_class_com.golden.gamedev.object.Background">FIELD</A>&nbsp;|&nbsp;<A HREF="#constructor_summary">CONSTR</A>&nbsp;|&nbsp;<A HREF="#method_summary">METHOD</A></FONT></TD>
<TD VALIGN="top" CLASS="NavBarCell3"><FONT SIZE="-2">
DETAIL:&nbsp;FIELD&nbsp;|&nbsp;<A HREF="#constructor_detail">CONSTR</A>&nbsp;|&nbsp;<A HREF="#method_detail">METHOD</A></FONT></TD>
</TR>
</TABLE>
<A NAME="skip-navbar_top"></A>
<!-- ========= END OF TOP NAVBAR ========= -->

<HR>
<!-- ======== START OF CLASS DATA ======== -->
<H2>
<FONT SIZE="-1">
com.golden.gamedev.object.background</FONT>
<BR>
Class TileBackground</H2>
<PRE>
java.lang.Object
  <IMG SRC="../../../../../resources/inherit.gif" ALT="extended by "><A HREF="../../../../../com/golden/gamedev/object/Background.html" title="class in com.golden.gamedev.object">com.golden.gamedev.object.Background</A>
      <IMG SRC="../../../../../resources/inherit.gif" ALT="extended by "><A HREF="../../../../../com/golden/gamedev/object/background/abstraction/AbstractTileBackground.html" title="class in com.golden.gamedev.object.background.abstraction">com.golden.gamedev.object.background.abstraction.AbstractTileBackground</A>
          <IMG SRC="../../../../../resources/inherit.gif" ALT="extended by "><B>com.golden.gamedev.object.background.TileBackground</B>
</PRE>
<DL>
<DT><B>All Implemented Interfaces:</B> <DD>java.io.Serializable</DD>
</DL>
<DL>
<DT><B>Direct Known Subclasses:</B> <DD><A HREF="../../../../../com/golden/gamedev/object/background/CachedTileBackground.html" title="class in com.golden.gamedev.object.background">CachedTileBackground</A></DD>
</DL>
<HR>
<DL>
<DT><PRE>public class <B>TileBackground</B><DT>extends <A HREF="../../../../../com/golden/gamedev/object/background/abstraction/AbstractTileBackground.html" title="class in com.golden.gamedev.object.background.abstraction">AbstractTileBackground</A></DL>
</PRE>

<P>
The basic tiling background, creates a one layer background tile.
 <p>
 
 <code>TileBackground</code> takes up two parameter, the first one is a two
 dimensional array of integer (int[][] tiles) that makes up the background
 tiling, and the second one is the tiling image array (BufferedImage[]
 tileImages).
 <p>
 
 This tile background is the basic subclass of
 <code>AbstractTileBackground</code> that overrides <code>renderTile</code>
 method to draw one layer tile background :
 
 <pre>
    public void render(Graphics2D g, int tileX, int tileY, int x, int y) {
       //
 <code>
 tiles
 </code>
  is the two dimensional background tiling
       int tile = tiles[tileX][tileY];
       if (tile &gt;= 0) {
          //
 <code>
 tileImages
 </code>
  is the tiling images
          g.drawImage(tileImages[tile], x, y, null);
       }
    }
 </pre>
 
 To create multiple layer, simply subclass <code>AbstractTileBackground</code>
 and override the <code>renderTile</code> method to render the tile multiple
 times.
 <p>
 
 Tile background usage example :
 
 <pre>
 TileBackground background;
 BufferedImage[] tileImages;
 int[][] tiles = new int[40][30]; // 40 x 30 tiling
 // fill tiles with random value
 for (int i = 0; i &lt; tiles.length; i++)
        for (int j = 0; j &lt; tiles[0].length; j++)
                tiles[i][j] = getRandom(0, tileImages.length - 1);
 // create the background
 background = new TileBackground(tileImages, tiles);
 </pre>
<P>

<P>
<DL>
<DT><B>See Also:</B><DD><A HREF="../../../../../com/golden/gamedev/object/background/abstraction/AbstractTileBackground.html" title="class in com.golden.gamedev.object.background.abstraction"><CODE>AbstractTileBackground</CODE></A>, 
<A HREF="../../../../../serialized-form.html#com.golden.gamedev.object.background.TileBackground">Serialized Form</A></DL>
<HR>

<P>
<!-- =========== FIELD SUMMARY =========== -->

<A NAME="field_summary"><!-- --></A>
<TABLE BORDER="1" WIDTH="100%" CELLPADDING="3" CELLSPACING="0" SUMMARY="">
<TR BGCOLOR="#CCCCFF" CLASS="TableHeadingColor">
<TH ALIGN="left" COLSPAN="2"><FONT SIZE="+2">
<B>Field Summary</B></FONT></TH>
</TR>
</TABLE>
&nbsp;<A NAME="fields_inherited_from_class_com.golden.gamedev.object.Background"><!-- --></A>
<TABLE BORDER="1" WIDTH="100%" CELLPADDING="3" CELLSPACING="0" SUMMARY="">
<TR BGCOLOR="#EEEEFF" CLASS="TableSubHeadingColor">
<TH ALIGN="left"><B>Fields inherited from class com.golden.gamedev.object.<A HREF="../../../../../com/golden/gamedev/object/Background.html" title="class in com.golden.gamedev.object">Background</A></B></TH>
</TR>
<TR BGCOLOR="white" CLASS="TableRowColor">
<TD><CODE><A HREF="../../../../../com/golden/gamedev/object/Background.html#screen">screen</A>, <A HREF="../../../../../com/golden/gamedev/object/Background.html#x">x</A>, <A HREF="../../../../../com/golden/gamedev/object/Background.html#y">y</A></CODE></TD>
</TR>
</TABLE>
&nbsp;
<!-- ======== CONSTRUCTOR SUMMARY ======== -->

<A NAME="constructor_summary"><!-- --></A>
<TABLE BORDER="1" WIDTH="100%" CELLPADDING="3" CELLSPACING="0" SUMMARY="">
<TR BGCOLOR="#CCCCFF" CLASS="TableHeadingColor">
<TH ALIGN="left" COLSPAN="2"><FONT SIZE="+2">
<B>Constructor Summary</B></FONT></TH>
</TR>
<TR BGCOLOR="white" CLASS="TableRowColor">
<TD><CODE><B><A HREF="../../../../../com/golden/gamedev/object/background/TileBackground.html#TileBackground(java.awt.image.BufferedImage[], int[][])">TileBackground</A></B>(java.awt.image.BufferedImage[]&nbsp;tileImages,
               int[][]&nbsp;tiles)</CODE>

<BR>
&nbsp;&nbsp;&nbsp;&nbsp;&nbsp;&nbsp;&nbsp;&nbsp;&nbsp;&nbsp;Creates new <code>TileBackground</code> with specified tile images and
 array of tiles.</TD>
</TR>
<TR BGCOLOR="white" CLASS="TableRowColor">
<TD><CODE><B><A HREF="../../../../../com/golden/gamedev/object/background/TileBackground.html#TileBackground(java.awt.image.BufferedImage[], int, int)">TileBackground</A></B>(java.awt.image.BufferedImage[]&nbsp;tileImages,
               int&nbsp;horiz,
               int&nbsp;vert)</CODE>

<BR>
&nbsp;&nbsp;&nbsp;&nbsp;&nbsp;&nbsp;&nbsp;&nbsp;&nbsp;&nbsp;Creates new <code>TileBackground</code> with specified tile images, as
 big as <code>horiz</code>, <code>vert</code> tiles.</TD>
</TR>
</TABLE>
&nbsp;
<!-- ========== METHOD SUMMARY =========== -->

<A NAME="method_summary"><!-- --></A>
<TABLE BORDER="1" WIDTH="100%" CELLPADDING="3" CELLSPACING="0" SUMMARY="">
<TR BGCOLOR="#CCCCFF" CLASS="TableHeadingColor">
<TH ALIGN="left" COLSPAN="2"><FONT SIZE="+2">
<B>Method Summary</B></FONT></TH>
</TR>
<TR BGCOLOR="white" CLASS="TableRowColor">
<TD ALIGN="right" VALIGN="top" WIDTH="1%"><FONT SIZE="-1">
<CODE>&nbsp;java.awt.image.BufferedImage[]</CODE></FONT></TD>
<TD><CODE><B><A HREF="../../../../../com/golden/gamedev/object/background/TileBackground.html#getTileImages()">getTileImages</A></B>()</CODE>

<BR>
&nbsp;&nbsp;&nbsp;&nbsp;&nbsp;&nbsp;&nbsp;&nbsp;&nbsp;&nbsp;Return the tile background tile images.</TD>
</TR>
<TR BGCOLOR="white" CLASS="TableRowColor">
<TD ALIGN="right" VALIGN="top" WIDTH="1%"><FONT SIZE="-1">
<CODE>&nbsp;int[][]</CODE></FONT></TD>
<TD><CODE><B><A HREF="../../../../../com/golden/gamedev/object/background/TileBackground.html#getTiles()">getTiles</A></B>()</CODE>

<BR>
&nbsp;&nbsp;&nbsp;&nbsp;&nbsp;&nbsp;&nbsp;&nbsp;&nbsp;&nbsp;Returns the background tiling.</TD>
</TR>
<TR BGCOLOR="white" CLASS="TableRowColor">
<TD ALIGN="right" VALIGN="top" WIDTH="1%"><FONT SIZE="-1">
<CODE>&nbsp;void</CODE></FONT></TD>
<TD><CODE><B><A HREF="../../../../../com/golden/gamedev/object/background/TileBackground.html#renderTile(java.awt.Graphics2D, int, int, int, int)">renderTile</A></B>(java.awt.Graphics2D&nbsp;g,
           int&nbsp;tileX,
           int&nbsp;tileY,
           int&nbsp;x,
           int&nbsp;y)</CODE>

<BR>
&nbsp;&nbsp;&nbsp;&nbsp;&nbsp;&nbsp;&nbsp;&nbsp;&nbsp;&nbsp;Renders tile at <code>tileX</code>, <code>tileY</code> position to
 specified <code>x</code>, <code>y</code> coordinate.</TD>
</TR>
<TR BGCOLOR="white" CLASS="TableRowColor">
<TD ALIGN="right" VALIGN="top" WIDTH="1%"><FONT SIZE="-1">
<CODE>&nbsp;void</CODE></FONT></TD>
<TD><CODE><B><A HREF="../../../../../com/golden/gamedev/object/background/TileBackground.html#setSize(int, int)">setSize</A></B>(int&nbsp;horiz,
        int&nbsp;vert)</CODE>

<BR>
&nbsp;&nbsp;&nbsp;&nbsp;&nbsp;&nbsp;&nbsp;&nbsp;&nbsp;&nbsp;Sets the size of this background (in tiles).</TD>
</TR>
<TR BGCOLOR="white" CLASS="TableRowColor">
<TD ALIGN="right" VALIGN="top" WIDTH="1%"><FONT SIZE="-1">
<CODE>&nbsp;void</CODE></FONT></TD>
<TD><CODE><B><A HREF="../../../../../com/golden/gamedev/object/background/TileBackground.html#setTileImages(java.awt.image.BufferedImage[])">setTileImages</A></B>(java.awt.image.BufferedImage[]&nbsp;tileImages)</CODE>

<BR>
&nbsp;&nbsp;&nbsp;&nbsp;&nbsp;&nbsp;&nbsp;&nbsp;&nbsp;&nbsp;Sets the tile background tile images.</TD>
</TR>
<TR BGCOLOR="white" CLASS="TableRowColor">
<TD ALIGN="right" VALIGN="top" WIDTH="1%"><FONT SIZE="-1">
<CODE>&nbsp;void</CODE></FONT></TD>
<TD><CODE><B><A HREF="../../../../../com/golden/gamedev/object/background/TileBackground.html#setTiles(int[][])">setTiles</A></B>(int[][]&nbsp;tiles)</CODE>

<BR>
&nbsp;&nbsp;&nbsp;&nbsp;&nbsp;&nbsp;&nbsp;&nbsp;&nbsp;&nbsp;Sets the background tiling.</TD>
</TR>
</TABLE>
&nbsp;<A NAME="methods_inherited_from_class_com.golden.gamedev.object.background.abstraction.AbstractTileBackground"><!-- --></A>
<TABLE BORDER="1" WIDTH="100%" CELLPADDING="3" CELLSPACING="0" SUMMARY="">
<TR BGCOLOR="#EEEEFF" CLASS="TableSubHeadingColor">
<TH ALIGN="left"><B>Methods inherited from class com.golden.gamedev.object.background.abstraction.<A HREF="../../../../../com/golden/gamedev/object/background/abstraction/AbstractTileBackground.html" title="class in com.golden.gamedev.object.background.abstraction">AbstractTileBackground</A></B></TH>
</TR>
<TR BGCOLOR="white" CLASS="TableRowColor">
<TD><CODE><A HREF="../../../../../com/golden/gamedev/object/background/abstraction/AbstractTileBackground.html#getOffsetX()">getOffsetX</A>, <A HREF="../../../../../com/golden/gamedev/object/background/abstraction/AbstractTileBackground.html#getOffsetY()">getOffsetY</A>, <A HREF="../../../../../com/golden/gamedev/object/background/abstraction/AbstractTileBackground.html#getTileAt(double, double)">getTileAt</A>, <A HREF="../../../../../com/golden/gamedev/object/background/abstraction/AbstractTileBackground.html#getTileHeight()">getTileHeight</A>, <A HREF="../../../../../com/golden/gamedev/object/background/abstraction/AbstractTileBackground.html#getTileWidth()">getTileWidth</A>, <A HREF="../../../../../com/golden/gamedev/object/background/abstraction/AbstractTileBackground.html#getTileX()">getTileX</A>, <A HREF="../../../../../com/golden/gamedev/object/background/abstraction/AbstractTileBackground.html#getTileY()">getTileY</A>, <A HREF="../../../../../com/golden/gamedev/object/background/abstraction/AbstractTileBackground.html#getTotalHorizontalTiles()">getTotalHorizontalTiles</A>, <A HREF="../../../../../com/golden/gamedev/object/background/abstraction/AbstractTileBackground.html#getTotalVerticalTiles()">getTotalVerticalTiles</A>, <A HREF="../../../../../com/golden/gamedev/object/background/abstraction/AbstractTileBackground.html#render(java.awt.Graphics2D, int, int, int, int, int, int)">render</A>, <A HREF="../../../../../com/golden/gamedev/object/background/abstraction/AbstractTileBackground.html#setLocation(double, double)">setLocation</A>, <A HREF="../../../../../com/golden/gamedev/object/background/abstraction/AbstractTileBackground.html#setTileLocation(int, int)">setTileLocation</A>, <A HREF="../../../../../com/golden/gamedev/object/background/abstraction/AbstractTileBackground.html#setTileSize(int, int)">setTileSize</A></CODE></TD>
</TR>
</TABLE>
&nbsp;<A NAME="methods_inherited_from_class_com.golden.gamedev.object.Background"><!-- --></A>
<TABLE BORDER="1" WIDTH="100%" CELLPADDING="3" CELLSPACING="0" SUMMARY="">
<TR BGCOLOR="#EEEEFF" CLASS="TableSubHeadingColor">
<TH ALIGN="left"><B>Methods inherited from class com.golden.gamedev.object.<A HREF="../../../../../com/golden/gamedev/object/Background.html" title="class in com.golden.gamedev.object">Background</A></B></TH>
</TR>
<TR BGCOLOR="white" CLASS="TableRowColor">
<TD><CODE><A HREF="../../../../../com/golden/gamedev/object/Background.html#getClip()">getClip</A>, <A HREF="../../../../../com/golden/gamedev/object/Background.html#getDefaultBackground()">getDefaultBackground</A>, <A HREF="../../../../../com/golden/gamedev/object/Background.html#getHeight()">getHeight</A>, <A HREF="../../../../../com/golden/gamedev/object/Background.html#getWidth()">getWidth</A>, <A HREF="../../../../../com/golden/gamedev/object/Background.html#getX()">getX</A>, <A HREF="../../../../../com/golden/gamedev/object/Background.html#getY()">getY</A>, <A HREF="../../../../../com/golden/gamedev/object/Background.html#move(double, double)">move</A>, <A HREF="../../../../../com/golden/gamedev/object/Background.html#render(java.awt.Graphics2D)">render</A>, <A HREF="../../../../../com/golden/gamedev/object/Background.html#setClip(int, int, int, int)">setClip</A>, <A HREF="../../../../../com/golden/gamedev/object/Background.html#setClip(java.awt.Rectangle)">setClip</A>, <A HREF="../../../../../com/golden/gamedev/object/Background.html#setToCenter(int, int, int, int)">setToCenter</A>, <A HREF="../../../../../com/golden/gamedev/object/Background.html#setToCenter(com.golden.gamedev.object.Sprite)">setToCenter</A>, <A HREF="../../../../../com/golden/gamedev/object/Background.html#update(long)">update</A></CODE></TD>
</TR>
</TABLE>
&nbsp;<A NAME="methods_inherited_from_class_java.lang.Object"><!-- --></A>
<TABLE BORDER="1" WIDTH="100%" CELLPADDING="3" CELLSPACING="0" SUMMARY="">
<TR BGCOLOR="#EEEEFF" CLASS="TableSubHeadingColor">
<TH ALIGN="left"><B>Methods inherited from class java.lang.Object</B></TH>
</TR>
<TR BGCOLOR="white" CLASS="TableRowColor">
<TD><CODE>clone, equals, finalize, getClass, hashCode, notify, notifyAll, toString, wait, wait, wait</CODE></TD>
</TR>
</TABLE>
&nbsp;
<P>

<!-- ========= CONSTRUCTOR DETAIL ======== -->

<A NAME="constructor_detail"><!-- --></A>
<TABLE BORDER="1" WIDTH="100%" CELLPADDING="3" CELLSPACING="0" SUMMARY="">
<TR BGCOLOR="#CCCCFF" CLASS="TableHeadingColor">
<TH ALIGN="left" COLSPAN="1"><FONT SIZE="+2">
<B>Constructor Detail</B></FONT></TH>
</TR>
</TABLE>

<A NAME="TileBackground(java.awt.image.BufferedImage[], int[][])"><!-- --></A><H3>
TileBackground</H3>
<PRE>
public <B>TileBackground</B>(java.awt.image.BufferedImage[]&nbsp;tileImages,
                      int[][]&nbsp;tiles)</PRE>
<DL>
<DD>Creates new <code>TileBackground</code> with specified tile images and
 array of tiles.
 <p>
 
 The array of tiles that makes up the background tiling, tiles[0][0] = 2
 means the tileImages[2] will be drawn on tile 0, 0 coordinate on the map.
<P>
<DL>
<DT><B>Parameters:</B><DD><CODE>tileImages</CODE> - an array of images for the tile<DD><CODE>tiles</CODE> - a two dimensional array that makes up the background</DL>
</DL>
<HR>

<A NAME="TileBackground(java.awt.image.BufferedImage[], int, int)"><!-- --></A><H3>
TileBackground</H3>
<PRE>
public <B>TileBackground</B>(java.awt.image.BufferedImage[]&nbsp;tileImages,
                      int&nbsp;horiz,
                      int&nbsp;vert)</PRE>
<DL>
<DD>Creates new <code>TileBackground</code> with specified tile images, as
 big as <code>horiz</code>, <code>vert</code> tiles.
 <p>
 
 Generates tile background with tile as big as horiz and vert (tiles = new
 int[horiz][vert]) and using the first image of the tile images
 (tileImages[0]) for all the tiles.
<P>
<DL>
<DT><B>Parameters:</B><DD><CODE>tileImages</CODE> - an array of images for the tile<DD><CODE>horiz</CODE> - total horizontal tiles<DD><CODE>vert</CODE> - total vertical tiles</DL>
</DL>

<!-- ============ METHOD DETAIL ========== -->

<A NAME="method_detail"><!-- --></A>
<TABLE BORDER="1" WIDTH="100%" CELLPADDING="3" CELLSPACING="0" SUMMARY="">
<TR BGCOLOR="#CCCCFF" CLASS="TableHeadingColor">
<TH ALIGN="left" COLSPAN="1"><FONT SIZE="+2">
<B>Method Detail</B></FONT></TH>
</TR>
</TABLE>

<A NAME="renderTile(java.awt.Graphics2D, int, int, int, int)"><!-- --></A><H3>
renderTile</H3>
<PRE>
public void <B>renderTile</B>(java.awt.Graphics2D&nbsp;g,
                       int&nbsp;tileX,
                       int&nbsp;tileY,
                       int&nbsp;x,
                       int&nbsp;y)</PRE>
<DL>
<DD><B>Description copied from class: <CODE><A HREF="../../../../../com/golden/gamedev/object/background/abstraction/AbstractTileBackground.html#renderTile(java.awt.Graphics2D, int, int, int, int)">AbstractTileBackground</A></CODE></B></DD>
<DD>Renders tile at <code>tileX</code>, <code>tileY</code> position to
 specified <code>x</code>, <code>y</code> coordinate.
<P>
<DD><DL>
<DT><B>Specified by:</B><DD><CODE><A HREF="../../../../../com/golden/gamedev/object/background/abstraction/AbstractTileBackground.html#renderTile(java.awt.Graphics2D, int, int, int, int)">renderTile</A></CODE> in class <CODE><A HREF="../../../../../com/golden/gamedev/object/background/abstraction/AbstractTileBackground.html" title="class in com.golden.gamedev.object.background.abstraction">AbstractTileBackground</A></CODE></DL>
</DD>
<DD><DL>
</DL>
</DD>
</DL>
<HR>

<A NAME="getTileImages()"><!-- --></A><H3>
getTileImages</H3>
<PRE>
public java.awt.image.BufferedImage[] <B>getTileImages</B>()</PRE>
<DL>
<DD>Return the tile background tile images.
<P>
<DD><DL>
</DL>
</DD>
</DL>
<HR>

<A NAME="setTileImages(java.awt.image.BufferedImage[])"><!-- --></A><H3>
setTileImages</H3>
<PRE>
public void <B>setTileImages</B>(java.awt.image.BufferedImage[]&nbsp;tileImages)</PRE>
<DL>
<DD>Sets the tile background tile images.
<P>
<DD><DL>
</DL>
</DD>
</DL>
<HR>

<A NAME="getTiles()"><!-- --></A><H3>
getTiles</H3>
<PRE>
public int[][] <B>getTiles</B>()</PRE>
<DL>
<DD>Returns the background tiling.
<P>
<DD><DL>
</DL>
</DD>
</DL>
<HR>

<A NAME="setTiles(int[][])"><!-- --></A><H3>
setTiles</H3>
<PRE>
public void <B>setTiles</B>(int[][]&nbsp;tiles)</PRE>
<DL>
<DD>Sets the background tiling.
 <p>
 
 This array of tiles that makes up the background tiling, tiles[0][0] = 2
 means the tileImages[2] will be drawn on tile 0, 0 coordinate on the map.
<P>
<DD><DL>
<DT><B>See Also:</B><DD><A HREF="../../../../../com/golden/gamedev/object/background/TileBackground.html#setTileImages(java.awt.image.BufferedImage[])"><CODE>setTileImages(BufferedImage[])</CODE></A></DL>
</DD>
</DL>
<HR>

<A NAME="setSize(int, int)"><!-- --></A><H3>
setSize</H3>
<PRE>
public void <B>setSize</B>(int&nbsp;horiz,
                    int&nbsp;vert)</PRE>
<DL>
<DD><B>Description copied from class: <CODE><A HREF="../../../../../com/golden/gamedev/object/background/abstraction/AbstractTileBackground.html#setSize(int, int)">AbstractTileBackground</A></CODE></B></DD>
<DD>Sets the size of this background (in tiles).
<P>
<DD><DL>
<DT><B>Overrides:</B><DD><CODE><A HREF="../../../../../com/golden/gamedev/object/background/abstraction/AbstractTileBackground.html#setSize(int, int)">setSize</A></CODE> in class <CODE><A HREF="../../../../../com/golden/gamedev/object/background/abstraction/AbstractTileBackground.html" title="class in com.golden.gamedev.object.background.abstraction">AbstractTileBackground</A></CODE></DL>
</DD>
<DD><DL>
<DT><B>Parameters:</B><DD><CODE>horiz</CODE> - total background horizontal tiles<DD><CODE>vert</CODE> - total background vertical tiles</DL>
</DD>
</DL>
<!-- ========= END OF CLASS DATA ========= -->
<HR>


<!-- ======= START OF BOTTOM NAVBAR ====== -->
<A NAME="navbar_bottom"><!-- --></A>
<A HREF="#skip-navbar_bottom" title="Skip navigation links"></A>
<TABLE BORDER="0" WIDTH="100%" CELLPADDING="1" CELLSPACING="0" SUMMARY="">
<TR>
<TD COLSPAN=2 BGCOLOR="#EEEEFF" CLASS="NavBarCell1">
<A NAME="navbar_bottom_firstrow"><!-- --></A>
<TABLE BORDER="0" CELLPADDING="0" CELLSPACING="3" SUMMARY="">
  <TR ALIGN="center" VALIGN="top">
  <TD BGCOLOR="#EEEEFF" CLASS="NavBarCell1">    <A HREF="../../../../../overview-summary.html"><FONT CLASS="NavBarFont1"><B>Overview</B></FONT></A>&nbsp;</TD>
  <TD BGCOLOR="#EEEEFF" CLASS="NavBarCell1">    <A HREF="package-summary.html"><FONT CLASS="NavBarFont1"><B>Package</B></FONT></A>&nbsp;</TD>
  <TD BGCOLOR="#FFFFFF" CLASS="NavBarCell1Rev"> &nbsp;<FONT CLASS="NavBarFont1Rev"><B>Class</B></FONT>&nbsp;</TD>
  <TD BGCOLOR="#EEEEFF" CLASS="NavBarCell1">    <A HREF="class-use/TileBackground.html"><FONT CLASS="NavBarFont1"><B>Use</B></FONT></A>&nbsp;</TD>
  <TD BGCOLOR="#EEEEFF" CLASS="NavBarCell1">    <A HREF="package-tree.html"><FONT CLASS="NavBarFont1"><B>Tree</B></FONT></A>&nbsp;</TD>
  <TD BGCOLOR="#EEEEFF" CLASS="NavBarCell1">    <A HREF="../../../../../deprecated-list.html"><FONT CLASS="NavBarFont1"><B>Deprecated</B></FONT></A>&nbsp;</TD>
  <TD BGCOLOR="#EEEEFF" CLASS="NavBarCell1">    <A HREF="../../../../../index-files/index-1.html"><FONT CLASS="NavBarFont1"><B>Index</B></FONT></A>&nbsp;</TD>
  <TD BGCOLOR="#EEEEFF" CLASS="NavBarCell1">    <A HREF="../../../../../help-doc.html"><FONT CLASS="NavBarFont1"><B>Help</B></FONT></A>&nbsp;</TD>
  </TR>
</TABLE>
</TD>
<TD ALIGN="right" VALIGN="top" ROWSPAN=3><EM>
</EM>
</TD>
</TR>

<TR>
<TD BGCOLOR="white" CLASS="NavBarCell2"><FONT SIZE="-2">
&nbsp;<A HREF="../../../../../com/golden/gamedev/object/background/ParallaxBackground.html" title="class in com.golden.gamedev.object.background"><B>PREV CLASS</B></A>&nbsp;
&nbsp;NEXT CLASS</FONT></TD>
<TD BGCOLOR="white" CLASS="NavBarCell2"><FONT SIZE="-2">
  <A HREF="../../../../../index.html?com/golden/gamedev/object/background/TileBackground.html" target="_top"><B>FRAMES</B></A>  &nbsp;
&nbsp;<A HREF="TileBackground.html" target="_top"><B>NO FRAMES</B></A>  &nbsp;
&nbsp;<SCRIPT type="text/javascript">
  <!--
  if(window==top) {
    document.writeln('<A HREF="../../../../../allclasses-noframe.html"><B>All Classes</B></A>');
  }
  //-->
</SCRIPT>
<NOSCRIPT>
  <A HREF="../../../../../allclasses-noframe.html"><B>All Classes</B></A>
</NOSCRIPT>


</FONT></TD>
</TR>
<TR>
<TD VALIGN="top" CLASS="NavBarCell3"><FONT SIZE="-2">
  SUMMARY:&nbsp;NESTED&nbsp;|&nbsp;<A HREF="#fields_inherited_from_class_com.golden.gamedev.object.Background">FIELD</A>&nbsp;|&nbsp;<A HREF="#constructor_summary">CONSTR</A>&nbsp;|&nbsp;<A HREF="#method_summary">METHOD</A></FONT></TD>
<TD VALIGN="top" CLASS="NavBarCell3"><FONT SIZE="-2">
DETAIL:&nbsp;FIELD&nbsp;|&nbsp;<A HREF="#constructor_detail">CONSTR</A>&nbsp;|&nbsp;<A HREF="#method_detail">METHOD</A></FONT></TD>
</TR>
</TABLE>
<A NAME="skip-navbar_bottom"></A>
<!-- ======== END OF BOTTOM NAVBAR ======= -->

<HR>

</BODY>
</HTML>
