<!DOCTYPE HTML PUBLIC "-//W3C//DTD HTML 4.01 Transitional//EN" "http://www.w3.org/TR/html4/loose.dtd">
<!--NewPage-->
<HTML>
<HEAD>
<!-- Generated by javadoc (build 1.5.0_09) on Wed Oct 15 18:13:06 ART 2008 -->
<META http-equiv="Content-Type" content="text/html; charset=UTF-8">
<TITLE>
com.golden.gamedev.gui
</TITLE>

<META NAME="keywords" CONTENT="com.golden.gamedev.gui package">

<LINK REL ="stylesheet" TYPE="text/css" HREF="../../../../stylesheet.css" TITLE="Style">


</HEAD>

<BODY BGCOLOR="white">
<FONT size="+1" CLASS="FrameTitleFont">
<A HREF="../../../../com/golden/gamedev/gui/package-summary.html" target="classFrame">com.golden.gamedev.gui</A></FONT>
<TABLE BORDER="0" WIDTH="100%" SUMMARY="">
<TR>
<TD NOWRAP><FONT size="+1" CLASS="FrameHeadingFont">
Classes</FONT>&nbsp;
<FONT CLASS="FrameItemFont">
<BR>
<A HREF="TButton.html" title="class in com.golden.gamedev.gui" target="classFrame">TButton</A>
<BR>
<A HREF="TFloatPanel.html" title="class in com.golden.gamedev.gui" target="classFrame">TFloatPanel</A>
<BR>
<A HREF="TLabel.html" title="class in com.golden.gamedev.gui" target="classFrame">TLabel</A>
<BR>
<A HREF="TPane.html" title="class in com.golden.gamedev.gui" target="classFrame">TPane</A>
<BR>
<A HREF="TPanel.html" title="class in com.golden.gamedev.gui" target="classFrame">TPanel</A>
<BR>
<A HREF="TPasswordField.html" title="class in com.golden.gamedev.gui" target="classFrame">TPasswordField</A>
<BR>
<A HREF="TTextField.html" title="class in com.golden.gamedev.gui" target="classFrame">TTextField</A></FONT></TD>
</TR>
</TABLE>


</BODY>
</HTML>
