<!DOCTYPE HTML PUBLIC "-//W3C//DTD HTML 4.01 Transitional//EN" "http://www.w3.org/TR/html4/loose.dtd">
<!--NewPage-->
<HTML>
<HEAD>
<!-- Generated by javadoc (build 1.5.0_09) on Wed Nov 12 10:05:50 GST 2008 -->
<META http-equiv="Content-Type" content="text/html; charset=UTF-8">
<TITLE>
GameSettings
</TITLE>

<META NAME="keywords" CONTENT="com.golden.gamedev.funbox.GameSettings class">

<LINK REL ="stylesheet" TYPE="text/css" HREF="../../../../stylesheet.css" TITLE="Style">

<SCRIPT type="text/javascript">
function windowTitle()
{
    parent.document.title="GameSettings";
}
</SCRIPT>
<NOSCRIPT>
</NOSCRIPT>

</HEAD>

<BODY BGCOLOR="white" onload="windowTitle();">


<!-- ========= START OF TOP NAVBAR ======= -->
<A NAME="navbar_top"><!-- --></A>
<A HREF="#skip-navbar_top" title="Skip navigation links"></A>
<TABLE BORDER="0" WIDTH="100%" CELLPADDING="1" CELLSPACING="0" SUMMARY="">
<TR>
<TD COLSPAN=2 BGCOLOR="#EEEEFF" CLASS="NavBarCell1">
<A NAME="navbar_top_firstrow"><!-- --></A>
<TABLE BORDER="0" CELLPADDING="0" CELLSPACING="3" SUMMARY="">
  <TR ALIGN="center" VALIGN="top">
  <TD BGCOLOR="#EEEEFF" CLASS="NavBarCell1">    <A HREF="../../../../overview-summary.html"><FONT CLASS="NavBarFont1"><B>Overview</B></FONT></A>&nbsp;</TD>
  <TD BGCOLOR="#EEEEFF" CLASS="NavBarCell1">    <A HREF="package-summary.html"><FONT CLASS="NavBarFont1"><B>Package</B></FONT></A>&nbsp;</TD>
  <TD BGCOLOR="#FFFFFF" CLASS="NavBarCell1Rev"> &nbsp;<FONT CLASS="NavBarFont1Rev"><B>Class</B></FONT>&nbsp;</TD>
  <TD BGCOLOR="#EEEEFF" CLASS="NavBarCell1">    <A HREF="class-use/GameSettings.html"><FONT CLASS="NavBarFont1"><B>Use</B></FONT></A>&nbsp;</TD>
  <TD BGCOLOR="#EEEEFF" CLASS="NavBarCell1">    <A HREF="package-tree.html"><FONT CLASS="NavBarFont1"><B>Tree</B></FONT></A>&nbsp;</TD>
  <TD BGCOLOR="#EEEEFF" CLASS="NavBarCell1">    <A HREF="../../../../deprecated-list.html"><FONT CLASS="NavBarFont1"><B>Deprecated</B></FONT></A>&nbsp;</TD>
  <TD BGCOLOR="#EEEEFF" CLASS="NavBarCell1">    <A HREF="../../../../index-files/index-1.html"><FONT CLASS="NavBarFont1"><B>Index</B></FONT></A>&nbsp;</TD>
  <TD BGCOLOR="#EEEEFF" CLASS="NavBarCell1">    <A HREF="../../../../help-doc.html"><FONT CLASS="NavBarFont1"><B>Help</B></FONT></A>&nbsp;</TD>
  </TR>
</TABLE>
</TD>
<TD ALIGN="right" VALIGN="top" ROWSPAN=3><EM>
</EM>
</TD>
</TR>

<TR>
<TD BGCOLOR="white" CLASS="NavBarCell2"><FONT SIZE="-2">
&nbsp;<A HREF="../../../../com/golden/gamedev/funbox/ErrorNotificationDialog.html" title="class in com.golden.gamedev.funbox"><B>PREV CLASS</B></A>&nbsp;
&nbsp;<A HREF="../../../../com/golden/gamedev/funbox/KeyCapture.html" title="class in com.golden.gamedev.funbox"><B>NEXT CLASS</B></A></FONT></TD>
<TD BGCOLOR="white" CLASS="NavBarCell2"><FONT SIZE="-2">
  <A HREF="../../../../index.html?com/golden/gamedev/funbox/GameSettings.html" target="_top"><B>FRAMES</B></A>  &nbsp;
&nbsp;<A HREF="GameSettings.html" target="_top"><B>NO FRAMES</B></A>  &nbsp;
&nbsp;<SCRIPT type="text/javascript">
  <!--
  if(window==top) {
    document.writeln('<A HREF="../../../../allclasses-noframe.html"><B>All Classes</B></A>');
  }
  //-->
</SCRIPT>
<NOSCRIPT>
  <A HREF="../../../../allclasses-noframe.html"><B>All Classes</B></A>
</NOSCRIPT>


</FONT></TD>
</TR>
<TR>
<TD VALIGN="top" CLASS="NavBarCell3"><FONT SIZE="-2">
  SUMMARY:&nbsp;<A HREF="#nested_classes_inherited_from_class_javax.swing.JDialog">NESTED</A>&nbsp;|&nbsp;<A HREF="#field_summary">FIELD</A>&nbsp;|&nbsp;<A HREF="#constructor_summary">CONSTR</A>&nbsp;|&nbsp;<A HREF="#method_summary">METHOD</A></FONT></TD>
<TD VALIGN="top" CLASS="NavBarCell3"><FONT SIZE="-2">
DETAIL:&nbsp;<A HREF="#field_detail">FIELD</A>&nbsp;|&nbsp;<A HREF="#constructor_detail">CONSTR</A>&nbsp;|&nbsp;<A HREF="#method_detail">METHOD</A></FONT></TD>
</TR>
</TABLE>
<A NAME="skip-navbar_top"></A>
<!-- ========= END OF TOP NAVBAR ========= -->

<HR>
<!-- ======== START OF CLASS DATA ======== -->
<H2>
<FONT SIZE="-1">
com.golden.gamedev.funbox</FONT>
<BR>
Class GameSettings</H2>
<PRE>
java.lang.Object
  <IMG SRC="../../../../resources/inherit.gif" ALT="extended by ">java.awt.Component
      <IMG SRC="../../../../resources/inherit.gif" ALT="extended by ">java.awt.Container
          <IMG SRC="../../../../resources/inherit.gif" ALT="extended by ">java.awt.Window
              <IMG SRC="../../../../resources/inherit.gif" ALT="extended by ">java.awt.Dialog
                  <IMG SRC="../../../../resources/inherit.gif" ALT="extended by ">javax.swing.JDialog
                      <IMG SRC="../../../../resources/inherit.gif" ALT="extended by "><B>com.golden.gamedev.funbox.GameSettings</B>
</PRE>
<DL>
<DT><B>All Implemented Interfaces:</B> <DD>java.awt.event.ActionListener, java.awt.image.ImageObserver, java.awt.MenuContainer, java.io.Serializable, java.lang.Runnable, java.util.EventListener, javax.accessibility.Accessible, javax.swing.RootPaneContainer, javax.swing.WindowConstants</DD>
</DL>
<HR>
<DL>
<DT><PRE>public abstract class <B>GameSettings</B><DT>extends javax.swing.JDialog<DT>implements java.awt.event.ActionListener, java.lang.Runnable</DL>
</PRE>

<P>
<code>GameSettings</code> is a dialog UI to show the user the basic game
 options for the player to choose of.
 <p>
 
 The options includes : <br>
 Option to play between fullscreen or windowed mode, option to play using
 bufferstrategy or not, and option turn on or turn off the sound.
 <p>
 
 To give the user more options or remove some options, subclass this class and
 override the <A HREF="../../../../com/golden/gamedev/funbox/GameSettings.html#initSettings()"><CODE>initSettings()</CODE></A> method.
 <p>
 
 Example of how-to-use <code>GameSettings</code> class :
 
 <pre>
 GameSettings settings = new GameSettings() {
        
        public void start() {
                // here goes the usual game initialization
                GameLoader game = new GameLoader();
                game.setup(new RoboticsWarGame() {
                        
                        protected void initEngine() {
                                super.initEngine();
                                // set active sound base on user setting
                                bsSound.setActive(sound.isSelected());
                                bsMusic.setActive(sound.isSelected());
                        }
                }, new Dimension(640, 480), fullscreen.isSelected(), bufferstrategy
                        .isSelected());
                game.start();
        }
        
        // example removing bufferstrategy option from the list
        // then adding new option to use OpenGL or not
        JCheckBox opengl;
        
        protected JPanel initSettings() {
                JPanel pane = super.initSettings();
                // remove bufferstrategy option
                pane.remove(bufferstrategy);
                // add opengl option
                opengl = new JCheckBox(&quot;OpenGL&quot;, true);
                pane.add(opengl, 0);
        }
 };
 </pre>
<P>

<P>
<DL>
<DT><B>See Also:</B><DD><A HREF="../../../../com/golden/gamedev/funbox/GameSettings.html#initSettings()"><CODE>initSettings()</CODE></A>, 
<A HREF="../../../../serialized-form.html#com.golden.gamedev.funbox.GameSettings">Serialized Form</A></DL>
<HR>

<P>
<!-- ======== NESTED CLASS SUMMARY ======== -->

<A NAME="nested_class_summary"><!-- --></A>
<TABLE BORDER="1" WIDTH="100%" CELLPADDING="3" CELLSPACING="0" SUMMARY="">
<TR BGCOLOR="#CCCCFF" CLASS="TableHeadingColor">
<TH ALIGN="left" COLSPAN="2"><FONT SIZE="+2">
<B>Nested Class Summary</B></FONT></TH>
</TR>
</TABLE>
&nbsp;<A NAME="nested_classes_inherited_from_class_javax.swing.JDialog"><!-- --></A>
<TABLE BORDER="1" WIDTH="100%" CELLPADDING="3" CELLSPACING="0" SUMMARY="">
<TR BGCOLOR="#EEEEFF" CLASS="TableSubHeadingColor">
<TH ALIGN="left"><B>Nested classes/interfaces inherited from class javax.swing.JDialog</B></TH>
</TR>
<TR BGCOLOR="white" CLASS="TableRowColor">
<TD><CODE>javax.swing.JDialog.AccessibleJDialog</CODE></TD>
</TR>
</TABLE>
&nbsp;
<A NAME="nested_classes_inherited_from_class_java.awt.Dialog"><!-- --></A>
<TABLE BORDER="1" WIDTH="100%" CELLPADDING="3" CELLSPACING="0" SUMMARY="">
<TR BGCOLOR="#EEEEFF" CLASS="TableSubHeadingColor">
<TH ALIGN="left"><B>Nested classes/interfaces inherited from class java.awt.Dialog</B></TH>
</TR>
<TR BGCOLOR="white" CLASS="TableRowColor">
<TD><CODE>java.awt.Dialog.AccessibleAWTDialog</CODE></TD>
</TR>
</TABLE>
&nbsp;
<A NAME="nested_classes_inherited_from_class_java.awt.Window"><!-- --></A>
<TABLE BORDER="1" WIDTH="100%" CELLPADDING="3" CELLSPACING="0" SUMMARY="">
<TR BGCOLOR="#EEEEFF" CLASS="TableSubHeadingColor">
<TH ALIGN="left"><B>Nested classes/interfaces inherited from class java.awt.Window</B></TH>
</TR>
<TR BGCOLOR="white" CLASS="TableRowColor">
<TD><CODE>java.awt.Window.AccessibleAWTWindow</CODE></TD>
</TR>
</TABLE>
&nbsp;
<A NAME="nested_classes_inherited_from_class_java.awt.Container"><!-- --></A>
<TABLE BORDER="1" WIDTH="100%" CELLPADDING="3" CELLSPACING="0" SUMMARY="">
<TR BGCOLOR="#EEEEFF" CLASS="TableSubHeadingColor">
<TH ALIGN="left"><B>Nested classes/interfaces inherited from class java.awt.Container</B></TH>
</TR>
<TR BGCOLOR="white" CLASS="TableRowColor">
<TD><CODE>java.awt.Container.AccessibleAWTContainer</CODE></TD>
</TR>
</TABLE>
&nbsp;
<A NAME="nested_classes_inherited_from_class_java.awt.Component"><!-- --></A>
<TABLE BORDER="1" WIDTH="100%" CELLPADDING="3" CELLSPACING="0" SUMMARY="">
<TR BGCOLOR="#EEEEFF" CLASS="TableSubHeadingColor">
<TH ALIGN="left"><B>Nested classes/interfaces inherited from class java.awt.Component</B></TH>
</TR>
<TR BGCOLOR="white" CLASS="TableRowColor">
<TD><CODE>java.awt.Component.AccessibleAWTComponent, java.awt.Component.BltBufferStrategy, java.awt.Component.FlipBufferStrategy</CODE></TD>
</TR>
</TABLE>
&nbsp;
<!-- =========== FIELD SUMMARY =========== -->

<A NAME="field_summary"><!-- --></A>
<TABLE BORDER="1" WIDTH="100%" CELLPADDING="3" CELLSPACING="0" SUMMARY="">
<TR BGCOLOR="#CCCCFF" CLASS="TableHeadingColor">
<TH ALIGN="left" COLSPAN="2"><FONT SIZE="+2">
<B>Field Summary</B></FONT></TH>
</TR>
<TR BGCOLOR="white" CLASS="TableRowColor">
<TD ALIGN="right" VALIGN="top" WIDTH="1%"><FONT SIZE="-1">
<CODE>protected &nbsp;javax.swing.JButton</CODE></FONT></TD>
<TD><CODE><B><A HREF="../../../../com/golden/gamedev/funbox/GameSettings.html#btnCancel">btnCancel</A></B></CODE>

<BR>
&nbsp;&nbsp;&nbsp;&nbsp;&nbsp;&nbsp;&nbsp;&nbsp;&nbsp;&nbsp;The Cancel button, clicking this button will abort the game.</TD>
</TR>
<TR BGCOLOR="white" CLASS="TableRowColor">
<TD ALIGN="right" VALIGN="top" WIDTH="1%"><FONT SIZE="-1">
<CODE>protected &nbsp;javax.swing.JButton</CODE></FONT></TD>
<TD><CODE><B><A HREF="../../../../com/golden/gamedev/funbox/GameSettings.html#btnOK">btnOK</A></B></CODE>

<BR>
&nbsp;&nbsp;&nbsp;&nbsp;&nbsp;&nbsp;&nbsp;&nbsp;&nbsp;&nbsp;The OK button, clicking this button will launch the game.</TD>
</TR>
<TR BGCOLOR="white" CLASS="TableRowColor">
<TD ALIGN="right" VALIGN="top" WIDTH="1%"><FONT SIZE="-1">
<CODE>protected &nbsp;javax.swing.JCheckBox</CODE></FONT></TD>
<TD><CODE><B><A HREF="../../../../com/golden/gamedev/funbox/GameSettings.html#bufferstrategy">bufferstrategy</A></B></CODE>

<BR>
&nbsp;&nbsp;&nbsp;&nbsp;&nbsp;&nbsp;&nbsp;&nbsp;&nbsp;&nbsp;Check box UI for bufferstrategy option.</TD>
</TR>
<TR BGCOLOR="white" CLASS="TableRowColor">
<TD ALIGN="right" VALIGN="top" WIDTH="1%"><FONT SIZE="-1">
<CODE>protected &nbsp;javax.swing.JCheckBox</CODE></FONT></TD>
<TD><CODE><B><A HREF="../../../../com/golden/gamedev/funbox/GameSettings.html#fullscreen">fullscreen</A></B></CODE>

<BR>
&nbsp;&nbsp;&nbsp;&nbsp;&nbsp;&nbsp;&nbsp;&nbsp;&nbsp;&nbsp;Check box UI for fullscreen option.</TD>
</TR>
<TR BGCOLOR="white" CLASS="TableRowColor">
<TD ALIGN="right" VALIGN="top" WIDTH="1%"><FONT SIZE="-1">
<CODE>protected &nbsp;javax.swing.JCheckBox</CODE></FONT></TD>
<TD><CODE><B><A HREF="../../../../com/golden/gamedev/funbox/GameSettings.html#sound">sound</A></B></CODE>

<BR>
&nbsp;&nbsp;&nbsp;&nbsp;&nbsp;&nbsp;&nbsp;&nbsp;&nbsp;&nbsp;Check box UI for sound option.</TD>
</TR>
<TR BGCOLOR="white" CLASS="TableRowColor">
<TD ALIGN="right" VALIGN="top" WIDTH="1%"><FONT SIZE="-1">
<CODE>protected &nbsp;java.net.URL</CODE></FONT></TD>
<TD><CODE><B><A HREF="../../../../com/golden/gamedev/funbox/GameSettings.html#splashImage">splashImage</A></B></CODE>

<BR>
&nbsp;&nbsp;&nbsp;&nbsp;&nbsp;&nbsp;&nbsp;&nbsp;&nbsp;&nbsp;The splash image URL, null if the game has no splash image.</TD>
</TR>
</TABLE>
&nbsp;<A NAME="fields_inherited_from_class_javax.swing.JDialog"><!-- --></A>
<TABLE BORDER="1" WIDTH="100%" CELLPADDING="3" CELLSPACING="0" SUMMARY="">
<TR BGCOLOR="#EEEEFF" CLASS="TableSubHeadingColor">
<TH ALIGN="left"><B>Fields inherited from class javax.swing.JDialog</B></TH>
</TR>
<TR BGCOLOR="white" CLASS="TableRowColor">
<TD><CODE>accessibleContext, rootPane, rootPaneCheckingEnabled</CODE></TD>
</TR>
</TABLE>
&nbsp;<A NAME="fields_inherited_from_class_java.awt.Component"><!-- --></A>
<TABLE BORDER="1" WIDTH="100%" CELLPADDING="3" CELLSPACING="0" SUMMARY="">
<TR BGCOLOR="#EEEEFF" CLASS="TableSubHeadingColor">
<TH ALIGN="left"><B>Fields inherited from class java.awt.Component</B></TH>
</TR>
<TR BGCOLOR="white" CLASS="TableRowColor">
<TD><CODE>BOTTOM_ALIGNMENT, CENTER_ALIGNMENT, LEFT_ALIGNMENT, RIGHT_ALIGNMENT, TOP_ALIGNMENT</CODE></TD>
</TR>
</TABLE>
&nbsp;<A NAME="fields_inherited_from_class_javax.swing.WindowConstants"><!-- --></A>
<TABLE BORDER="1" WIDTH="100%" CELLPADDING="3" CELLSPACING="0" SUMMARY="">
<TR BGCOLOR="#EEEEFF" CLASS="TableSubHeadingColor">
<TH ALIGN="left"><B>Fields inherited from interface javax.swing.WindowConstants</B></TH>
</TR>
<TR BGCOLOR="white" CLASS="TableRowColor">
<TD><CODE>DISPOSE_ON_CLOSE, DO_NOTHING_ON_CLOSE, EXIT_ON_CLOSE, HIDE_ON_CLOSE</CODE></TD>
</TR>
</TABLE>
&nbsp;<A NAME="fields_inherited_from_class_java.awt.image.ImageObserver"><!-- --></A>
<TABLE BORDER="1" WIDTH="100%" CELLPADDING="3" CELLSPACING="0" SUMMARY="">
<TR BGCOLOR="#EEEEFF" CLASS="TableSubHeadingColor">
<TH ALIGN="left"><B>Fields inherited from interface java.awt.image.ImageObserver</B></TH>
</TR>
<TR BGCOLOR="white" CLASS="TableRowColor">
<TD><CODE>ABORT, ALLBITS, ERROR, FRAMEBITS, HEIGHT, PROPERTIES, SOMEBITS, WIDTH</CODE></TD>
</TR>
</TABLE>
&nbsp;
<!-- ======== CONSTRUCTOR SUMMARY ======== -->

<A NAME="constructor_summary"><!-- --></A>
<TABLE BORDER="1" WIDTH="100%" CELLPADDING="3" CELLSPACING="0" SUMMARY="">
<TR BGCOLOR="#CCCCFF" CLASS="TableHeadingColor">
<TH ALIGN="left" COLSPAN="2"><FONT SIZE="+2">
<B>Constructor Summary</B></FONT></TH>
</TR>
<TR BGCOLOR="white" CLASS="TableRowColor">
<TD><CODE><B><A HREF="../../../../com/golden/gamedev/funbox/GameSettings.html#GameSettings()">GameSettings</A></B>()</CODE>

<BR>
&nbsp;&nbsp;&nbsp;&nbsp;&nbsp;&nbsp;&nbsp;&nbsp;&nbsp;&nbsp;Builds up the game settings/options dialog for the player without splash
 image.</TD>
</TR>
<TR BGCOLOR="white" CLASS="TableRowColor">
<TD><CODE><B><A HREF="../../../../com/golden/gamedev/funbox/GameSettings.html#GameSettings(boolean)">GameSettings</A></B>(boolean&nbsp;fullscreen)</CODE>

<BR>
&nbsp;&nbsp;&nbsp;&nbsp;&nbsp;&nbsp;&nbsp;&nbsp;&nbsp;&nbsp;Skips the option dialog, and directly init the game with specified mode
 and using bufferstrategy by default.</TD>
</TR>
<TR BGCOLOR="white" CLASS="TableRowColor">
<TD><CODE><B><A HREF="../../../../com/golden/gamedev/funbox/GameSettings.html#GameSettings(boolean, boolean)">GameSettings</A></B>(boolean&nbsp;fullscreen,
             boolean&nbsp;bufferStrategy)</CODE>

<BR>
&nbsp;&nbsp;&nbsp;&nbsp;&nbsp;&nbsp;&nbsp;&nbsp;&nbsp;&nbsp;Skips the option dialog, and start the game with specified mode and
 bufferstrategy.</TD>
</TR>
<TR BGCOLOR="white" CLASS="TableRowColor">
<TD><CODE><B><A HREF="../../../../com/golden/gamedev/funbox/GameSettings.html#GameSettings(java.net.URL)">GameSettings</A></B>(java.net.URL&nbsp;splashImage)</CODE>

<BR>
&nbsp;&nbsp;&nbsp;&nbsp;&nbsp;&nbsp;&nbsp;&nbsp;&nbsp;&nbsp;Builds up the game settings/options dialog for the user with specified
 splash image URL or null .</TD>
</TR>
</TABLE>
&nbsp;
<!-- ========== METHOD SUMMARY =========== -->

<A NAME="method_summary"><!-- --></A>
<TABLE BORDER="1" WIDTH="100%" CELLPADDING="3" CELLSPACING="0" SUMMARY="">
<TR BGCOLOR="#CCCCFF" CLASS="TableHeadingColor">
<TH ALIGN="left" COLSPAN="2"><FONT SIZE="+2">
<B>Method Summary</B></FONT></TH>
</TR>
<TR BGCOLOR="white" CLASS="TableRowColor">
<TD ALIGN="right" VALIGN="top" WIDTH="1%"><FONT SIZE="-1">
<CODE>&nbsp;void</CODE></FONT></TD>
<TD><CODE><B><A HREF="../../../../com/golden/gamedev/funbox/GameSettings.html#actionPerformed(java.awt.event.ActionEvent)">actionPerformed</A></B>(java.awt.event.ActionEvent&nbsp;e)</CODE>

<BR>
&nbsp;&nbsp;&nbsp;&nbsp;&nbsp;&nbsp;&nbsp;&nbsp;&nbsp;&nbsp;Notified when the user press 'OK' or 'Cancel' button.</TD>
</TR>
<TR BGCOLOR="white" CLASS="TableRowColor">
<TD ALIGN="right" VALIGN="top" WIDTH="1%"><FONT SIZE="-1">
<CODE>protected &nbsp;javax.swing.JPanel</CODE></FONT></TD>
<TD><CODE><B><A HREF="../../../../com/golden/gamedev/funbox/GameSettings.html#initGUI()">initGUI</A></B>()</CODE>

<BR>
&nbsp;&nbsp;&nbsp;&nbsp;&nbsp;&nbsp;&nbsp;&nbsp;&nbsp;&nbsp;Initializes the content of the settings, by default consists of splash
 image (if any), <A HREF="../../../../com/golden/gamedev/funbox/GameSettings.html#initSettings()">settings panel</A>, and launch
 panel.</TD>
</TR>
<TR BGCOLOR="white" CLASS="TableRowColor">
<TD ALIGN="right" VALIGN="top" WIDTH="1%"><FONT SIZE="-1">
<CODE>protected &nbsp;javax.swing.JPanel</CODE></FONT></TD>
<TD><CODE><B><A HREF="../../../../com/golden/gamedev/funbox/GameSettings.html#initSettings()">initSettings</A></B>()</CODE>

<BR>
&nbsp;&nbsp;&nbsp;&nbsp;&nbsp;&nbsp;&nbsp;&nbsp;&nbsp;&nbsp;Initializes and return the settings GUI, override this method to insert
 new option or remove some options.</TD>
</TR>
<TR BGCOLOR="white" CLASS="TableRowColor">
<TD ALIGN="right" VALIGN="top" WIDTH="1%"><FONT SIZE="-1">
<CODE>&nbsp;void</CODE></FONT></TD>
<TD><CODE><B><A HREF="../../../../com/golden/gamedev/funbox/GameSettings.html#run()">run</A></B>()</CODE>

<BR>
&nbsp;&nbsp;&nbsp;&nbsp;&nbsp;&nbsp;&nbsp;&nbsp;&nbsp;&nbsp;Thread implementation when the user pressing 'OK' button, directly called
 <A HREF="../../../../com/golden/gamedev/funbox/GameSettings.html#start()"><CODE>start()</CODE></A> method.</TD>
</TR>
<TR BGCOLOR="white" CLASS="TableRowColor">
<TD ALIGN="right" VALIGN="top" WIDTH="1%"><FONT SIZE="-1">
<CODE>abstract &nbsp;void</CODE></FONT></TD>
<TD><CODE><B><A HREF="../../../../com/golden/gamedev/funbox/GameSettings.html#start()">start</A></B>()</CODE>

<BR>
&nbsp;&nbsp;&nbsp;&nbsp;&nbsp;&nbsp;&nbsp;&nbsp;&nbsp;&nbsp;Starts the game with all the defined settings, the game is actually
 created in this method.</TD>
</TR>
</TABLE>
&nbsp;<A NAME="methods_inherited_from_class_javax.swing.JDialog"><!-- --></A>
<TABLE BORDER="1" WIDTH="100%" CELLPADDING="3" CELLSPACING="0" SUMMARY="">
<TR BGCOLOR="#EEEEFF" CLASS="TableSubHeadingColor">
<TH ALIGN="left"><B>Methods inherited from class javax.swing.JDialog</B></TH>
</TR>
<TR BGCOLOR="white" CLASS="TableRowColor">
<TD><CODE>addImpl, createRootPane, dialogInit, getAccessibleContext, getContentPane, getDefaultCloseOperation, getGlassPane, getJMenuBar, getLayeredPane, getRootPane, isDefaultLookAndFeelDecorated, isRootPaneCheckingEnabled, paramString, processWindowEvent, remove, setContentPane, setDefaultCloseOperation, setDefaultLookAndFeelDecorated, setGlassPane, setJMenuBar, setLayeredPane, setLayout, setRootPane, setRootPaneCheckingEnabled, update</CODE></TD>
</TR>
</TABLE>
&nbsp;<A NAME="methods_inherited_from_class_java.awt.Dialog"><!-- --></A>
<TABLE BORDER="1" WIDTH="100%" CELLPADDING="3" CELLSPACING="0" SUMMARY="">
<TR BGCOLOR="#EEEEFF" CLASS="TableSubHeadingColor">
<TH ALIGN="left"><B>Methods inherited from class java.awt.Dialog</B></TH>
</TR>
<TR BGCOLOR="white" CLASS="TableRowColor">
<TD><CODE>addNotify, getTitle, hide, isModal, isResizable, isUndecorated, setModal, setResizable, setTitle, setUndecorated, show</CODE></TD>
</TR>
</TABLE>
&nbsp;<A NAME="methods_inherited_from_class_java.awt.Window"><!-- --></A>
<TABLE BORDER="1" WIDTH="100%" CELLPADDING="3" CELLSPACING="0" SUMMARY="">
<TR BGCOLOR="#EEEEFF" CLASS="TableSubHeadingColor">
<TH ALIGN="left"><B>Methods inherited from class java.awt.Window</B></TH>
</TR>
<TR BGCOLOR="white" CLASS="TableRowColor">
<TD><CODE>addPropertyChangeListener, addPropertyChangeListener, addWindowFocusListener, addWindowListener, addWindowStateListener, applyResourceBundle, applyResourceBundle, createBufferStrategy, createBufferStrategy, dispose, finalize, getBufferStrategy, getFocusableWindowState, getFocusCycleRootAncestor, getFocusOwner, getFocusTraversalKeys, getGraphicsConfiguration, getInputContext, getListeners, getLocale, getMostRecentFocusOwner, getOwnedWindows, getOwner, getToolkit, getWarningString, getWindowFocusListeners, getWindowListeners, getWindowStateListeners, isActive, isAlwaysOnTop, isFocusableWindow, isFocusCycleRoot, isFocused, isLocationByPlatform, isShowing, pack, postEvent, processEvent, processWindowFocusEvent, processWindowStateEvent, removeWindowFocusListener, removeWindowListener, removeWindowStateListener, setAlwaysOnTop, setBounds, setCursor, setFocusableWindowState, setFocusCycleRoot, setLocationByPlatform, setLocationRelativeTo, toBack, toFront</CODE></TD>
</TR>
</TABLE>
&nbsp;<A NAME="methods_inherited_from_class_java.awt.Container"><!-- --></A>
<TABLE BORDER="1" WIDTH="100%" CELLPADDING="3" CELLSPACING="0" SUMMARY="">
<TR BGCOLOR="#EEEEFF" CLASS="TableSubHeadingColor">
<TH ALIGN="left"><B>Methods inherited from class java.awt.Container</B></TH>
</TR>
<TR BGCOLOR="white" CLASS="TableRowColor">
<TD><CODE>add, add, add, add, add, addContainerListener, applyComponentOrientation, areFocusTraversalKeysSet, countComponents, deliverEvent, doLayout, findComponentAt, findComponentAt, getAlignmentX, getAlignmentY, getComponent, getComponentAt, getComponentAt, getComponentCount, getComponents, getComponentZOrder, getContainerListeners, getFocusTraversalPolicy, getInsets, getLayout, getMaximumSize, getMinimumSize, getMousePosition, getPreferredSize, insets, invalidate, isAncestorOf, isFocusCycleRoot, isFocusTraversalPolicyProvider, isFocusTraversalPolicySet, layout, list, list, locate, minimumSize, paint, paintComponents, preferredSize, print, printComponents, processContainerEvent, remove, removeAll, removeContainerListener, removeNotify, setComponentZOrder, setFocusTraversalKeys, setFocusTraversalPolicy, setFocusTraversalPolicyProvider, setFont, transferFocusBackward, transferFocusDownCycle, validate, validateTree</CODE></TD>
</TR>
</TABLE>
&nbsp;<A NAME="methods_inherited_from_class_java.awt.Component"><!-- --></A>
<TABLE BORDER="1" WIDTH="100%" CELLPADDING="3" CELLSPACING="0" SUMMARY="">
<TR BGCOLOR="#EEEEFF" CLASS="TableSubHeadingColor">
<TH ALIGN="left"><B>Methods inherited from class java.awt.Component</B></TH>
</TR>
<TR BGCOLOR="white" CLASS="TableRowColor">
<TD><CODE>action, add, addComponentListener, addFocusListener, addHierarchyBoundsListener, addHierarchyListener, addInputMethodListener, addKeyListener, addMouseListener, addMouseMotionListener, addMouseWheelListener, bounds, checkImage, checkImage, coalesceEvents, contains, contains, createImage, createImage, createVolatileImage, createVolatileImage, disable, disableEvents, dispatchEvent, enable, enable, enableEvents, enableInputMethods, firePropertyChange, firePropertyChange, firePropertyChange, firePropertyChange, firePropertyChange, firePropertyChange, firePropertyChange, firePropertyChange, firePropertyChange, getBackground, getBounds, getBounds, getColorModel, getComponentListeners, getComponentOrientation, getCursor, getDropTarget, getFocusListeners, getFocusTraversalKeysEnabled, getFont, getFontMetrics, getForeground, getGraphics, getHeight, getHierarchyBoundsListeners, getHierarchyListeners, getIgnoreRepaint, getInputMethodListeners, getInputMethodRequests, getKeyListeners, getLocation, getLocation, getLocationOnScreen, getMouseListeners, getMouseMotionListeners, getMousePosition, getMouseWheelListeners, getName, getParent, getPeer, getPropertyChangeListeners, getPropertyChangeListeners, getSize, getSize, getTreeLock, getWidth, getX, getY, gotFocus, handleEvent, hasFocus, imageUpdate, inside, isBackgroundSet, isCursorSet, isDisplayable, isDoubleBuffered, isEnabled, isFocusable, isFocusOwner, isFocusTraversable, isFontSet, isForegroundSet, isLightweight, isMaximumSizeSet, isMinimumSizeSet, isOpaque, isPreferredSizeSet, isValid, isVisible, keyDown, keyUp, list, list, list, location, lostFocus, mouseDown, mouseDrag, mouseEnter, mouseExit, mouseMove, mouseUp, move, nextFocus, paintAll, prepareImage, prepareImage, printAll, processComponentEvent, processFocusEvent, processHierarchyBoundsEvent, processHierarchyEvent, processInputMethodEvent, processKeyEvent, processMouseEvent, processMouseMotionEvent, processMouseWheelEvent, remove, removeComponentListener, removeFocusListener, removeHierarchyBoundsListener, removeHierarchyListener, removeInputMethodListener, removeKeyListener, removeMouseListener, removeMouseMotionListener, removeMouseWheelListener, removePropertyChangeListener, removePropertyChangeListener, repaint, repaint, repaint, repaint, requestFocus, requestFocus, requestFocusInWindow, requestFocusInWindow, reshape, resize, resize, setBackground, setBounds, setComponentOrientation, setDropTarget, setEnabled, setFocusable, setFocusTraversalKeysEnabled, setForeground, setIgnoreRepaint, setLocale, setLocation, setLocation, setMaximumSize, setMinimumSize, setName, setPreferredSize, setSize, setSize, setVisible, show, size, toString, transferFocus, transferFocusUpCycle</CODE></TD>
</TR>
</TABLE>
&nbsp;<A NAME="methods_inherited_from_class_java.lang.Object"><!-- --></A>
<TABLE BORDER="1" WIDTH="100%" CELLPADDING="3" CELLSPACING="0" SUMMARY="">
<TR BGCOLOR="#EEEEFF" CLASS="TableSubHeadingColor">
<TH ALIGN="left"><B>Methods inherited from class java.lang.Object</B></TH>
</TR>
<TR BGCOLOR="white" CLASS="TableRowColor">
<TD><CODE>clone, equals, getClass, hashCode, notify, notifyAll, wait, wait, wait</CODE></TD>
</TR>
</TABLE>
&nbsp;
<P>

<!-- ============ FIELD DETAIL =========== -->

<A NAME="field_detail"><!-- --></A>
<TABLE BORDER="1" WIDTH="100%" CELLPADDING="3" CELLSPACING="0" SUMMARY="">
<TR BGCOLOR="#CCCCFF" CLASS="TableHeadingColor">
<TH ALIGN="left" COLSPAN="1"><FONT SIZE="+2">
<B>Field Detail</B></FONT></TH>
</TR>
</TABLE>

<A NAME="fullscreen"><!-- --></A><H3>
fullscreen</H3>
<PRE>
protected javax.swing.JCheckBox <B>fullscreen</B></PRE>
<DL>
<DD>Check box UI for fullscreen option.
<P>
<DL>
</DL>
</DL>
<HR>

<A NAME="bufferstrategy"><!-- --></A><H3>
bufferstrategy</H3>
<PRE>
protected javax.swing.JCheckBox <B>bufferstrategy</B></PRE>
<DL>
<DD>Check box UI for bufferstrategy option.
<P>
<DL>
</DL>
</DL>
<HR>

<A NAME="sound"><!-- --></A><H3>
sound</H3>
<PRE>
protected javax.swing.JCheckBox <B>sound</B></PRE>
<DL>
<DD>Check box UI for sound option.
<P>
<DL>
</DL>
</DL>
<HR>

<A NAME="btnOK"><!-- --></A><H3>
btnOK</H3>
<PRE>
protected javax.swing.JButton <B>btnOK</B></PRE>
<DL>
<DD>The OK button, clicking this button will launch the game.
<P>
<DL>
<DT><B>See Also:</B><DD><A HREF="../../../../com/golden/gamedev/funbox/GameSettings.html#actionPerformed(java.awt.event.ActionEvent)"><CODE>actionPerformed(ActionEvent)</CODE></A></DL>
</DL>
<HR>

<A NAME="btnCancel"><!-- --></A><H3>
btnCancel</H3>
<PRE>
protected javax.swing.JButton <B>btnCancel</B></PRE>
<DL>
<DD>The Cancel button, clicking this button will abort the game.
<P>
<DL>
<DT><B>See Also:</B><DD><A HREF="../../../../com/golden/gamedev/funbox/GameSettings.html#actionPerformed(java.awt.event.ActionEvent)"><CODE>actionPerformed(ActionEvent)</CODE></A></DL>
</DL>
<HR>

<A NAME="splashImage"><!-- --></A><H3>
splashImage</H3>
<PRE>
protected java.net.URL <B>splashImage</B></PRE>
<DL>
<DD>The splash image URL, null if the game has no splash image.
<P>
<DL>
</DL>
</DL>

<!-- ========= CONSTRUCTOR DETAIL ======== -->

<A NAME="constructor_detail"><!-- --></A>
<TABLE BORDER="1" WIDTH="100%" CELLPADDING="3" CELLSPACING="0" SUMMARY="">
<TR BGCOLOR="#CCCCFF" CLASS="TableHeadingColor">
<TH ALIGN="left" COLSPAN="1"><FONT SIZE="+2">
<B>Constructor Detail</B></FONT></TH>
</TR>
</TABLE>

<A NAME="GameSettings(java.net.URL)"><!-- --></A><H3>
GameSettings</H3>
<PRE>
public <B>GameSettings</B>(java.net.URL&nbsp;splashImage)</PRE>
<DL>
<DD>Builds up the game settings/options dialog for the user with specified
 splash image URL or null .
 <p>
 
 For example :
 
 <pre>
 new GameSettings(YourGame.class.getResource(&quot;splash.jpg&quot;)) {
        
        public void start() {
                // create the actual game in here
        }
 };
 </pre>
<P>
<DL>
<DT><B>Parameters:</B><DD><CODE>splashImage</CODE> - The <CODE>URL</CODE> of the splash image or null.<DT><B>See Also:</B><DD><A HREF="../../../../com/golden/gamedev/GameLoader.html" title="class in com.golden.gamedev"><CODE>GameLoader</CODE></A></DL>
</DL>
<HR>

<A NAME="GameSettings()"><!-- --></A><H3>
GameSettings</H3>
<PRE>
public <B>GameSettings</B>()</PRE>
<DL>
<DD>Builds up the game settings/options dialog for the player without splash
 image.
<P>
</DL>
<HR>

<A NAME="GameSettings(boolean, boolean)"><!-- --></A><H3>
GameSettings</H3>
<PRE>
public <B>GameSettings</B>(boolean&nbsp;fullscreen,
                    boolean&nbsp;bufferStrategy)</PRE>
<DL>
<DD>Skips the option dialog, and start the game with specified mode and
 bufferstrategy.
 <p>
 
 Used for direct play without specifying the game option everytime running
 the game while in developing stage.
<P>
<DL>
<DT><B>Parameters:</B><DD><CODE>fullscreen</CODE> - If fullscreen is used.<DD><CODE>bufferStrategy</CODE> - If a buffer strategy is used.</DL>
</DL>
<HR>

<A NAME="GameSettings(boolean)"><!-- --></A><H3>
GameSettings</H3>
<PRE>
public <B>GameSettings</B>(boolean&nbsp;fullscreen)</PRE>
<DL>
<DD>Skips the option dialog, and directly init the game with specified mode
 and using bufferstrategy by default.
 <p>
 
 Used in game development, so no need to always specify the game option
 everytime running the game while in developing stage.
<P>
<DL>
<DT><B>Parameters:</B><DD><CODE>fullscreen</CODE> - If fullscreen is used.</DL>
</DL>

<!-- ============ METHOD DETAIL ========== -->

<A NAME="method_detail"><!-- --></A>
<TABLE BORDER="1" WIDTH="100%" CELLPADDING="3" CELLSPACING="0" SUMMARY="">
<TR BGCOLOR="#CCCCFF" CLASS="TableHeadingColor">
<TH ALIGN="left" COLSPAN="1"><FONT SIZE="+2">
<B>Method Detail</B></FONT></TH>
</TR>
</TABLE>

<A NAME="initGUI()"><!-- --></A><H3>
initGUI</H3>
<PRE>
protected javax.swing.JPanel <B>initGUI</B>()</PRE>
<DL>
<DD>Initializes the content of the settings, by default consists of splash
 image (if any), <A HREF="../../../../com/golden/gamedev/funbox/GameSettings.html#initSettings()">settings panel</A>, and launch
 panel.
 <p>
 
 Example of modifying some UI components : <br>
 The first component is splash image (JLabel), settings panel (JPanel),
 and launch panel (JPanel), using BorderLayout
 
 <pre>
 protected JPanel initGUI() {
        JPanel pane = super.initGUI();
        // modify launch panel, add Credits button
        JPanel launchPane = (JPanel) pane.getComponent(2);
        launchPane.add(new JButton(&quot;Credits&quot;), 0);
        // remove splash image
        pane.remove(0);
        // insert splash image
        pane.add(new JButton(&quot;Splash Image&quot;), BorderLayout.NORTH);
 }
 </pre>
<P>
<DD><DL>
</DL>
</DD>
<DD><DL>

<DT><B>Returns:</B><DD>The <code>GameSettings</code> content pane.<DT><B>See Also:</B><DD><A HREF="../../../../com/golden/gamedev/funbox/GameSettings.html#initSettings()"><CODE>initSettings()</CODE></A></DL>
</DD>
</DL>
<HR>

<A NAME="initSettings()"><!-- --></A><H3>
initSettings</H3>
<PRE>
protected javax.swing.JPanel <B>initSettings</B>()</PRE>
<DL>
<DD>Initializes and return the settings GUI, override this method to insert
 new option or remove some options.
 <p>
 
 For example :
 
 <pre>
 JCheckBox opengl;
 
 protected JPanel initSettings() {
        JPanel pane = super.initSettings();
        // add opengl option
        opengl = new JCheckBox(&quot;OpenGL&quot;);
        // remove bufferstrategy option
        pane.remove(bufferstrategy);
        // set windowed mode by default
        fullscreen.setSelected(false);
 }
 </pre>
<P>
<DD><DL>
</DL>
</DD>
<DD><DL>

<DT><B>Returns:</B><DD>The settings panel where all the settings are layed out.</DL>
</DD>
</DL>
<HR>

<A NAME="actionPerformed(java.awt.event.ActionEvent)"><!-- --></A><H3>
actionPerformed</H3>
<PRE>
public void <B>actionPerformed</B>(java.awt.event.ActionEvent&nbsp;e)</PRE>
<DL>
<DD>Notified when the user press 'OK' or 'Cancel' button.
 <p>
 
 Pressing 'OK' will launch the game, while pressing 'Cancel' will
 immediatelly close the app.
<P>
<DD><DL>
<DT><B>Specified by:</B><DD><CODE>actionPerformed</CODE> in interface <CODE>java.awt.event.ActionListener</CODE></DL>
</DD>
<DD><DL>
</DL>
</DD>
</DL>
<HR>

<A NAME="run()"><!-- --></A><H3>
run</H3>
<PRE>
public void <B>run</B>()</PRE>
<DL>
<DD>Thread implementation when the user pressing 'OK' button, directly called
 <A HREF="../../../../com/golden/gamedev/funbox/GameSettings.html#start()"><CODE>start()</CODE></A> method.
<P>
<DD><DL>
<DT><B>Specified by:</B><DD><CODE>run</CODE> in interface <CODE>java.lang.Runnable</CODE></DL>
</DD>
<DD><DL>
</DL>
</DD>
</DL>
<HR>

<A NAME="start()"><!-- --></A><H3>
start</H3>
<PRE>
public abstract void <B>start</B>()</PRE>
<DL>
<DD>Starts the game with all the defined settings, the game is actually
 created in this method.
 <p>
 
 This method is called when the user is pressing the 'OK' button.
<P>
<DD><DL>
</DL>
</DD>
<DD><DL>
</DL>
</DD>
</DL>
<!-- ========= END OF CLASS DATA ========= -->
<HR>


<!-- ======= START OF BOTTOM NAVBAR ====== -->
<A NAME="navbar_bottom"><!-- --></A>
<A HREF="#skip-navbar_bottom" title="Skip navigation links"></A>
<TABLE BORDER="0" WIDTH="100%" CELLPADDING="1" CELLSPACING="0" SUMMARY="">
<TR>
<TD COLSPAN=2 BGCOLOR="#EEEEFF" CLASS="NavBarCell1">
<A NAME="navbar_bottom_firstrow"><!-- --></A>
<TABLE BORDER="0" CELLPADDING="0" CELLSPACING="3" SUMMARY="">
  <TR ALIGN="center" VALIGN="top">
  <TD BGCOLOR="#EEEEFF" CLASS="NavBarCell1">    <A HREF="../../../../overview-summary.html"><FONT CLASS="NavBarFont1"><B>Overview</B></FONT></A>&nbsp;</TD>
  <TD BGCOLOR="#EEEEFF" CLASS="NavBarCell1">    <A HREF="package-summary.html"><FONT CLASS="NavBarFont1"><B>Package</B></FONT></A>&nbsp;</TD>
  <TD BGCOLOR="#FFFFFF" CLASS="NavBarCell1Rev"> &nbsp;<FONT CLASS="NavBarFont1Rev"><B>Class</B></FONT>&nbsp;</TD>
  <TD BGCOLOR="#EEEEFF" CLASS="NavBarCell1">    <A HREF="class-use/GameSettings.html"><FONT CLASS="NavBarFont1"><B>Use</B></FONT></A>&nbsp;</TD>
  <TD BGCOLOR="#EEEEFF" CLASS="NavBarCell1">    <A HREF="package-tree.html"><FONT CLASS="NavBarFont1"><B>Tree</B></FONT></A>&nbsp;</TD>
  <TD BGCOLOR="#EEEEFF" CLASS="NavBarCell1">    <A HREF="../../../../deprecated-list.html"><FONT CLASS="NavBarFont1"><B>Deprecated</B></FONT></A>&nbsp;</TD>
  <TD BGCOLOR="#EEEEFF" CLASS="NavBarCell1">    <A HREF="../../../../index-files/index-1.html"><FONT CLASS="NavBarFont1"><B>Index</B></FONT></A>&nbsp;</TD>
  <TD BGCOLOR="#EEEEFF" CLASS="NavBarCell1">    <A HREF="../../../../help-doc.html"><FONT CLASS="NavBarFont1"><B>Help</B></FONT></A>&nbsp;</TD>
  </TR>
</TABLE>
</TD>
<TD ALIGN="right" VALIGN="top" ROWSPAN=3><EM>
</EM>
</TD>
</TR>

<TR>
<TD BGCOLOR="white" CLASS="NavBarCell2"><FONT SIZE="-2">
&nbsp;<A HREF="../../../../com/golden/gamedev/funbox/ErrorNotificationDialog.html" title="class in com.golden.gamedev.funbox"><B>PREV CLASS</B></A>&nbsp;
&nbsp;<A HREF="../../../../com/golden/gamedev/funbox/KeyCapture.html" title="class in com.golden.gamedev.funbox"><B>NEXT CLASS</B></A></FONT></TD>
<TD BGCOLOR="white" CLASS="NavBarCell2"><FONT SIZE="-2">
  <A HREF="../../../../index.html?com/golden/gamedev/funbox/GameSettings.html" target="_top"><B>FRAMES</B></A>  &nbsp;
&nbsp;<A HREF="GameSettings.html" target="_top"><B>NO FRAMES</B></A>  &nbsp;
&nbsp;<SCRIPT type="text/javascript">
  <!--
  if(window==top) {
    document.writeln('<A HREF="../../../../allclasses-noframe.html"><B>All Classes</B></A>');
  }
  //-->
</SCRIPT>
<NOSCRIPT>
  <A HREF="../../../../allclasses-noframe.html"><B>All Classes</B></A>
</NOSCRIPT>


</FONT></TD>
</TR>
<TR>
<TD VALIGN="top" CLASS="NavBarCell3"><FONT SIZE="-2">
  SUMMARY:&nbsp;<A HREF="#nested_classes_inherited_from_class_javax.swing.JDialog">NESTED</A>&nbsp;|&nbsp;<A HREF="#field_summary">FIELD</A>&nbsp;|&nbsp;<A HREF="#constructor_summary">CONSTR</A>&nbsp;|&nbsp;<A HREF="#method_summary">METHOD</A></FONT></TD>
<TD VALIGN="top" CLASS="NavBarCell3"><FONT SIZE="-2">
DETAIL:&nbsp;<A HREF="#field_detail">FIELD</A>&nbsp;|&nbsp;<A HREF="#constructor_detail">CONSTR</A>&nbsp;|&nbsp;<A HREF="#method_detail">METHOD</A></FONT></TD>
</TR>
</TABLE>
<A NAME="skip-navbar_bottom"></A>
<!-- ======== END OF BOTTOM NAVBAR ======= -->

<HR>

</BODY>
</HTML>
